Archive member included because of file (symbol)

C:/Program Files (x86)/Microchip/MPLAB C32/bin/../lib/gcc/pic32mx/3.4.4/../../../../pic32mx/lib\libc.a(memcpy.o)
                              objects\TaskAsser.o (memcpy)
C:/Program Files (x86)/Microchip/MPLAB C32/bin/../lib/gcc/pic32mx/3.4.4/../../../../pic32mx/lib\libc.a(memset.o)
                              objects\TaskAsser.o (memset)
C:/Program Files (x86)/Microchip/MPLAB C32/bin/../lib/gcc/pic32mx/3.4.4/../../../../pic32mx/lib\libc.a(default-bootstrap-exception-handler.o)
                              objects\crt0.o (_bootstrap_exception_handler)
C:/Program Files (x86)/Microchip/MPLAB C32/bin/../lib/gcc/pic32mx/3.4.4/../../../../pic32mx/lib\libc.a(default-on-reset.o)
                              objects\crt0.o (_on_reset)
C:/Program Files (x86)/Microchip/MPLAB C32/bin/../lib/gcc/pic32mx/3.4.4/../../../../pic32mx/lib\libc.a(default-on-bootstrap.o)
                              objects\crt0.o (_on_bootstrap)
C:/Program Files (x86)/Microchip/MPLAB C32/bin/../lib/gcc/pic32mx/3.4.4/../../../../pic32mx/lib\libc.a(default-nmi-handler.o)
                              objects\crt0.o (_nmi_handler)
C:/Program Files (x86)/Microchip/MPLAB C32/bin/../lib/gcc/pic32mx/3.4.4/../../../../pic32mx/lib\libm.a(w_pow.o)
                              objects\TaskAsser.o (pow)
C:/Program Files (x86)/Microchip/MPLAB C32/bin/../lib/gcc/pic32mx/3.4.4/../../../../pic32mx/lib\libm.a(w_acos32.o)
                              objects\TaskAsser.o (acos)
C:/Program Files (x86)/Microchip/MPLAB C32/bin/../lib/gcc/pic32mx/3.4.4/../../../../pic32mx/lib\libm.a(cos32.o)
                              objects\TaskAsser.o (cos)
C:/Program Files (x86)/Microchip/MPLAB C32/bin/../lib/gcc/pic32mx/3.4.4/../../../../pic32mx/lib\libm.a(sin32.o)
                              objects\TaskAsser.o (sin)
C:/Program Files (x86)/Microchip/MPLAB C32/bin/../lib/gcc/pic32mx/3.4.4/../../../../pic32mx/lib\libm.a(reduct32.o)
                              C:/Program Files (x86)/Microchip/MPLAB C32/bin/../lib/gcc/pic32mx/3.4.4/../../../../pic32mx/lib\libm.a(cos32.o) (reduct)
C:/Program Files (x86)/Microchip/MPLAB C32/bin/../lib/gcc/pic32mx/3.4.4/../../../../pic32mx/lib\libm.a(sincos32.o)
                              C:/Program Files (x86)/Microchip/MPLAB C32/bin/../lib/gcc/pic32mx/3.4.4/../../../../pic32mx/lib\libm.a(cos32.o) (sincon)
C:/Program Files (x86)/Microchip/MPLAB C32/bin/../lib/gcc/pic32mx/3.4.4/../../../../pic32mx/lib\libm.a(w_atan2f.o)
                              objects\LibMoving.o (atan2f)
C:/Program Files (x86)/Microchip/MPLAB C32/bin/../lib/gcc/pic32mx/3.4.4/../../../../pic32mx/lib\libm.a(func32.o)
                              C:/Program Files (x86)/Microchip/MPLAB C32/bin/../lib/gcc/pic32mx/3.4.4/../../../../pic32mx/lib\libm.a(cos32.o) (sigmax)
C:/Program Files (x86)/Microchip/MPLAB C32/bin/../lib/gcc/pic32mx/3.4.4/../../../../pic32mx/lib\libm.a(dp32.o)
                              objects\TaskAsser.o (dpsub)
C:/Program Files (x86)/Microchip/MPLAB C32/bin/../lib/gcc/pic32mx/3.4.4/../../../../pic32mx/lib\libm.a(w_sqrt.o)
                              objects\TaskAsser.o (sqrt)
C:/Program Files (x86)/Microchip/MPLAB C32/bin/../lib/gcc/pic32mx/3.4.4/../../../../pic32mx/lib\libm.a(fp32.o)
                              objects\TaskAsser.o (fpsub)
C:/Program Files (x86)/Microchip/MPLAB C32/bin/../lib/gcc/pic32mx/3.4.4/../../../../pic32mx/lib\libm.a(fpcos32.o)
                              objects\LibMoving.o (cosf)
C:/Program Files (x86)/Microchip/MPLAB C32/bin/../lib/gcc/pic32mx/3.4.4/../../../../pic32mx/lib\libm.a(fpsin32.o)
                              objects\LibMoving.o (sinf)
C:/Program Files (x86)/Microchip/MPLAB C32/bin/../lib/gcc/pic32mx/3.4.4/../../../../pic32mx/lib\libm.a(fpreduct32.o)
                              C:/Program Files (x86)/Microchip/MPLAB C32/bin/../lib/gcc/pic32mx/3.4.4/../../../../pic32mx/lib\libm.a(fpcos32.o) (fpreduct)
C:/Program Files (x86)/Microchip/MPLAB C32/bin/../lib/gcc/pic32mx/3.4.4/../../../../pic32mx/lib\libm.a(sincof32.o)
                              C:/Program Files (x86)/Microchip/MPLAB C32/bin/../lib/gcc/pic32mx/3.4.4/../../../../pic32mx/lib\libm.a(fpcos32.o) (_sincof)
C:/Program Files (x86)/Microchip/MPLAB C32/bin/../lib/gcc/pic32mx/3.4.4/../../../../pic32mx/lib\libm.a(s_lib_ver.o)
                              C:/Program Files (x86)/Microchip/MPLAB C32/bin/../lib/gcc/pic32mx/3.4.4/../../../../pic32mx/lib\libm.a(w_pow.o) (math_errhandling)
C:/Program Files (x86)/Microchip/MPLAB C32/bin/../lib/gcc/pic32mx/3.4.4/../../../../pic32mx/lib\libm.a(mod32.o)
                              C:/Program Files (x86)/Microchip/MPLAB C32/bin/../lib/gcc/pic32mx/3.4.4/../../../../pic32mx/lib\libm.a(w_pow.o) (modf)
C:/Program Files (x86)/Microchip/MPLAB C32/bin/../lib/gcc/pic32mx/3.4.4/../../../../pic32mx/lib\libm.a(pow32.o)
[...]
Memory Configuration

Name             Origin             Length             Attributes
kseg0_program_mem 0x9d000000         0x00080000         xr
kseg0_boot_mem   0x9fc00490         0x00000970
exception_mem    0x9fc01000         0x00001000
kseg1_boot_mem   0xbfc00000         0x00000490
debug_exec_mem   0xbfc02000         0x00000ff0
config3          0xbfc02ff0         0x00000004
config2          0xbfc02ff4         0x00000004
config1          0xbfc02ff8         0x00000004
config0          0xbfc02ffc         0x00000004
kseg1_data_mem   0xa0000000         0x00008000         w !x
sfrs             0xbf800000         0x00100000
*default*        0x00000000         0xffffffff

Linker script and memory map

                0x00000001                _DEBUGGER = 0x1
LOAD objects\bsp.o
LOAD objects\bsp_a.o
LOAD objects\crt0.o
LOAD objects\cpu_a.o
LOAD objects\lib_mem.o
LOAD objects\lib_str.o
LOAD objects\os_cpu_a.o
LOAD objects\os_cpu_c.o
LOAD objects\os_dbg.o
LOAD objects\os_core.o
LOAD objects\os_flag.o
LOAD objects\os_mbox.o
LOAD objects\os_mem.o
LOAD objects\os_mutex.o
LOAD objects\os_q.o
LOAD objects\os_sem.o
LOAD objects\os_task.o
LOAD objects\os_time.o
LOAD objects\os_tmr.o
LOAD objects\PIC32INTlib.o
LOAD objects\bsp_fpga.o
LOAD objects\TaskAsser.o
LOAD objects\TaskTempo.o
LOAD objects\TaskMain.o
LOAD objects\TaskOdo.o
LOAD objects\AppHooks.o
LOAD objects\App.o
LOAD objects\AppGlobalFunc.o
LOAD objects\LibMoving.o
LOAD objects\TaskMvt.o
LOAD objects\TaskSensors.o
LOAD objects\DefaultStrategy.o
                0x00000001                __MPLAB_BUILD = 0x1
                0x00000001                __MPLAB_DEBUG = 0x1
                0x00000001                __MPLAB_DEBUGGER_ICD2 = 0x1
                0x00000001                __ICD2RAM = 0x1
LOAD C:/Program Files (x86)/Microchip/MPLAB C32/bin/../lib/gcc/pic32mx/3.4.4\libgcc.a
START GROUP
LOAD C:/Program Files (x86)/Microchip/MPLAB C32/bin/../lib/gcc/pic32mx/3.4.4/../../../../pic32mx/lib\libc.a
LOAD C:/Program Files (x86)/Microchip/MPLAB C32/bin/../lib/gcc/pic32mx/3.4.4/../../../../pic32mx/lib\libm.a
LOAD C:/Program Files (x86)/Microchip/MPLAB C32/bin/../lib/gcc/pic32mx/3.4.4/../../../../pic32mx/lib\libe.a
LOAD C:/Program Files (x86)/Microchip/MPLAB C32/bin/../lib/gcc/pic32mx/3.4.4/../../../../pic32mx/lib\libdsp.a
LOAD C:/Program Files (x86)/Microchip/MPLAB C32/bin/../lib/gcc/pic32mx/3.4.4/../../../../pic32mx/lib\libmchp_peripheral.a
LOAD C:/Program Files (x86)/Microchip/MPLAB C32/bin/../lib/gcc/pic32mx/3.4.4/../../../../pic32mx/lib\libmchp_peripheral_32MX460F512L.a
END GROUP
LOAD C:/Program Files (x86)/Microchip/MPLAB C32/bin/../lib/gcc/pic32mx/3.4.4\libgcc.a
                0x00000400                PROVIDE (_min_stack_size, 0x400)
                0x00000000                PROVIDE (_min_heap_size, 0x0)
LOAD C:/Program Files (x86)/Microchip/MPLAB C32/bin/../lib/gcc/pic32mx/3.4.4/../../../../pic32mx/lib/./proc/32MX460F512L\processor.o
                0x00000001                PROVIDE (_vector_spacing, 0x1)
                0x9fc01000                _ebase_address = 0x9fc01000
                0xbfc00000                _RESET_ADDR = 0xbfc00000
                0xbfc00380                _BEV_EXCPT_ADDR = 0xbfc00380
                0xbfc00480                _DBG_EXCPT_ADDR = 0xbfc00480
                0xbfc02000                _DBG_CODE_ADDR = 0xbfc02000
                0x9fc01180                _GEN_EXCPT_ADDR = (_ebase_address + 0x180)

.config_BFC02FF0
 *(.config_BFC02FF0)

.config_BFC02FF4
                0xbfc02ff4        0x4
 *(.config_BFC02FF4)
 .config_BFC02FF4
                0xbfc02ff4        0x4 objects\App.o

.config_BFC02FF8
                0xbfc02ff8        0x4
 *(.config_BFC02FF8)
 .config_BFC02FF8
                0xbfc02ff8        0x4 objects\App.o

.config_BFC02FFC
                0xbfc02ffc        0x4
 *(.config_BFC02FFC)
 .config_BFC02FFC
                0xbfc02ffc        0x4 objects\App.o

.reset          0xbfc00000      0x1d8
 *(.reset)
 .reset         0xbfc00000      0x1d8 objects\crt0.o
                0xbfc00000                _reset

.bev_excpt      0xbfc00380       0x10
 *(.bev_handler)
 .bev_handler   0xbfc00380       0x10 objects\crt0.o

.dbg_excpt      0xbfc00480        0x8
                0xbfc00488                . = (. + DEFINED (_DEBUGGER)?0x8:0x0)
 *fill*         0xbfc00480        0x8 00

.dbg_code       0xbfc02000      0xff0
                0xbfc02ff0                . = (. + DEFINED (_DEBUGGER)?0xff0:0x0)
 *fill*         0xbfc02000      0xff0 00

.app_excpt      0x9fc01180       0x10
 *(.gen_handler)
 .gen_handler   0x9fc01180       0x10 objects\crt0.o

.vector_0       0x9fc01200       0x10
 *(.vector_0)
 .vector_0      0x9fc01200       0x10 objects\crt0.o
                0x00000001                ASSERT (((_vector_spacing == 0x0) || (SIZEOF (.vector_0) <= (_vector_spacing << 0x5))), function at exception vector 0 too large)

.vector_1       0x9fc01220        0x0
 *(.vector_1)
                0x00000001                ASSERT (((_vector_spacing == 0x0) || (SIZEOF (.vector_1) <= (_vector_spacing << 0x5))), function at exception vector 1 too large)

.vector_2       0x9fc01240        0x0
 *(.vector_2)
                0x00000001                ASSERT (((_vector_spacing == 0x0) || (SIZEOF (.vector_2) <= (_vector_spacing << 0x5))), function at exception vector 2 too large)

.vector_3       0x9fc01260        0x0
 *(.vector_3)
                0x00000001                ASSERT (((_vector_spacing == 0x0) || (SIZEOF (.vector_3) <= (_vector_spacing << 0x5))), function at exception vector 3 too large)

.vector_4       0x9fc01280        0x0
 *(.vector_4)
                0x00000001                ASSERT (((_vector_spacing == 0x0) || (SIZEOF (.vector_4) <= (_vector_spacing << 0x5))), function at exception vector 4 too large)

.vector_5       0x9fc012a0        0x0
 *(.vector_5)
                0x00000001                ASSERT (((_vector_spacing == 0x0) || (SIZEOF (.vector_5) <= (_vector_spacing << 0x5))), function at exception vector 5 too large)

.vector_6       0x9fc012c0        0x0
 *(.vector_6)
                0x00000001                ASSERT (((_vector_spacing == 0x0) || (SIZEOF (.vector_6) <= (_vector_spacing << 0x5))), function at exception vector 6 too large)

.vector_7       0x9fc012e0        0x0
 *(.vector_7)
                0x00000001                ASSERT (((_vector_spacing == 0x0) || (SIZEOF (.vector_7) <= (_vector_spacing << 0x5))), function at exception vector 7 too large)

.vector_8       0x9fc01300        0x8
 *(.vector_8)
 .vector_8      0x9fc01300        0x8 objects\bsp.o
                0x00000001                ASSERT (((_vector_spacing == 0x0) || (SIZEOF (.vector_8) <= (_vector_spacing << 0x5))), function at exception vector 8 too large)

.vector_9       0x9fc01320        0x0
 *(.vector_9)
                0x00000001                ASSERT (((_vector_spacing == 0x0) || (SIZEOF (.vector_9) <= (_vector_spacing << 0x5))), function at exception vector 9 too large)

.vector_10      0x9fc01340        0x0
 *(.vector_10)
                0x00000001                ASSERT (((_vector_spacing == 0x0) || (SIZEOF (.vector_10) <= (_vector_spacing << 0x5))), function at exception vector 10 too large)

.vector_11      0x9fc01360        0x0
 *(.vector_11)
                0x00000001                ASSERT (((_vector_spacing == 0x0) || (SIZEOF (.vector_11) <= (_vector_spacing << 0x5))), function at exception vector 11 too large)

.vector_12      0x9fc01380        0x0
 *(.vector_12)
                0x00000001                ASSERT (((_vector_spacing == 0x0) || (SIZEOF (.vector_12) <= (_vector_spacing << 0x5))), function at exception vector 12 too large)

.vector_13      0x9fc013a0        0x0
 *(.vector_13)
                0x00000001                ASSERT (((_vector_spacing == 0x0) || (SIZEOF (.vector_13) <= (_vector_spacing << 0x5))), function at exception vector 13 too large)

.vector_14      0x9fc013c0        0x0
 *(.vector_14)
                0x00000001                ASSERT (((_vector_spacing == 0x0) || (SIZEOF (.vector_14) <= (_vector_spacing << 0x5))), function at exception vector 14 too large)

.vector_15      0x9fc013e0        0x0
 *(.vector_15)
                0x00000001                ASSERT (((_vector_spacing == 0x0) || (SIZEOF (.vector_15) <= (_vector_spacing << 0x5))), function at exception vector 15 too large)

.vector_16      0x9fc01400        0x0
 *(.vector_16)
                0x00000001                ASSERT (((_vector_spacing == 0x0) || (SIZEOF (.vector_16) <= (_vector_spacing << 0x5))), function at exception vector 16 too large)

.vector_17      0x9fc01420        0x0
 *(.vector_17)
                0x00000001                ASSERT (((_vector_spacing == 0x0) || (SIZEOF (.vector_17) <= (_vector_spacing << 0x5))), function at exception vector 17 too large)

.vector_18      0x9fc01440        0x0
 *(.vector_18)
                0x00000001                ASSERT (((_vector_spacing == 0x0) || (SIZEOF (.vector_18) <= (_vector_spacing << 0x5))), function at exception vector 18 too large)

.vector_19      0x9fc01460        0x0
 *(.vector_19)
                0x00000001                ASSERT (((_vector_spacing == 0x0) || (SIZEOF (.vector_19) <= (_vector_spacing << 0x5))), function at exception vector 19 too large)

.vector_20      0x9fc01480        0x0
 *(.vector_20)
                0x00000001                ASSERT (((_vector_spacing == 0x0) || (SIZEOF (.vector_20) <= (_vector_spacing << 0x5))), function at exception vector 20 too large)

.vector_21      0x9fc014a0        0x0
 *(.vector_21)
                0x00000001                ASSERT (((_vector_spacing == 0x0) || (SIZEOF (.vector_21) <= (_vector_spacing << 0x5))), function at exception vector 21 too large)

.vector_22      0x9fc014c0        0x0
 *(.vector_22)
                0x00000001                ASSERT (((_vector_spacing == 0x0) || (SIZEOF (.vector_22) <= (_vector_spacing << 0x5))), function at exception vector 22 too large)

.vector_23      0x9fc014e0        0x0
 *(.vector_23)
                0x00000001                ASSERT (((_vector_spacing == 0x0) || (SIZEOF (.vector_23) <= (_vector_spacing << 0x5))), function at exception vector 23 too large)

.vector_24      0x9fc01500        0x0
 *(.vector_24)
                0x00000001                ASSERT (((_vector_spacing == 0x0) || (SIZEOF (.vector_24) <= (_vector_spacing << 0x5))), function at exception vector 24 too large)

.vector_25      0x9fc01520        0x0
 *(.vector_25)
                0x00000001                ASSERT (((_vector_spacing == 0x0) || (SIZEOF (.vector_25) <= (_vector_spacing << 0x5))), function at exception vector 25 too large)

.vector_26      0x9fc01540       0x10
 *(.vector_26)
 .vector_26     0x9fc01540       0x10 objects\bsp_a.o
                0x9fc01540                _bsp_cnint
                0x00000001                ASSERT (((_vector_spacing == 0x0) || (SIZEOF (.vector_26) <= (_vector_spacing << 0x5))), function at exception vector 26 too large)

.vector_27      0x9fc01560       0x10
 *(.vector_27)
 .vector_27     0x9fc01560       0x10 objects\bsp_a.o
                0x9fc01560                _bsp_adcint
                0x00000001                ASSERT (((_vector_spacing == 0x0) || (SIZEOF (.vector_27) <= (_vector_spacing << 0x5))), function at exception vector 27 too large)

.vector_28      0x9fc01580        0x0
 *(.vector_28)
                0x00000001                ASSERT (((_vector_spacing == 0x0) || (SIZEOF (.vector_28) <= (_vector_spacing << 0x5))), function at exception vector 28 too large)

.vector_29      0x9fc015a0        0x0
 *(.vector_29)
                0x00000001                ASSERT (((_vector_spacing == 0x0) || (SIZEOF (.vector_29) <= (_vector_spacing << 0x5))), function at exception vector 29 too large)

.vector_30      0x9fc015c0        0x0
 *(.vector_30)
                0x00000001                ASSERT (((_vector_spacing == 0x0) || (SIZEOF (.vector_30) <= (_vector_spacing << 0x5))), function at exception vector 30 too large)

.vector_31      0x9fc015e0        0x0
 *(.vector_31)
                0x00000001                ASSERT (((_vector_spacing == 0x0) || (SIZEOF (.vector_31) <= (_vector_spacing << 0x5))), function at exception vector 31 too large)

.vector_32      0x9fc01600        0x0
 *(.vector_32)
                0x00000001                ASSERT (((_vector_spacing == 0x0) || (SIZEOF (.vector_32) <= (_vector_spacing << 0x5))), function at exception vector 32 too large)

.vector_33      0x9fc01620        0x0
 *(.vector_33)
                0x00000001                ASSERT (((_vector_spacing == 0x0) || (SIZEOF (.vector_33) <= (_vector_spacing << 0x5))), function at exception vector 33 too large)

.vector_34      0x9fc01640        0x0
 *(.vector_34)
                0x00000001                ASSERT (((_vector_spacing == 0x0) || (SIZEOF (.vector_34) <= (_vector_spacing << 0x5))), function at exception vector 34 too large)

.vector_35      0x9fc01660        0x0
 *(.vector_35)
                0x00000001                ASSERT (((_vector_spacing == 0x0) || (SIZEOF (.vector_35) <= (_vector_spacing << 0x5))), function at exception vector 35 too large)

.vector_36      0x9fc01680        0x0
 *(.vector_36)
                0x00000001                ASSERT (((_vector_spacing == 0x0) || (SIZEOF (.vector_36) <= (_vector_spacing << 0x5))), function at exception vector 36 too large)

.vector_37      0x9fc016a0        0x0
 *(.vector_37)
                0x00000001                ASSERT (((_vector_spacing == 0x0) || (SIZEOF (.vector_37) <= (_vector_spacing << 0x5))), function at exception vector 37 too large)

.vector_38      0x9fc016c0        0x0
 *(.vector_38)
                0x00000001                ASSERT (((_vector_spacing == 0x0) || (SIZEOF (.vector_38) <= (_vector_spacing << 0x5))), function at exception vector 38 too large)

.vector_39      0x9fc016e0        0x0
 *(.vector_39)
                0x00000001                ASSERT (((_vector_spacing == 0x0) || (SIZEOF (.vector_39) <= (_vector_spacing << 0x5))), function at exception vector 39 too large)

.vector_40      0x9fc01700        0x0
 *(.vector_40)
                0x00000001                ASSERT (((_vector_spacing == 0x0) || (SIZEOF (.vector_40) <= (_vector_spacing << 0x5))), function at exception vector 40 too large)

.vector_41      0x9fc01720        0x0
 *(.vector_41)
                0x00000001                ASSERT (((_vector_spacing == 0x0) || (SIZEOF (.vector_41) <= (_vector_spacing << 0x5))), function at exception vector 41 too large)

.vector_42      0x9fc01740        0x0
 *(.vector_42)
                0x00000001                ASSERT (((_vector_spacing == 0x0) || (SIZEOF (.vector_42) <= (_vector_spacing << 0x5))), function at exception vector 42 too large)

.vector_43      0x9fc01760        0x0
 *(.vector_43)
                0x00000001                ASSERT (((_vector_spacing == 0x0) || (SIZEOF (.vector_43) <= (_vector_spacing << 0x5))), function at exception vector 43 too large)

.vector_44      0x9fc01780        0x0
 *(.vector_44)
                0x00000001                ASSERT (((_vector_spacing == 0x0) || (SIZEOF (.vector_44) <= (_vector_spacing << 0x5))), function at exception vector 44 too large)

.vector_45      0x9fc017a0        0x0
 *(.vector_45)
                0x00000001                ASSERT (((_vector_spacing == 0x0) || (SIZEOF (.vector_45) <= (_vector_spacing << 0x5))), function at exception vector 45 too large)

.vector_46      0x9fc017c0        0x0
 *(.vector_46)
                0x00000001                ASSERT (((_vector_spacing == 0x0) || (SIZEOF (.vector_46) <= (_vector_spacing << 0x5))), function at exception vector 46 too large)

.vector_47      0x9fc017e0        0x0
 *(.vector_47)
                0x00000001                ASSERT (((_vector_spacing == 0x0) || (SIZEOF (.vector_47) <= (_vector_spacing << 0x5))), function at exception vector 47 too large)

.vector_48      0x9fc01800        0x0
 *(.vector_48)
                0x00000001                ASSERT (((_vector_spacing == 0x0) || (SIZEOF (.vector_48) <= (_vector_spacing << 0x5))), function at exception vector 48 too large)

.vector_49      0x9fc01820        0x0
 *(.vector_49)
                0x00000001                ASSERT (((_vector_spacing == 0x0) || (SIZEOF (.vector_49) <= (_vector_spacing << 0x5))), function at exception vector 49 too large)

.vector_50      0x9fc01840        0x0
 *(.vector_50)
                0x00000001                ASSERT (((_vector_spacing == 0x0) || (SIZEOF (.vector_50) <= (_vector_spacing << 0x5))), function at exception vector 50 too large)

.vector_51      0x9fc01860        0x0
 *(.vector_51)
                0x00000001                ASSERT (((_vector_spacing == 0x0) || (SIZEOF (.vector_51) <= (_vector_spacing << 0x5))), function at exception vector 51 too large)

.vector_52      0x9fc01880        0x0
 *(.vector_52)
                0x00000001                ASSERT (((_vector_spacing == 0x0) || (SIZEOF (.vector_52) <= (_vector_spacing << 0x5))), function at exception vector 52 too large)

.vector_53      0x9fc018a0        0x0
 *(.vector_53)
                0x00000001                ASSERT (((_vector_spacing == 0x0) || (SIZEOF (.vector_53) <= (_vector_spacing << 0x5))), function at exception vector 53 too large)

.vector_54      0x9fc018c0        0x0
 *(.vector_54)
                0x00000001                ASSERT (((_vector_spacing == 0x0) || (SIZEOF (.vector_54) <= (_vector_spacing << 0x5))), function at exception vector 54 too large)

.vector_55      0x9fc018e0        0x0
 *(.vector_55)
                0x00000001                ASSERT (((_vector_spacing == 0x0) || (SIZEOF (.vector_55) <= (_vector_spacing << 0x5))), function at exception vector 55 too large)

.vector_56      0x9fc01900        0x0
 *(.vector_56)
                0x00000001                ASSERT (((_vector_spacing == 0x0) || (SIZEOF (.vector_56) <= (_vector_spacing << 0x5))), function at exception vector 56 too large)

.vector_57      0x9fc01920        0x0
 *(.vector_57)
                0x00000001                ASSERT (((_vector_spacing == 0x0) || (SIZEOF (.vector_57) <= (_vector_spacing << 0x5))), function at exception vector 57 too large)

.vector_58      0x9fc01940        0x0
 *(.vector_58)
                0x00000001                ASSERT (((_vector_spacing == 0x0) || (SIZEOF (.vector_58) <= (_vector_spacing << 0x5))), function at exception vector 58 too large)

.vector_59      0x9fc01960        0x0
 *(.vector_59)
                0x00000001                ASSERT (((_vector_spacing == 0x0) || (SIZEOF (.vector_59) <= (_vector_spacing << 0x5))), function at exception vector 59 too large)

.vector_60      0x9fc01980        0x0
 *(.vector_60)
                0x00000001                ASSERT (((_vector_spacing == 0x0) || (SIZEOF (.vector_60) <= (_vector_spacing << 0x5))), function at exception vector 60 too large)

.vector_61      0x9fc019a0        0x0
 *(.vector_61)
                0x00000001                ASSERT (((_vector_spacing == 0x0) || (SIZEOF (.vector_61) <= (_vector_spacing << 0x5))), function at exception vector 61 too large)

.vector_62      0x9fc019c0        0x0
 *(.vector_62)
                0x00000001                ASSERT (((_vector_spacing == 0x0) || (SIZEOF (.vector_62) <= (_vector_spacing << 0x5))), function at exception vector 62 too large)

.vector_63      0x9fc019e0        0x0
 *(.vector_63)
                0x00000001                ASSERT (((_vector_spacing == 0x0) || (SIZEOF (.vector_63) <= (_vector_spacing << 0x5))), function at exception vector 63 too large)

.startup
 *(.startup)

.text           0x9d000000    0x1a9b0
                0x9d000000                _text_begin = .
 *(.text .stub .text.* .gnu.linkonce.t.*)
 .text          0x9d000000     0x19f8 objects\bsp.o
                0x9d000d40                Tmr_Init
                0x9d000000                GP2_Init
                0x9d000e20                UART_Init
                0x9d00042c                PWM_Init
                0x9d000674                PMP_Init
                0x9d000ff4                ADC_IntInit
                0x9d0012b4                BSP_CNHandler
                0x9d001294                PB_IntInit
                0x9d000040                CLIC_Init
                0x9d0013b4                BSP_IntDisAll
                0x9d000c70                LED_Init
                0x9d0001dc                START_Init
                0x9d000394                PWM_M0_SetDC
                0x9d001014                ADC_GetVal
                0x9d0000a8                CLIC_state
                0x9d0011f4                ADC_TmrInit
                0x9d000b64                LED_Toggle
                0x9d000554                TMR2_Handler
                0x9d001274                PB_Config
                0x9d000740                PMP_Write
                0x9d000214                START_State
                0x9d00123c                PB_Init
                0x9d00026c                COLOR_Init
                0x9d0012ec                BSP_Dly
                0x9d000f54                ADC_Config
                0x9d000884                IO_M0_SetDirection
                0x9d000020                GP2_Read
                0x9d000e74                BSP_ADCHandler
                0x9d0013e4                BSP_InitIntCtrl
                0x9d000e00                BSP_Except_Handler
                0x9d000a58                LED_Off
                0x9d000ca4                BSP_IO_Init
                0x9d0008e8                IO_M1_SetDirection
                0x9d000ea0                ADC_Init
                0x9d0007d0                PMP_Read
                0x9d001420                BSP_InitIO
                0x9d000dbc                BSP_TickISR_Handler
                0x9d0002a4                COLOR_Read
                0x9d00094c                LED_On
                0x9d0002fc                PWM_M1_SetDC
                0x9d0004ac                TMR2_Init
 .text          0x9d0019f8       0x18 objects\cpu_a.o
                0x9d001a04                CPU_SR_Restore
                0x9d0019f8                CPU_SR_Save
 .text          0x9d001a10      0x668 objects\lib_mem.o
                0x9d001dfc                Mem_Cmp
                0x9d001a10                Mem_Clr
                0x9d001a54                Mem_Set
                0x9d001c08                Mem_Copy
 .text          0x9d002078     0x10a4 objects\lib_str.o
                0x9d0025a0                Str_Cmp
                0x9d0020e0                Str_Copy
                0x9d002c74                Str_Str
                0x9d00277c                Str_Cmp_N
                0x9d00242c                Str_Cat_N
                0x9d002078                Str_Len
                0x9d0021cc                Str_Copy_N
                0x9d002a88                Str_Char_N
                0x9d0029b4                Str_Char
                0x9d0022f8                Str_Cat
                0x9d002de8                Str_FmtNbr_32
                0x9d002b9c                Str_Char_Last
 .text          0x9d00311c      0x1b4 objects\os_cpu_a.o
                0x9d00311c                OSStartHighRdy
                0x9d0031ec                OSIntCtxSw
 .text          0x9d0032d0      0x5cc objects\os_cpu_c.o
                0x9d003314                OSTaskCreateHook
                0x9d0033b4                OSTaskStatHook
                0x9d0032d0                OSInitHookBegin
                0x9d00334c                OSTaskDelHook
                0x9d003844                OSTimeTickHook
                0x9d00380c                OSTCBInitHook
                0x9d0033e4                OSTaskStkInit
                0x9d0032f4                OSInitHookEnd
                0x9d0037dc                OSTaskSwHook
                0x9d003384                OSTaskIdleHook
 .text          0x9d00389c      0x23c objects\os_dbg.o
                0x9d00389c                OSDebugInit
 .text          0x9d003ad8     0x2214 objects\os_core.o
                0x9d003d6c                OSEventPendMulti
                0x9d0044d0                OSIntEnter
                0x9d005988                OS_TCBInit
                0x9d004fc4                OS_EventTaskRemove
                0x9d003ad8                OSEventNameGet
                0x9d00451c                OSIntExit
                0x9d005540                OS_MemCopy
                0x9d0055b8                OS_Sched
                0x9d005060                OS_EventTaskRemoveMulti
                0x9d004e90                OS_EventTaskWaitMulti
                0x9d0054e0                OS_MemClr
                0x9d004c1c                OS_EventTaskRdy
                0x9d004714                OSSchedUnlock
                0x9d004bfc                OS_Dummy
                0x9d003bfc                OSEventNameSet
                0x9d004da4                OS_EventTaskWait
                0x9d0058ac                OS_TaskStatStkChk
                0x9d0048a8                OSStart
                0x9d004918                OSTimeTick
                0x9d00464c                OSSchedLock
                0x9d00572c                OS_StrCopy
                0x9d004448                OSInit
                0x9d0057b0                OS_StrLen
                0x9d004bd8                OSVersion
                0x9d00514c                OS_EventWaitListInit
                0x9d00580c                OS_TaskIdle
 .text          0x9d005cec     0x1d0c objects\os_flag.o
                0x9d007030                OSFlagPendGetFlagsRdy
                0x9d005cec                OSFlagAccept
                0x9d007944                OS_FlagUnlink
                0x9d00776c                OS_FlagInit
                0x9d007538                OSFlagQuery
                0x9d0070d0                OSFlagPost
                0x9d0060e0                OSFlagCreate
                0x9d006248                OSFlagDel
                0x9d006840                OSFlagPend
                0x9d0066a4                OSFlagNameSet
                0x9d006554                OSFlagNameGet
 .text          0x9d0079f8      0x820 objects\os_mem.o
                0x9d008138                OS_MemInit
                0x9d007cd0                OSMemNameGet
                0x9d007b98                OSMemGet
                0x9d007f00                OSMemPut
                0x9d0079f8                OSMemCreate
                0x9d008030                OSMemQuery
                0x9d007dc0                OSMemNameSet
 .text          0x9d008218     0x137c objects\os_mutex.o
                0x9d008218                OSMutexAccept
                0x9d0089f4                OSMutexPend
                0x9d008648                OSMutexDel
                0x9d00841c                OSMutexCreate
                0x9d00929c                OSMutexQuery
                0x9d008fd8                OSMutexPost
 .text          0x9d009594     0x1590 objects\os_q.o
                0x9d009c98                OSQFlush
                0x9d009594                OSQAccept
                0x9d00a238                OSQPost
                0x9d009d64                OSQPend
                0x9d00a430                OSQPostFront
                0x9d0096f0                OSQCreate
                0x9d00a62c                OSQPostOpt
                0x9d009954                OSQDel
                0x9d00a084                OSQPendAbort
                0x9d00aa70                OS_QInit
                0x9d00a8dc                OSQQuery
 .text          0x9d00ab24      0xd50 objects\os_sem.o
                0x9d00b038                OSSemPend
                0x9d00ab24                OSSemAccept
                0x9d00b2cc                OSSemPendAbort
                0x9d00b480                OSSemPost
                0x9d00ac0c                OSSemCreate
                0x9d00b618                OSSemQuery
                0x9d00b75c                OSSemSet
                0x9d00ad34                OSSemDel
 .text          0x9d00b874     0x1e18 objects\os_task.o
                0x9d00c020                OSTaskCreateExt
                0x9d00bda4                OSTaskCreate
                0x9d00b874                OSTaskChangePrio
                0x9d00c2d0                OSTaskDel
                0x9d00cad4                OSTaskNameSet
                0x9d00c6d4                OSTaskDelReq
                0x9d00ccfc                OSTaskResume
                0x9d00c8f4                OSTaskNameGet
                0x9d00cfd0                OSTaskStkChk
                0x9d00d470                OSTaskQuery
                0x9d00d608                OS_TaskStkClr
                0x9d00d224                OSTaskSuspend
 .text          0x9d00d68c      0x668 objects\os_time.o
                0x9d00dc58                OSTimeSet
                0x9d00d68c                OSTimeDly
                0x9d00d7c8                OSTimeDlyHMSM
                0x9d00d8f8                OSTimeDlyResume
                0x9d00dbbc                OSTimeGet
 .text          0x9d00dcf4     0x1270 objects\os_tmr.o
                0x9d00e80c                OSTmrSignal
                0x9d00de7c                OSTmrDel
                0x9d00e134                OSTmrRemainGet
                0x9d00e340                OSTmrStateGet
                0x9d00e964                OSTmr_Init
                0x9d00e418                OSTmrStart
                0x9d00e5a0                OSTmrStop
                0x9d00dcf4                OSTmrCreate
                0x9d00dffc                OSTmrNameGet
 .text          0x9d00ef64      0x238 objects\PIC32INTlib.o
                0x9d00f02c                INTDisableSystemSingleVectoredInt
                0x9d00efb8                INTEnableSystemSingleVectoredInt
                0x9d00f084                INTGetPendingInterrupt
                0x9d00ef64                INTEnableSystemMultiVectoredInt
 .text          0x9d00f19c      0x43c objects\bsp_fpga.o
                0x9d00f580                BSPFPGA_Reset
                0x9d00f2b8                AX12_UART_Read
                0x9d00f4d0                QUADD_Read
                0x9d00f2f4                AX12_UART_Write
                0x9d00f1f8                AX12_UART_Data_Ready
                0x9d00f338                AX12_Read_status
                0x9d00f454                QUAD_Latch
                0x9d00f1bc                AX12_UART_Read_Status
                0x9d00f19c                AX12_UART_Init
                0x9d00f528                QUADG_Read
                0x9d00f48c                QUAD_Wait_for_Latch
                0x9d00f258                AX12_UART_Data_Sent
 .text          0x9d00f5d8     0x2160 objects\TaskAsser.o
                0x9d00f5d8                right_motor_control
                0x9d010470                scalar_product_between_robot_and_direction
                0x9d010358                distance_between_two_points
                0x9d00f664                left_motor_control
                0x9d00fcac                PID_Computation
                0x9d0101b0                angle_between_two_points
                0x9d00ff2c                init_control_motion
                0x9d010c54                mode_3_control_motion
                0x9d00f6f0                motor_command_clipping
                0x9d00faa4                PID_Initialization
                0x9d010700                distance_by_vector_projection_angle_between_robot_and_direction
                0x9d00ffe4                error_rescale
                0x9d0109e4                mode_1_control_motion
                0x9d010af8                mode_2_control_motion
                0x9d00f814                QUADRAMP_Compute
                0x9d010eb8                mode_4_control_motion
                0x9d011128                TaskAsser_Main
                0x9d0105b8                vector_product_between_robot_and_direction
                0x9d00f794                QUADRAMP_Initialization
 .text          0x9d011738       0xdc objects\TaskTempo.o
                0x9d011738                TaskTempo_Main
 .text          0x9d011814      0x5c4 objects\TaskMain.o
                0x9d011814                TaskMain_SendSetpointToTaskMvt
                0x9d011890                TaskMain_Main
 .text          0x9d011dd8      0xbc0 objects\TaskOdo.o
                0x9d011fd8                position_manager_process
                0x9d011e3c                encoders_calibration_measure
                0x9d011dd8                init_position_manager
                0x9d0123d8                position_manager_timer_handler
                0x9d0125d4                TaskOdo_GetCurrentPos
                0x9d01266c                TaskOdo_SetCurrentPos
                0x9d012428                movement_detection
                0x9d012704                TaskOdo_Main
 .text          0x9d012998       0xec objects\AppHooks.o
                0x9d012a20                App_TaskSwHook
                0x9d012a64                App_TimeTickHook
                0x9d0129bc                App_TaskDelHook
                0x9d012998                App_TaskCreateHook
                0x9d012a00                App_TaskStatHook
                0x9d0129e0                App_TaskIdleHook
                0x9d012a40                App_TCBInitHook
 .text          0x9d012a84      0x56c objects\App.o
                0x9d012d6c                AppCreateIPCS
                0x9d012f00                AppInitVar
                0x9d012a84                main
                0x9d012af4                AppTaskStart
 .text          0x9d012ff0      0x550 objects\AppGlobalFunc.o
                0x9d013204                AppConvertRadInDeg
                0x9d013290                AppConvertDegInRad
                0x9d013328                AppCheckAngleInRad
                0x9d013058                AppPostQueueMsg
                0x9d013508                AppGetCurrentPos
                0x9d013450                AppCheckAngleInDeg
                0x9d012ff0                AppDebugMsg
 .text          0x9d013540      0xb74 objects\LibMoving.o
                0x9d013e54                LibMoving_IsSetpointReached
                0x9d0138dc                LibMoving_ComputeNewPath
                0x9d0136c4                LibMoving_RotateInDeg
                0x9d013540                LibMoving_MoveInMM
                0x9d013bd8                LibMoving_CreateEscapeSeq
                0x9d0137d8                LibMoving_MoveToAngleInDeg
 .text          0x9d0140b4      0x9d0 objects\TaskMvt.o
                0x9d0140b4                TaskMvt_SendSetpointToTaskAsser
                0x9d014254                TaskMvt_Main
 .text          0x9d014a84      0x308 objects\TaskSensors.o
                0x9d014b20                TaskSensors_CheckBumpers
                0x9d014b44                TaskSensors_Main
                0x9d014ad4                TaskSensors_ReadColor
                0x9d014a84                TaskSensors_IsStartButtonPressed
 .text          0x9d014d8c      0x248 objects\DefaultStrategy.o
                0x9d014d8c                Strategy_GetInitCmd
                0x9d014ef0                Strategy_GetNextAction
 .text          0x9d014fd4      0x168 C:/Program Files (x86)/Microchip/MPLAB C32/bin/../lib/gcc/pic32mx/3.4.4/../../../../pic32mx/lib\libc.a(memcpy.o)
                0x9d014fd4                memcpy
 .text          0x9d01513c       0xa8 C:/Program Files (x86)/Microchip/MPLAB C32/bin/../lib/gcc/pic32mx/3.4.4/../../../../pic32mx/lib\libc.a(memset.o)
                0x9d01513c                memset
 .text._bootstrap_exception_handler
                0x9d0151e4        0x8 C:/Program Files (x86)/Microchip/MPLAB C32/bin/../lib/gcc/pic32mx/3.4.4/../../../../pic32mx/lib\libc.a(default-bootstrap-exception-handler.o)
                0x9d0151e4                _bootstrap_exception_handler
 .text._on_reset
                0x9d0151ec        0x8 C:/Program Files (x86)/Microchip/MPLAB C32/bin/../lib/gcc/pic32mx/3.4.4/../../../../pic32mx/lib\libc.a(default-on-reset.o)
                0x9d0151ec                _on_reset
 .text._on_bootstrap
                0x9d0151f4        0x8 C:/Program Files (x86)/Microchip/MPLAB C32/bin/../lib/gcc/pic32mx/3.4.4/../../../../pic32mx/lib\libc.a(default-on-bootstrap.o)
                0x9d0151f4                _on_bootstrap
 .text          0x9d0151fc       0x18 C:/Program Files (x86)/Microchip/MPLAB C32/bin/../lib/gcc/pic32mx/3.4.4/../../../../pic32mx/lib\libc.a(default-nmi-handler.o)
                0x9d0151fc                _nmi_handler
 .text.pow      0x9d015214      0x17c C:/Program Files (x86)/Microchip/MPLAB C32/bin/../lib/gcc/pic32mx/3.4.4/../../../../pic32mx/lib\libm.a(w_pow.o)
                0x9d015214                pow
 .text.acos     0x9d015390       0xac C:/Program Files (x86)/Microchip/MPLAB C32/bin/../lib/gcc/pic32mx/3.4.4/../../../../pic32mx/lib\libm.a(w_acos32.o)
                0x9d015390                acos
 .text          0x9d01543c      0x1a0 C:/Program Files (x86)/Microchip/MPLAB C32/bin/../lib/gcc/pic32mx/3.4.4/../../../../pic32mx/lib\libm.a(cos32.o)
                0x9d01543c                cos
                0x9d01543c                dpcos
 .text          0x9d0155dc      0x198 C:/Program Files (x86)/Microchip/MPLAB C32/bin/../lib/gcc/pic32mx/3.4.4/../../../../pic32mx/lib\libm.a(sin32.o)
                0x9d0155dc                dpsin
                0x9d0155dc                sin
 .text          0x9d015774      0x1b4 C:/Program Files (x86)/Microchip/MPLAB C32/bin/../lib/gcc/pic32mx/3.4.4/../../../../pic32mx/lib\libm.a(reduct32.o)
                0x9d015774                reduct
 .text.atan2f   0x9d015928       0xb4 C:/Program Files (x86)/Microchip/MPLAB C32/bin/../lib/gcc/pic32mx/3.4.4/../../../../pic32mx/lib\libm.a(w_atan2f.o)
                0x9d015928                atan2f
 .text          0x9d0159dc      0x5d4 C:/Program Files (x86)/Microchip/MPLAB C32/bin/../lib/gcc/pic32mx/3.4.4/../../../../pic32mx/lib\libm.a(func32.o)
                0x9d015bb0                exadd
                0x9d015ae4                exmul
                0x9d0159dc                sigmax
                0x9d015d4c                exdiv
                0x9d015c9c                exsub
 .text          0x9d015fb0     0x1128 C:/Program Files (x86)/Microchip/MPLAB C32/bin/../lib/gcc/pic32mx/3.4.4/../../../../pic32mx/lib\libm.a(dp32.o)
                0x9d017060                fabs
                0x9d016f24                __eqdf2
                0x9d016f24                __gtdf2
                0x9d015fb0                dpsub
                0x9d016bb8                __floatsidf
                0x9d016f24                __ltdf2
                0x9d016c2c                ultodp
                0x9d0163dc                dpmul
                0x9d016d20                dptofp
                0x9d016ea0                __fixunsdfsi
                0x9d016f24                dpcmp
                0x9d016c7c                __extendsfdf2
                0x9d015fb8                __adddf3
                0x9d016ea0                dptoul
                0x9d016704                dpdiv
                0x9d016bb8                litodp
                0x9d016e18                __fixdfsi
                0x9d016f24                __ledf2
                0x9d016c7c                fptodp
                0x9d017048                __negdf2
                0x9d015fb8                dpadd
                0x9d016704                __divdf3
                0x9d0163dc                __muldf3
                0x9d016d20                __truncdfsf2
                0x9d016f24                __nedf2
                0x9d016e18                dptoli
                0x9d01707c                nan
                0x9d017060                dpfabs
                0x9d016f24                __gedf2
                0x9d01707c                dpnan
                0x9d015fb0                __subdf3
 .text.sqrt     0x9d0170d8       0x80 C:/Program Files (x86)/Microchip/MPLAB C32/bin/../lib/gcc/pic32mx/3.4.4/../../../../pic32mx/lib\libm.a(w_sqrt.o)
                0x9d0170d8                sqrt
 .text          0x9d017158      0x8ec C:/Program Files (x86)/Microchip/MPLAB C32/bin/../lib/gcc/pic32mx/3.4.4/../../../../pic32mx/lib\libm.a(fp32.o)
                0x9d017584                __divsf3
                0x9d0177b0                sitofp
                0x9d017858                __fixsfsi
                0x9d017584                fpdiv
                0x9d017158                __subsf3
                0x9d017858                fptoli
                0x9d017944                __lesf2
                0x9d0179d8                fabsf
                0x9d017944                __nesf2
                0x9d01780c                uitofp
                0x9d017944                __gtsf2
                0x9d0178d0                fptoui
                0x9d0179d8                fpfabs
                0x9d0177b0                __floatsisf
                0x9d017858                fptosi
                0x9d0179f8                fpnan
                0x9d017944                __eqsf2
                0x9d017160                fpadd
                0x9d0179e8                __negsf2
                0x9d017944                __ltsf2
                0x9d017158                fpsub
                0x9d017944                fpcmp
                0x9d0173cc                __mulsf3
                0x9d017944                __gesf2
                0x9d0179f8                nanf
                0x9d0177b0                litofp
                0x9d0173cc                fpmul
                0x9d0178d0                __fixunssfsi
                0x9d017160                __addsf3
                0x9d0178d0                fptoul
                0x9d01780c                ultofp
 .text          0x9d017a44      0x114 C:/Program Files (x86)/Microchip/MPLAB C32/bin/../lib/gcc/pic32mx/3.4.4/../../../../pic32mx/lib\libm.a(fpcos32.o)
                0x9d017a44                fpcos
                0x9d017a44                cosf
 .text          0x9d017b58      0x118 C:/Program Files (x86)/Microchip/MPLAB C32/bin/../lib/gcc/pic32mx/3.4.4/../../../../pic32mx/lib\libm.a(fpsin32.o)
                0x9d017b58                fpsin
                0x9d017b58                sinf
 .text          0x9d017c70      0x108 C:/Program Files (x86)/Microchip/MPLAB C32/bin/../lib/gcc/pic32mx/3.4.4/../../../../pic32mx/lib\libm.a(fpreduct32.o)
                0x9d017c70                fpreduct
 .text          0x9d017d78      0x5c8 C:/Program Files (x86)/Microchip/MPLAB C32/bin/../lib/gcc/pic32mx/3.4.4/../../../../pic32mx/lib\libm.a(mod32.o)
                0x9d0180bc                __mchp_ldexp
                0x9d017d78                dpfmod
                0x9d018224                modf
                0x9d017d78                fmod
                0x9d0180bc                dpldexp
                0x9d018224                dpmodf
                0x9d018018                dpfrexp
                0x9d018018                frexp
 .text          0x9d018340      0x520 C:/Program Files (x86)/Microchip/MPLAB C32/bin/../lib/gcc/pic32mx/3.4.4/../../../../pic32mx/lib\libm.a(pow32.o)
                0x9d018340                __mchp_pow
                0x9d018340                dppow
 .text          0x9d018860      0x5d8 C:/Program Files (x86)/Microchip/MPLAB C32/bin/../lib/gcc/pic32mx/3.4.4/../../../../pic32mx/lib\libm.a(log32.o)
                0x9d018b48                dplog
                0x9d018ca4                dplog10
                0x9d018ca4                __mchp_log10
                0x9d018b48                __mchp_log
                0x9d018860                exlog
 .text          0x9d018e38      0x35c C:/Program Files (x86)/Microchip/MPLAB C32/bin/../lib/gcc/pic32mx/3.4.4/../../../../pic32mx/lib\libm.a(acos32.o)
                0x9d018e38                dpacos
                0x9d018e38                __mchp_acos
 .text          0x9d019194      0xa08 C:/Program Files (x86)/Microchip/MPLAB C32/bin/../lib/gcc/pic32mx/3.4.4/../../../../pic32mx/lib\libm.a(fparc32.o)
                0x9d019998                fpacos
                0x9d0197c0                __mchp_asinf
                0x9d0194e0                fpatan
                0x9d019194                fpexatan
                0x9d019998                __mchp_acosf
                0x9d0194e0                atanf
                0x9d01957c                fpatan2
                0x9d0197c0                fpasin
                0x9d01957c                __mchp_atan2f
 .text          0x9d019b9c      0x2a0 C:/Program Files (x86)/Microchip/MPLAB C32/bin/../lib/gcc/pic32mx/3.4.4/../../../../pic32mx/lib\libm.a(fpsqrt32.o)
                0x9d019c94                __mchp_sqrtf
                0x9d019b9c                fpexsqrt
                0x9d019c94                fpsqrt
 .text          0x9d019e3c      0x5bc C:/Program Files (x86)/Microchip/MPLAB C32/bin/../lib/gcc/pic32mx/3.4.4/../../../../pic32mx/lib\libm.a(sqrt32.o)
                0x9d01a0d4                __mchp_sqrt
                0x9d019e3c                exsqrt
                0x9d01a0d4                dpsqrt
 .text          0x9d01a3f8      0x340 C:/Program Files (x86)/Microchip/MPLAB C32/bin/../lib/gcc/pic32mx/3.4.4/../../../../pic32mx/lib\libm.a(exp32.o)
                0x9d01a3f8                exexp
                0x9d01a5dc                dpexp
                0x9d01a5dc                __mchp_exp
 .text.putsUART1
                0x9d01a738       0x50 C:/Program Files (x86)/Microchip/MPLAB C32/bin/../lib/gcc/pic32mx/3.4.4/../../../../pic32mx/lib\libmchp_peripheral.a(puts_uartx_lib.o)
                0x9d01a738                putsUART1
 .text.putsUART2
                0x9d01a788       0x50 C:/Program Files (x86)/Microchip/MPLAB C32/bin/../lib/gcc/pic32mx/3.4.4/../../../../pic32mx/lib\libmchp_peripheral.a(puts_uartx_lib.o)
                0x9d01a788                putsUART2
 .text.PORTSetPinsAnalogIn
                0x9d01a7d8       0x34 C:/Program Files (x86)/Microchip/MPLAB C32/bin/../lib/gcc/pic32mx/3.4.4/../../../../pic32mx/lib\libmchp_peripheral.a(port_set_pins_analog_in_lib.o)
                0x9d01a7d8                PORTSetPinsAnalogIn
 .text.PORTSetPinsDigitalIn
                0x9d01a80c       0x3c C:/Program Files (x86)/Microchip/MPLAB C32/bin/../lib/gcc/pic32mx/3.4.4/../../../../pic32mx/lib\libmchp_peripheral.a(port_set_pins_digital_in_lib.o)
                0x9d01a80c                PORTSetPinsDigitalIn
 .text.PORTSetPinsDigitalOut
                0x9d01a848       0x3c C:/Program Files (x86)/Microchip/MPLAB C32/bin/../lib/gcc/pic32mx/3.4.4/../../../../pic32mx/lib\libmchp_peripheral.a(port_set_pins_digital_out_lib.o)
                0x9d01a848                PORTSetPinsDigitalOut
 .text.PORTReadBits
                0x9d01a884       0x24 C:/Program Files (x86)/Microchip/MPLAB C32/bin/../lib/gcc/pic32mx/3.4.4/../../../../pic32mx/lib\libmchp_peripheral.a(port_read_bits_lib.o)
                0x9d01a884                PORTReadBits
 .text.PORTClearBits
                0x9d01a8a8       0x24 C:/Program Files (x86)/Microchip/MPLAB C32/bin/../lib/gcc/pic32mx/3.4.4/../../../../pic32mx/lib\libmchp_peripheral.a(port_clear_bits_lib.o)
                0x9d01a8a8                PORTClearBits
 .text.PORTSetBits
                0x9d01a8cc       0x24 C:/Program Files (x86)/Microchip/MPLAB C32/bin/../lib/gcc/pic32mx/3.4.4/../../../../pic32mx/lib\libmchp_peripheral.a(port_set_bits_lib.o)
                0x9d01a8cc                PORTSetBits
 .text.PORTToggleBits
                0x9d01a8f0       0x24 C:/Program Files (x86)/Microchip/MPLAB C32/bin/../lib/gcc/pic32mx/3.4.4/../../../../pic32mx/lib\libmchp_peripheral.a(port_toggle_bits_lib.o)
                0x9d01a8f0                PORTToggleBits
 .text.OpenCoreTimer
                0x9d01a914        0xc C:/Program Files (x86)/Microchip/MPLAB C32/bin/../lib/gcc/pic32mx/3.4.4/../../../../pic32mx/lib\libmchp_peripheral.a(open_core_timer_lib.o)
                0x9d01a914                OpenCoreTimer
 .text.UpdateCoreTimer
                0x9d01a920       0x10 C:/Program Files (x86)/Microchip/MPLAB C32/bin/../lib/gcc/pic32mx/3.4.4/../../../../pic32mx/lib\libmchp_peripheral.a(update_core_timer_lib.o)
                0x9d01a920                UpdateCoreTimer
 .text.CheKseg0CacheOff
                0x9d01a930       0x18 C:/Program Files (x86)/Microchip/MPLAB C32/bin/../lib/gcc/pic32mx/3.4.4/../../../../pic32mx/lib\libmchp_peripheral.a(pcache.o)
                0x9d01a930                CheKseg0CacheOff
 .text.CheKseg0CacheOn
                0x9d01a948       0x18 C:/Program Files (x86)/Microchip/MPLAB C32/bin/../lib/gcc/pic32mx/3.4.4/../../../../pic32mx/lib\libmchp_peripheral.a(pcache.o)
                0x9d01a948                CheKseg0CacheOn
 .text.isnan    0x9d01a960       0x28 C:/Program Files (x86)/Microchip/MPLAB C32/bin/../lib/gcc/pic32mx/3.4.4/../../../../pic32mx/lib\libc.a(isinf.o)
                0x9d01a960                isnan
 .text.isinf    0x9d01a988       0x28 C:/Program Files (x86)/Microchip/MPLAB C32/bin/../lib/gcc/pic32mx/3.4.4/../../../../pic32mx/lib\libc.a(isinf.o)
                0x9d01a988                isinf
 *(.text.*personality*)
 *(.gnu.warning)
 *(.mips16.fn.*)
 *(.mips16.call.*)
                0x9d01a9b0                _text_end = .

.rodata         0x9d01a9b0      0x7ec
 *(.rodata .rodata.* .gnu.linkonce.r.*)
 .rodata        0x9d01a9b0       0x78 objects\bsp.o
 .rodata        0x9d01aa28        0x8 objects\lib_str.o
 .rodata        0x9d01aa30       0x70 objects\os_dbg.o
                0x9d01aa78                OSTaskNameSize
                0x9d01aa50                OSMboxEn
                0x9d01aa60                OSQEn
                0x9d01aa9e                OSDataSize
                0x9d01aa96                OSTmrSize
                0x9d01aa9c                OSTmrWheelTblSize
                0x9d01aa3e                OSEventSize
                0x9d01aa7c                OSTaskStatStkSize
                0x9d01aa66                OSRdyTblSize
                0x9d01aa4a                OSFlagMax
                0x9d01aa84                OSTCBSize
                0x9d01aa6a                OSStkWidth
                0x9d01aa5e                OSPtrSize
                0x9d01aa40                OSEventTblSize
                0x9d01aa62                OSQMax
                0x9d01aa42                OSFlagEn
                0x9d01aa88                OSTimeTickHookEn
                0x9d01aa4c                OSFlagNameSize
                0x9d01aa64                OSQSize
                0x9d01aa4e                OSLowestPrio
                0x9d01aa94                OSTmrCfgTicksPerSec
                0x9d01aa3c                OSEventEn
                0x9d01aa90                OSTmrCfgNameSize
                0x9d01aa72                OSTaskIdleStkSize
                0x9d01aa86                OSTicksPerSec
                0x9d01aa8a                OSVersionNbr
                0x9d01aa34                OSEndiannessTest
                0x9d01aa44                OSFlagGrpSize
                0x9d01aa38                OSEventMax
                0x9d01aa6e                OSTaskCreateExtEn
                0x9d01aa68                OSSemEn
                0x9d01aa7a                OSTaskStatEn
                0x9d01aa54                OSMemMax
                0x9d01aa30                OSDebugEn
                0x9d01aa46                OSFlagNodeSize
                0x9d01aa8e                OSTmrCfgMax
                0x9d01aa76                OSTaskMax
                0x9d01aa9a                OSTmrWheelSize
                0x9d01aa70                OSTaskDelEn
                0x9d01aa8c                OSTmrEn
                0x9d01aa56                OSMemNameSize
                0x9d01aa82                OSTCBPrioTblMax
                0x9d01aa7e                OSTaskStatStkChkEn
                0x9d01aa52                OSMemEn
                0x9d01aa5c                OSMutexEn
                0x9d01aa58                OSMemSize
                0x9d01aa5a                OSMemTblSize
                0x9d01aa74                OSTaskProfileEn
                0x9d01aa3a                OSEventNameSize
                0x9d01aa80                OSTaskSwHookEn
                0x9d01aa48                OSFlagWidth
                0x9d01aa92                OSTmrCfgWheelSize
                0x9d01aa6c                OSTaskCreateEn
                0x9d01aa98                OSTmrTblSize
 .rodata        0x9d01aaa0      0x110 objects\os_core.o
                0x9d01aaa0                OSUnMapTbl
 .rodata        0x9d01abb0       0x28 objects\os_tmr.o
 .rodata        0x9d01abd8      0x128 objects\TaskAsser.o
 .rodata        0x9d01ad00       0x20 objects\TaskTempo.o
 .rodata        0x9d01ad20       0x98 objects\TaskMain.o
 .rodata        0x9d01adb8      0x138 objects\TaskOdo.o
 .rodata        0x9d01aef0      0x14c objects\App.o
 *fill*         0x9d01b03c        0x4 00
 .rodata        0x9d01b040       0x68 objects\AppGlobalFunc.o
 .rodata        0x9d01b0a8       0x44 objects\LibMoving.o
 .rodata        0x9d01b0ec       0x28 objects\TaskMvt.o
 .rodata        0x9d01b114       0x24 objects\TaskSensors.o
 .rodata        0x9d01b138        0x8 objects\DefaultStrategy.o
 .rodata.cst8   0x9d01b140        0x8 C:/Program Files (x86)/Microchip/MPLAB C32/bin/../lib/gcc/pic32mx/3.4.4/../../../../pic32mx/lib\libm.a(w_pow.o)
 .rodata.cst8   0x9d01b148        0x0 C:/Program Files (x86)/Microchip/MPLAB C32/bin/../lib/gcc/pic32mx/3.4.4/../../../../pic32mx/lib\libm.a(w_acos32.o)
                                  0x8 (size before relaxing)
 .rodata        0x9d01b148       0x54 C:/Program Files (x86)/Microchip/MPLAB C32/bin/../lib/gcc/pic32mx/3.4.4/../../../../pic32mx/lib\libmchp_peripheral_32MX460F512L.a(_ports_tbl_libp.o)
                0x9d01b148                PortRegTbl
 *(.rodata1)
                0x9d01b19c                . = ALIGN (0x4)

.sdata2         0x9d01b19c        0x0
 *(.sdata2 .sdata2.* .gnu.linkonce.s2.*)
                0x9d01b19c                . = ALIGN (0x4)

.sbss2          0x9d01b19c        0x0
 *(.sbss2 .sbss2.* .gnu.linkonce.sb2.*)
                0x9d01b19c                . = ALIGN (0x4)

.eh_frame_hdr
 *(.eh_frame_hdr)

.eh_frame
 *(.eh_frame)

.dbg_data       0xa0000000      0x200
                0xa0000200                . = (. + DEFINED (_DEBUGGER)?0x200:0x0)
 *fill*         0xa0000000      0x200 00

.data           0xa0000200      0x388 load address 0x9d01b19c
                0xa0000200                _data_begin = .
 *(.data .data.* .gnu.linkonce.d.*)
 .data          0xa0000200       0x70 C:/Program Files (x86)/Microchip/MPLAB C32/bin/../lib/gcc/pic32mx/3.4.4/../../../../pic32mx/lib\libm.a(sincos32.o)
                0xa0000200                sincon
                0xa0000238                coscon
 .data          0xa0000270       0x24 C:/Program Files (x86)/Microchip/MPLAB C32/bin/../lib/gcc/pic32mx/3.4.4/../../../../pic32mx/lib\libm.a(sincof32.o)
                0xa0000270                _sincof
                0xa0000280                _coscof
 .data          0xa0000294        0x4 C:/Program Files (x86)/Microchip/MPLAB C32/bin/../lib/gcc/pic32mx/3.4.4/../../../../pic32mx/lib\libm.a(s_lib_ver.o)
                0xa0000294                math_errhandling
 .data          0xa0000298       0xe8 C:/Program Files (x86)/Microchip/MPLAB C32/bin/../lib/gcc/pic32mx/3.4.4/../../../../pic32mx/lib\libm.a(log32.o)
 .data          0xa0000380       0x68 C:/Program Files (x86)/Microchip/MPLAB C32/bin/../lib/gcc/pic32mx/3.4.4/../../../../pic32mx/lib\libm.a(asncon32.o)
                0xa0000380                _asncon
 .data          0xa00003e8      0x100 C:/Program Files (x86)/Microchip/MPLAB C32/bin/../lib/gcc/pic32mx/3.4.4/../../../../pic32mx/lib\libm.a(fparc32.o)
 .data          0xa00004e8       0xa0 C:/Program Files (x86)/Microchip/MPLAB C32/bin/../lib/gcc/pic32mx/3.4.4/../../../../pic32mx/lib\libm.a(exp32.o)
 *(.gnu.linkonce.d.*personality*)
 *(.data1)
                0x9d01b19c                _data_image_begin = LOADADDR (.data)

.eh_frame
 *(.eh_frame)
                0xa0008580                _gp = (ALIGN (0x10) + 0x7ff0)

.got
 *(.got.plt)
 *(.got)

.sdata          0xa0000588        0x0 load address 0x9d01b524
                0xa0000588                _sdata_begin = .
 *(.sdata .sdata.* .gnu.linkonce.s.*)
                0xa0000588                _sdata_end = .

.lit8
 *(.lit8)

.lit4
 *(.lit4)
                0xa0000588                . = ALIGN (0x4)
                0xa0000588                _data_end = .
                0xa0000588                _bss_begin = .

.sbss           0xa0000588       0xfc
                0xa0000588                _sbss_begin = .
 *(.dynsbss)
 *(.sbss .sbss.* .gnu.linkonce.sb.*)
 .sbss          0xa0000588        0x2 objects\os_cpu_c.o
 *fill*         0xa000058a        0x2 00
 .sbss          0xa000058c       0x30 objects\TaskOdo.o
                0xa000058c                SemOdo
                0xa0000590                MutexCurrentPos
 .sbss          0xa00005bc       0x10 objects\App.o
                0xa00005c8                App_MutexUART2
                0xa00005bc                App_MutexCmdToTaskMvt
                0xa00005c4                App_MutexUART1
                0xa00005c0                App_MutexCmdToTaskAsser
 .sbss          0xa00005cc        0x1 objects\AppGlobalFunc.o
 .sbss          0xa00005cd        0x1 objects\DefaultStrategy.o
 *fill*         0xa00005ce        0x2 00
 .sbss          0xa00005d0        0x4 C:/Program Files (x86)/Microchip/MPLAB C32/bin/../lib/gcc/pic32mx/3.4.4/../../../../pic32mx/lib\libc.a(errno.o)
                0xa00005d0                errno
 *(.scommon)
 .scommon       0xa00005d4       0x64 objects\os_core.o
                0xa00005d4                OSTmrFreeList
                0xa00005d8                OSLockNesting
                0xa00005dc                OSTmrSemSignal
                0xa00005e0                OSRunning
                0xa00005e4                OSIdleCtr
                0xa00005e8                OSTmrUsed
                0xa00005ea                OSPrioHighRdy
                0xa00005eb                OSPrioCur
                0xa00005ec                OSTCBList
                0xa00005f0                OSTickStepState
                0xa00005f4                OSCtxSwCtr
                0xa00005f8                OSTmrFree
                0xa00005fc                OSTCBFreeList
                0xa0000600                OSTaskCtr
                0xa0000604                OSMemFreeList
                0xa0000608                OSTCBHighRdy
                0xa000060c                OSQFreeList
                0xa0000610                OSRdyGrp
                0xa0000614                OSRdyTbl
                0xa000061c                OSEventFreeList
                0xa0000620                OSIntNesting
                0xa0000624                OSTCBCur
                0xa0000628                OSTmrTime
                0xa000062c                OSTime
                0xa0000630                OSTmrSem
                0xa0000634                OSFlagFreeList
 .scommon       0xa0000638       0x2c objects\TaskAsser.o
                0xa0000638                error_debug_5
                0xa000063c                P_debug
                0xa0000640                error_current_debug
                0xa0000644                D_debug
                0xa0000648                error_debug_2
                0xa000064c                error_debug_1
                0xa0000650                error_old_debug
                0xa0000654                error_debug_4
                0xa0000658                I_debug
                0xa000065c                index_old_debug
                0xa0000660                error_debug_3
 .scommon       0xa0000664        0xc objects\TaskOdo.o
                0xa0000664                QUADD_delta
                0xa0000666                QUADG_delta
                0xa0000668                QUADG_data_old
                0xa000066a                QUADD_data_old
                0xa000066c                QUADG_data
                0xa000066e                QUADD_data
 .scommon       0xa0000670       0x14 objects\App.o
                0xa0000670                AppFlags
                0xa0000674                App_CmdToTaskMvtId
                0xa0000678                AppCurrentColor
                0xa000067c                AppQueueSensors
                0xa0000680                App_CmdToTaskAsserId
                0xa0000684                _sbss_end = .

.bss            0xa0000684     0x3128
 *(.dynbss)
 *(.bss .bss.* .gnu.linkonce.b.*)
 .bss           0xa0000684     0x1c20 objects\App.o
 *(COMMON)
 COMMON         0xa00022a4     0x1368 objects\os_core.o
                0xa00022a4                OSTmrWheelTbl
                0xa00022e4                OSFlagTbl
                0xa0002370                OSTmrTbl
                0xa00026b0                OSMemTbl
                0xa0002764                OSQTbl
                0xa00027c4                OSTmrTaskStk
                0xa00029c4                OSTaskIdleStk
                0xa0002bc4                OSEventTbl
                0xa0002d2c                OSTCBTbl
                0xa000350c                OSTCBPrioTbl
 COMMON         0xa000360c       0xd4 objects\TaskAsser.o
                0xa000360c                setpoint
                0xa0003620                TaskAsser_CurrentPos
                0xa0003634                angle_pid_data
                0xa0003658                wheel_left_pid_data
                0xa000367c                distance_quadramp_data
                0xa0003698                wheel_right_pid_data
                0xa00036bc                distance_pid_data
 COMMON         0xa00036e0       0x14 objects\TaskOdo.o
                0xa00036e0                TaskOdo_CurrentPos
 COMMON         0xa00036f4       0xb8 objects\App.o
                0xa00036f4                AppMsgStk
                0xa0003754                App_CmdToTaskAsser
                0xa0003770                AppQSensorsStk
                0xa0003790                App_CmdToTaskMvt
                0xa00037ac                . = ALIGN (0x4)
                0xa00037ac                . = ALIGN (0x4)
                0xa00037ac                _end = .
                0xa00037ac                _bss_end = .

.heap           0xa00037ac        0x0
                0xa00037ac                _heap = .
                0xa00037ac                . = (. + _min_heap_size)

.stack          0xa00037ac      0x400
                0xa0003bac                . = (. + _min_stack_size)
 *fill*         0xa00037ac      0x400 00

.ramfunc        0xa0004000        0x0 load address 0x9d01b524
                0xa0004000                _ramfunc_begin = .
 *(.ramfunc .ramfunc.*)
                0xa0004000                . = ALIGN (0x4)
                0xa0004000                _ramfunc_end = .
                0x9d01b524                _ramfunc_image_begin = LOADADDR (.ramfunc)
                0x00000000                _ramfunc_length = SIZEOF (.ramfunc)
                0x00004000                _bmxdkpba_address = (_ramfunc_begin - 0xa0000000)
                0x00008000                _bmxdudba_address = 0x8000
                0x00008000                _bmxdupba_address = 0x8000
                0xa0008000                _stack = (_ramfunc_length > 0x0)?(_ramfunc_begin - 0x4):0xa0008000
                0x00000001                ASSERT (((_min_stack_size + _min_heap_size) <= (_stack - _heap)), Not enough space to allocate both stack and heap.  Reduce heap and/or stack size.)

.pdr            0x00000000     0x2540
 *(.pdr)
 .pdr           0x00000000      0x540 objects\bsp.o
 .pdr           0x00000540       0x80 objects\bsp_a.o
 .pdr           0x000005c0       0x80 objects\crt0.o
 .pdr           0x00000640       0x40 objects\cpu_a.o
 .pdr           0x00000680       0x80 objects\lib_mem.o
 .pdr           0x00000700      0x180 objects\lib_str.o
 .pdr           0x00000880       0x80 objects\os_cpu_a.o
 .pdr           0x00000900      0x140 objects\os_cpu_c.o
 .pdr           0x00000a40       0x20 objects\os_dbg.o
 .pdr           0x00000a60      0x400 objects\os_core.o
 .pdr           0x00000e60      0x1a0 objects\os_flag.o
 .pdr           0x00001000       0xe0 objects\os_mem.o
 .pdr           0x000010e0       0xe0 objects\os_mutex.o
 .pdr           0x000011c0      0x160 objects\os_q.o
 .pdr           0x00001320      0x100 objects\os_sem.o
 .pdr           0x00001420      0x180 objects\os_task.o
 .pdr           0x000015a0       0xa0 objects\os_time.o
 .pdr           0x00001640      0x220 objects\os_tmr.o
 .pdr           0x00001860       0x80 objects\PIC32INTlib.o
 .pdr           0x000018e0      0x180 objects\bsp_fpga.o
 .pdr           0x00001a60      0x260 objects\TaskAsser.o
 .pdr           0x00001cc0       0x20 objects\TaskTempo.o
 .pdr           0x00001ce0       0x40 objects\TaskMain.o
 .pdr           0x00001d20      0x100 objects\TaskOdo.o
 .pdr           0x00001e20       0xe0 objects\AppHooks.o
 .pdr           0x00001f00       0x80 objects\App.o
 .pdr           0x00001f80       0xe0 objects\AppGlobalFunc.o
 .pdr           0x00002060       0xc0 objects\LibMoving.o
 .pdr           0x00002120       0x40 objects\TaskMvt.o
 .pdr           0x00002160       0x80 objects\TaskSensors.o
 .pdr           0x000021e0       0x40 objects\DefaultStrategy.o
 .pdr           0x00002220       0x20 C:/Program Files (x86)/Microchip/MPLAB C32/bin/../lib/gcc/pic32mx/3.4.4/../../../../pic32mx/lib\libc.a(memcpy.o)
 .pdr           0x00002240       0x20 C:/Program Files (x86)/Microchip/MPLAB C32/bin/../lib/gcc/pic32mx/3.4.4/../../../../pic32mx/lib\libc.a(memset.o)
 .pdr           0x00002260       0x20 C:/Program Files (x86)/Microchip/MPLAB C32/bin/../lib/gcc/pic32mx/3.4.4/../../../../pic32mx/lib\libc.a(default-bootstrap-exception-handler.o)
 .pdr           0x00002280       0x20 C:/Program Files (x86)/Microchip/MPLAB C32/bin/../lib/gcc/pic32mx/3.4.4/../../../../pic32mx/lib\libc.a(default-on-reset.o)
 .pdr           0x000022a0       0x20 C:/Program Files (x86)/Microchip/MPLAB C32/bin/../lib/gcc/pic32mx/3.4.4/../../../../pic32mx/lib\libc.a(default-on-bootstrap.o)
 .pdr           0x000022c0       0x20 C:/Program Files (x86)/Microchip/MPLAB C32/bin/../lib/gcc/pic32mx/3.4.4/../../../../pic32mx/lib\libc.a(default-nmi-handler.o)
 .pdr           0x000022e0       0x20 C:/Program Files (x86)/Microchip/MPLAB C32/bin/../lib/gcc/pic32mx/3.4.4/../../../../pic32mx/lib\libm.a(w_pow.o)
 .pdr           0x00002300       0x20 C:/Program Files (x86)/Microchip/MPLAB C32/bin/../lib/gcc/pic32mx/3.4.4/../../../../pic32mx/lib\libm.a(w_acos32.o)
 .pdr           0x00002320       0x20 C:/Program Files (x86)/Microchip/MPLAB C32/bin/../lib/gcc/pic32mx/3.4.4/../../../../pic32mx/lib\libm.a(w_atan2f.o)
 .pdr           0x00002340       0x20 C:/Program Files (x86)/Microchip/MPLAB C32/bin/../lib/gcc/pic32mx/3.4.4/../../../../pic32mx/lib\libm.a(w_sqrt.o)
 .pdr           0x00002360       0x40 C:/Program Files (x86)/Microchip/MPLAB C32/bin/../lib/gcc/pic32mx/3.4.4/../../../../pic32mx/lib\libmchp_peripheral.a(puts_uartx_lib.o)
 .pdr           0x000023a0       0x20 C:/Program Files (x86)/Microchip/MPLAB C32/bin/../lib/gcc/pic32mx/3.4.4/../../../../pic32mx/lib\libmchp_peripheral.a(port_set_pins_analog_in_lib.o)
 .pdr           0x000023c0       0x20 C:/Program Files (x86)/Microchip/MPLAB C32/bin/../lib/gcc/pic32mx/3.4.4/../../../../pic32mx/lib\libmchp_peripheral.a(port_set_pins_digital_in_lib.o)
 .pdr           0x000023e0       0x20 C:/Program Files (x86)/Microchip/MPLAB C32/bin/../lib/gcc/pic32mx/3.4.4/../../../../pic32mx/lib\libmchp_peripheral.a(port_set_pins_digital_out_lib.o)
 .pdr           0x00002400       0x20 C:/Program Files (x86)/Microchip/MPLAB C32/bin/../lib/gcc/pic32mx/3.4.4/../../../../pic32mx/lib\libmchp_peripheral.a(port_read_bits_lib.o)
 .pdr           0x00002420       0x20 C:/Program Files (x86)/Microchip/MPLAB C32/bin/../lib/gcc/pic32mx/3.4.4/../../../../pic32mx/lib\libmchp_peripheral.a(port_clear_bits_lib.o)
 .pdr           0x00002440       0x20 C:/Program Files (x86)/Microchip/MPLAB C32/bin/../lib/gcc/pic32mx/3.4.4/../../../../pic32mx/lib\libmchp_peripheral.a(port_set_bits_lib.o)
 .pdr           0x00002460       0x20 C:/Program Files (x86)/Microchip/MPLAB C32/bin/../lib/gcc/pic32mx/3.4.4/../../../../pic32mx/lib\libmchp_peripheral.a(port_toggle_bits_lib.o)
 .pdr           0x00002480       0x20 C:/Program Files (x86)/Microchip/MPLAB C32/bin/../lib/gcc/pic32mx/3.4.4/../../../../pic32mx/lib\libmchp_peripheral.a(open_core_timer_lib.o)
 .pdr           0x000024a0       0x20 C:/Program Files (x86)/Microchip/MPLAB C32/bin/../lib/gcc/pic32mx/3.4.4/../../../../pic32mx/lib\libmchp_peripheral.a(update_core_timer_lib.o)
 .pdr           0x000024c0       0x40 C:/Program Files (x86)/Microchip/MPLAB C32/bin/../lib/gcc/pic32mx/3.4.4/../../../../pic32mx/lib\libmchp_peripheral.a(pcache.o)
 .pdr           0x00002500       0x40 C:/Program Files (x86)/Microchip/MPLAB C32/bin/../lib/gcc/pic32mx/3.4.4/../../../../pic32mx/lib\libc.a(isinf.o)

.reginfo        0x00000000       0x18
 *(.reginfo)
 .reginfo       0x00000000       0x18 objects\bsp.o

.stab
 *(.stab)

.stabstr
 *(.stabstr)

.stab.excl
 *(.stab.excl)

.stab.exclstr
 *(.stab.exclstr)

.stab.index
 *(.stab.index)

.stab.indexstr
 *(.stab.indexstr)

.comment        0x00000000      0xfae
 *(.comment)
 .comment       0x00000000       0x4d objects\bsp.o
 .comment       0x0000004d       0x4d objects\lib_mem.o
 .comment       0x0000009a       0x4d objects\lib_str.o
 .comment       0x000000e7       0x4d objects\os_cpu_c.o
 .comment       0x00000134       0x4d objects\os_dbg.o
 .comment       0x00000181       0x4d objects\os_core.o
 .comment       0x000001ce       0x4d objects\os_flag.o
 .comment       0x0000021b       0x4d objects\os_mbox.o
 .comment       0x00000268       0x4d objects\os_mem.o
 .comment       0x000002b5       0x4d objects\os_mutex.o
 .comment       0x00000302       0x4d objects\os_q.o
 .comment       0x0000034f       0x4d objects\os_sem.o
 .comment       0x0000039c       0x4d objects\os_task.o
 .comment       0x000003e9       0x4d objects\os_time.o
 .comment       0x00000436       0x4d objects\os_tmr.o
 .comment       0x00000483       0x4d objects\PIC32INTlib.o
 .comment       0x000004d0       0x4d objects\bsp_fpga.o
 .comment       0x0000051d       0x4d objects\TaskAsser.o
 .comment       0x0000056a       0x4d objects\TaskTempo.o
 .comment       0x000005b7       0x4d objects\TaskMain.o
 .comment       0x00000604       0x4d objects\TaskOdo.o
 .comment       0x00000651       0x4d objects\AppHooks.o
 .comment       0x0000069e       0x4d objects\App.o
 .comment       0x000006eb       0x4d objects\AppGlobalFunc.o
 .comment       0x00000738       0x4d objects\LibMoving.o
 .comment       0x00000785       0x4d objects\TaskMvt.o
 .comment       0x000007d2       0x4d objects\TaskSensors.o
 .comment       0x0000081f       0x4d objects\DefaultStrategy.o
 .comment       0x0000086c       0x56 C:/Program Files (x86)/Microchip/MPLAB C32/bin/../lib/gcc/pic32mx/3.4.4/../../../../pic32mx/lib\libc.a(memset.o)
 .comment       0x000008c2       0x4d C:/Program Files (x86)/Microchip/MPLAB C32/bin/../lib/gcc/pic32mx/3.4.4/../../../../pic32mx/lib\libc.a(default-bootstrap-exception-handler.o)
 .comment       0x0000090f       0x4d C:/Program Files (x86)/Microchip/MPLAB C32/bin/../lib/gcc/pic32mx/3.4.4/../../../../pic32mx/lib\libc.a(default-on-reset.o)
 .comment       0x0000095c       0x4d C:/Program Files (x86)/Microchip/MPLAB C32/bin/../lib/gcc/pic32mx/3.4.4/../../../../pic32mx/lib\libc.a(default-on-bootstrap.o)
 .comment       0x000009a9       0x4d C:/Program Files (x86)/Microchip/MPLAB C32/bin/../lib/gcc/pic32mx/3.4.4/../../../../pic32mx/lib\libm.a(w_pow.o)
 .comment       0x000009f6       0x4d C:/Program Files (x86)/Microchip/MPLAB C32/bin/../lib/gcc/pic32mx/3.4.4/../../../../pic32mx/lib\libm.a(w_acos32.o)
 .comment       0x00000a43       0x4d C:/Program Files (x86)/Microchip/MPLAB C32/bin/../lib/gcc/pic32mx/3.4.4/../../../../pic32mx/lib\libm.a(w_atan2f.o)
 .comment       0x00000a90       0x4d C:/Program Files (x86)/Microchip/MPLAB C32/bin/../lib/gcc/pic32mx/3.4.4/../../../../pic32mx/lib\libm.a(w_sqrt.o)
 .comment       0x00000add       0x4d C:/Program Files (x86)/Microchip/MPLAB C32/bin/../lib/gcc/pic32mx/3.4.4/../../../../pic32mx/lib\libm.a(s_lib_ver.o)
 .comment       0x00000b2a       0x4d C:/Program Files (x86)/Microchip/MPLAB C32/bin/../lib/gcc/pic32mx/3.4.4/../../../../pic32mx/lib\libmchp_peripheral.a(puts_uartx_lib.o)
 .comment       0x00000b77       0x4d C:/Program Files (x86)/Microchip/MPLAB C32/bin/../lib/gcc/pic32mx/3.4.4/../../../../pic32mx/lib\libmchp_peripheral.a(port_set_pins_analog_in_lib.o)
 .comment       0x00000bc4       0x4d C:/Program Files (x86)/Microchip/MPLAB C32/bin/../lib/gcc/pic32mx/3.4.4/../../../../pic32mx/lib\libmchp_peripheral.a(port_set_pins_digital_in_lib.o)
 .comment       0x00000c11       0x4d C:/Program Files (x86)/Microchip/MPLAB C32/bin/../lib/gcc/pic32mx/3.4.4/../../../../pic32mx/lib\libmchp_peripheral.a(port_set_pins_digital_out_lib.o)
 .comment       0x00000c5e       0x4d C:/Program Files (x86)/Microchip/MPLAB C32/bin/../lib/gcc/pic32mx/3.4.4/../../../../pic32mx/lib\libmchp_peripheral.a(port_read_bits_lib.o)
 .comment       0x00000cab       0x4d C:/Program Files (x86)/Microchip/MPLAB C32/bin/../lib/gcc/pic32mx/3.4.4/../../../../pic32mx/lib\libmchp_peripheral.a(port_clear_bits_lib.o)
 .comment       0x00000cf8       0x4d C:/Program Files (x86)/Microchip/MPLAB C32/bin/../lib/gcc/pic32mx/3.4.4/../../../../pic32mx/lib\libmchp_peripheral.a(port_set_bits_lib.o)
 .comment       0x00000d45       0x4d C:/Program Files (x86)/Microchip/MPLAB C32/bin/../lib/gcc/pic32mx/3.4.4/../../../../pic32mx/lib\libmchp_peripheral.a(port_toggle_bits_lib.o)
 .comment       0x00000d92       0x4d C:/Program Files (x86)/Microchip/MPLAB C32/bin/../lib/gcc/pic32mx/3.4.4/../../../../pic32mx/lib\libmchp_peripheral.a(open_core_timer_lib.o)
 .comment       0x00000ddf       0x4d C:/Program Files (x86)/Microchip/MPLAB C32/bin/../lib/gcc/pic32mx/3.4.4/../../../../pic32mx/lib\libmchp_peripheral.a(update_core_timer_lib.o)
 .comment       0x00000e2c       0x4d C:/Program Files (x86)/Microchip/MPLAB C32/bin/../lib/gcc/pic32mx/3.4.4/../../../../pic32mx/lib\libmchp_peripheral.a(pcache.o)
 .comment       0x00000e79       0x4d C:/Program Files (x86)/Microchip/MPLAB C32/bin/../lib/gcc/pic32mx/3.4.4/../../../../pic32mx/lib\libmchp_peripheral_32MX460F512L.a(_ports_tbl_libp.o)
 .comment       0x00000ec6       0x9b C:/Program Files (x86)/Microchip/MPLAB C32/bin/../lib/gcc/pic32mx/3.4.4/../../../../pic32mx/lib\libc.a(errno.o)
 .comment       0x00000f61       0x4d C:/Program Files (x86)/Microchip/MPLAB C32/bin/../lib/gcc/pic32mx/3.4.4/../../../../pic32mx/lib\libc.a(isinf.o)

.debug
 *(.debug)

.line
 *(.line)

.debug_srcinfo
 *(.debug_srcinfo)

.debug_sfnames
 *(.debug_sfnames)

.debug_aranges  0x00000000      0x730
 *(.debug_aranges)
 .debug_aranges
                0x00000000       0x20 objects\bsp.o
 .debug_aranges
                0x00000020       0x38 objects\bsp_a.o
 .debug_aranges
                0x00000058       0x38 objects\crt0.o
 .debug_aranges
                0x00000090       0x20 objects\cpu_a.o
 .debug_aranges
                0x000000b0       0x20 objects\lib_mem.o
 .debug_aranges
                0x000000d0       0x20 objects\lib_str.o
 .debug_aranges
                0x000000f0       0x30 objects\os_cpu_a.o
 .debug_aranges
                0x00000120       0x20 objects\os_cpu_c.o
 .debug_aranges
                0x00000140       0x20 objects\os_dbg.o
 .debug_aranges
                0x00000160       0x20 objects\os_core.o
 .debug_aranges
                0x00000180       0x20 objects\os_flag.o
 .debug_aranges
                0x000001a0       0x20 objects\os_mem.o
 .debug_aranges
                0x000001c0       0x20 objects\os_mutex.o
 .debug_aranges
                0x000001e0       0x20 objects\os_q.o
 .debug_aranges
                0x00000200       0x20 objects\os_sem.o
 .debug_aranges
                0x00000220       0x20 objects\os_task.o
 .debug_aranges
                0x00000240       0x20 objects\os_time.o
 .debug_aranges
                0x00000260       0x20 objects\os_tmr.o
 .debug_aranges
                0x00000280       0x20 objects\PIC32INTlib.o
 .debug_aranges
                0x000002a0       0x20 objects\bsp_fpga.o
 .debug_aranges
                0x000002c0       0x20 objects\TaskAsser.o
 .debug_aranges
                0x000002e0       0x20 objects\TaskTempo.o
 .debug_aranges
                0x00000300       0x20 objects\TaskMain.o
 .debug_aranges
                0x00000320       0x20 objects\TaskOdo.o
 .debug_aranges
                0x00000340       0x20 objects\AppHooks.o
 .debug_aranges
                0x00000360       0x20 objects\App.o
 .debug_aranges
                0x00000380       0x20 objects\AppGlobalFunc.o
 .debug_aranges
                0x000003a0       0x20 objects\LibMoving.o
 .debug_aranges
                0x000003c0       0x20 objects\TaskMvt.o
 .debug_aranges
                0x000003e0       0x20 objects\TaskSensors.o
 .debug_aranges
                0x00000400       0x20 objects\DefaultStrategy.o
 .debug_aranges
                0x00000420       0x28 C:/Program Files (x86)/Microchip/MPLAB C32/bin/../lib/gcc/pic32mx/3.4.4/../../../../pic32mx/lib\libc.a(default-bootstrap-exception-handler.o)
 .debug_aranges
                0x00000448       0x28 C:/Program Files (x86)/Microchip/MPLAB C32/bin/../lib/gcc/pic32mx/3.4.4/../../../../pic32mx/lib\libc.a(default-on-reset.o)
 .debug_aranges
                0x00000470       0x28 C:/Program Files (x86)/Microchip/MPLAB C32/bin/../lib/gcc/pic32mx/3.4.4/../../../../pic32mx/lib\libc.a(default-on-bootstrap.o)
 .debug_aranges
                0x00000498       0x28 C:/Program Files (x86)/Microchip/MPLAB C32/bin/../lib/gcc/pic32mx/3.4.4/../../../../pic32mx/lib\libm.a(w_pow.o)
 .debug_aranges
                0x000004c0       0x28 C:/Program Files (x86)/Microchip/MPLAB C32/bin/../lib/gcc/pic32mx/3.4.4/../../../../pic32mx/lib\libm.a(w_acos32.o)
 .debug_aranges
                0x000004e8       0x28 C:/Program Files (x86)/Microchip/MPLAB C32/bin/../lib/gcc/pic32mx/3.4.4/../../../../pic32mx/lib\libm.a(w_atan2f.o)
 .debug_aranges
                0x00000510       0x28 C:/Program Files (x86)/Microchip/MPLAB C32/bin/../lib/gcc/pic32mx/3.4.4/../../../../pic32mx/lib\libm.a(w_sqrt.o)
 .debug_aranges
                0x00000538       0x30 C:/Program Files (x86)/Microchip/MPLAB C32/bin/../lib/gcc/pic32mx/3.4.4/../../../../pic32mx/lib\libmchp_peripheral.a(puts_uartx_lib.o)
 .debug_aranges
                0x00000568       0x28 C:/Program Files (x86)/Microchip/MPLAB C32/bin/../lib/gcc/pic32mx/3.4.4/../../../../pic32mx/lib\libmchp_peripheral.a(port_set_pins_analog_in_lib.o)
 .debug_aranges
                0x00000590       0x28 C:/Program Files (x86)/Microchip/MPLAB C32/bin/../lib/gcc/pic32mx/3.4.4/../../../../pic32mx/lib\libmchp_peripheral.a(port_set_pins_digital_in_lib.o)
 .debug_aranges
                0x000005b8       0x28 C:/Program Files (x86)/Microchip/MPLAB C32/bin/../lib/gcc/pic32mx/3.4.4/../../../../pic32mx/lib\libmchp_peripheral.a(port_set_pins_digital_out_lib.o)
 .debug_aranges
                0x000005e0       0x28 C:/Program Files (x86)/Microchip/MPLAB C32/bin/../lib/gcc/pic32mx/3.4.4/../../../../pic32mx/lib\libmchp_peripheral.a(port_read_bits_lib.o)
 .debug_aranges
                0x00000608       0x28 C:/Program Files (x86)/Microchip/MPLAB C32/bin/../lib/gcc/pic32mx/3.4.4/../../../../pic32mx/lib\libmchp_peripheral.a(port_clear_bits_lib.o)
 .debug_aranges
                0x00000630       0x28 C:/Program Files (x86)/Microchip/MPLAB C32/bin/../lib/gcc/pic32mx/3.4.4/../../../../pic32mx/lib\libmchp_peripheral.a(port_set_bits_lib.o)
 .debug_aranges
                0x00000658       0x28 C:/Program Files (x86)/Microchip/MPLAB C32/bin/../lib/gcc/pic32mx/3.4.4/../../../../pic32mx/lib\libmchp_peripheral.a(port_toggle_bits_lib.o)
 .debug_aranges
                0x00000680       0x28 C:/Program Files (x86)/Microchip/MPLAB C32/bin/../lib/gcc/pic32mx/3.4.4/../../../../pic32mx/lib\libmchp_peripheral.a(open_core_timer_lib.o)
 .debug_aranges
                0x000006a8       0x28 C:/Program Files (x86)/Microchip/MPLAB C32/bin/../lib/gcc/pic32mx/3.4.4/../../../../pic32mx/lib\libmchp_peripheral.a(update_core_timer_lib.o)
 .debug_aranges
                0x000006d0       0x30 C:/Program Files (x86)/Microchip/MPLAB C32/bin/../lib/gcc/pic32mx/3.4.4/../../../../pic32mx/lib\libmchp_peripheral.a(pcache.o)
 .debug_aranges
                0x00000700       0x30 C:/Program Files (x86)/Microchip/MPLAB C32/bin/../lib/gcc/pic32mx/3.4.4/../../../../pic32mx/lib\libc.a(isinf.o)

.debug_pubnames
                0x00000000     0x1f5e
 *(.debug_pubnames)
 .debug_pubnames
                0x00000000      0x291 objects\bsp.o
 .debug_pubnames
                0x00000291       0x43 objects\lib_mem.o
 .debug_pubnames
                0x000002d4       0xba objects\lib_str.o
 .debug_pubnames
                0x0000038e       0xcd objects\os_cpu_c.o
 .debug_pubnames
                0x0000045b      0x3b2 objects\os_dbg.o
 .debug_pubnames
                0x0000080d      0x414 objects\os_core.o
 .debug_pubnames
                0x00000c21       0xd0 objects\os_flag.o
 .debug_pubnames
                0x00000cf1       0x7c objects\os_mem.o
 .debug_pubnames
                0x00000d6d       0x76 objects\os_mutex.o
 .debug_pubnames
                0x00000de3       0xa9 objects\os_q.o
 .debug_pubnames
                0x00000e8c       0x8a objects\os_sem.o
 .debug_pubnames
                0x00000f16       0xe5 objects\os_task.o
 .debug_pubnames
                0x00000ffb       0x62 objects\os_time.o
 .debug_pubnames
                0x0000105d       0xa1 objects\os_tmr.o
 .debug_pubnames
                0x000010fe       0x9c objects\PIC32INTlib.o
 .debug_pubnames
                0x0000119a      0x103 objects\bsp_fpga.o
 .debug_pubnames
                0x0000129d      0x395 objects\TaskAsser.o
 .debug_pubnames
                0x00001632       0x25 objects\TaskTempo.o
 .debug_pubnames
                0x00001657       0x47 objects\TaskMain.o
 .debug_pubnames
                0x0000169e      0x183 objects\TaskOdo.o
 .debug_pubnames
                0x00001821       0xa3 objects\AppHooks.o
 .debug_pubnames
                0x000018c4      0x15b objects\App.o
 .debug_pubnames
                0x00001a1f       0xa7 objects\AppGlobalFunc.o
 .debug_pubnames
                0x00001ac6       0xbd objects\LibMoving.o
 .debug_pubnames
                0x00001b83       0x47 objects\TaskMvt.o
 .debug_pubnames
                0x00001bca       0x83 objects\TaskSensors.o
 .debug_pubnames
                0x00001c4d       0x45 objects\DefaultStrategy.o
 .debug_pubnames
                0x00001c92       0x33 C:/Program Files (x86)/Microchip/MPLAB C32/bin/../lib/gcc/pic32mx/3.4.4/../../../../pic32mx/lib\libc.a(default-bootstrap-exception-handler.o)
 .debug_pubnames
                0x00001cc5       0x20 C:/Program Files (x86)/Microchip/MPLAB C32/bin/../lib/gcc/pic32mx/3.4.4/../../../../pic32mx/lib\libc.a(default-on-reset.o)
 .debug_pubnames
                0x00001ce5       0x24 C:/Program Files (x86)/Microchip/MPLAB C32/bin/../lib/gcc/pic32mx/3.4.4/../../../../pic32mx/lib\libc.a(default-on-bootstrap.o)
 .debug_pubnames
                0x00001d09       0x1a C:/Program Files (x86)/Microchip/MPLAB C32/bin/../lib/gcc/pic32mx/3.4.4/../../../../pic32mx/lib\libm.a(w_pow.o)
 .debug_pubnames
                0x00001d23       0x1b C:/Program Files (x86)/Microchip/MPLAB C32/bin/../lib/gcc/pic32mx/3.4.4/../../../../pic32mx/lib\libm.a(w_acos32.o)
 .debug_pubnames
                0x00001d3e       0x1d C:/Program Files (x86)/Microchip/MPLAB C32/bin/../lib/gcc/pic32mx/3.4.4/../../../../pic32mx/lib\libm.a(w_atan2f.o)
 .debug_pubnames
                0x00001d5b       0x1b C:/Program Files (x86)/Microchip/MPLAB C32/bin/../lib/gcc/pic32mx/3.4.4/../../../../pic32mx/lib\libm.a(w_sqrt.o)
 .debug_pubnames
                0x00001d76       0x2e C:/Program Files (x86)/Microchip/MPLAB C32/bin/../lib/gcc/pic32mx/3.4.4/../../../../pic32mx/lib\libmchp_peripheral.a(puts_uartx_lib.o)
 .debug_pubnames
                0x00001da4       0x2a C:/Program Files (x86)/Microchip/MPLAB C32/bin/../lib/gcc/pic32mx/3.4.4/../../../../pic32mx/lib\libmchp_peripheral.a(port_set_pins_analog_in_lib.o)
 .debug_pubnames
                0x00001dce       0x2b C:/Program Files (x86)/Microchip/MPLAB C32/bin/../lib/gcc/pic32mx/3.4.4/../../../../pic32mx/lib\libmchp_peripheral.a(port_set_pins_digital_in_lib.o)
 .debug_pubnames
                0x00001df9       0x2c C:/Program Files (x86)/Microchip/MPLAB C32/bin/../lib/gcc/pic32mx/3.4.4/../../../../pic32mx/lib\libmchp_peripheral.a(port_set_pins_digital_out_lib.o)
 .debug_pubnames
                0x00001e25       0x23 C:/Program Files (x86)/Microchip/MPLAB C32/bin/../lib/gcc/pic32mx/3.4.4/../../../../pic32mx/lib\libmchp_peripheral.a(port_read_bits_lib.o)
 .debug_pubnames
                0x00001e48       0x24 C:/Program Files (x86)/Microchip/MPLAB C32/bin/../lib/gcc/pic32mx/3.4.4/../../../../pic32mx/lib\libmchp_peripheral.a(port_clear_bits_lib.o)
 .debug_pubnames
                0x00001e6c       0x22 C:/Program Files (x86)/Microchip/MPLAB C32/bin/../lib/gcc/pic32mx/3.4.4/../../../../pic32mx/lib\libmchp_peripheral.a(port_set_bits_lib.o)
 .debug_pubnames
                0x00001e8e       0x25 C:/Program Files (x86)/Microchip/MPLAB C32/bin/../lib/gcc/pic32mx/3.4.4/../../../../pic32mx/lib\libmchp_peripheral.a(port_toggle_bits_lib.o)
 .debug_pubnames
                0x00001eb3       0x24 C:/Program Files (x86)/Microchip/MPLAB C32/bin/../lib/gcc/pic32mx/3.4.4/../../../../pic32mx/lib\libmchp_peripheral.a(open_core_timer_lib.o)
 .debug_pubnames
                0x00001ed7       0x26 C:/Program Files (x86)/Microchip/MPLAB C32/bin/../lib/gcc/pic32mx/3.4.4/../../../../pic32mx/lib\libmchp_peripheral.a(update_core_timer_lib.o)
 .debug_pubnames
                0x00001efd       0x3b C:/Program Files (x86)/Microchip/MPLAB C32/bin/../lib/gcc/pic32mx/3.4.4/../../../../pic32mx/lib\libmchp_peripheral.a(pcache.o)
 .debug_pubnames
                0x00001f38       0x26 C:/Program Files (x86)/Microchip/MPLAB C32/bin/../lib/gcc/pic32mx/3.4.4/../../../../pic32mx/lib\libc.a(isinf.o)

.debug_info     0x00000000    0x133e1
 *(.debug_info .gnu.linkonce.wi.*)
 .debug_info    0x00000000     0x1457 objects\bsp.o
 .debug_info    0x00001457       0x8b objects\bsp_a.o
 .debug_info    0x000014e2       0x8a objects\crt0.o
 .debug_info    0x0000156c       0xb0 objects\cpu_a.o
 .debug_info    0x0000161c      0x506 objects\lib_mem.o
 .debug_info    0x00001b22      0x81f objects\lib_str.o
 .debug_info    0x00002341       0xc5 objects\os_cpu_a.o
 .debug_info    0x00002406      0x836 objects\os_cpu_c.o
 .debug_info    0x00002c3c     0x130c objects\os_dbg.o
 .debug_info    0x00003f48     0x1d3e objects\os_core.o
 .debug_info    0x00005c86     0x13bc objects\os_flag.o
 .debug_info    0x00007042      0x153 objects\os_mbox.o
 .debug_info    0x00007195      0x875 objects\os_mem.o
 .debug_info    0x00007a0a      0xe7d objects\os_mutex.o
 .debug_info    0x00008887     0x1184 objects\os_q.o
 .debug_info    0x00009a0b      0xd9b objects\os_sem.o
 .debug_info    0x0000a7a6     0x1537 objects\os_task.o
 .debug_info    0x0000bcdd      0xa42 objects\os_time.o
 .debug_info    0x0000c71f      0xab4 objects\os_tmr.o
 .debug_info    0x0000d1d3      0x33e objects\PIC32INTlib.o
 .debug_info    0x0000d511      0x3fb objects\bsp_fpga.o
 .debug_info    0x0000d90c     0x13d0 objects\TaskAsser.o
 .debug_info    0x0000ecdc      0x2d1 objects\TaskTempo.o
 .debug_info    0x0000efad      0x76a objects\TaskMain.o
 .debug_info    0x0000f717      0x7fb objects\TaskOdo.o
 .debug_info    0x0000ff12      0x74c objects\AppHooks.o
 .debug_info    0x0001065e      0x909 objects\App.o
 .debug_info    0x00010f67      0x713 objects\AppGlobalFunc.o
 .debug_info    0x0001167a      0x70c objects\LibMoving.o
 .debug_info    0x00011d86      0x7f6 objects\TaskMvt.o
 .debug_info    0x0001257c      0x626 objects\TaskSensors.o
 .debug_info    0x00012ba2      0x479 objects\DefaultStrategy.o
 .debug_info    0x0001301b       0x30 C:/Program Files (x86)/Microchip/MPLAB C32/bin/../lib/gcc/pic32mx/3.4.4/../../../../pic32mx/lib\libc.a(default-bootstrap-exception-handler.o)
 .debug_info    0x0001304b       0x30 C:/Program Files (x86)/Microchip/MPLAB C32/bin/../lib/gcc/pic32mx/3.4.4/../../../../pic32mx/lib\libc.a(default-on-reset.o)
 .debug_info    0x0001307b       0x30 C:/Program Files (x86)/Microchip/MPLAB C32/bin/../lib/gcc/pic32mx/3.4.4/../../../../pic32mx/lib\libc.a(default-on-bootstrap.o)
 .debug_info    0x000130ab       0x30 C:/Program Files (x86)/Microchip/MPLAB C32/bin/../lib/gcc/pic32mx/3.4.4/../../../../pic32mx/lib\libm.a(w_pow.o)
 .debug_info    0x000130db       0x30 C:/Program Files (x86)/Microchip/MPLAB C32/bin/../lib/gcc/pic32mx/3.4.4/../../../../pic32mx/lib\libm.a(w_acos32.o)
 .debug_info    0x0001310b       0x30 C:/Program Files (x86)/Microchip/MPLAB C32/bin/../lib/gcc/pic32mx/3.4.4/../../../../pic32mx/lib\libm.a(w_atan2f.o)
 .debug_info    0x0001313b       0x30 C:/Program Files (x86)/Microchip/MPLAB C32/bin/../lib/gcc/pic32mx/3.4.4/../../../../pic32mx/lib\libm.a(w_sqrt.o)
 .debug_info    0x0001316b       0x42 C:/Program Files (x86)/Microchip/MPLAB C32/bin/../lib/gcc/pic32mx/3.4.4/../../../../pic32mx/lib\libmchp_peripheral.a(puts_uartx_lib.o)
 .debug_info    0x000131ad       0x30 C:/Program Files (x86)/Microchip/MPLAB C32/bin/../lib/gcc/pic32mx/3.4.4/../../../../pic32mx/lib\libmchp_peripheral.a(port_set_pins_analog_in_lib.o)
 .debug_info    0x000131dd       0x30 C:/Program Files (x86)/Microchip/MPLAB C32/bin/../lib/gcc/pic32mx/3.4.4/../../../../pic32mx/lib\libmchp_peripheral.a(port_set_pins_digital_in_lib.o)
 .debug_info    0x0001320d       0x30 C:/Program Files (x86)/Microchip/MPLAB C32/bin/../lib/gcc/pic32mx/3.4.4/../../../../pic32mx/lib\libmchp_peripheral.a(port_set_pins_digital_out_lib.o)
 .debug_info    0x0001323d       0x30 C:/Program Files (x86)/Microchip/MPLAB C32/bin/../lib/gcc/pic32mx/3.4.4/../../../../pic32mx/lib\libmchp_peripheral.a(port_read_bits_lib.o)
 .debug_info    0x0001326d       0x30 C:/Program Files (x86)/Microchip/MPLAB C32/bin/../lib/gcc/pic32mx/3.4.4/../../../../pic32mx/lib\libmchp_peripheral.a(port_clear_bits_lib.o)
 .debug_info    0x0001329d       0x30 C:/Program Files (x86)/Microchip/MPLAB C32/bin/../lib/gcc/pic32mx/3.4.4/../../../../pic32mx/lib\libmchp_peripheral.a(port_set_bits_lib.o)
 .debug_info    0x000132cd       0x30 C:/Program Files (x86)/Microchip/MPLAB C32/bin/../lib/gcc/pic32mx/3.4.4/../../../../pic32mx/lib\libmchp_peripheral.a(port_toggle_bits_lib.o)
 .debug_info    0x000132fd       0x30 C:/Program Files (x86)/Microchip/MPLAB C32/bin/../lib/gcc/pic32mx/3.4.4/../../../../pic32mx/lib\libmchp_peripheral.a(open_core_timer_lib.o)
 .debug_info    0x0001332d       0x30 C:/Program Files (x86)/Microchip/MPLAB C32/bin/../lib/gcc/pic32mx/3.4.4/../../../../pic32mx/lib\libmchp_peripheral.a(update_core_timer_lib.o)
 .debug_info    0x0001335d       0x42 C:/Program Files (x86)/Microchip/MPLAB C32/bin/../lib/gcc/pic32mx/3.4.4/../../../../pic32mx/lib\libmchp_peripheral.a(pcache.o)
 .debug_info    0x0001339f       0x42 C:/Program Files (x86)/Microchip/MPLAB C32/bin/../lib/gcc/pic32mx/3.4.4/../../../../pic32mx/lib\libc.a(isinf.o)

.debug_abbrev   0x00000000     0x2a50
 *(.debug_abbrev)
 .debug_abbrev  0x00000000      0x29f objects\bsp.o
 .debug_abbrev  0x0000029f       0x10 objects\bsp_a.o
 .debug_abbrev  0x000002af       0x10 objects\crt0.o
 .debug_abbrev  0x000002bf       0x14 objects\cpu_a.o
 .debug_abbrev  0x000002d3       0xdb objects\lib_mem.o
 .debug_abbrev  0x000003ae      0x101 objects\lib_str.o
 .debug_abbrev  0x000004af       0x10 objects\os_cpu_a.o
 .debug_abbrev  0x000004bf      0x132 objects\os_cpu_c.o
 .debug_abbrev  0x000005f1      0x10a objects\os_dbg.o
 .debug_abbrev  0x000006fb      0x2b5 objects\os_core.o
 .debug_abbrev  0x000009b0      0x20e objects\os_flag.o
 .debug_abbrev  0x00000bbe       0x2a objects\os_mbox.o
 .debug_abbrev  0x00000be8      0x228 objects\os_mem.o
 .debug_abbrev  0x00000e10      0x215 objects\os_mutex.o
 .debug_abbrev  0x00001025      0x200 objects\os_q.o
 .debug_abbrev  0x00001225      0x200 objects\os_sem.o
 .debug_abbrev  0x00001425      0x201 objects\os_task.o
 .debug_abbrev  0x00001626      0x1d1 objects\os_time.o
 .debug_abbrev  0x000017f7      0x1a5 objects\os_tmr.o
 .debug_abbrev  0x0000199c       0xb5 objects\PIC32INTlib.o
 .debug_abbrev  0x00001a51       0xa9 objects\bsp_fpga.o
 .debug_abbrev  0x00001afa      0x1de objects\TaskAsser.o
 .debug_abbrev  0x00001cd8       0xca objects\TaskTempo.o
 .debug_abbrev  0x00001da2       0xfc objects\TaskMain.o
 .debug_abbrev  0x00001e9e      0x1a2 objects\TaskOdo.o
 .debug_abbrev  0x00002040       0xbf objects\AppHooks.o
 .debug_abbrev  0x000020ff      0x147 objects\App.o