Archive member included because of file (symbol)

../../lib/jpeg-6b\libjpeg-6b_lpc2106-cmucam3.a(jcapimin.o)
                              lpc2106-cmucam3_buildfiles/main.o (jpeg_CreateCompress)
../../lib/jpeg-6b\libjpeg-6b_lpc2106-cmucam3.a(jcapistd.o)
                              lpc2106-cmucam3_buildfiles/main.o (jpeg_start_compress)
../../lib/jpeg-6b\libjpeg-6b_lpc2106-cmucam3.a(jcinit.o)
                              ../../lib/jpeg-6b\libjpeg-6b_lpc2106-cmucam3.a(jcapistd.o) (jinit_compress_master)
../../lib/jpeg-6b\libjpeg-6b_lpc2106-cmucam3.a(jcmainct.o)
                              ../../lib/jpeg-6b\libjpeg-6b_lpc2106-cmucam3.a(jcinit.o) (jinit_c_main_controller)
../../lib/jpeg-6b\libjpeg-6b_lpc2106-cmucam3.a(jcmarker.o)
                              ../../lib/jpeg-6b\libjpeg-6b_lpc2106-cmucam3.a(jcapimin.o) (jinit_marker_writer)
../../lib/jpeg-6b\libjpeg-6b_lpc2106-cmucam3.a(jcmaster.o)
                              ../../lib/jpeg-6b\libjpeg-6b_lpc2106-cmucam3.a(jcinit.o) (jinit_c_master_control)
../../lib/jpeg-6b\libjpeg-6b_lpc2106-cmucam3.a(jcomapi.o)
                              ../../lib/jpeg-6b\libjpeg-6b_lpc2106-cmucam3.a(jcapimin.o) (jpeg_abort)
../../lib/jpeg-6b\libjpeg-6b_lpc2106-cmucam3.a(jcparam.o)
                              lpc2106-cmucam3_buildfiles/main.o (jpeg_set_quality)
../../lib/jpeg-6b\libjpeg-6b_lpc2106-cmucam3.a(jcprepct.o)
                              ../../lib/jpeg-6b\libjpeg-6b_lpc2106-cmucam3.a(jcinit.o) (jinit_c_prep_controller)
../../lib/jpeg-6b\libjpeg-6b_lpc2106-cmucam3.a(jcsample.o)
                              ../../lib/jpeg-6b\libjpeg-6b_lpc2106-cmucam3.a(jcinit.o) (jinit_downsampler)
../../lib/jpeg-6b\libjpeg-6b_lpc2106-cmucam3.a(jdatadst.o)
                              lpc2106-cmucam3_buildfiles/main.o (jpeg_stdio_dest)
../../lib/jpeg-6b\libjpeg-6b_lpc2106-cmucam3.a(jerror.o)
                              lpc2106-cmucam3_buildfiles/main.o (jpeg_std_error)
../../lib/jpeg-6b\libjpeg-6b_lpc2106-cmucam3.a(jutils.o)
                              ../../lib/jpeg-6b\libjpeg-6b_lpc2106-cmucam3.a(jcmaster.o) (jdiv_round_up)
../../lib/jpeg-6b\libjpeg-6b_lpc2106-cmucam3.a(jmemmgr.o)
                              ../../lib/jpeg-6b\libjpeg-6b_lpc2106-cmucam3.a(jcapimin.o) (jinit_memory_mgr)
../../lib/jpeg-6b\libjpeg-6b_lpc2106-cmucam3.a(jmemnobs.o)
                              ../../lib/jpeg-6b\libjpeg-6b_lpc2106-cmucam3.a(jmemmgr.o) (jpeg_get_small)
../../lib/jpeg-6b\libjpeg-6b_lpc2106-cmucam3.a(jccoefct.o)
                              ../../lib/jpeg-6b\libjpeg-6b_lpc2106-cmucam3.a(jcinit.o) (jinit_c_coef_controller)
../../lib/jpeg-6b\libjpeg-6b_lpc2106-cmucam3.a(jccolor.o)
                              ../../lib/jpeg-6b\libjpeg-6b_lpc2106-cmucam3.a(jcinit.o) (jinit_color_converter)
../../lib/jpeg-6b\libjpeg-6b_lpc2106-cmucam3.a(jcdctmgr.o)
                              ../../lib/jpeg-6b\libjpeg-6b_lpc2106-cmucam3.a(jcinit.o) (jinit_forward_dct)
../../lib/jpeg-6b\libjpeg-6b_lpc2106-cmucam3.a(jchuff.o)
                              ../../lib/jpeg-6b\libjpeg-6b_lpc2106-cmucam3.a(jcinit.o) (jinit_huff_encoder)
../../lib/jpeg-6b\libjpeg-6b_lpc2106-cmucam3.a(jfdctint.o)
                              ../../lib/jpeg-6b\libjpeg-6b_lpc2106-cmucam3.a(jcdctmgr.o) (jpeg_fdct_islow)
../../hal/lpc2106-cmucam3\libhal-lpc2106-cmucam3.a(interrupt.o)
                              (--whole-archive)
../../hal/lpc2106-cmucam3\libhal-lpc2106-cmucam3.a(cc3.o)
                              (--whole-archive)
../../hal/lpc2106-cmucam3\libhal-lpc2106-cmucam3.a(cc3_hal.o)
                              (--whole-archive)
../../hal/lpc2106-cmucam3\libhal-lpc2106-cmucam3.a(syscalls.o)
                              (--whole-archive)
../../hal/lpc2106-cmucam3\libhal-lpc2106-cmucam3.a(serial.o)
                              (--whole-archive)
../../hal/lpc2106-cmucam3\libhal-lpc2106-cmucam3.a(servo.o)
                              (--whole-archive)
../../hal/lpc2106-cmucam3\libhal-lpc2106-cmucam3.a(rdcf2.o)
                              (--whole-archive)
../../hal/lpc2106-cmucam3\libhal-lpc2106-cmucam3.a(mmc_hardware.o)
                              (--whole-archive)
../../hal/lpc2106-cmucam3\libhal-lpc2106-cmucam3.a(mmc_driver.o)
                              (--whole-archive)
../../hal/lpc2106-cmucam3\libhal-lpc2106-cmucam3.a(gpio.o)
                              (--whole-archive)
../../hal/lpc2106-cmucam3\libhal-lpc2106-cmucam3.a(devices.o)
                              (--whole-archive)
../../hal/lpc2106-cmucam3\libhal-lpc2106-cmucam3.a(uart_driver.o)
                              (--whole-archive)
../../hal/lpc2106-cmucam3\libhal-lpc2106-cmucam3.a(startup.o)
                              (--whole-archive)
c:/program files/codesourcery/sourcery g++ lite/bin/../lib/gcc/arm-none-eabi/4.5.1\libgcc.a(_udivsi3.o)
                              ../../lib/jpeg-6b\libjpeg-6b_lpc2106-cmucam3.a(jmemmgr.o) (__aeabi_uidiv)
[...]
Memory Configuration

Name             Origin             Length             Attributes
ROM              0x00000000         0x0001e000         xr
RAM              0x40000000         0x00010000         rw
*default*        0x00000000         0xffffffff

Linker script and memory map

LOAD c:/program files/codesourcery/sourcery g++ lite/bin/../lib/gcc/arm-none-eabi/4.5.1/crti.o
LOAD c:/program files/codesourcery/sourcery g++ lite/bin/../lib/gcc/arm-none-eabi/4.5.1/crtbegin.o
LOAD lpc2106-cmucam3_buildfiles/main.o
LOAD ../../lib/cc3-ilp\libcc3-ilp_lpc2106-cmucam3.a
LOAD ../../lib/jpeg-6b\libjpeg-6b_lpc2106-cmucam3.a
LOAD ../../hal/lpc2106-cmucam3\libhal-lpc2106-cmucam3.a
LOAD c:/program files/codesourcery/sourcery g++ lite/bin/../lib/gcc/arm-none-eabi/4.5.1/../../../../arm-none-eabi/lib\libm.a
START GROUP
LOAD c:/program files/codesourcery/sourcery g++ lite/bin/../lib/gcc/arm-none-eabi/4.5.1\libgcc.a
LOAD c:/program files/codesourcery/sourcery g++ lite/bin/../lib/gcc/arm-none-eabi/4.5.1/../../../../arm-none-eabi/lib\libc.a
END GROUP
LOAD c:/program files/codesourcery/sourcery g++ lite/bin/../lib/gcc/arm-none-eabi/4.5.1/crtend.o
LOAD c:/program files/codesourcery/sourcery g++ lite/bin/../lib/gcc/arm-none-eabi/4.5.1/crtn.o
                0x00002400                STACK_SIZE = 0x2400

.text           0x00000000    0x16cb8
 *(.boot)
 .boot          0x00000000      0x140 ../../hal/lpc2106-cmucam3\libhal-lpc2106-cmucam3.a(startup.o)
                0x00000000                _boot
                0x0000006c                _start
                0x0000006c                start
                0x0000006c                _mainCRTStartup
 *(.text .text.* .gnu.linkonce.t.*)
 .text          0x00000140       0x50 c:/program files/codesourcery/sourcery g++ lite/bin/../lib/gcc/arm-none-eabi/4.5.1/crtbegin.o
 .text.main     0x00000190      0x204 lpc2106-cmucam3_buildfiles/main.o
                0x00000190                main
 .text.jpeg_CreateCompress
                0x00000394      0x114 ../../lib/jpeg-6b\libjpeg-6b_lpc2106-cmucam3.a(jcapimin.o)
                0x00000394                jpeg_CreateCompress
 .text.jpeg_suppress_tables
                0x000004a8       0x94 ../../lib/jpeg-6b\libjpeg-6b_lpc2106-cmucam3.a(jcapimin.o)
                0x000004a8                jpeg_suppress_tables
 .text.jpeg_finish_compress
                0x0000053c      0x18c ../../lib/jpeg-6b\libjpeg-6b_lpc2106-cmucam3.a(jcapimin.o)
                0x0000053c                jpeg_finish_compress
 .text.jpeg_start_compress
                0x000006c8       0xb8 ../../lib/jpeg-6b\libjpeg-6b_lpc2106-cmucam3.a(jcapistd.o)
                0x000006c8                jpeg_start_compress
 .text.jpeg_write_scanlines
                0x00000780      0x114 ../../lib/jpeg-6b\libjpeg-6b_lpc2106-cmucam3.a(jcapistd.o)
                0x00000780                jpeg_write_scanlines
 .text.jinit_compress_master
                0x00000894      0x10c ../../lib/jpeg-6b\libjpeg-6b_lpc2106-cmucam3.a(jcinit.o)
                0x00000894                jinit_compress_master
 .text.start_pass_main
                0x000009a0       0x5c ../../lib/jpeg-6b\libjpeg-6b_lpc2106-cmucam3.a(jcmainct.o)
 .text.process_data_simple_main
                0x000009fc      0x114 ../../lib/jpeg-6b\libjpeg-6b_lpc2106-cmucam3.a(jcmainct.o)
 .text.jinit_c_main_controller
                0x00000b10       0xc4 ../../lib/jpeg-6b\libjpeg-6b_lpc2106-cmucam3.a(jcmainct.o)
                0x00000b10                jinit_c_main_controller
 .text.emit_byte
                0x00000bd4       0x68 ../../lib/jpeg-6b\libjpeg-6b_lpc2106-cmucam3.a(jcmarker.o)
 .text.emit_marker
                0x00000c3c       0x24 ../../lib/jpeg-6b\libjpeg-6b_lpc2106-cmucam3.a(jcmarker.o)
 .text.emit_2bytes
                0x00000c60       0x28 ../../lib/jpeg-6b\libjpeg-6b_lpc2106-cmucam3.a(jcmarker.o)
 .text.emit_dqt
                0x00000c88      0x164 ../../lib/jpeg-6b\libjpeg-6b_lpc2106-cmucam3.a(jcmarker.o)
 .text.emit_dht
                0x00000dec      0x24c ../../lib/jpeg-6b\libjpeg-6b_lpc2106-cmucam3.a(jcmarker.o)
 .text.emit_sof
                0x00001038       0xf8 ../../lib/jpeg-6b\libjpeg-6b_lpc2106-cmucam3.a(jcmarker.o)
 .text.write_marker_header
                0x00001130       0x54 ../../lib/jpeg-6b\libjpeg-6b_lpc2106-cmucam3.a(jcmarker.o)
 .text.write_marker_byte
                0x00001184        0x4 ../../lib/jpeg-6b\libjpeg-6b_lpc2106-cmucam3.a(jcmarker.o)
 .text.write_file_header
                0x00001188      0x1a4 ../../lib/jpeg-6b\libjpeg-6b_lpc2106-cmucam3.a(jcmarker.o)
 .text.write_frame_header
                0x0000132c      0x1a4 ../../lib/jpeg-6b\libjpeg-6b_lpc2106-cmucam3.a(jcmarker.o)
 .text.write_scan_header
                0x000014d0      0x1c4 ../../lib/jpeg-6b\libjpeg-6b_lpc2106-cmucam3.a(jcmarker.o)
 .text.write_file_trailer
                0x00001694        0x8 ../../lib/jpeg-6b\libjpeg-6b_lpc2106-cmucam3.a(jcmarker.o)
 .text.write_tables_only
                0x0000169c      0x138 ../../lib/jpeg-6b\libjpeg-6b_lpc2106-cmucam3.a(jcmarker.o)
 .text.jinit_marker_writer
                0x000017d4       0x88 ../../lib/jpeg-6b\libjpeg-6b_lpc2106-cmucam3.a(jcmarker.o)
                0x000017d4                jinit_marker_writer
 .text.pass_startup
                0x0000185c       0x40 ../../lib/jpeg-6b\libjpeg-6b_lpc2106-cmucam3.a(jcmaster.o)
 .text.finish_pass_master
                0x0000189c       0x8c ../../lib/jpeg-6b\libjpeg-6b_lpc2106-cmucam3.a(jcmaster.o)
 .text.per_scan_setup
                0x00001928      0x210 ../../lib/jpeg-6b\libjpeg-6b_lpc2106-cmucam3.a(jcmaster.o)
 .text.prepare_for_pass
                0x00001b38      0x364 ../../lib/jpeg-6b\libjpeg-6b_lpc2106-cmucam3.a(jcmaster.o)
 .text.jinit_c_master_control
                0x00001e9c      0x350 ../../lib/jpeg-6b\libjpeg-6b_lpc2106-cmucam3.a(jcmaster.o)
                0x00001e9c                jinit_c_master_control
 .text.jpeg_abort
                0x000021ec       0x4c ../../lib/jpeg-6b\libjpeg-6b_lpc2106-cmucam3.a(jcomapi.o)
                0x000021ec                jpeg_abort
 .text.jpeg_destroy
                0x00002238       0x30 ../../lib/jpeg-6b\libjpeg-6b_lpc2106-cmucam3.a(jcomapi.o)
                0x00002238                jpeg_destroy
 .text.jpeg_alloc_quant_table
                0x00002268       0x2c ../../lib/jpeg-6b\libjpeg-6b_lpc2106-cmucam3.a(jcomapi.o)
                0x00002268                jpeg_alloc_quant_table
 .text.jpeg_alloc_huff_table
                0x00002294       0x2c ../../lib/jpeg-6b\libjpeg-6b_lpc2106-cmucam3.a(jcomapi.o)
                0x00002294                jpeg_alloc_huff_table
 .text.add_huff_table
                0x000022c0      0x10c ../../lib/jpeg-6b\libjpeg-6b_lpc2106-cmucam3.a(jcparam.o)
 .text.jpeg_add_quant_table
                0x000023cc      0x19c ../../lib/jpeg-6b\libjpeg-6b_lpc2106-cmucam3.a(jcparam.o)
                0x000023cc                jpeg_add_quant_table
 .text.jpeg_set_linear_quality
                0x00002568       0x54 ../../lib/jpeg-6b\libjpeg-6b_lpc2106-cmucam3.a(jcparam.o)
                0x00002568                jpeg_set_linear_quality
 .text.jpeg_set_quality
                0x000025bc       0x60 ../../lib/jpeg-6b\libjpeg-6b_lpc2106-cmucam3.a(jcparam.o)
                0x000025bc                jpeg_set_quality
 .text.jpeg_set_colorspace
                0x0000261c      0x3bc ../../lib/jpeg-6b\libjpeg-6b_lpc2106-cmucam3.a(jcparam.o)
                0x0000261c                jpeg_set_colorspace
 .text.jpeg_default_colorspace
                0x000029d8       0x88 ../../lib/jpeg-6b\libjpeg-6b_lpc2106-cmucam3.a(jcparam.o)
                0x000029d8                jpeg_default_colorspace
 .text.jpeg_set_defaults
                0x00002a60      0x210 ../../lib/jpeg-6b\libjpeg-6b_lpc2106-cmucam3.a(jcparam.o)
                0x00002a60                jpeg_set_defaults
 .text.start_pass_prep
                0x00002c70       0x40 ../../lib/jpeg-6b\libjpeg-6b_lpc2106-cmucam3.a(jcprepct.o)
 .text.expand_bottom_edge
                0x00002cb0       0xcc ../../lib/jpeg-6b\libjpeg-6b_lpc2106-cmucam3.a(jcprepct.o)
 .text.pre_process_data
                0x00002d7c      0x1e0 ../../lib/jpeg-6b\libjpeg-6b_lpc2106-cmucam3.a(jcprepct.o)
 .text.jinit_c_prep_controller
                0x00002f5c      0x100 ../../lib/jpeg-6b\libjpeg-6b_lpc2106-cmucam3.a(jcprepct.o)
                0x00002f5c                jinit_c_prep_controller
 .text.start_pass_downsample
                0x0000305c        0x4 ../../lib/jpeg-6b\libjpeg-6b_lpc2106-cmucam3.a(jcsample.o)
 .text.expand_right_edge
                0x00003060       0x8c ../../lib/jpeg-6b\libjpeg-6b_lpc2106-cmucam3.a(jcsample.o)
 .text.sep_downsample
                0x000030ec       0x7c ../../lib/jpeg-6b\libjpeg-6b_lpc2106-cmucam3.a(jcsample.o)
 .text.int_downsample
                0x00003168      0x1a8 ../../lib/jpeg-6b\libjpeg-6b_lpc2106-cmucam3.a(jcsample.o)
 .text.h2v1_downsample
                0x00003310      0x11c ../../lib/jpeg-6b\libjpeg-6b_lpc2106-cmucam3.a(jcsample.o)
 .text.h2v2_downsample
                0x0000342c      0x194 ../../lib/jpeg-6b\libjpeg-6b_lpc2106-cmucam3.a(jcsample.o)
 .text.fullsize_downsample
                0x000035c0       0x58 ../../lib/jpeg-6b\libjpeg-6b_lpc2106-cmucam3.a(jcsample.o)
 .text.jinit_downsampler
                0x00003618      0x174 ../../lib/jpeg-6b\libjpeg-6b_lpc2106-cmucam3.a(jcsample.o)
                0x00003618                jinit_downsampler
 .text.init_destination
                0x0000378c       0x34 ../../lib/jpeg-6b\libjpeg-6b_lpc2106-cmucam3.a(jdatadst.o)
 .text.empty_output_buffer
                0x000037c0       0x60 ../../lib/jpeg-6b\libjpeg-6b_lpc2106-cmucam3.a(jdatadst.o)
 .text.term_destination
                0x00003820       0x90 ../../lib/jpeg-6b\libjpeg-6b_lpc2106-cmucam3.a(jdatadst.o)
 .text.jpeg_stdio_dest
                0x000038b0       0x6c ../../lib/jpeg-6b\libjpeg-6b_lpc2106-cmucam3.a(jdatadst.o)
                0x000038b0                jpeg_stdio_dest
 .text.emit_message
                0x0000391c       0x70 ../../lib/jpeg-6b\libjpeg-6b_lpc2106-cmucam3.a(jerror.o)
 .text.reset_error_mgr
                0x0000398c       0x14 ../../lib/jpeg-6b\libjpeg-6b_lpc2106-cmucam3.a(jerror.o)
 .text.format_message
                0x000039a0       0xec ../../lib/jpeg-6b\libjpeg-6b_lpc2106-cmucam3.a(jerror.o)
 .text.output_message
                0x00003a8c       0x48 ../../lib/jpeg-6b\libjpeg-6b_lpc2106-cmucam3.a(jerror.o)
 .text.error_exit
                0x00003ad4       0x28 ../../lib/jpeg-6b\libjpeg-6b_lpc2106-cmucam3.a(jerror.o)
 .text.jpeg_std_error
                0x00003afc       0x70 ../../lib/jpeg-6b\libjpeg-6b_lpc2106-cmucam3.a(jerror.o)
                0x00003afc                jpeg_std_error
 .text.jdiv_round_up
                0x00003b6c       0x18 ../../lib/jpeg-6b\libjpeg-6b_lpc2106-cmucam3.a(jutils.o)
                0x00003b6c                jdiv_round_up
 .text.jcopy_sample_rows
                0x00003b84       0xa4 ../../lib/jpeg-6b\libjpeg-6b_lpc2106-cmucam3.a(jutils.o)
                0x00003b84                jcopy_sample_rows
 .text.jzero_far
                0x00003c28       0x18 ../../lib/jpeg-6b\libjpeg-6b_lpc2106-cmucam3.a(jutils.o)
                0x00003c28                jzero_far
 .text.do_sarray_io
                0x00003c40      0x140 ../../lib/jpeg-6b\libjpeg-6b_lpc2106-cmucam3.a(jmemmgr.o)
 .text.do_barray_io
                0x00003d80      0x144 ../../lib/jpeg-6b\libjpeg-6b_lpc2106-cmucam3.a(jmemmgr.o)
 .text.alloc_small
                0x00003ec4      0x1c4 ../../lib/jpeg-6b\libjpeg-6b_lpc2106-cmucam3.a(jmemmgr.o)
 .text.request_virt_barray
                0x00004088       0x88 ../../lib/jpeg-6b\libjpeg-6b_lpc2106-cmucam3.a(jmemmgr.o)
 .text.request_virt_sarray
                0x00004110       0x88 ../../lib/jpeg-6b\libjpeg-6b_lpc2106-cmucam3.a(jmemmgr.o)
 .text.free_pool
                0x00004198      0x1a4 ../../lib/jpeg-6b\libjpeg-6b_lpc2106-cmucam3.a(jmemmgr.o)
 .text.self_destruct
                0x0000433c       0x44 ../../lib/jpeg-6b\libjpeg-6b_lpc2106-cmucam3.a(jmemmgr.o)
 .text.access_virt_barray
                0x00004380      0x270 ../../lib/jpeg-6b\libjpeg-6b_lpc2106-cmucam3.a(jmemmgr.o)
 .text.access_virt_sarray
                0x000045f0      0x26c ../../lib/jpeg-6b\libjpeg-6b_lpc2106-cmucam3.a(jmemmgr.o)
 .text.alloc_large
                0x0000485c       0xf8 ../../lib/jpeg-6b\libjpeg-6b_lpc2106-cmucam3.a(jmemmgr.o)
 .text.alloc_barray
                0x00004954      0x128 ../../lib/jpeg-6b\libjpeg-6b_lpc2106-cmucam3.a(jmemmgr.o)
 .text.alloc_sarray
                0x00004a7c      0x128 ../../lib/jpeg-6b\libjpeg-6b_lpc2106-cmucam3.a(jmemmgr.o)
 .text.realize_virt_arrays
                0x00004ba4      0x258 ../../lib/jpeg-6b\libjpeg-6b_lpc2106-cmucam3.a(jmemmgr.o)
 .text.jinit_memory_mgr
                0x00004dfc      0x11c ../../lib/jpeg-6b\libjpeg-6b_lpc2106-cmucam3.a(jmemmgr.o)
                0x00004dfc                jinit_memory_mgr
 .text.jpeg_get_small
                0x00004f18       0x14 ../../lib/jpeg-6b\libjpeg-6b_lpc2106-cmucam3.a(jmemnobs.o)
                0x00004f18                jpeg_get_small
 .text.jpeg_free_small
                0x00004f2c       0x14 ../../lib/jpeg-6b\libjpeg-6b_lpc2106-cmucam3.a(jmemnobs.o)
                0x00004f2c                jpeg_free_small
 .text.jpeg_get_large
                0x00004f40       0x14 ../../lib/jpeg-6b\libjpeg-6b_lpc2106-cmucam3.a(jmemnobs.o)
                0x00004f40                jpeg_get_large
 .text.jpeg_free_large
                0x00004f54       0x14 ../../lib/jpeg-6b\libjpeg-6b_lpc2106-cmucam3.a(jmemnobs.o)
                0x00004f54                jpeg_free_large
 .text.jpeg_mem_available
                0x00004f68        0x8 ../../lib/jpeg-6b\libjpeg-6b_lpc2106-cmucam3.a(jmemnobs.o)
                0x00004f68                jpeg_mem_available
 .text.jpeg_open_backing_store
                0x00004f70       0x24 ../../lib/jpeg-6b\libjpeg-6b_lpc2106-cmucam3.a(jmemnobs.o)
                0x00004f70                jpeg_open_backing_store
 .text.jpeg_mem_init
                0x00004f94        0x8 ../../lib/jpeg-6b\libjpeg-6b_lpc2106-cmucam3.a(jmemnobs.o)
                0x00004f94                jpeg_mem_init
 .text.jpeg_mem_term
                0x00004f9c        0x4 ../../lib/jpeg-6b\libjpeg-6b_lpc2106-cmucam3.a(jmemnobs.o)
                0x00004f9c                jpeg_mem_term
 .text.start_pass_coef
                0x00004fa0       0xa4 ../../lib/jpeg-6b\libjpeg-6b_lpc2106-cmucam3.a(jccoefct.o)
 .text.compress_data
                0x00005044      0x380 ../../lib/jpeg-6b\libjpeg-6b_lpc2106-cmucam3.a(jccoefct.o)
 .text.jinit_c_coef_controller
                0x000053c4       0xd4 ../../lib/jpeg-6b\libjpeg-6b_lpc2106-cmucam3.a(jccoefct.o)
                0x000053c4                jinit_c_coef_controller
 .text.rgb_ycc_start
                0x00005498      0x21c ../../lib/jpeg-6b\libjpeg-6b_lpc2106-cmucam3.a(jccolor.o)
 .text.rgb_ycc_convert
                0x000056b4      0x2d0 ../../lib/jpeg-6b\libjpeg-6b_lpc2106-cmucam3.a(jccolor.o)
 .text.rgb_gray_convert
                0x00005984      0x150 ../../lib/jpeg-6b\libjpeg-6b_lpc2106-cmucam3.a(jccolor.o)
 .text.cmyk_ycck_convert
                0x00005ad4      0x148 ../../lib/jpeg-6b\libjpeg-6b_lpc2106-cmucam3.a(jccolor.o)
 .text.grayscale_convert
                0x00005c1c       0xac ../../lib/jpeg-6b\libjpeg-6b_lpc2106-cmucam3.a(jccolor.o)
 .text.null_convert
                0x00005cc8       0xe4 ../../lib/jpeg-6b\libjpeg-6b_lpc2106-cmucam3.a(jccolor.o)
 .text.null_method
                0x00005dac        0x4 ../../lib/jpeg-6b\libjpeg-6b_lpc2106-cmucam3.a(jccolor.o)
 .text.jinit_color_converter
                0x00005db0      0x308 ../../lib/jpeg-6b\libjpeg-6b_lpc2106-cmucam3.a(jccolor.o)
                0x00005db0                jinit_color_converter
 .text.start_pass_fdctmgr
                0x000060b8      0x144 ../../lib/jpeg-6b\libjpeg-6b_lpc2106-cmucam3.a(jcdctmgr.o)
 .text.forward_DCT
                0x000061fc      0x4c0 ../../lib/jpeg-6b\libjpeg-6b_lpc2106-cmucam3.a(jcdctmgr.o)
 .text.jinit_forward_dct
                0x000066bc       0x94 ../../lib/jpeg-6b\libjpeg-6b_lpc2106-cmucam3.a(jcdctmgr.o)
                0x000066bc                jinit_forward_dct
 .text.finish_pass_huff
                0x00006750      0x28c ../../lib/jpeg-6b\libjpeg-6b_lpc2106-cmucam3.a(jchuff.o)
 .text.encode_mcu_huff
                0x000069dc     0x1288 ../../lib/jpeg-6b\libjpeg-6b_lpc2106-cmucam3.a(jchuff.o)
 .text.jpeg_make_c_derived_tbl
                0x00007c64      0x430 ../../lib/jpeg-6b\libjpeg-6b_lpc2106-cmucam3.a(jchuff.o)
                0x00007c64                jpeg_make_c_derived_tbl
 .text.start_pass_huff
                0x00008094       0xdc ../../lib/jpeg-6b\libjpeg-6b_lpc2106-cmucam3.a(jchuff.o)
 .text.jinit_huff_encoder
                0x00008170       0x5c ../../lib/jpeg-6b\libjpeg-6b_lpc2106-cmucam3.a(jchuff.o)
                0x00008170                jinit_huff_encoder
 .text.jpeg_fdct_islow
                0x000081cc      0x6cc ../../lib/jpeg-6b\libjpeg-6b_lpc2106-cmucam3.a(jfdctint.o)
                0x000081cc                jpeg_fdct_islow
 .text.panic_blink
                0x00008898       0x6c ../../hal/lpc2106-cmucam3\libhal-lpc2106-cmucam3.a(interrupt.o)
 .text.enable_ext_interrupt
                0x00008904       0x20 ../../hal/lpc2106-cmucam3\libhal-lpc2106-cmucam3.a(interrupt.o)
                0x00008904                enable_ext_interrupt
 .text.enable_button_interrupt
                0x00008924       0x28 ../../hal/lpc2106-cmucam3\libhal-lpc2106-cmucam3.a(interrupt.o)
                0x00008924                enable_button_interrupt
 .text.disable_button_interrupt
                0x0000894c       0x30 ../../hal/lpc2106-cmucam3\libhal-lpc2106-cmucam3.a(interrupt.o)
                0x0000894c                disable_button_interrupt
 .text.interrupt
                0x0000897c       0xc0 ../../hal/lpc2106-cmucam3\libhal-lpc2106-cmucam3.a(interrupt.o)
                0x0000897c                interrupt
 .text.swi      0x00008a3c       0x18 ../../hal/lpc2106-cmucam3\libhal-lpc2106-cmucam3.a(interrupt.o)
                0x00008a3c                swi
 .text.undefined
                0x00008a54        0x8 ../../hal/lpc2106-cmucam3\libhal-lpc2106-cmucam3.a(interrupt.o)
                0x00008a54                undefined
 .text.prefetch_abort
                0x00008a5c       0x28 ../../hal/lpc2106-cmucam3\libhal-lpc2106-cmucam3.a(interrupt.o)
                0x00008a5c                prefetch_abort
 .text.data_abort
                0x00008a84       0x28 ../../hal/lpc2106-cmucam3\libhal-lpc2106-cmucam3.a(interrupt.o)
                0x00008a84                data_abort
 .text._cc3_set_cam_ddr_sccb_write
                0x00008aac       0x24 ../../hal/lpc2106-cmucam3\libhal-lpc2106-cmucam3.a(cc3.o)
 .text._cc3_set_cam_ddr_sccb_idle
                0x00008ad0       0x24 ../../hal/lpc2106-cmucam3\libhal-lpc2106-cmucam3.a(cc3.o)
 .text.cc3_pixbuf_rewind
                0x00008af4       0xec ../../hal/lpc2106-cmucam3\libhal-lpc2106-cmucam3.a(cc3.o)
                0x00008af4                cc3_pixbuf_rewind
 .text.cc3_pixbuf_load
                0x00008be0       0x9c ../../hal/lpc2106-cmucam3\libhal-lpc2106-cmucam3.a(cc3.o)
                0x00008be0                cc3_pixbuf_load
 .text.cc3_malloc_rows
                0x00008c7c       0x28 ../../hal/lpc2106-cmucam3\libhal-lpc2106-cmucam3.a(cc3.o)
                0x00008c7c                cc3_malloc_rows
 .text.cc3_pixbuf_read_rows
                0x00008ca4      0x970 ../../hal/lpc2106-cmucam3\libhal-lpc2106-cmucam3.a(cc3.o)
                0x00008ca4                cc3_pixbuf_read_rows
 .text.cc3_timer_wait_ms
                0x00009614       0x20 ../../hal/lpc2106-cmucam3\libhal-lpc2106-cmucam3.a(cc3.o)
                0x00009614                cc3_timer_wait_ms
 .text.cc3_timer_get_current_ms
                0x00009634       0x10 ../../hal/lpc2106-cmucam3\libhal-lpc2106-cmucam3.a(cc3.o)
                0x00009634                cc3_timer_get_current_ms
 .text.cc3_pixbuf_frame_reset
                0x00009644       0x5c ../../hal/lpc2106-cmucam3\libhal-lpc2106-cmucam3.a(cc3.o)
                0x00009644                cc3_pixbuf_frame_reset
 .text.cc3_camera_set_raw_register
                0x000096a0      0x164 ../../hal/lpc2106-cmucam3\libhal-lpc2106-cmucam3.a(cc3.o)
                0x000096a0                cc3_camera_set_raw_register
 .text._cc3_set_register_state
                0x00009804      0x140 ../../hal/lpc2106-cmucam3\libhal-lpc2106-cmucam3.a(cc3.o)
 .text.cc3_camera_init
                0x00009944       0x88 ../../hal/lpc2106-cmucam3\libhal-lpc2106-cmucam3.a(cc3.o)
                0x00009944                cc3_camera_init
 .text.cc3_camera_set_resolution
                0x000099cc       0x10 ../../hal/lpc2106-cmucam3\libhal-lpc2106-cmucam3.a(cc3.o)
                0x000099cc                cc3_camera_set_resolution
 .text._cc3_system_setup
                0x000099dc       0xa8 ../../hal/lpc2106-cmucam3\libhal-lpc2106-cmucam3.a(cc3_hal.o)
                0x000099dc                _cc3_system_setup
 .text._cc3_delay_us_4
                0x00009a84       0x60 ../../hal/lpc2106-cmucam3\libhal-lpc2106-cmucam3.a(cc3_hal.o)
                0x00009a84                _cc3_delay_us_4
 .text._cc3_fifo_reset
                0x00009ae4       0x60 ../../hal/lpc2106-cmucam3\libhal-lpc2106-cmucam3.a(cc3_hal.o)
                0x00009ae4                _cc3_fifo_reset
 .text._cc3_camera_reset
                0x00009b44       0x38 ../../hal/lpc2106-cmucam3\libhal-lpc2106-cmucam3.a(cc3_hal.o)
                0x00009b44                _cc3_camera_reset
 .text._cc3_delay_sccb
                0x00009b7c       0x38 ../../hal/lpc2106-cmucam3\libhal-lpc2106-cmucam3.a(cc3_hal.o)
                0x00009b7c                _cc3_delay_sccb
 .text._cc3_pixbuf_write_rewind
                0x00009bb4       0x30 ../../hal/lpc2106-cmucam3\libhal-lpc2106-cmucam3.a(cc3_hal.o)
                0x00009bb4                _cc3_pixbuf_write_rewind
 .text.normalize_filename
                0x00009be4       0x60 ../../hal/lpc2106-cmucam3\libhal-lpc2106-cmucam3.a(syscalls.o)
 .text._write   0x00009c44       0x58 ../../hal/lpc2106-cmucam3\libhal-lpc2106-cmucam3.a(syscalls.o)
                0x00009c44                _write
 .text._read    0x00009c9c       0x58 ../../hal/lpc2106-cmucam3\libhal-lpc2106-cmucam3.a(syscalls.o)
                0x00009c9c                _read
 .text._exit    0x00009cf4        0x4 ../../hal/lpc2106-cmucam3\libhal-lpc2106-cmucam3.a(syscalls.o)
                0x00009cf4                _exit
 .text._close   0x00009cf8       0x48 ../../hal/lpc2106-cmucam3\libhal-lpc2106-cmucam3.a(syscalls.o)
                0x00009cf8                _close
 .text._lseek   0x00009d40       0x58 ../../hal/lpc2106-cmucam3\libhal-lpc2106-cmucam3.a(syscalls.o)
                0x00009d40                _lseek
 .text._fstat   0x00009d98       0x50 ../../hal/lpc2106-cmucam3\libhal-lpc2106-cmucam3.a(syscalls.o)
                0x00009d98                _fstat
 .text._isatty  0x00009de8       0x2c ../../hal/lpc2106-cmucam3\libhal-lpc2106-cmucam3.a(syscalls.o)
                0x00009de8                _isatty
 .text._open    0x00009e14       0x8c ../../hal/lpc2106-cmucam3\libhal-lpc2106-cmucam3.a(syscalls.o)
                0x00009e14                _open
 .text._gettimeofday
                0x00009ea0        0x8 ../../hal/lpc2106-cmucam3\libhal-lpc2106-cmucam3.a(syscalls.o)
                0x00009ea0                _gettimeofday
 .text._sbrk    0x00009ea8       0x4c ../../hal/lpc2106-cmucam3\libhal-lpc2106-cmucam3.a(syscalls.o)
                0x00009ea8                _sbrk
 .text._cc3_uart0_setup
                0x00009ef4       0x60 ../../hal/lpc2106-cmucam3\libhal-lpc2106-cmucam3.a(serial.o)
                0x00009ef4                _cc3_uart0_setup
 .text._cc3_uart1_setup
                0x00009f54       0x60 ../../hal/lpc2106-cmucam3\libhal-lpc2106-cmucam3.a(serial.o)
                0x00009f54                _cc3_uart1_setup
 .text.cc3_uart_get_count
                0x00009fb4        0x8 ../../hal/lpc2106-cmucam3\libhal-lpc2106-cmucam3.a(serial.o)
                0x00009fb4                cc3_uart_get_count
 .text.cc3_uart_init
                0x00009fbc       0xe8 ../../hal/lpc2106-cmucam3\libhal-lpc2106-cmucam3.a(serial.o)
                0x00009fbc                cc3_uart_init
 .text.uart0_putc
                0x0000a0a4       0x20 ../../hal/lpc2106-cmucam3\libhal-lpc2106-cmucam3.a(serial.o)
                0x0000a0a4                uart0_putc
 .text.uart1_putc
                0x0000a0c4       0x20 ../../hal/lpc2106-cmucam3\libhal-lpc2106-cmucam3.a(serial.o)
                0x0000a0c4                uart1_putc
 .text.uart0_getc
                0x0000a0e4       0x20 ../../hal/lpc2106-cmucam3\libhal-lpc2106-cmucam3.a(serial.o)
                0x0000a0e4                uart0_getc
 .text.uart1_getc
                0x0000a104       0x20 ../../hal/lpc2106-cmucam3\libhal-lpc2106-cmucam3.a(serial.o)
                0x0000a104                uart1_getc
 .text.uart0_write
                0x0000a124       0x34 ../../hal/lpc2106-cmucam3\libhal-lpc2106-cmucam3.a(serial.o)
                0x0000a124                uart0_write
 .text.uart0_write_hex
                0x0000a158      0x158 ../../hal/lpc2106-cmucam3\libhal-lpc2106-cmucam3.a(serial.o)
                0x0000a158                uart0_write_hex
 .text._cc3_servo_int
                0x0000a2b0      0x1c8 ../../hal/lpc2106-cmucam3\libhal-lpc2106-cmucam3.a(servo.o)
                0x0000a2b0                _cc3_servo_int
 .text.name_extension_to_spec
                0x0000a478       0xd4 ../../hal/lpc2106-cmucam3\libhal-lpc2106-cmucam3.a(rdcf2.o)
 .text.rdcf_get_date_and_time
                0x0000a54c       0xa8 ../../hal/lpc2106-cmucam3\libhal-lpc2106-cmucam3.a(rdcf2.o)
 .text.check_cluster
                0x0000a5f4       0x30 ../../hal/lpc2106-cmucam3\libhal-lpc2106-cmucam3.a(rdcf2.o)
 .text.first_sector_in_cluster
                0x0000a624       0x28 ../../hal/lpc2106-cmucam3\libhal-lpc2106-cmucam3.a(rdcf2.o)
 .text.check_file_character
                0x0000a64c       0x34 ../../hal/lpc2106-cmucam3\libhal-lpc2106-cmucam3.a(rdcf2.o)
 .text.spec_to_name_extension
                0x0000a680      0x1b4 ../../hal/lpc2106-cmucam3\libhal-lpc2106-cmucam3.a(rdcf2.o)
 .text.write_sector
                0x0000a834       0x40 ../../hal/lpc2106-cmucam3\libhal-lpc2106-cmucam3.a(rdcf2.o)
 .text.flush_buffer
                0x0000a874       0x6c ../../hal/lpc2106-cmucam3\libhal-lpc2106-cmucam3.a(rdcf2.o)
 .text.read_buffer
                0x0000a8e0       0x70 ../../hal/lpc2106-cmucam3\libhal-lpc2106-cmucam3.a(rdcf2.o)
 .text.find_directory
                0x0000a950       0x50 ../../hal/lpc2106-cmucam3\libhal-lpc2106-cmucam3.a(rdcf2.o)
 .text.update_directory_entry
                0x0000a9a0       0xdc ../../hal/lpc2106-cmucam3\libhal-lpc2106-cmucam3.a(rdcf2.o)
 .text.set_FAT_entry
                0x0000aa7c       0xe8 ../../hal/lpc2106-cmucam3\libhal-lpc2106-cmucam3.a(rdcf2.o)
 .text.FAT_entry
                0x0000ab64       0x98 ../../hal/lpc2106-cmucam3\libhal-lpc2106-cmucam3.a(rdcf2.o)
 .text.add_new_cluster
                0x0000abfc       0xac ../../hal/lpc2106-cmucam3\libhal-lpc2106-cmucam3.a(rdcf2.o)
 .text.release_FAT_entries
                0x0000aca8       0x98 ../../hal/lpc2106-cmucam3\libhal-lpc2106-cmucam3.a(rdcf2.o)
 .text.check_write_access
                0x0000ad40       0x24 ../../hal/lpc2106-cmucam3\libhal-lpc2106-cmucam3.a(rdcf2.o)
 .text.find_file_in_directory_or_find_volume
                0x0000ad64      0x240 ../../hal/lpc2106-cmucam3\libhal-lpc2106-cmucam3.a(rdcf2.o)
 .text.find_file
                0x0000afa4       0x88 ../../hal/lpc2106-cmucam3\libhal-lpc2106-cmucam3.a(rdcf2.o)
 .text.rdcf_close
                0x0000b02c       0x9c ../../hal/lpc2106-cmucam3\libhal-lpc2106-cmucam3.a(rdcf2.o)
                0x0000b02c                rdcf_close
 .text.rdcf_delete
                0x0000b0c8      0x354 ../../hal/lpc2106-cmucam3\libhal-lpc2106-cmucam3.a(rdcf2.o)
                0x0000b0c8                rdcf_delete
 .text.rdcf_rename
                0x0000b41c      0x17c ../../hal/lpc2106-cmucam3\libhal-lpc2106-cmucam3.a(rdcf2.o)
                0x0000b41c                rdcf_rename
 .text.rdcf_read
                0x0000b598      0x234 ../../hal/lpc2106-cmucam3\libhal-lpc2106-cmucam3.a(rdcf2.o)
                0x0000b598                rdcf_read
 .text.rdcf_seek
                0x0000b7cc      0x140 ../../hal/lpc2106-cmucam3\libhal-lpc2106-cmucam3.a(rdcf2.o)
                0x0000b7cc                rdcf_seek
 .text.real_rdcf_write
                0x0000b90c      0x2cc ../../hal/lpc2106-cmucam3\libhal-lpc2106-cmucam3.a(rdcf2.o)
 .text.rdcf_open
                0x0000bbd8      0x364 ../../hal/lpc2106-cmucam3\libhal-lpc2106-cmucam3.a(rdcf2.o)
                0x0000bbd8                rdcf_open
 .text.rdcf_write
                0x0000bf3c       0x2c ../../hal/lpc2106-cmucam3\libhal-lpc2106-cmucam3.a(rdcf2.o)
                0x0000bf3c                rdcf_write
 .text.mmcStatus
                0x0000bf68       0x60 ../../hal/lpc2106-cmucam3\libhal-lpc2106-cmucam3.a(mmc_hardware.o)
 .text.selectMMC
                0x0000bfc8       0x2c ../../hal/lpc2106-cmucam3\libhal-lpc2106-cmucam3.a(mmc_hardware.o)
 .text.unselectMMC
                0x0000bff4       0x3c ../../hal/lpc2106-cmucam3\libhal-lpc2106-cmucam3.a(mmc_hardware.o)
 .text._cc3_mmc_block_read
                0x0000c030      0x178 ../../hal/lpc2106-cmucam3\libhal-lpc2106-cmucam3.a(mmc_hardware.o)
                0x0000c030                _cc3_mmc_block_read
 .text._cc3_mmc_block_write
                0x0000c1a8      0x1f8 ../../hal/lpc2106-cmucam3\libhal-lpc2106-cmucam3.a(mmc_hardware.o)
                0x0000c1a8                _cc3_mmc_block_write
 .text._cc3_mmc_init
                0x0000c3a0      0x35c ../../hal/lpc2106-cmucam3\libhal-lpc2106-cmucam3.a(mmc_hardware.o)
                0x0000c3a0                _cc3_mmc_init
 .text._cc3_mmc_idle
                0x0000c6fc       0x18 ../../hal/lpc2106-cmucam3\libhal-lpc2106-cmucam3.a(mmc_hardware.o)
                0x0000c6fc                _cc3_mmc_idle
 .text.mmc_recognize
                0x0000c714       0x38 ../../hal/lpc2106-cmucam3\libhal-lpc2106-cmucam3.a(mmc_driver.o)
 .text.mmc_fstat
                0x0000c74c       0x18 ../../hal/lpc2106-cmucam3\libhal-lpc2106-cmucam3.a(mmc_driver.o)
 .text.allocate_1_fcb
                0x0000c764       0x34 ../../hal/lpc2106-cmucam3\libhal-lpc2106-cmucam3.a(mmc_driver.o)
 .text.mmc_rename
                0x0000c798       0xa0 ../../hal/lpc2106-cmucam3\libhal-lpc2106-cmucam3.a(mmc_driver.o)
 .text.mmc_unlink
                0x0000c838       0x98 ../../hal/lpc2106-cmucam3\libhal-lpc2106-cmucam3.a(mmc_driver.o)
 .text.mmc_lseek
                0x0000c8d0       0xd0 ../../hal/lpc2106-cmucam3\libhal-lpc2106-cmucam3.a(mmc_driver.o)
 .text.mmc_write
                0x0000c9a0       0x8c ../../hal/lpc2106-cmucam3\libhal-lpc2106-cmucam3.a(mmc_driver.o)
 .text.mmc_read
                0x0000ca2c       0x8c ../../hal/lpc2106-cmucam3\libhal-lpc2106-cmucam3.a(mmc_driver.o)
 .text.mmc_close
                0x0000cab8       0xcc ../../hal/lpc2106-cmucam3\libhal-lpc2106-cmucam3.a(mmc_driver.o)
 .text.mmc_open
                0x0000cb84      0x120 ../../hal/lpc2106-cmucam3\libhal-lpc2106-cmucam3.a(mmc_driver.o)
 .text.cc3_filesystem_init
                0x0000cca4       0x18 ../../hal/lpc2106-cmucam3\libhal-lpc2106-cmucam3.a(devices.o)
                0x0000cca4                cc3_filesystem_init
 .text._cc3_get_driver_for_name
                0x0000ccbc       0x60 ../../hal/lpc2106-cmucam3\libhal-lpc2106-cmucam3.a(devices.o)
                0x0000ccbc                _cc3_get_driver_for_name
 .text._cc3_get_internal_file_number
                0x0000cd1c        0x8 ../../hal/lpc2106-cmucam3\libhal-lpc2106-cmucam3.a(devices.o)
                0x0000cd1c                _cc3_get_internal_file_number
 .text._cc3_get_driver_for_file_number
                0x0000cd24       0x20 ../../hal/lpc2106-cmucam3\libhal-lpc2106-cmucam3.a(devices.o)
                0x0000cd24                _cc3_get_driver_for_file_number
 .text._cc3_make_file_number
                0x0000cd44       0x14 ../../hal/lpc2106-cmucam3\libhal-lpc2106-cmucam3.a(devices.o)
                0x0000cd44                _cc3_make_file_number
 .text.uart_close
                0x0000cd58        0x8 ../../hal/lpc2106-cmucam3\libhal-lpc2106-cmucam3.a(uart_driver.o)
 .text.uart_read
                0x0000cd60      0x1ac ../../hal/lpc2106-cmucam3\libhal-lpc2106-cmucam3.a(uart_driver.o)
 .text.uart_write
                0x0000cf0c      0x1b4 ../../hal/lpc2106-cmucam3\libhal-lpc2106-cmucam3.a(uart_driver.o)
 .text.uart_lseek
                0x0000d0c0       0x18 ../../hal/lpc2106-cmucam3\libhal-lpc2106-cmucam3.a(uart_driver.o)
 .text.uart_fstat
                0x0000d0d8       0x10 ../../hal/lpc2106-cmucam3\libhal-lpc2106-cmucam3.a(uart_driver.o)
 .text.uart_unlink
                0x0000d0e8       0x18 ../../hal/lpc2106-cmucam3\libhal-lpc2106-cmucam3.a(uart_driver.o)
 .text.uart_rename
                0x0000d100       0x18 ../../hal/lpc2106-cmucam3\libhal-lpc2106-cmucam3.a(uart_driver.o)
 .text.process_uart_filename
                0x0000d118       0x6c ../../hal/lpc2106-cmucam3\libhal-lpc2106-cmucam3.a(uart_driver.o)
 .text.uart_open
                0x0000d184       0x40 ../../hal/lpc2106-cmucam3\libhal-lpc2106-cmucam3.a(uart_driver.o)
 .text.uart_recognize
                0x0000d1c4       0x18 ../../hal/lpc2106-cmucam3\libhal-lpc2106-cmucam3.a(uart_driver.o)
 .text          0x0000d1dc      0x114 c:/program files/codesourcery/sourcery g++ lite/bin/../lib/gcc/arm-none-eabi/4.5.1\libgcc.a(_udivsi3.o)
                0x0000d1dc                __aeabi_uidiv
                0x0000d1dc                __udivsi3
                0x0000d2d0                __aeabi_uidivmod
 .text          0x0000d2f0      0x148 c:/program files/codesourcery/sourcery g++ lite/bin/../lib/gcc/arm-none-eabi/4.5.1\libgcc.a(_divsi3.o)
                0x0000d2f0                __divsi3
                0x0000d2f0                __aeabi_idiv
                0x0000d418                __aeabi_idivmod
 .text          0x0000d438        0x4 c:/program files/codesourcery/sourcery g++ lite/bin/../lib/gcc/arm-none-eabi/4.5.1\libgcc.a(_dvmd_tls.o)
                0x0000d438                __aeabi_idiv0
                0x0000d438                __aeabi_ldiv0
 .text          0x0000d43c       0x28 c:/program files/codesourcery/sourcery g++ lite/bin/../lib/gcc/arm-none-eabi/4.5.1/../../../../arm-none-eabi/lib\libc.a(lib_a-calloc.o)
                0x0000d43c                calloc
 .text          0x0000d464       0x9c c:/program files/codesourcery/sourcery g++ lite/bin/../lib/gcc/arm-none-eabi/4.5.1/../../../../arm-none-eabi/lib\libc.a(lib_a-callocr.o)
                0x0000d464                _calloc_r
 .text          0x0000d500       0x34 c:/program files/codesourcery/sourcery g++ lite/bin/../lib/gcc/arm-none-eabi/4.5.1/../../../../arm-none-eabi/lib\libc.a(lib_a-exit.o)
                0x0000d500                exit
 .text          0x0000d534      0x10c c:/program files/codesourcery/sourcery g++ lite/bin/../lib/gcc/arm-none-eabi/4.5.1/../../../../arm-none-eabi/lib\libc.a(lib_a-fclose.o)
                0x0000d534                _fclose_r
                0x0000d62c                fclose
 .text          0x0000d640      0x298 c:/program files/codesourcery/sourcery g++ lite/bin/../lib/gcc/arm-none-eabi/4.5.1/../../../../arm-none-eabi/lib\libc.a(lib_a-fflush.o)
                0x0000d640                _fflush_r
                0x0000d898                fflush
 .text          0x0000d8d8      0x334 c:/program files/codesourcery/sourcery g++ lite/bin/../lib/gcc/arm-none-eabi/4.5.1/../../../../arm-none-eabi/lib\libc.a(lib_a-findfp.o)
                0x0000d8e8                _cleanup_r
                0x0000d900                __sfmoreglue
                0x0000d948                _cleanup
                0x0000d958                __sinit
                0x0000dac0                __sfp
                0x0000dbb4                __sfp_lock_acquire
                0x0000dbb8                __sfp_lock_release
                0x0000dbbc                __sinit_lock_acquire
                0x0000dbc0                __sinit_lock_release
                0x0000dbc4                __fp_lock_all
                0x0000dbe8                __fp_unlock_all
 .text          0x0000dc0c       0x70 c:/program files/codesourcery/sourcery g++ lite/bin/../lib/gcc/arm-none-eabi/4.5.1/../../../../arm-none-eabi/lib\libc.a(lib_a-fiprintf.o)
                0x0000dc0c                _fiprintf_r
                0x0000dc3c                fiprintf
 .text          0x0000dc7c      0x100 c:/program files/codesourcery/sourcery g++ lite/bin/../lib/gcc/arm-none-eabi/4.5.1/../../../../arm-none-eabi/lib\libc.a(lib_a-fopen.o)
                0x0000dc7c                _fopen_r
                0x0000dd60                fopen
 .text          0x0000dd7c      0x360 c:/program files/codesourcery/sourcery g++ lite/bin/../lib/gcc/arm-none-eabi/4.5.1/../../../../arm-none-eabi/lib\libc.a(lib_a-freer.o)
                0x0000dd7c                _malloc_trim_r
                0x0000de78                _free_r
 .text          0x0000e0dc      0x4d8 c:/program files/codesourcery/sourcery g++ lite/bin/../lib/gcc/arm-none-eabi/4.5.1/../../../../arm-none-eabi/lib\libc.a(lib_a-fseek.o)
                0x0000e0dc                _fseek_r
                0x0000e588                fseek
 .text          0x0000e5b4       0x40 c:/program files/codesourcery/sourcery g++ lite/bin/../lib/gcc/arm-none-eabi/4.5.1/../../../../arm-none-eabi/lib\libc.a(lib_a-fstatr.o)
                0x0000e5b4                _fstat_r
 .text          0x0000e5f4      0x10c c:/program files/codesourcery/sourcery g++ lite/bin/../lib/gcc/arm-none-eabi/4.5.1/../../../../arm-none-eabi/lib\libc.a(lib_a-fwalk.o)
                0x0000e5f4                _fwalk
                0x0000e678                _fwalk_reent
 .text          0x0000e700       0xec c:/program files/codesourcery/sourcery g++ lite/bin/../lib/gcc/arm-none-eabi/4.5.1/../../../../arm-none-eabi/lib\libc.a(lib_a-fwrite.o)
                0x0000e700                _fwrite_r
                0x0000e7a8                fwrite
 .text          0x0000e7ec       0x74 c:/program files/codesourcery/sourcery g++ lite/bin/../lib/gcc/arm-none-eabi/4.5.1/../../../../arm-none-eabi/lib\libc.a(lib_a-iprintf.o)
                0x0000e7ec                iprintf
                0x0000e82c                _iprintf_r
 .text          0x0000e860       0x14 c:/program files/codesourcery/sourcery g++ lite/bin/../lib/gcc/arm-none-eabi/4.5.1/../../../../arm-none-eabi/lib\libc.a(lib_a-lcltime_r.o)
                0x0000e860                localtime_r
 .text          0x0000e874      0x164 c:/program files/codesourcery/sourcery g++ lite/bin/../lib/gcc/arm-none-eabi/4.5.1/../../../../arm-none-eabi/lib\libc.a(lib_a-makebuf.o)
                0x0000e874                __smakebuf_r
 .text          0x0000e9d8       0x40 c:/program files/codesourcery/sourcery g++ lite/bin/../lib/gcc/arm-none-eabi/4.5.1/../../../../arm-none-eabi/lib\libc.a(lib_a-malloc.o)
                0x0000e9d8                malloc
                0x0000e9f8                free
 .text          0x0000ea18      0x70c c:/program files/codesourcery/sourcery g++ lite/bin/../lib/gcc/arm-none-eabi/4.5.1/../../../../arm-none-eabi/lib\libc.a(lib_a-mallocr.o)
                0x0000ea18                _malloc_r
 .text          0x0000f124       0xa8 c:/program files/codesourcery/sourcery g++ lite/bin/../lib/gcc/arm-none-eabi/4.5.1/../../../../arm-none-eabi/lib\libc.a(lib_a-memcmp.o)
                0x0000f124                memcmp
 .text          0x0000f1cc      0x1c0 c:/program files/codesourcery/sourcery g++ lite/bin/../lib/gcc/arm-none-eabi/4.5.1/../../../../arm-none-eabi/lib\libc.a(lib_a-memcpy.o)
                0x0000f1cc                memcpy
 .text          0x0000f38c      0x100 c:/program files/codesourcery/sourcery g++ lite/bin/../lib/gcc/arm-none-eabi/4.5.1/../../../../arm-none-eabi/lib\libc.a(lib_a-memset.o)
                0x0000f38c                memset
 .text          0x0000f48c      0x758 c:/program files/codesourcery/sourcery g++ lite/bin/../lib/gcc/arm-none-eabi/4.5.1/../../../../arm-none-eabi/lib\libc.a(lib_a-mktm_r.o)
                0x0000f48c                __tzcalc_limits
                0x0000f6d8                _mktm_r
 .text          0x0000fbe4        0x8 c:/program files/codesourcery/sourcery g++ lite/bin/../lib/gcc/arm-none-eabi/4.5.1/../../../../arm-none-eabi/lib\libc.a(lib_a-mlock.o)
                0x0000fbe4                __malloc_lock
                0x0000fbe8                __malloc_unlock
 .text          0x0000fbec       0x44 c:/program files/codesourcery/sourcery g++ lite/bin/../lib/gcc/arm-none-eabi/4.5.1/../../../../arm-none-eabi/lib\libc.a(lib_a-openr.o)
                0x0000fbec                _open_r
 .text          0x0000fc30      0x1c4 c:/program files/codesourcery/sourcery g++ lite/bin/../lib/gcc/arm-none-eabi/4.5.1/../../../../arm-none-eabi/lib\libc.a(lib_a-refill.o)
                0x0000fc58                __srefill_r
 .text          0x0000fdf4       0x40 c:/program files/codesourcery/sourcery g++ lite/bin/../lib/gcc/arm-none-eabi/4.5.1/../../../../arm-none-eabi/lib\libc.a(lib_a-sbrkr.o)
                0x0000fdf4                _sbrk_r
 .text          0x0000fe34       0x20 c:/program files/codesourcery/sourcery g++ lite/bin/../lib/gcc/arm-none-eabi/4.5.1/../../../../arm-none-eabi/lib\libc.a(lib_a-setbuf.o)
                0x0000fe34                setbuf
 .text          0x0000fe54       0x2c c:/program files/codesourcery/sourcery g++ lite/bin/../lib/gcc/arm-none-eabi/4.5.1/../../../../arm-none-eabi/lib\libc.a(lib_a-setjmp.o)
                0x0000fe54                setjmp
                0x0000fe68                longjmp
 .text          0x0000fe80      0x178 c:/program files/codesourcery/sourcery g++ lite/bin/../lib/gcc/arm-none-eabi/4.5.1/../../../../arm-none-eabi/lib\libc.a(lib_a-setvbuf.o)
                0x0000fe80                setvbuf
 .text          0x0000fff8       0xdc c:/program files/codesourcery/sourcery g++ lite/bin/../lib/gcc/arm-none-eabi/4.5.1/../../../../arm-none-eabi/lib\libc.a(lib_a-siprintf.o)
                0x0000fff8                _siprintf_r
                0x00010060                siprintf
 .text          0x000100d4      0x130 c:/program files/codesourcery/sourcery g++ lite/bin/../lib/gcc/arm-none-eabi/4.5.1/../../../../arm-none-eabi/lib\libc.a(lib_a-sniprintf.o)
                0x000100d4                _sniprintf_r
                0x00010168                sniprintf
 .text          0x00010204       0xdc c:/program files/codesourcery/sourcery g++ lite/bin/../lib/gcc/arm-none-eabi/4.5.1/../../../../arm-none-eabi/lib\libc.a(lib_a-stdio.o)
                0x00010204                __sread
                0x00010238                __seofread
                0x00010240                __swrite
                0x00010298                __sseek
                0x000102cc                __sclose
 .text          0x000102e0       0x20 c:/program files/codesourcery/sourcery g++ lite/bin/../lib/gcc/arm-none-eabi/4.5.1/../../../../arm-none-eabi/lib\libc.a(lib_a-strdup.o)
                0x000102e0                strdup
 .text          0x00010300       0x40 c:/program files/codesourcery/sourcery g++ lite/bin/../lib/gcc/arm-none-eabi/4.5.1/../../../../arm-none-eabi/lib\libc.a(lib_a-strdup_r.o)
                0x00010300                _strdup_r
 .text          0x00010340       0x60 c:/program files/codesourcery/sourcery g++ lite/bin/../lib/gcc/arm-none-eabi/4.5.1/../../../../arm-none-eabi/lib\libc.a(lib_a-strlen.o)
                0x00010340                strlen
 .text          0x000103a0      0x1f4 c:/program files/codesourcery/sourcery g++ lite/bin/../lib/gcc/arm-none-eabi/4.5.1/../../../../arm-none-eabi/lib\libc.a(lib_a-strtol.o)
                0x000103a0                _strtol_r
                0x00010568                strtol
 .text          0x00010594     0x1230 c:/program files/codesourcery/sourcery g++ lite/bin/../lib/gcc/arm-none-eabi/4.5.1/../../../../arm-none-eabi/lib\libc.a(lib_a-svfiprintf.o)
                0x00010594                __ssprint_r
                0x00010728                _svfiprintf_r
 .text          0x000117c4       0x28 c:/program files/codesourcery/sourcery g++ lite/bin/../lib/gcc/arm-none-eabi/4.5.1/../../../../arm-none-eabi/lib\libc.a(lib_a-sysgettod.o)
                0x000117c4                gettimeofday
 .text          0x000117ec        0x8 c:/program files/codesourcery/sourcery g++ lite/bin/../lib/gcc/arm-none-eabi/4.5.1/../../../../arm-none-eabi/lib\libc.a(lib_a-tzlock.o)
                0x000117ec                __tz_lock
                0x000117f0                __tz_unlock
 .text          0x000117f4     0x1360 c:/program files/codesourcery/sourcery g++ lite/bin/../lib/gcc/arm-none-eabi/4.5.1/../../../../arm-none-eabi/lib\libc.a(lib_a-vfiprintf.o)
                0x000117f4                __sprint_r
                0x000118b4                _vfiprintf_r
                0x00012b28                vfiprintf
 .text          0x00012b54       0x44 c:/program files/codesourcery/sourcery g++ lite/bin/../lib/gcc/arm-none-eabi/4.5.1/../../../../arm-none-eabi/lib\libc.a(lib_a-writer.o)
                0x00012b54                _write_r
 .text          0x00012b98      0x134 c:/program files/codesourcery/sourcery g++ lite/bin/../lib/gcc/arm-none-eabi/4.5.1/../../../../arm-none-eabi/lib\libc.a(lib_a-wsetup.o)
                0x00012b98                __swsetup_r
 .text          0x00012ccc      0x188 c:/program files/codesourcery/sourcery g++ lite/bin/../lib/gcc/arm-none-eabi/4.5.1/../../../../arm-none-eabi/lib\libc.a(lib_a-__call_atexit.o)
                0x00012cf0                __call_exitprocs
 .text          0x00012e54       0x20 c:/program files/codesourcery/sourcery g++ lite/bin/../lib/gcc/arm-none-eabi/4.5.1/../../../../arm-none-eabi/lib\libc.a(lib_a-atexit.o)
                0x00012e54                atexit
 .text          0x00012e74       0x3c c:/program files/codesourcery/sourcery g++ lite/bin/../lib/gcc/arm-none-eabi/4.5.1/../../../../arm-none-eabi/lib\libc.a(lib_a-closer.o)
                0x00012e74                _close_r
 .text          0x00012eb0       0x44 c:/program files/codesourcery/sourcery g++ lite/bin/../lib/gcc/arm-none-eabi/4.5.1/../../../../arm-none-eabi/lib\libc.a(lib_a-fini.o)
                0x00012eb0                __libc_fini_array
 .text          0x00012ef4       0xc8 c:/program files/codesourcery/sourcery g++ lite/bin/../lib/gcc/arm-none-eabi/4.5.1/../../../../arm-none-eabi/lib\libc.a(lib_a-flags.o)
                0x00012ef4                __sflags
 .text          0x00012fbc      0x1a8 c:/program files/codesourcery/sourcery g++ lite/bin/../lib/gcc/arm-none-eabi/4.5.1/../../../../arm-none-eabi/lib\libc.a(lib_a-fputwc.o)
                0x00012fbc                _fputwc_r
                0x00013118                fputwc
 .text          0x00013164      0x4b0 c:/program files/codesourcery/sourcery g++ lite/bin/../lib/gcc/arm-none-eabi/4.5.1/../../../../arm-none-eabi/lib\libc.a(lib_a-fvwrite.o)
                0x00013164                __sfvwrite_r
 .text          0x00013614       0x40 c:/program files/codesourcery/sourcery g++ lite/bin/../lib/gcc/arm-none-eabi/4.5.1/../../../../arm-none-eabi/lib\libc.a(lib_a-gettimeofdayr.o)
                0x00013614                _gettimeofday_r
 .text          0x00013654        0xc c:/program files/codesourcery/sourcery g++ lite/bin/../lib/gcc/arm-none-eabi/4.5.1/../../../../arm-none-eabi/lib\libc.a(lib_a-gettzinfo.o)
                0x00013654                __gettzinfo
 .text          0x00013660       0x3c c:/program files/codesourcery/sourcery g++ lite/bin/../lib/gcc/arm-none-eabi/4.5.1/../../../../arm-none-eabi/lib\libc.a(lib_a-isattyr.o)
                0x00013660                _isatty_r
 .text          0x0001369c       0xd0 c:/program files/codesourcery/sourcery g++ lite/bin/../lib/gcc/arm-none-eabi/4.5.1/../../../../arm-none-eabi/lib\libc.a(lib_a-locale.o)
                0x0001369c                _setlocale_r
                0x00013708                __locale_charset
                0x00013714                __locale_mb_cur_max
                0x00013724                __locale_msgcharset
                0x00013730                __locale_cjk_lang
                0x00013738                _localeconv_r
                0x00013744                setlocale
                0x00013760                localeconv
 .text          0x0001376c       0x44 c:/program files/codesourcery/sourcery g++ lite/bin/../lib/gcc/arm-none-eabi/4.5.1/../../../../arm-none-eabi/lib\libc.a(lib_a-lseekr.o)
                0x0001376c                _lseek_r
 .text          0x000137b0      0x100 c:/program files/codesourcery/sourcery g++ lite/bin/../lib/gcc/arm-none-eabi/4.5.1/../../../../arm-none-eabi/lib\libc.a(lib_a-memchr.o)
                0x000137b0                memchr
 .text          0x000138b0      0x118 c:/program files/codesourcery/sourcery g++ lite/bin/../lib/gcc/arm-none-eabi/4.5.1/../../../../arm-none-eabi/lib\libc.a(lib_a-memmove.o)
                0x000138b0                memmove
 .text          0x000139c8       0x44 c:/program files/codesourcery/sourcery g++ lite/bin/../lib/gcc/arm-none-eabi/4.5.1/../../../../arm-none-eabi/lib\libc.a(lib_a-readr.o)
                0x000139c8                _read_r
 .text          0x00013a0c      0x5c0 c:/program files/codesourcery/sourcery g++ lite/bin/../lib/gcc/arm-none-eabi/4.5.1/../../../../arm-none-eabi/lib\libc.a(lib_a-reallocr.o)
                0x00013a0c                _realloc_r
 .text          0x00013fcc      0x230 c:/program files/codesourcery/sourcery g++ lite/bin/../lib/gcc/arm-none-eabi/4.5.1/../../../../arm-none-eabi/lib\libc.a(lib_a-strcmp.o)
                0x00013fcc                strcmp
 .text          0x000141fc      0x15c c:/program files/codesourcery/sourcery g++ lite/bin/../lib/gcc/arm-none-eabi/4.5.1/../../../../arm-none-eabi/lib\libc.a(lib_a-wbuf.o)
                0x000141fc                __swbuf_r
                0x0001433c                __swbuf
 .text          0x00014358      0x13c c:/program files/codesourcery/sourcery g++ lite/bin/../lib/gcc/arm-none-eabi/4.5.1/../../../../arm-none-eabi/lib\libc.a(lib_a-wcrtomb.o)
                0x00014358                _wcrtomb_r
                0x000143ec                wcrtomb
 .text          0x00014494       0x7c c:/program files/codesourcery/sourcery g++ lite/bin/../lib/gcc/arm-none-eabi/4.5.1/../../../../arm-none-eabi/lib\libc.a(lib_a-wctomb_r.o)
                0x00014494                __ascii_wctomb
                0x000144c0                _wctomb_r
 .text          0x00014510       0xf4 c:/program files/codesourcery/sourcery g++ lite/bin/../lib/gcc/arm-none-eabi/4.5.1/../../../../arm-none-eabi/lib\libc.a(lib_a-__atexit.o)
                0x00014510                __register_exitproc
 .text          0x00014604       0x3c c:/program files/codesourcery/sourcery g++ lite/bin/../lib/gcc/arm-none-eabi/4.5.1\libgcc.a(_aeabi_uldivmod.o)
                0x00014604                __aeabi_uldivmod
 .text          0x00014640       0x80 c:/program files/codesourcery/sourcery g++ lite/bin/../lib/gcc/arm-none-eabi/4.5.1\libgcc.a(bpabi.o)
                0x00014640                __gnu_ldivmod_helper
                0x00014680                __gnu_uldivmod_helper
 .text          0x000146c0      0x4a8 c:/program files/codesourcery/sourcery g++ lite/bin/../lib/gcc/arm-none-eabi/4.5.1\libgcc.a(_divdi3.o)
                0x000146c0                __divdi3
 .text          0x00014b68      0x438 c:/program files/codesourcery/sourcery g++ lite/bin/../lib/gcc/arm-none-eabi/4.5.1\libgcc.a(_udivdi3.o)
                0x00014b68                __udivdi3
 .text          0x00014fa0       0x48 c:/program files/codesourcery/sourcery g++ lite/bin/../lib/gcc/arm-none-eabi/4.5.1\libgcc.a(_clzsi2.o)
                0x00014fa0                __clzsi2
 *(.plt)
 *(.gnu.warning)
 *(.glue_7t)
 .glue_7t       0x00000000        0x0 linker stubs
 *(.glue_7)
 .glue_7        0x00000000        0x0 linker stubs
 *(.vfp11_veneer)
 .vfp11_veneer  0x00000000        0x0 linker stubs
 *(.rodata .rodata.* .gnu.linkonce.r.*)
 .rodata.str1.4
                0x00014fe8       0x4a lpc2106-cmucam3_buildfiles/main.o
                                 0x50 (size before relaxing)
 *fill*         0x00015032        0x2 00
 .rodata.std_luminance_quant_tbl.3211
                0x00015034      0x100 ../../lib/jpeg-6b\libjpeg-6b_lpc2106-cmucam3.a(jcparam.o)
 .rodata.bits_dc_chrominance.3237
                0x00015134       0x14 ../../lib/jpeg-6b\libjpeg-6b_lpc2106-cmucam3.a(jcparam.o)
 .rodata.val_ac_luminance.3240
                0x00015148       0xa4 ../../lib/jpeg-6b\libjpeg-6b_lpc2106-cmucam3.a(jcparam.o)
 .rodata.bits_ac_chrominance.3241
                0x000151ec       0x14 ../../lib/jpeg-6b\libjpeg-6b_lpc2106-cmucam3.a(jcparam.o)
 .rodata.val_dc_chrominance.3238
                0x00015200        0xc ../../lib/jpeg-6b\libjpeg-6b_lpc2106-cmucam3.a(jcparam.o)
 .rodata.val_dc_luminance.3236
                0x0001520c        0xc ../../lib/jpeg-6b\libjpeg-6b_lpc2106-cmucam3.a(jcparam.o)
 .rodata.bits_ac_luminance.3239
                0x00015218       0x14 ../../lib/jpeg-6b\libjpeg-6b_lpc2106-cmucam3.a(jcparam.o)
 .rodata.val_ac_chrominance.3242
                0x0001522c       0xa4 ../../lib/jpeg-6b\libjpeg-6b_lpc2106-cmucam3.a(jcparam.o)
 .rodata.std_chrominance_quant_tbl.3212
                0x000152d0      0x100 ../../lib/jpeg-6b\libjpeg-6b_lpc2106-cmucam3.a(jcparam.o)
 .rodata.bits_dc_luminance.3235
                0x000153d0       0x14 ../../lib/jpeg-6b\libjpeg-6b_lpc2106-cmucam3.a(jcparam.o)
 .rodata.jpeg_std_message_table
                0x000153e4      0x1f4 ../../lib/jpeg-6b\libjpeg-6b_lpc2106-cmucam3.a(jerror.o)
                0x000153e4                jpeg_std_message_table
 .rodata.str1.4
                0x000155d8     0x128f ../../lib/jpeg-6b\libjpeg-6b_lpc2106-cmucam3.a(jerror.o)
                               0x1290 (size before relaxing)
 *fill*         0x00016867        0x1 00
 .rodata.jpeg_natural_order
                0x00016868      0x140 ../../lib/jpeg-6b\libjpeg-6b_lpc2106-cmucam3.a(jutils.o)
                0x00016868                jpeg_natural_order
 .rodata.extra_pool_slop
                0x000169a8        0x8 ../../lib/jpeg-6b\libjpeg-6b_lpc2106-cmucam3.a(jmemmgr.o)
 .rodata.first_pool_slop
                0x000169b0        0x8 ../../lib/jpeg-6b\libjpeg-6b_lpc2106-cmucam3.a(jmemmgr.o)
 .rodata.str1.4
                0x000169b8       0x2a ../../hal/lpc2106-cmucam3\libhal-lpc2106-cmucam3.a(interrupt.o)
                                 0x2c (size before relaxing)
 *fill*         0x000169e2        0x2 00
 .rodata.str1.4
                0x000169e4        0xb ../../hal/lpc2106-cmucam3\libhal-lpc2106-cmucam3.a(serial.o)
                                 0x10 (size before relaxing)
 *fill*         0x000169ef        0x1 00
 .rodata.CSWTCH.4
                0x000169f0        0xc ../../hal/lpc2106-cmucam3\libhal-lpc2106-cmucam3.a(serial.o)
 .rodata.table.2253
                0x000169fc       0x20 ../../hal/lpc2106-cmucam3\libhal-lpc2106-cmucam3.a(rdcf2.o)
 .rodata.cmdReset
                0x00016a1c        0x8 ../../hal/lpc2106-cmucam3\libhal-lpc2106-cmucam3.a(mmc_hardware.o)
 .rodata.cmdSetBlock
                0x00016a24        0x8 ../../hal/lpc2106-cmucam3\libhal-lpc2106-cmucam3.a(mmc_hardware.o)
 .rodata.cmdInitCard
                0x00016a2c        0x8 ../../hal/lpc2106-cmucam3\libhal-lpc2106-cmucam3.a(mmc_hardware.o)
 .rodata._cc3_mmc_driver
                0x00016a34       0x2c ../../hal/lpc2106-cmucam3\libhal-lpc2106-cmucam3.a(mmc_driver.o)
                0x00016a34                _cc3_mmc_driver
 .rodata._cc3_uart_driver
                0x00016a60       0x2c ../../hal/lpc2106-cmucam3\libhal-lpc2106-cmucam3.a(uart_driver.o)
                0x00016a60                _cc3_uart_driver
 .rodata        0x00016a8c      0x104 c:/program files/codesourcery/sourcery g++ lite/bin/../lib/gcc/arm-none-eabi/4.5.1/../../../../arm-none-eabi/lib\libc.a(lib_a-ctype_.o)
                0x00016a8c                _ctype_
 .rodata        0x00016b90        0x4 c:/program files/codesourcery/sourcery g++ lite/bin/../lib/gcc/arm-none-eabi/4.5.1/../../../../arm-none-eabi/lib\libc.a(lib_a-impure.o)
                0x00016b90                _global_impure_ptr
 .rodata.str1.4
                0x00016b94        0x2 c:/program files/codesourcery/sourcery g++ lite/bin/../lib/gcc/arm-none-eabi/4.5.1/../../../../arm-none-eabi/lib\libc.a(lib_a-impure.o)
                                  0x4 (size before relaxing)
 *fill*         0x00016b96        0x2 00
 .rodata        0x00016b98       0x68 c:/program files/codesourcery/sourcery g++ lite/bin/../lib/gcc/arm-none-eabi/4.5.1/../../../../arm-none-eabi/lib\libc.a(lib_a-mktm_r.o)
 .rodata        0x00016c00       0x20 c:/program files/codesourcery/sourcery g++ lite/bin/../lib/gcc/arm-none-eabi/4.5.1/../../../../arm-none-eabi/lib\libc.a(lib_a-svfiprintf.o)
 .rodata.str1.4
                0x00016c20       0x2f c:/program files/codesourcery/sourcery g++ lite/bin/../lib/gcc/arm-none-eabi/4.5.1/../../../../arm-none-eabi/lib\libc.a(lib_a-svfiprintf.o)
                                 0x30 (size before relaxing)
 *fill*         0x00016c4f        0x1 00
 .rodata        0x00016c50       0x20 c:/program files/codesourcery/sourcery g++ lite/bin/../lib/gcc/arm-none-eabi/4.5.1/../../../../arm-none-eabi/lib\libc.a(lib_a-vfiprintf.o)
 .rodata.str1.4
                0x00000000       0x30 c:/program files/codesourcery/sourcery g++ lite/bin/../lib/gcc/arm-none-eabi/4.5.1/../../../../arm-none-eabi/lib\libc.a(lib_a-vfiprintf.o)
 .rodata.str1.4
                0x00016c70        0xc c:/program files/codesourcery/sourcery g++ lite/bin/../lib/gcc/arm-none-eabi/4.5.1/../../../../arm-none-eabi/lib\libc.a(lib_a-locale.o)
                                 0x14 (size before relaxing)
 *(.ARM.extab* .gnu.linkonce.armextab.*)
 *(.gcc_except_table)
 *(.eh_frame_hdr)
 *(.eh_frame)
                0x00016c7c                . = ALIGN (0x4)
 *(.init)
 .init          0x00016c7c        0xc c:/program files/codesourcery/sourcery g++ lite/bin/../lib/gcc/arm-none-eabi/4.5.1/crti.o
                0x00016c7c                _init
 .init          0x00016c88        0xc c:/program files/codesourcery/sourcery g++ lite/bin/../lib/gcc/arm-none-eabi/4.5.1/crtn.o
                0x00016c94                . = ALIGN (0x4)
                0x00016c94                __preinit_array_start = .
 *(.preinit_array)
                0x00016c94                __preinit_array_end = .
                0x00016c94                . = ALIGN (0x4)
                0x00016c94                __init_array_start = .
 *(SORT(.init_array.*))
 .init_array.00000
                0x00016c94        0x4 c:/program files/codesourcery/sourcery g++ lite/bin/../lib/gcc/arm-none-eabi/4.5.1/../../../../arm-none-eabi/lib\libc.a(lib_a-__call_atexit.o)
 *(.init_array)
 .init_array    0x00016c98        0x4 c:/program files/codesourcery/sourcery g++ lite/bin/../lib/gcc/arm-none-eabi/4.5.1/crtbegin.o
                0x00016c9c                __init_array_end = .
                0x00016c9c                . = ALIGN (0x4)
 *crtbegin.o(.ctors)
 *(EXCLUDE_FILE(*crtend.o) .ctors)
 *(SORT(.ctors.*))
 *crtend.o(.ctors)
                0x00016c9c                . = ALIGN (0x4)
 *(.fini)
 .fini          0x00016c9c        0xc c:/program files/codesourcery/sourcery g++ lite/bin/../lib/gcc/arm-none-eabi/4.5.1/crti.o
                0x00016c9c                _fini
 .fini          0x00016ca8        0xc c:/program files/codesourcery/sourcery g++ lite/bin/../lib/gcc/arm-none-eabi/4.5.1/crtn.o
                0x00016cb4                . = ALIGN (0x4)
                0x00016cb4                __fini_array_start = .
 *(.fini_array)
 .fini_array    0x00016cb4        0x4 c:/program files/codesourcery/sourcery g++ lite/bin/../lib/gcc/arm-none-eabi/4.5.1/crtbegin.o
 *(SORT(.fini_array.*))
                0x00016cb8                __fini_array_end = .
 *crtbegin.o(.dtors)
 *(EXCLUDE_FILE(*crtend.o) .dtors)
 *(SORT(.dtors.*))
 *crtend.o(.dtors)
                0x00016cb8                __exidx_start = .

.v4_bx          0x00016cb8        0x0
 .v4_bx         0x00000000        0x0 linker stubs

.ARM.exidx      0x00016cb8        0x8
 *(.ARM.exidx* .gnu.linkonce.armexidx.*)
 .ARM.exidx     0x00016cb8        0x8 c:/program files/codesourcery/sourcery g++ lite/bin/../lib/gcc/arm-none-eabi/4.5.1\libgcc.a(_divdi3.o)
 .ARM.exidx     0x00016cc0        0x0 c:/program files/codesourcery/sourcery g++ lite/bin/../lib/gcc/arm-none-eabi/4.5.1\libgcc.a(_udivdi3.o)
                                  0x8 (size before relaxing)
                0x00016cc0                __exidx_end = .

.text.align     0x00016cc0        0x0
                0x00016cc0                . = ALIGN (0x8)
                0x00016cc0                _etext = .

.stack          0x40000000     0x2400
                0x40002400                . = (. + STACK_SIZE)
 *fill*         0x40000000     0x2400 00
                0x40002400                _stack = .

.data           0x40002400      0x918 load address 0x00016cc0
                0x40002400                _data = .
 *(.jcr)
 .jcr           0x40002400        0x0 c:/program files/codesourcery/sourcery g++ lite/bin/../lib/gcc/arm-none-eabi/4.5.1/crtbegin.o
 .jcr           0x40002400        0x4 c:/program files/codesourcery/sourcery g++ lite/bin/../lib/gcc/arm-none-eabi/4.5.1/crtend.o
 *(.got.plt)
 *(.got)
 *(.shdata)
 *(.data .data.* .gnu.linkonce.d.*)
 .data.servo_val
                0x40002404        0x4 ../../hal/lpc2106-cmucam3\libhal-lpc2106-cmucam3.a(servo.o)
 .data.device_driver_table
                0x40002408        0x8 ../../hal/lpc2106-cmucam3\libhal-lpc2106-cmucam3.a(devices.o)
 .data          0x40002410        0x4 c:/program files/codesourcery/sourcery g++ lite/bin/../lib/gcc/arm-none-eabi/4.5.1/../../../../arm-none-eabi/lib\libc.a(lib_a-ctype_.o)
                0x40002410                __ctype_ptr__
 *fill*         0x40002414        0x4 00
 .data          0x40002418      0x430 c:/program files/codesourcery/sourcery g++ lite/bin/../lib/gcc/arm-none-eabi/4.5.1/../../../../arm-none-eabi/lib\libc.a(lib_a-impure.o)
                0x40002418                _impure_ptr
 .data          0x40002848      0x410 c:/program files/codesourcery/sourcery g++ lite/bin/../lib/gcc/arm-none-eabi/4.5.1/../../../../arm-none-eabi/lib\libc.a(lib_a-mallocr.o)
                0x40002848                __malloc_av_
                0x40002c50                __malloc_sbrk_base
                0x40002c54                __malloc_trim_threshold
 .data          0x40002c58       0x40 c:/program files/codesourcery/sourcery g++ lite/bin/../lib/gcc/arm-none-eabi/4.5.1/../../../../arm-none-eabi/lib\libc.a(lib_a-gettzinfo.o)
 .data          0x40002c98       0x7c c:/program files/codesourcery/sourcery g++ lite/bin/../lib/gcc/arm-none-eabi/4.5.1/../../../../arm-none-eabi/lib\libc.a(lib_a-locale.o)
                0x40002cb8                __mb_cur_max
 .data          0x40002d14        0x4 c:/program files/codesourcery/sourcery g++ lite/bin/../lib/gcc/arm-none-eabi/4.5.1/../../../../arm-none-eabi/lib\libc.a(lib_a-wctomb_r.o)
                0x40002d14                __wctomb
 *(.ram)
                0x40002d18                . = ALIGN (0x8)
                0x40002d18                _edata = .

.bss            0x40002d18      0x2c0 load address 0x000175d8
                0x40002d18                _bss = .
 *(.shbss)
 *(.bss .bss.* .gnu.linkonce.b.*)
 .bss           0x40002d18        0x1 c:/program files/codesourcery/sourcery g++ lite/bin/../lib/gcc/arm-none-eabi/4.5.1/crtbegin.o
 *fill*         0x40002d19        0x7 00
 .bss.cinfo     0x40002d20      0x178 lpc2106-cmucam3_buildfiles/main.o
 .bss.jerr      0x40002e98       0x84 lpc2106-cmucam3_buildfiles/main.o
 .bss.row       0x40002f1c        0x4 lpc2106-cmucam3_buildfiles/main.o
                0x40002f1c                row
 .bss._cc3_button_trigger
                0x40002f20        0x1 ../../hal/lpc2106-cmucam3\libhal-lpc2106-cmucam3.a(interrupt.o)
                0x40002f20                _cc3_button_trigger
 *fill*         0x40002f21        0x3 00
 .bss._cc3_g_current_camera_state
                0x40002f24        0xc ../../hal/lpc2106-cmucam3\libhal-lpc2106-cmucam3.a(cc3.o)
 .bss.cc3_g_pixbuf_frame
                0x40002f30       0x18 ../../hal/lpc2106-cmucam3\libhal-lpc2106-cmucam3.a(cc3.o)
                0x40002f30                cc3_g_pixbuf_frame
 .bss._cc3_second_green_valid
                0x40002f48        0x1 ../../hal/lpc2106-cmucam3\libhal-lpc2106-cmucam3.a(cc3.o)
 .bss._cc3_second_green
                0x40002f49        0x1 ../../hal/lpc2106-cmucam3\libhal-lpc2106-cmucam3.a(cc3.o)
 *fill*         0x40002f4a        0x2 00
 .bss.heap_ptr  0x40002f4c        0x4 ../../hal/lpc2106-cmucam3\libhal-lpc2106-cmucam3.a(syscalls.o)
 .bss._cc3_uart1_binmode
                0x40002f50        0x1 ../../hal/lpc2106-cmucam3\libhal-lpc2106-cmucam3.a(serial.o)
                0x40002f50                _cc3_uart1_binmode
 .bss.started.1965
                0x40002f51        0x1 ../../hal/lpc2106-cmucam3\libhal-lpc2106-cmucam3.a(serial.o)
 .bss._cc3_uart0_binmode
                0x40002f52        0x1 ../../hal/lpc2106-cmucam3\libhal-lpc2106-cmucam3.a(serial.o)
                0x40002f52                _cc3_uart0_binmode
 *fill*         0x40002f53        0x1 00
 .bss.servo_mask
                0x40002f54        0x4 ../../hal/lpc2106-cmucam3\libhal-lpc2106-cmucam3.a(servo.o)
 .bss.servo_tmp
                0x40002f58        0x4 ../../hal/lpc2106-cmucam3\libhal-lpc2106-cmucam3.a(servo.o)
 .bss.DriveDesc
                0x40002f5c       0x28 ../../hal/lpc2106-cmucam3\libhal-lpc2106-cmucam3.a(mmc_hardware.o)
                0x40002f5c                DriveDesc
 .bss.fcbs      0x40002f84       0x14 ../../hal/lpc2106-cmucam3\libhal-lpc2106-cmucam3.a(mmc_driver.o)
 .bss           0x40002f98       0x34 c:/program files/codesourcery/sourcery g++ lite/bin/../lib/gcc/arm-none-eabi/4.5.1/../../../../arm-none-eabi/lib\libc.a(lib_a-mallocr.o)
                0x40002f98                __malloc_top_pad
                0x40002f9c                __malloc_current_mallinfo
                0x40002fc4                __malloc_max_sbrked_mem
                0x40002fc8                __malloc_max_total_mem
 .bss           0x40002fcc        0x8 c:/program files/codesourcery/sourcery g++ lite/bin/../lib/gcc/arm-none-eabi/4.5.1/../../../../arm-none-eabi/lib\libc.a(lib_a-tzvars.o)
                0x40002fcc                _daylight
                0x40002fd0                _timezone
 *(COMMON)
 COMMON         0x40002fd4        0x4 c:/program files/codesourcery/sourcery g++ lite/bin/../lib/gcc/arm-none-eabi/4.5.1/../../../../arm-none-eabi/lib\libc.a(lib_a-reent.o)
                0x40002fd4                errno
 *(.ram.b)
                0x40002fd8                . = ALIGN (0x8)
                0x40002fd8                _end = .
                0x40002fd8                __end = .
                0x40010000                _heap_end = 0x40010000

.stab
 *(.stab)

.stabstr
 *(.stabstr)

.debug
 *(.debug)

.line
 *(.line)

.debug_srcinfo
 *(.debug_srcinfo)

.debug_sfnames
 *(.debug_sfnames)

.comment        0x00000000       0x2a
 .comment       0x00000000       0x2a lpc2106-cmucam3_buildfiles/main.o
                                 0x2b (size before relaxing)
 .comment       0x00000000       0x2b ../../lib/jpeg-6b\libjpeg-6b_lpc2106-cmucam3.a(jcapimin.o)
 .comment       0x00000000       0x2b ../../lib/jpeg-6b\libjpeg-6b_lpc2106-cmucam3.a(jcapistd.o)
 .comment       0x00000000       0x2b ../../lib/jpeg-6b\libjpeg-6b_lpc2106-cmucam3.a(jcinit.o)
 .comment       0x00000000       0x2b ../../lib/jpeg-6b\libjpeg-6b_lpc2106-cmucam3.a(jcmainct.o)
 .comment       0x00000000       0x2b ../../lib/jpeg-6b\libjpeg-6b_lpc2106-cmucam3.a(jcmarker.o)
 .comment       0x00000000       0x2b ../../lib/jpeg-6b\libjpeg-6b_lpc2106-cmucam3.a(jcmaster.o)
 .comment       0x00000000       0x2b ../../lib/jpeg-6b\libjpeg-6b_lpc2106-cmucam3.a(jcomapi.o)
 .comment       0x00000000       0x2b ../../lib/jpeg-6b\libjpeg-6b_lpc2106-cmucam3.a(jcparam.o)
 .comment       0x00000000       0x2b ../../lib/jpeg-6b\libjpeg-6b_lpc2106-cmucam3.a(jcprepct.o)
 .comment       0x00000000       0x2b ../../lib/jpeg-6b\libjpeg-6b_lpc2106-cmucam3.a(jcsample.o)
 .comment       0x00000000       0x2b ../../lib/jpeg-6b\libjpeg-6b_lpc2106-cmucam3.a(jdatadst.o)
 .comment       0x00000000       0x2b ../../lib/jpeg-6b\libjpeg-6b_lpc2106-cmucam3.a(jerror.o)
 .comment       0x00000000       0x2b ../../lib/jpeg-6b\libjpeg-6b_lpc2106-cmucam3.a(jutils.o)
 .comment       0x00000000       0x2b ../../lib/jpeg-6b\libjpeg-6b_lpc2106-cmucam3.a(jmemmgr.o)
 .comment       0x00000000       0x2b ../../lib/jpeg-6b\libjpeg-6b_lpc2106-cmucam3.a(jmemnobs.o)
 .comment       0x00000000       0x2b ../../lib/jpeg-6b\libjpeg-6b_lpc2106-cmucam3.a(jccoefct.o)
 .comment       0x00000000       0x2b ../../lib/jpeg-6b\libjpeg-6b_lpc2106-cmucam3.a(jccolor.o)
 .comment       0x00000000       0x2b ../../lib/jpeg-6b\libjpeg-6b_lpc2106-cmucam3.a(jcdctmgr.o)
 .comment       0x00000000       0x2b ../../lib/jpeg-6b\libjpeg-6b_lpc2106-cmucam3.a(jchuff.o)
 .comment       0x00000000       0x2b ../../lib/jpeg-6b\libjpeg-6b_lpc2106-cmucam3.a(jfdctint.o)
 .comment       0x00000000       0x2b ../../hal/lpc2106-cmucam3\libhal-lpc2106-cmucam3.a(interrupt.o)
 .comment       0x00000000       0x2b ../../hal/lpc2106-cmucam3\libhal-lpc2106-cmucam3.a(cc3.o)
 .comment       0x00000000       0x2b ../../hal/lpc2106-cmucam3\libhal-lpc2106-cmucam3.a(cc3_hal.o)
 .comment       0x00000000       0x2b ../../hal/lpc2106-cmucam3\libhal-lpc2106-cmucam3.a(syscalls.o)
 .comment       0x00000000       0x2b ../../hal/lpc2106-cmucam3\libhal-lpc2106-cmucam3.a(serial.o)
 .comment       0x00000000       0x2b ../../hal/lpc2106-cmucam3\libhal-lpc2106-cmucam3.a(servo.o)
 .comment       0x00000000       0x2b ../../hal/lpc2106-cmucam3\libhal-lpc2106-cmucam3.a(rdcf2.o)
 .comment       0x00000000       0x2b ../../hal/lpc2106-cmucam3\libhal-lpc2106-cmucam3.a(mmc_hardware.o)
 .comment       0x00000000       0x2b ../../hal/lpc2106-cmucam3\libhal-lpc2106-cmucam3.a(mmc_driver.o)
 .comment       0x00000000       0x2b ../../hal/lpc2106-cmucam3\libhal-lpc2106-cmucam3.a(gpio.o)
 .comment       0x00000000       0x2b ../../hal/lpc2106-cmucam3\libhal-lpc2106-cmucam3.a(devices.o)
 .comment       0x00000000       0x2b ../../hal/lpc2106-cmucam3\libhal-lpc2106-cmucam3.a(uart_driver.o)

.debug_aranges  0x00000000      0xb70
 *(.debug_aranges)
 .debug_aranges
                0x00000000       0x20 lpc2106-cmucam3_buildfiles/main.o
 .debug_aranges
                0x00000020       0x60 ../../lib/jpeg-6b\libjpeg-6b_lpc2106-cmucam3.a(jcapimin.o)
 .debug_aranges
                0x00000080       0x30 ../../lib/jpeg-6b\libjpeg-6b_lpc2106-cmucam3.a(jcapistd.o)
 .debug_aranges
                0x000000b0       0x20 ../../lib/jpeg-6b\libjpeg-6b_lpc2106-cmucam3.a(jcinit.o)
 .debug_aranges
                0x000000d0       0x30 ../../lib/jpeg-6b\libjpeg-6b_lpc2106-cmucam3.a(jcmainct.o)
 .debug_aranges
                0x00000100       0x88 ../../lib/jpeg-6b\libjpeg-6b_lpc2106-cmucam3.a(jcmarker.o)
 .debug_aranges
                0x00000188       0x40 ../../lib/jpeg-6b\libjpeg-6b_lpc2106-cmucam3.a(jcmaster.o)
 .debug_aranges
                0x000001c8       0x38 ../../lib/jpeg-6b\libjpeg-6b_lpc2106-cmucam3.a(jcomapi.o)
 .debug_aranges
                0x00000200       0x58 ../../lib/jpeg-6b\libjpeg-6b_lpc2106-cmucam3.a(jcparam.o)
 .debug_aranges
                0x00000258       0x38 ../../lib/jpeg-6b\libjpeg-6b_lpc2106-cmucam3.a(jcprepct.o)
 .debug_aranges
                0x00000290       0x58 ../../lib/jpeg-6b\libjpeg-6b_lpc2106-cmucam3.a(jcsample.o)
 .debug_aranges
                0x000002e8       0x38 ../../lib/jpeg-6b\libjpeg-6b_lpc2106-cmucam3.a(jdatadst.o)
 .debug_aranges
                0x00000320       0x48 ../../lib/jpeg-6b\libjpeg-6b_lpc2106-cmucam3.a(jerror.o)
 .debug_aranges
                0x00000368       0x40 ../../lib/jpeg-6b\libjpeg-6b_lpc2106-cmucam3.a(jutils.o)
 .debug_aranges
                0x000003a8       0x88 ../../lib/jpeg-6b\libjpeg-6b_lpc2106-cmucam3.a(jmemmgr.o)
 .debug_aranges
                0x00000430       0x58 ../../lib/jpeg-6b\libjpeg-6b_lpc2106-cmucam3.a(jmemnobs.o)
 .debug_aranges
                0x00000488       0x30 ../../lib/jpeg-6b\libjpeg-6b_lpc2106-cmucam3.a(jccoefct.o)
 .debug_aranges
                0x000004b8       0x58 ../../lib/jpeg-6b\libjpeg-6b_lpc2106-cmucam3.a(jccolor.o)
 .debug_aranges
                0x00000510       0x30 ../../lib/jpeg-6b\libjpeg-6b_lpc2106-cmucam3.a(jcdctmgr.o)
 .debug_aranges
                0x00000540       0x40 ../../lib/jpeg-6b\libjpeg-6b_lpc2106-cmucam3.a(jchuff.o)
 .debug_aranges
                0x00000580       0x20 ../../lib/jpeg-6b\libjpeg-6b_lpc2106-cmucam3.a(jfdctint.o)
 .debug_aranges
                0x000005a0       0x78 ../../hal/lpc2106-cmucam3\libhal-lpc2106-cmucam3.a(interrupt.o)
 .debug_aranges
                0x00000618       0xe8 ../../hal/lpc2106-cmucam3\libhal-lpc2106-cmucam3.a(cc3.o)
 .debug_aranges
                0x00000700       0x48 ../../hal/lpc2106-cmucam3\libhal-lpc2106-cmucam3.a(cc3_hal.o)
 .debug_aranges
                0x00000748       0xc0 ../../hal/lpc2106-cmucam3\libhal-lpc2106-cmucam3.a(syscalls.o)
 .debug_aranges
                0x00000808       0x88 ../../hal/lpc2106-cmucam3\libhal-lpc2106-cmucam3.a(serial.o)
 .debug_aranges
                0x00000890       0x38 ../../hal/lpc2106-cmucam3\libhal-lpc2106-cmucam3.a(servo.o)
 .debug_aranges
                0x000008c8       0xf0 ../../hal/lpc2106-cmucam3\libhal-lpc2106-cmucam3.a(rdcf2.o)
 .debug_aranges
                0x000009b8       0x50 ../../hal/lpc2106-cmucam3\libhal-lpc2106-cmucam3.a(mmc_hardware.o)
 .debug_aranges
                0x00000a08       0x68 ../../hal/lpc2106-cmucam3\libhal-lpc2106-cmucam3.a(mmc_driver.o)
 .debug_aranges
                0x00000a70       0x38 ../../hal/lpc2106-cmucam3\libhal-lpc2106-cmucam3.a(gpio.o)
 .debug_aranges
                0x00000aa8       0x40 ../../hal/lpc2106-cmucam3\libhal-lpc2106-cmucam3.a(devices.o)
 .debug_aranges
                0x00000ae8       0x68 ../../hal/lpc2106-cmucam3\libhal-lpc2106-cmucam3.a(uart_driver.o)
 .debug_aranges
                0x00000b50       0x20 ../../hal/lpc2106-cmucam3\libhal-lpc2106-cmucam3.a(startup.o)

.debug_pubnames
                0x00000000      0xfe3
 *(.debug_pubnames)
 .debug_pubnames
                0x00000000       0x23 lpc2106-cmucam3_buildfiles/main.o
 .debug_pubnames
                0x00000023       0xe8 ../../lib/jpeg-6b\libjpeg-6b_lpc2106-cmucam3.a(jcapimin.o)
 .debug_pubnames
                0x0000010b       0x5b ../../lib/jpeg-6b\libjpeg-6b_lpc2106-cmucam3.a(jcapistd.o)
 .debug_pubnames
                0x00000166       0x2c ../../lib/jpeg-6b\libjpeg-6b_lpc2106-cmucam3.a(jcinit.o)
 .debug_pubnames
                0x00000192       0x2e ../../lib/jpeg-6b\libjpeg-6b_lpc2106-cmucam3.a(jcmainct.o)
 .debug_pubnames
                0x000001c0       0x2a ../../lib/jpeg-6b\libjpeg-6b_lpc2106-cmucam3.a(jcmarker.o)
 .debug_pubnames
                0x000001ea       0x2d ../../lib/jpeg-6b\libjpeg-6b_lpc2106-cmucam3.a(jcmaster.o)
 .debug_pubnames
                0x00000217       0x67 ../../lib/jpeg-6b\libjpeg-6b_lpc2106-cmucam3.a(jcomapi.o)
 .debug_pubnames
                0x0000027e       0xbf ../../lib/jpeg-6b\libjpeg-6b_lpc2106-cmucam3.a(jcparam.o)
 .debug_pubnames
                0x0000033d       0x2e ../../lib/jpeg-6b\libjpeg-6b_lpc2106-cmucam3.a(jcprepct.o)
 .debug_pubnames
                0x0000036b       0x28 ../../lib/jpeg-6b\libjpeg-6b_lpc2106-cmucam3.a(jcsample.o)
 .debug_pubnames
                0x00000393       0x26 ../../lib/jpeg-6b\libjpeg-6b_lpc2106-cmucam3.a(jdatadst.o)
 .debug_pubnames
                0x000003b9       0x40 ../../lib/jpeg-6b\libjpeg-6b_lpc2106-cmucam3.a(jerror.o)
 .debug_pubnames
                0x000003f9       0x81 ../../lib/jpeg-6b\libjpeg-6b_lpc2106-cmucam3.a(jutils.o)
 .debug_pubnames
                0x0000047a       0x27 ../../lib/jpeg-6b\libjpeg-6b_lpc2106-cmucam3.a(jmemmgr.o)
 .debug_pubnames
                0x000004a1       0xb7 ../../lib/jpeg-6b\libjpeg-6b_lpc2106-cmucam3.a(jmemnobs.o)
 .debug_pubnames
                0x00000558       0x2e ../../lib/jpeg-6b\libjpeg-6b_lpc2106-cmucam3.a(jccoefct.o)
 .debug_pubnames
                0x00000586       0x2c ../../lib/jpeg-6b\libjpeg-6b_lpc2106-cmucam3.a(jccolor.o)
 .debug_pubnames
                0x000005b2       0x28 ../../lib/jpeg-6b\libjpeg-6b_lpc2106-cmucam3.a(jcdctmgr.o)
 .debug_pubnames
                0x000005da       0x45 ../../lib/jpeg-6b\libjpeg-6b_lpc2106-cmucam3.a(jchuff.o)
 .debug_pubnames
                0x0000061f       0x26 ../../lib/jpeg-6b\libjpeg-6b_lpc2106-cmucam3.a(jfdctint.o)
 .debug_pubnames
                0x00000645      0x113 ../../hal/lpc2106-cmucam3\libhal-lpc2106-cmucam3.a(interrupt.o)
 .debug_pubnames
                0x00000758      0x2cc ../../hal/lpc2106-cmucam3\libhal-lpc2106-cmucam3.a(cc3.o)
 .debug_pubnames
                0x00000a24       0x97 ../../hal/lpc2106-cmucam3\libhal-lpc2106-cmucam3.a(cc3_hal.o)
 .debug_pubnames
                0x00000abb       0xf1 ../../hal/lpc2106-cmucam3\libhal-lpc2106-cmucam3.a(syscalls.o)
 .debug_pubnames
                0x00000bac      0x140 ../../hal/lpc2106-cmucam3\libhal-lpc2106-cmucam3.a(serial.o)
 .debug_pubnames
                0x00000cec       0x8e ../../hal/lpc2106-cmucam3\libhal-lpc2106-cmucam3.a(servo.o)
 .debug_pubnames
                0x00000d7a       0x93 ../../hal/lpc2106-cmucam3\libhal-lpc2106-cmucam3.a(rdcf2.o)
 .debug_pubnames
                0x00000e0d       0x75 ../../hal/lpc2106-cmucam3\libhal-lpc2106-cmucam3.a(mmc_hardware.o)
 .debug_pubnames
                0x00000e82       0x26 ../../hal/lpc2106-cmucam3\libhal-lpc2106-cmucam3.a(mmc_driver.o)
 .debug_pubnames
                0x00000ea8       0x6d ../../hal/lpc2106-cmucam3\libhal-lpc2106-cmucam3.a(gpio.o)
 .debug_pubnames
                0x00000f15       0xa7 ../../hal/lpc2106-cmucam3\libhal-lpc2106-cmucam3.a(devices.o)
 .debug_pubnames
                0x00000fbc       0x27 ../../hal/lpc2106-cmucam3\libhal-lpc2106-cmucam3.a(uart_driver.o)

.debug_info     0x00000000    0x24845
 *(.debug_info .gnu.linkonce.wi.*)
 .debug_info    0x00000000     0x1a45 lpc2106-cmucam3_buildfiles/main.o
 .debug_info    0x00001a45     0x16f9 ../../lib/jpeg-6b\libjpeg-6b_lpc2106-cmucam3.a(jcapimin.o)
 .debug_info    0x0000313e     0x1578 ../../lib/jpeg-6b\libjpeg-6b_lpc2106-cmucam3.a(jcapistd.o)
 .debug_info    0x000046b6     0x14a6 ../../lib/jpeg-6b\libjpeg-6b_lpc2106-cmucam3.a(jcinit.o)
 .debug_info    0x00005b5c     0x1614 ../../lib/jpeg-6b\libjpeg-6b_lpc2106-cmucam3.a(jcmainct.o)
 .debug_info    0x00007170     0x1bcf ../../lib/jpeg-6b\libjpeg-6b_lpc2106-cmucam3.a(jcmarker.o)
 .debug_info    0x00008d3f     0x177c ../../lib/jpeg-6b\libjpeg-6b_lpc2106-cmucam3.a(jcmaster.o)
 .debug_info    0x0000a4bb     0x14ce ../../lib/jpeg-6b\libjpeg-6b_lpc2106-cmucam3.a(jcomapi.o)
 .debug_info    0x0000b989     0x1a5c ../../lib/jpeg-6b\libjpeg-6b_lpc2106-cmucam3.a(jcparam.o)
 .debug_info    0x0000d3e5     0x16c7 ../../lib/jpeg-6b\libjpeg-6b_lpc2106-cmucam3.a(jcprepct.o)
 .debug_info    0x0000eaac     0x19bb ../../lib/jpeg-6b\libjpeg-6b_lpc2106-cmucam3.a(jcsample.o)
 .debug_info    0x00010467     0x1b10 ../../lib/jpeg-6b\libjpeg-6b_lpc2106-cmucam3.a(jdatadst.o)
 .debug_info    0x00011f77     0x134d ../../lib/jpeg-6b\libjpeg-6b_lpc2106-cmucam3.a(jerror.o)
 .debug_info    0x000132c4      0x2bd ../../lib/jpeg-6b\libjpeg-6b_lpc2106-cmucam3.a(jutils.o)
 .debug_info    0x00013581     0x1efe ../../lib/jpeg-6b\libjpeg-6b_lpc2106-cmucam3.a(jmemmgr.o)
 .debug_info    0x0001547f     0x1414 ../../lib/jpeg-6b\libjpeg-6b_lpc2106-cmucam3.a(jmemnobs.o)
 .debug_info    0x00016893     0x1747 ../../lib/jpeg-6b\libjpeg-6b_lpc2106-cmucam3.a(jccoefct.o)
 .debug_info    0x00017fda     0x19f9 ../../lib/jpeg-6b\libjpeg-6b_lpc2106-cmucam3.a(jccolor.o)
 .debug_info    0x000199d3     0x174e ../../lib/jpeg-6b\libjpeg-6b_lpc2106-cmucam3.a(jcdctmgr.o)
 .debug_info    0x0001b121     0x2104 ../../lib/jpeg-6b\libjpeg-6b_lpc2106-cmucam3.a(jchuff.o)
 .debug_info    0x0001d225      0x1d8 ../../lib/jpeg-6b\libjpeg-6b_lpc2106-cmucam3.a(jfdctint.o)
 .debug_info    0x0001d3fd      0x235 ../../hal/lpc2106-cmucam3\libhal-lpc2106-cmucam3.a(interrupt.o)
 .debug_info    0x0001d632     0x1643 ../../hal/lpc2106-cmucam3\libhal-lpc2106-cmucam3.a(cc3.o)
 .debug_info    0x0001ec75      0x13f ../../hal/lpc2106-cmucam3\libhal-lpc2106-cmucam3.a(cc3_hal.o)
 .debug_info    0x0001edb4      0xb03 ../../hal/lpc2106-cmucam3\libhal-lpc2106-cmucam3.a(syscalls.o)
 .debug_info    0x0001f8b7      0xe3b ../../hal/lpc2106-cmucam3\libhal-lpc2106-cmucam3.a(serial.o)
 .debug_info    0x000206f2      0x2b8 ../../hal/lpc2106-cmucam3\libhal-lpc2106-cmucam3.a(servo.o)
 .debug_info    0x000209aa     0x15fa ../../hal/lpc2106-cmucam3\libhal-lpc2106-cmucam3.a(rdcf2.o)
 .debug_info    0x00021fa4      0xceb ../../hal/lpc2106-cmucam3\libhal-lpc2106-cmucam3.a(mmc_hardware.o)
 .debug_info    0x00022c8f      0xc49 ../../hal/lpc2106-cmucam3\libhal-lpc2106-cmucam3.a(mmc_driver.o)
 .debug_info    0x000238d8      0x1a9 ../../hal/lpc2106-cmucam3\libhal-lpc2106-cmucam3.a(gpio.o)
 .debug_info    0x00023a81      0x59a ../../hal/lpc2106-cmucam3\libhal-lpc2106-cmucam3.a(devices.o)
 .debug_info    0x0002401b      0x7bc ../../hal/lpc2106-cmucam3\libhal-lpc2106-cmucam3.a(uart_driver.o)
 .debug_info    0x000247d7       0x6e ../../hal/lpc2106-cmucam3\libhal-lpc2106-cmucam3.a(startup.o)

.debug_abbrev   0x00000000     0x4587
 *(.debug_abbrev)
 .debug_abbrev  0x00000000      0x27e lpc2106-cmucam3_buildfiles/main.o
 .debug_abbrev  0x0000027e      0x1dd ../../lib/jpeg-6b\libjpeg-6b_lpc2106-cmucam3.a(jcapimin.o)
 .debug_abbrev  0x0000045b      0x1ab ../../lib/jpeg-6b\libjpeg-6b_lpc2106-cmucam3.a(jcapistd.o)
 .debug_abbrev  0x00000606      0x16a ../../lib/jpeg-6b\libjpeg-6b_lpc2106-cmucam3.a(jcinit.o)
 .debug_abbrev  0x00000770      0x19d ../../lib/jpeg-6b\libjpeg-6b_lpc2106-cmucam3.a(jcmainct.o)
 .debug_abbrev  0x0000090d      0x30e ../../lib/jpeg-6b\libjpeg-6b_lpc2106-cmucam3.a(jcmarker.o)
 .debug_abbrev  0x00000c1b      0x24b ../../lib/jpeg-6b\libjpeg-6b_lpc2106-cmucam3.a(jcmaster.o)
 .debug_abbrev  0x00000e66      0x1ba ../../lib/jpeg-6b\libjpeg-6b_lpc2106-cmucam3.a(jcomapi.o)
 .debug_abbrev  0x00001020      0x2af ../../lib/jpeg-6b\libjpeg-6b_lpc2106-cmucam3.a(jcparam.o)
 .debug_abbrev  0x000012cf      0x1d9 ../../lib/jpeg-6b\libjpeg-6b_lpc2106-cmucam3.a(jcprepct.o)
 .debug_abbrev  0x000014a8      0x219 ../../lib/jpeg-6b\libjpeg-6b_lpc2106-cmucam3.a(jcsample.o)
 .debug_abbrev  0x000016c1      0x1fe ../../lib/jpeg-6b\libjpeg-6b_lpc2106-cmucam3.a(jdatadst.o)
 .debug_abbrev  0x000018bf      0x244 ../../lib/jpeg-6b\libjpeg-6b_lpc2106-cmucam3.a(jerror.o)
 .debug_abbrev  0x00001b03       0xfd ../../lib/jpeg-6b\libjpeg-6b_lpc2106-cmucam3.a(jutils.o)
 .debug_abbrev  0x00001c00      0x2d6 ../../lib/jpeg-6b\libjpeg-6b_lpc2106-cmucam3.a(jmemmgr.o)
 .debug_abbrev  0x00001ed6      0x1f0 ../../lib/jpeg-6b\libjpeg-6b_lpc2106-cmucam3.a(jmemnobs.o)
 .debug_abbrev  0x000020c6      0x24f ../../lib/jpeg-6b\libjpeg-6b_lpc2106-cmucam3.a(jccoefct.o)
 .debug_abbrev  0x00002315      0x230 ../../lib/jpeg-6b\libjpeg-6b_lpc2106-cmucam3.a(jccolor.o)
 .debug_abbrev  0x00002545      0x209 ../../lib/jpeg-6b\libjpeg-6b_lpc2106-cmucam3.a(jcdctmgr.o)
 .debug_abbrev  0x0000274e      0x306 ../../lib/jpeg-6b\libjpeg-6b_lpc2106-cmucam3.a(jchuff.o)
 .debug_abbrev  0x00002a54       0xa0 ../../lib/jpeg-6b\libjpeg-6b_lpc2106-cmucam3.a(jfdctint.o)
 .debug_abbrev  0x00002af4      0x11b ../../hal/lpc2106-cmucam3\libhal-lpc2106-cmucam3.a(interrupt.o)
 .debug_abbrev  0x00002c0f      0x436 ../../hal/lpc2106-cmucam3\libhal-lpc2106-cmucam3.a(cc3.o)
 .debug_abbrev  0x00003045       0x7d ../../hal/lpc2106-cmucam3\libhal-lpc2106-cmucam3.a(cc3_hal.o)
 .debug_abbrev  0x000030c2      0x295 ../../hal/lpc2106-cmucam3\libhal-lpc2106-cmucam3.a(syscalls.o)
 .debug_abbrev  0x00003357      0x35f ../../hal/lpc2106-cmucam3\libhal-lpc2106-cmucam3.a(serial.o)
 .debug_abbrev  0x000036b6      0x187 ../../hal/lpc2106-cmucam3\libhal-lpc2106-cmucam3.a(servo.o)
 .debug_abbrev  0x0000383d      0x391 ../../hal/lpc2106-cmucam3\libhal-lpc2106-cmucam3.a(rdcf2.o)
 .debug_abbrev  0x00003bce      0x318 ../../hal/lpc2106-cmucam3\libhal-lpc2106-cmucam3.a(mmc_hardware.o)
 .debug_abbrev  0x00003ee6      0x279 ../../hal/lpc2106-cmucam3\libhal-lpc2106-cmucam3.a(mmc_driver.o)
 .debug_abbrev  0x0000415f      0x10f ../../hal/lpc2106-cmucam3\libhal-lpc2106-cmucam3.a(gpio.o)
 .debug_abbrev  0x0000426e      0x173 ../../hal/lpc2106-cmucam3\libhal-lpc2106-cmucam3.a(devices.o)
 .debug_abbrev  0x000043e1      0x192 ../../hal/lpc2106-cmucam3\libhal-lpc2106-cmucam3.a(uart_driver.o)
 .debug_abbrev  0x00004573       0x14 ../../hal/lpc2106-cmucam3\libhal-lpc2106-cmucam3.a(startup.o)

.debug_line     0x00000000     0x6aa8
 *(.debug_line)
 .debug_line    0x00000000      0x273 lpc2106-cmucam3_buildfiles/main.o
 .debug_line    0x00000273      0x22a ../../lib/jpeg-6b\libjpeg-6b_lpc2106-cmucam3.a(jcapimin.o)
 .debug_line    0x0000049d      0x139 ../../lib/jpeg-6b\libjpeg-6b_lpc2106-cmucam3.a(jcapistd.o)
 .debug_line    0x000005d6      0x10c ../../lib/jpeg-6b\libjpeg-6b_lpc2106-cmucam3.a(jcinit.o)
 .debug_line    0x000006e2      0x15e ../../lib/jpeg-6b\libjpeg-6b_lpc2106-cmucam3.a(jcmainct.o)
 .debug_line    0x00000840      0x392 ../../lib/jpeg-6b\libjpeg-6b_lpc2106-cmucam3.a(jcmarker.o)
 .debug_line    0x00000bd2      0x2bf ../../lib/jpeg-6b\libjpeg-6b_lpc2106-cmucam3.a(jcmaster.o)
 .debug_line    0x00000e91      0x129 ../../lib/jpeg-6b\libjpeg-6b_lpc2106-cmucam3.a(jcomapi.o)
 .debug_line    0x00000fba      0x2dc ../../lib/jpeg-6b\libjpeg-6b_lpc2106-cmucam3.a(jcparam.o)
 .debug_line    0x00001296      0x1cc ../../lib/jpeg-6b\libjpeg-6b_lpc2106-cmucam3.a(jcprepct.o)
 .debug_line    0x00001462      0x3b8 ../../lib/jpeg-6b\libjpeg-6b_lpc2106-cmucam3.a(jcsample.o)
 .debug_line    0x0000181a      0x244 ../../lib/jpeg-6b\libjpeg-6b_lpc2106-cmucam3.a(jdatadst.o)
 .debug_line    0x00001a5e      0x221 ../../lib/jpeg-6b\libjpeg-6b_lpc2106-cmucam3.a(jerror.o)
 .debug_line    0x00001c7f      0x159 ../../lib/jpeg-6b\libjpeg-6b_lpc2106-cmucam3.a(jutils.o)
 .debug_line    0x00001dd8      0x643 ../../lib/jpeg-6b\libjpeg-6b_lpc2106-cmucam3.a(jmemmgr.o)
 .debug_line    0x0000241b      0x269 ../../lib/jpeg-6b\libjpeg-6b_lpc2106-cmucam3.a(jmemnobs.o)
 .debug_line    0x00002684      0x24e ../../lib/jpeg-6b\libjpeg-6b_lpc2106-cmucam3.a(jccoefct.o)
 .debug_line    0x000028d2      0x63a ../../lib/jpeg-6b\libjpeg-6b_lpc2106-cmucam3.a(jccolor.o)
 .debug_line    0x00002f0c      0x25b ../../lib/jpeg-6b\libjpeg-6b_lpc2106-cmucam3.a(jcdctmgr.o)
 .debug_line    0x00003167      0x657 ../../lib/jpeg-6b\libjpeg-6b_lpc2106-cmucam3.a(jchuff.o)
 .debug_line    0x000037be      0x882 ../../lib/jpeg-6b\libjpeg-6b_lpc2106-cmucam3.a(jfdctint.o)
 .debug_line    0x00004040      0x1d2 ../../hal/lpc2106-cmucam3\libhal-lpc2106-cmucam3.a(interrupt.o)
 .debug_line    0x00004212      0x855 ../../hal/lpc2106-cmucam3\libhal-lpc2106-cmucam3.a(cc3.o)
 .debug_line    0x00004a67       0xf3 ../../hal/lpc2106-cmucam3\libhal-lpc2106-cmucam3.a(cc3_hal.o)
 .debug_line    0x00004b5a      0x3e5 ../../hal/lpc2106-cmucam3\libhal-lpc2106-cmucam3.a(syscalls.o)
 .debug_line    0x00004f3f      0x3d5 ../../hal/lpc2106-cmucam3\libhal-lpc2106-cmucam3.a(serial.o)
 .debug_line    0x00005314      0x1a3 ../../hal/lpc2106-cmucam3\libhal-lpc2106-cmucam3.a(servo.o)
 .debug_line    0x000054b7      0x93a ../../hal/lpc2106-cmucam3\libhal-lpc2106-cmucam3.a(rdcf2.o)
 .debug_line    0x00005df1      0x379 ../../hal/lpc2106-cmucam3\libhal-lpc2106-cmucam3.a(mmc_hardware.o)
 .debug_line    0x0000616a      0x355 ../../hal/lpc2106-cmucam3\libhal-lpc2106-cmucam3.a(mmc_driver.o)
 .debug_line    0x000064bf      0x115 ../../hal/lpc2106-cmucam3\libhal-lpc2106-cmucam3.a(gpio.o)
 .debug_line    0x000065d4      0x1a5 ../../hal/lpc2106-cmucam3\libhal-lpc2106-cmucam3.a(devices.o)
 .debug_line    0x00006779      0x2af ../../hal/lpc2106-cmucam3\libhal-lpc2106-cmucam3.a(uart_driver.o)
 .debug_line    0x00006a28       0x80 ../../hal/lpc2106-cmucam3\libhal-lpc2106-cmucam3.a(startup.o)

.debug_frame    0x00000000     0x2ee0
 *(.debug_frame)
 .debug_frame   0x00000000       0x38 lpc2106-cmucam3_buildfiles/main.o
 .debug_frame   0x00000038       0xf8 ../../lib/jpeg-6b\libjpeg-6b_lpc2106-cmucam3.a(jcapimin.o)
 .debug_frame   0x00000130       0x6c ../../lib/jpeg-6b\libjpeg-6b_lpc2106-cmucam3.a(jcapistd.o)
 .debug_frame   0x0000019c       0x2c ../../lib/jpeg-6b\libjpeg-6b_lpc2106-cmucam3.a(jcinit.o)
 .debug_frame   0x000001c8       0x70 ../../lib/jpeg-6b\libjpeg-6b_lpc2106-cmucam3.a(jcmainct.o)
 .debug_frame   0x00000238      0x18c ../../lib/jpeg-6b\libjpeg-6b_lpc2106-cmucam3.a(jcmarker.o)
 .debug_frame   0x000003c4       0xac ../../lib/jpeg-6b\libjpeg-6b_lpc2106-cmucam3.a(jcmaster.o)
 .debug_frame   0x00000470       0x70 ../../lib/jpeg-6b\libjpeg-6b_lpc2106-cmucam3.a(jcomapi.o)
 .debug_frame   0x000004e0       0xf8 ../../lib/jpeg-6b\libjpeg-6b_lpc2106-cmucam3.a(jcparam.o)
 .debug_frame   0x000005d8       0xa0 ../../lib/jpeg-6b\libjpeg-6b_lpc2106-cmucam3.a(jcprepct.o)
 .debug_frame   0x00000678      0x130 ../../lib/jpeg-6b\libjpeg-6b_lpc2106-cmucam3.a(jcsample.o)
 .debug_frame   0x000007a8       0x7c ../../lib/jpeg-6b\libjpeg-6b_lpc2106-cmucam3.a(jdatadst.o)
 .debug_frame   0x00000824       0x98 ../../lib/jpeg-6b\libjpeg-6b_lpc2106-cmucam3.a(jerror.o)
 .debug_frame   0x000008bc       0x94 ../../lib/jpeg-6b\libjpeg-6b_lpc2106-cmucam3.a(jutils.o)
 .debug_frame   0x00000950      0x204 ../../lib/jpeg-6b\libjpeg-6b_lpc2106-cmucam3.a(jmemmgr.o)
 .debug_frame   0x00000b54       0xb8 ../../lib/jpeg-6b\libjpeg-6b_lpc2106-cmucam3.a(jmemnobs.o)
 .debug_frame   0x00000c0c       0x78 ../../lib/jpeg-6b\libjpeg-6b_lpc2106-cmucam3.a(jccoefct.o)
 .debug_frame   0x00000c84      0x128 ../../lib/jpeg-6b\libjpeg-6b_lpc2106-cmucam3.a(jccolor.o)
 .debug_frame   0x00000dac       0x84 ../../lib/jpeg-6b\libjpeg-6b_lpc2106-cmucam3.a(jcdctmgr.o)
 .debug_frame   0x00000e30       0xd8 ../../lib/jpeg-6b\libjpeg-6b_lpc2106-cmucam3.a(jchuff.o)
 .debug_frame   0x00000f08       0x38 ../../lib/jpeg-6b\libjpeg-6b_lpc2106-cmucam3.a(jfdctint.o)
 .debug_frame   0x00000f40      0x104 ../../hal/lpc2106-cmucam3\libhal-lpc2106-cmucam3.a(interrupt.o)
 .debug_frame   0x00001044      0x250 ../../hal/lpc2106-cmucam3\libhal-lpc2106-cmucam3.a(cc3.o)
 .debug_frame   0x00001294       0xac ../../hal/lpc2106-cmucam3\libhal-lpc2106-cmucam3.a(cc3_hal.o)
 .debug_frame   0x00001340      0x1d0 ../../hal/lpc2106-cmucam3\libhal-lpc2106-cmucam3.a(syscalls.o)
 .debug_frame   0x00001510      0x134 ../../hal/lpc2106-cmucam3\libhal-lpc2106-cmucam3.a(serial.o)
 .debug_frame   0x00001644       0x64 ../../hal/lpc2106-cmucam3\libhal-lpc2106-cmucam3.a(servo.o)
 .debug_frame   0x000016a8      0x358 ../../hal/lpc2106-cmucam3\libhal-lpc2106-cmucam3.a(rdcf2.o)
 .debug_frame   0x00001a00       0xcc ../../hal/lpc2106-cmucam3\libhal-lpc2106-cmucam3.a(mmc_hardware.o)
 .debug_frame   0x00001acc      0x114 ../../hal/lpc2106-cmucam3\libhal-lpc2106-cmucam3.a(mmc_driver.o)
 .debug_frame   0x00001be0       0x58 ../../hal/lpc2106-cmucam3\libhal-lpc2106-cmucam3.a(gpio.o)
 .debug_frame   0x00001c38       0x6c ../../hal/lpc2106-cmucam3\libhal-lpc2106-cmucam3.a(devices.o)
 .debug_frame   0x00001ca4       0xf4 ../../hal/lpc2106-cmucam3\libhal-lpc2106-cmucam3.a(uart_driver.o)
 .debug_frame   0x00001d98       0x20 c:/program files/codesourcery/sourcery g++ lite/bin/../lib/gcc/arm-none-eabi/4.5.1\libgcc.a(_udivsi3.o)
 .debug_frame   0x00001db8       0x20 c:/program files/codesourcery/sourcery g++ lite/bin/../lib/gcc/arm-none-eabi/4.5.1\libgcc.a(_divsi3.o)
 .debug_frame   0x00001dd8       0x28 c:/program files/codesourcery/sourcery g++ lite/bin/../lib/gcc/arm-none-eabi/4.5.1/../../../../arm-none-eabi/lib\libc.a(lib_a-calloc.o)
 .debug_frame   0x00001e00       0x28 c:/program files/codesourcery/sourcery g++ lite/bin/../lib/gcc/arm-none-eabi/4.5.1/../../../../arm-none-eabi/lib\libc.a(lib_a-callocr.o)
 .debug_frame   0x00001e28       0x28 c:/program files/codesourcery/sourcery g++ lite/bin/../lib/gcc/arm-none-eabi/4.5.1/../../../../arm-none-eabi/lib\libc.a(lib_a-exit.o)
 .debug_frame   0x00001e50       0x3c c:/program files/codesourcery/sourcery g++ lite/bin/../lib/gcc/arm-none-eabi/4.5.1/../../../../arm-none-eabi/lib\libc.a(lib_a-fclose.o)
 .debug_frame   0x00001e8c       0x48 c:/program files/codesourcery/sourcery g++ lite/bin/../lib/gcc/arm-none-eabi/4.5.1/../../../../arm-none-eabi/lib\libc.a(lib_a-fflush.o)
 .debug_frame   0x00001ed4      0x12c c:/program files/codesourcery/sourcery g++ lite/bin/../lib/gcc/arm-none-eabi/4.5.1/../../../../arm-none-eabi/lib\libc.a(lib_a-findfp.o)