Archive member included because of file (symbol)

../../lib/jpeg-6b\libjpeg-6b_lpc2106-cmucam3.a(jcapimin.o)
                              lpc2106-cmucam3_buildfiles/main.o (jpeg_CreateCompress)
../../lib/jpeg-6b\libjpeg-6b_lpc2106-cmucam3.a(jcapistd.o)
                              lpc2106-cmucam3_buildfiles/main.o (jpeg_start_compress)
../../lib/jpeg-6b\libjpeg-6b_lpc2106-cmucam3.a(jcinit.o)
                              ../../lib/jpeg-6b\libjpeg-6b_lpc2106-cmucam3.a(jcapistd.o) (jinit_compress_master)
../../lib/jpeg-6b\libjpeg-6b_lpc2106-cmucam3.a(jcmainct.o)
                              ../../lib/jpeg-6b\libjpeg-6b_lpc2106-cmucam3.a(jcinit.o) (jinit_c_main_controller)
../../lib/jpeg-6b\libjpeg-6b_lpc2106-cmucam3.a(jcmarker.o)
                              ../../lib/jpeg-6b\libjpeg-6b_lpc2106-cmucam3.a(jcapimin.o) (jinit_marker_writer)
../../lib/jpeg-6b\libjpeg-6b_lpc2106-cmucam3.a(jcmaster.o)
                              ../../lib/jpeg-6b\libjpeg-6b_lpc2106-cmucam3.a(jcinit.o) (jinit_c_master_control)
../../lib/jpeg-6b\libjpeg-6b_lpc2106-cmucam3.a(jcomapi.o)
                              ../../lib/jpeg-6b\libjpeg-6b_lpc2106-cmucam3.a(jcapimin.o) (jpeg_abort)
../../lib/jpeg-6b\libjpeg-6b_lpc2106-cmucam3.a(jcparam.o)
                              lpc2106-cmucam3_buildfiles/main.o (jpeg_set_quality)
../../lib/jpeg-6b\libjpeg-6b_lpc2106-cmucam3.a(jcprepct.o)
                              ../../lib/jpeg-6b\libjpeg-6b_lpc2106-cmucam3.a(jcinit.o) (jinit_c_prep_controller)
../../lib/jpeg-6b\libjpeg-6b_lpc2106-cmucam3.a(jcsample.o)
                              ../../lib/jpeg-6b\libjpeg-6b_lpc2106-cmucam3.a(jcinit.o) (jinit_downsampler)
../../lib/jpeg-6b\libjpeg-6b_lpc2106-cmucam3.a(jdatadst.o)
                              lpc2106-cmucam3_buildfiles/main.o (jpeg_stdio_dest)
../../lib/jpeg-6b\libjpeg-6b_lpc2106-cmucam3.a(jerror.o)
                              lpc2106-cmucam3_buildfiles/main.o (jpeg_std_error)
../../lib/jpeg-6b\libjpeg-6b_lpc2106-cmucam3.a(jutils.o)
                              ../../lib/jpeg-6b\libjpeg-6b_lpc2106-cmucam3.a(jcmaster.o) (jdiv_round_up)
../../lib/jpeg-6b\libjpeg-6b_lpc2106-cmucam3.a(jmemmgr.o)
                              ../../lib/jpeg-6b\libjpeg-6b_lpc2106-cmucam3.a(jcapimin.o) (jinit_memory_mgr)
../../lib/jpeg-6b\libjpeg-6b_lpc2106-cmucam3.a(jmemnobs.o)
                              ../../lib/jpeg-6b\libjpeg-6b_lpc2106-cmucam3.a(jmemmgr.o) (jpeg_get_small)
../../lib/jpeg-6b\libjpeg-6b_lpc2106-cmucam3.a(jccoefct.o)
                              ../../lib/jpeg-6b\libjpeg-6b_lpc2106-cmucam3.a(jcinit.o) (jinit_c_coef_controller)
../../lib/jpeg-6b\libjpeg-6b_lpc2106-cmucam3.a(jccolor.o)
                              ../../lib/jpeg-6b\libjpeg-6b_lpc2106-cmucam3.a(jcinit.o) (jinit_color_converter)
../../lib/jpeg-6b\libjpeg-6b_lpc2106-cmucam3.a(jcdctmgr.o)
                              ../../lib/jpeg-6b\libjpeg-6b_lpc2106-cmucam3.a(jcinit.o) (jinit_forward_dct)
../../lib/jpeg-6b\libjpeg-6b_lpc2106-cmucam3.a(jchuff.o)
                              ../../lib/jpeg-6b\libjpeg-6b_lpc2106-cmucam3.a(jcinit.o) (jinit_huff_encoder)
../../lib/jpeg-6b\libjpeg-6b_lpc2106-cmucam3.a(jfdctint.o)
                              ../../lib/jpeg-6b\libjpeg-6b_lpc2106-cmucam3.a(jcdctmgr.o) (jpeg_fdct_islow)
../../hal/lpc2106-cmucam3\libhal-lpc2106-cmucam3.a(interrupt.o)
                              (--whole-archive)
../../hal/lpc2106-cmucam3\libhal-lpc2106-cmucam3.a(cc3.o)
                              (--whole-archive)
../../hal/lpc2106-cmucam3\libhal-lpc2106-cmucam3.a(cc3_hal.o)
                              (--whole-archive)
../../hal/lpc2106-cmucam3\libhal-lpc2106-cmucam3.a(syscalls.o)
                              (--whole-archive)
../../hal/lpc2106-cmucam3\libhal-lpc2106-cmucam3.a(serial.o)
                              (--whole-archive)
../../hal/lpc2106-cmucam3\libhal-lpc2106-cmucam3.a(servo.o)
                              (--whole-archive)
../../hal/lpc2106-cmucam3\libhal-lpc2106-cmucam3.a(rdcf2.o)
                              (--whole-archive)
../../hal/lpc2106-cmucam3\libhal-lpc2106-cmucam3.a(mmc_hardware.o)
                              (--whole-archive)
../../hal/lpc2106-cmucam3\libhal-lpc2106-cmucam3.a(mmc_driver.o)
                              (--whole-archive)
../../hal/lpc2106-cmucam3\libhal-lpc2106-cmucam3.a(gpio.o)
                              (--whole-archive)
../../hal/lpc2106-cmucam3\libhal-lpc2106-cmucam3.a(devices.o)
                              (--whole-archive)
../../hal/lpc2106-cmucam3\libhal-lpc2106-cmucam3.a(uart_driver.o)
                              (--whole-archive)
../../hal/lpc2106-cmucam3\libhal-lpc2106-cmucam3.a(startup.o)
                              (--whole-archive)
c:/program files/codesourcery/sourcery g++ lite/bin/../lib/gcc/arm-none-eabi/4.5.1\libgcc.a(_udivsi3.o)
                              ../../lib/jpeg-6b\libjpeg-6b_lpc2106-cmucam3.a(jmemmgr.o) (__aeabi_uidiv)
[...]
Memory Configuration

Name             Origin             Length             Attributes
ROM              0x00000000         0x0001e000         xr
RAM              0x40000000         0x00010000         rw
*default*        0x00000000         0xffffffff

Linker script and memory map

LOAD c:/program files/codesourcery/sourcery g++ lite/bin/../lib/gcc/arm-none-eabi/4.5.1/crti.o
LOAD c:/program files/codesourcery/sourcery g++ lite/bin/../lib/gcc/arm-none-eabi/4.5.1/crtbegin.o
LOAD lpc2106-cmucam3_buildfiles/main.o
LOAD ../../lib/cc3-ilp\libcc3-ilp_lpc2106-cmucam3.a
LOAD ../../lib/jpeg-6b\libjpeg-6b_lpc2106-cmucam3.a
LOAD ../../hal/lpc2106-cmucam3\libhal-lpc2106-cmucam3.a
LOAD c:/program files/codesourcery/sourcery g++ lite/bin/../lib/gcc/arm-none-eabi/4.5.1/../../../../arm-none-eabi/lib\libm.a
START GROUP
LOAD c:/program files/codesourcery/sourcery g++ lite/bin/../lib/gcc/arm-none-eabi/4.5.1\libgcc.a
LOAD c:/program files/codesourcery/sourcery g++ lite/bin/../lib/gcc/arm-none-eabi/4.5.1/../../../../arm-none-eabi/lib\libc.a
END GROUP
LOAD c:/program files/codesourcery/sourcery g++ lite/bin/../lib/gcc/arm-none-eabi/4.5.1/crtend.o
LOAD c:/program files/codesourcery/sourcery g++ lite/bin/../lib/gcc/arm-none-eabi/4.5.1/crtn.o
                0x00002400                STACK_SIZE = 0x2400

.text           0x00000000    0x170a4
 *(.boot)
 .boot          0x00000000      0x140 ../../hal/lpc2106-cmucam3\libhal-lpc2106-cmucam3.a(startup.o)
                0x00000000                _boot
                0x0000006c                _start
                0x0000006c                start
                0x0000006c                _mainCRTStartup
 *(.text .text.* .gnu.linkonce.t.*)
 .text          0x00000140       0x50 c:/program files/codesourcery/sourcery g++ lite/bin/../lib/gcc/arm-none-eabi/4.5.1/crtbegin.o
 .text.DestroyJPEG
                0x00000190       0x28 lpc2106-cmucam3_buildfiles/main.o
 .text.main     0x000001b8      0x3f0 lpc2106-cmucam3_buildfiles/main.o
                0x000001b8                main
 .text.jpeg_CreateCompress
                0x000005a8      0x114 ../../lib/jpeg-6b\libjpeg-6b_lpc2106-cmucam3.a(jcapimin.o)
                0x000005a8                jpeg_CreateCompress
 .text.jpeg_destroy_compress
                0x000006bc       0x10 ../../lib/jpeg-6b\libjpeg-6b_lpc2106-cmucam3.a(jcapimin.o)
                0x000006bc                jpeg_destroy_compress
 .text.jpeg_suppress_tables
                0x000006cc       0x94 ../../lib/jpeg-6b\libjpeg-6b_lpc2106-cmucam3.a(jcapimin.o)
                0x000006cc                jpeg_suppress_tables
 .text.jpeg_finish_compress
                0x00000760      0x18c ../../lib/jpeg-6b\libjpeg-6b_lpc2106-cmucam3.a(jcapimin.o)
                0x00000760                jpeg_finish_compress
 .text.jpeg_start_compress
                0x000008ec       0xb8 ../../lib/jpeg-6b\libjpeg-6b_lpc2106-cmucam3.a(jcapistd.o)
                0x000008ec                jpeg_start_compress
 .text.jpeg_write_scanlines
                0x000009a4      0x114 ../../lib/jpeg-6b\libjpeg-6b_lpc2106-cmucam3.a(jcapistd.o)
                0x000009a4                jpeg_write_scanlines
 .text.jinit_compress_master
                0x00000ab8      0x10c ../../lib/jpeg-6b\libjpeg-6b_lpc2106-cmucam3.a(jcinit.o)
                0x00000ab8                jinit_compress_master
 .text.start_pass_main
                0x00000bc4       0x5c ../../lib/jpeg-6b\libjpeg-6b_lpc2106-cmucam3.a(jcmainct.o)
 .text.process_data_simple_main
                0x00000c20      0x114 ../../lib/jpeg-6b\libjpeg-6b_lpc2106-cmucam3.a(jcmainct.o)
 .text.jinit_c_main_controller
                0x00000d34       0xc4 ../../lib/jpeg-6b\libjpeg-6b_lpc2106-cmucam3.a(jcmainct.o)
                0x00000d34                jinit_c_main_controller
 .text.emit_byte
                0x00000df8       0x68 ../../lib/jpeg-6b\libjpeg-6b_lpc2106-cmucam3.a(jcmarker.o)
 .text.emit_marker
                0x00000e60       0x24 ../../lib/jpeg-6b\libjpeg-6b_lpc2106-cmucam3.a(jcmarker.o)
 .text.emit_2bytes
                0x00000e84       0x28 ../../lib/jpeg-6b\libjpeg-6b_lpc2106-cmucam3.a(jcmarker.o)
 .text.emit_dqt
                0x00000eac      0x164 ../../lib/jpeg-6b\libjpeg-6b_lpc2106-cmucam3.a(jcmarker.o)
 .text.emit_dht
                0x00001010      0x24c ../../lib/jpeg-6b\libjpeg-6b_lpc2106-cmucam3.a(jcmarker.o)
 .text.emit_sof
                0x0000125c       0xf8 ../../lib/jpeg-6b\libjpeg-6b_lpc2106-cmucam3.a(jcmarker.o)
 .text.write_marker_header
                0x00001354       0x54 ../../lib/jpeg-6b\libjpeg-6b_lpc2106-cmucam3.a(jcmarker.o)
 .text.write_marker_byte
                0x000013a8        0x4 ../../lib/jpeg-6b\libjpeg-6b_lpc2106-cmucam3.a(jcmarker.o)
 .text.write_file_header
                0x000013ac      0x1a4 ../../lib/jpeg-6b\libjpeg-6b_lpc2106-cmucam3.a(jcmarker.o)
 .text.write_frame_header
                0x00001550      0x1a4 ../../lib/jpeg-6b\libjpeg-6b_lpc2106-cmucam3.a(jcmarker.o)
 .text.write_scan_header
                0x000016f4      0x1c4 ../../lib/jpeg-6b\libjpeg-6b_lpc2106-cmucam3.a(jcmarker.o)
 .text.write_file_trailer
                0x000018b8        0x8 ../../lib/jpeg-6b\libjpeg-6b_lpc2106-cmucam3.a(jcmarker.o)
 .text.write_tables_only
                0x000018c0      0x138 ../../lib/jpeg-6b\libjpeg-6b_lpc2106-cmucam3.a(jcmarker.o)
 .text.jinit_marker_writer
                0x000019f8       0x88 ../../lib/jpeg-6b\libjpeg-6b_lpc2106-cmucam3.a(jcmarker.o)
                0x000019f8                jinit_marker_writer
 .text.pass_startup
                0x00001a80       0x40 ../../lib/jpeg-6b\libjpeg-6b_lpc2106-cmucam3.a(jcmaster.o)
 .text.finish_pass_master
                0x00001ac0       0x8c ../../lib/jpeg-6b\libjpeg-6b_lpc2106-cmucam3.a(jcmaster.o)
 .text.per_scan_setup
                0x00001b4c      0x210 ../../lib/jpeg-6b\libjpeg-6b_lpc2106-cmucam3.a(jcmaster.o)
 .text.prepare_for_pass
                0x00001d5c      0x364 ../../lib/jpeg-6b\libjpeg-6b_lpc2106-cmucam3.a(jcmaster.o)
 .text.jinit_c_master_control
                0x000020c0      0x350 ../../lib/jpeg-6b\libjpeg-6b_lpc2106-cmucam3.a(jcmaster.o)
                0x000020c0                jinit_c_master_control
 .text.jpeg_abort
                0x00002410       0x4c ../../lib/jpeg-6b\libjpeg-6b_lpc2106-cmucam3.a(jcomapi.o)
                0x00002410                jpeg_abort
 .text.jpeg_destroy
                0x0000245c       0x30 ../../lib/jpeg-6b\libjpeg-6b_lpc2106-cmucam3.a(jcomapi.o)
                0x0000245c                jpeg_destroy
 .text.jpeg_alloc_quant_table
                0x0000248c       0x2c ../../lib/jpeg-6b\libjpeg-6b_lpc2106-cmucam3.a(jcomapi.o)
                0x0000248c                jpeg_alloc_quant_table
 .text.jpeg_alloc_huff_table
                0x000024b8       0x2c ../../lib/jpeg-6b\libjpeg-6b_lpc2106-cmucam3.a(jcomapi.o)
                0x000024b8                jpeg_alloc_huff_table
 .text.add_huff_table
                0x000024e4      0x10c ../../lib/jpeg-6b\libjpeg-6b_lpc2106-cmucam3.a(jcparam.o)
 .text.jpeg_add_quant_table
                0x000025f0      0x19c ../../lib/jpeg-6b\libjpeg-6b_lpc2106-cmucam3.a(jcparam.o)
                0x000025f0                jpeg_add_quant_table
 .text.jpeg_set_linear_quality
                0x0000278c       0x54 ../../lib/jpeg-6b\libjpeg-6b_lpc2106-cmucam3.a(jcparam.o)
                0x0000278c                jpeg_set_linear_quality
 .text.jpeg_set_quality
                0x000027e0       0x60 ../../lib/jpeg-6b\libjpeg-6b_lpc2106-cmucam3.a(jcparam.o)
                0x000027e0                jpeg_set_quality
 .text.jpeg_set_colorspace
                0x00002840      0x3bc ../../lib/jpeg-6b\libjpeg-6b_lpc2106-cmucam3.a(jcparam.o)
                0x00002840                jpeg_set_colorspace
 .text.jpeg_default_colorspace
                0x00002bfc       0x88 ../../lib/jpeg-6b\libjpeg-6b_lpc2106-cmucam3.a(jcparam.o)
                0x00002bfc                jpeg_default_colorspace
 .text.jpeg_set_defaults
                0x00002c84      0x210 ../../lib/jpeg-6b\libjpeg-6b_lpc2106-cmucam3.a(jcparam.o)
                0x00002c84                jpeg_set_defaults
 .text.start_pass_prep
                0x00002e94       0x40 ../../lib/jpeg-6b\libjpeg-6b_lpc2106-cmucam3.a(jcprepct.o)
 .text.expand_bottom_edge
                0x00002ed4       0xcc ../../lib/jpeg-6b\libjpeg-6b_lpc2106-cmucam3.a(jcprepct.o)
 .text.pre_process_data
                0x00002fa0      0x1e0 ../../lib/jpeg-6b\libjpeg-6b_lpc2106-cmucam3.a(jcprepct.o)
 .text.jinit_c_prep_controller
                0x00003180      0x100 ../../lib/jpeg-6b\libjpeg-6b_lpc2106-cmucam3.a(jcprepct.o)
                0x00003180                jinit_c_prep_controller
 .text.start_pass_downsample
                0x00003280        0x4 ../../lib/jpeg-6b\libjpeg-6b_lpc2106-cmucam3.a(jcsample.o)
 .text.expand_right_edge
                0x00003284       0x8c ../../lib/jpeg-6b\libjpeg-6b_lpc2106-cmucam3.a(jcsample.o)
 .text.sep_downsample
                0x00003310       0x7c ../../lib/jpeg-6b\libjpeg-6b_lpc2106-cmucam3.a(jcsample.o)
 .text.int_downsample
                0x0000338c      0x1a8 ../../lib/jpeg-6b\libjpeg-6b_lpc2106-cmucam3.a(jcsample.o)
 .text.h2v1_downsample
                0x00003534      0x11c ../../lib/jpeg-6b\libjpeg-6b_lpc2106-cmucam3.a(jcsample.o)
 .text.h2v2_downsample
                0x00003650      0x194 ../../lib/jpeg-6b\libjpeg-6b_lpc2106-cmucam3.a(jcsample.o)
 .text.fullsize_downsample
                0x000037e4       0x58 ../../lib/jpeg-6b\libjpeg-6b_lpc2106-cmucam3.a(jcsample.o)
 .text.jinit_downsampler
                0x0000383c      0x174 ../../lib/jpeg-6b\libjpeg-6b_lpc2106-cmucam3.a(jcsample.o)
                0x0000383c                jinit_downsampler
 .text.init_destination
                0x000039b0       0x34 ../../lib/jpeg-6b\libjpeg-6b_lpc2106-cmucam3.a(jdatadst.o)
 .text.empty_output_buffer
                0x000039e4       0x60 ../../lib/jpeg-6b\libjpeg-6b_lpc2106-cmucam3.a(jdatadst.o)
 .text.term_destination
                0x00003a44       0x90 ../../lib/jpeg-6b\libjpeg-6b_lpc2106-cmucam3.a(jdatadst.o)
 .text.jpeg_stdio_dest
                0x00003ad4       0x6c ../../lib/jpeg-6b\libjpeg-6b_lpc2106-cmucam3.a(jdatadst.o)
                0x00003ad4                jpeg_stdio_dest
 .text.emit_message
                0x00003b40       0x70 ../../lib/jpeg-6b\libjpeg-6b_lpc2106-cmucam3.a(jerror.o)
 .text.reset_error_mgr
                0x00003bb0       0x14 ../../lib/jpeg-6b\libjpeg-6b_lpc2106-cmucam3.a(jerror.o)
 .text.format_message
                0x00003bc4       0xec ../../lib/jpeg-6b\libjpeg-6b_lpc2106-cmucam3.a(jerror.o)
 .text.output_message
                0x00003cb0       0x48 ../../lib/jpeg-6b\libjpeg-6b_lpc2106-cmucam3.a(jerror.o)
 .text.error_exit
                0x00003cf8       0x28 ../../lib/jpeg-6b\libjpeg-6b_lpc2106-cmucam3.a(jerror.o)
 .text.jpeg_std_error
                0x00003d20       0x70 ../../lib/jpeg-6b\libjpeg-6b_lpc2106-cmucam3.a(jerror.o)
                0x00003d20                jpeg_std_error
 .text.jdiv_round_up
                0x00003d90       0x18 ../../lib/jpeg-6b\libjpeg-6b_lpc2106-cmucam3.a(jutils.o)
                0x00003d90                jdiv_round_up
 .text.jcopy_sample_rows
                0x00003da8       0xa4 ../../lib/jpeg-6b\libjpeg-6b_lpc2106-cmucam3.a(jutils.o)
                0x00003da8                jcopy_sample_rows
 .text.jzero_far
                0x00003e4c       0x18 ../../lib/jpeg-6b\libjpeg-6b_lpc2106-cmucam3.a(jutils.o)
                0x00003e4c                jzero_far
 .text.do_sarray_io
                0x00003e64      0x140 ../../lib/jpeg-6b\libjpeg-6b_lpc2106-cmucam3.a(jmemmgr.o)
 .text.do_barray_io
                0x00003fa4      0x144 ../../lib/jpeg-6b\libjpeg-6b_lpc2106-cmucam3.a(jmemmgr.o)
 .text.alloc_small
                0x000040e8      0x1c4 ../../lib/jpeg-6b\libjpeg-6b_lpc2106-cmucam3.a(jmemmgr.o)
 .text.request_virt_barray
                0x000042ac       0x88 ../../lib/jpeg-6b\libjpeg-6b_lpc2106-cmucam3.a(jmemmgr.o)
 .text.request_virt_sarray
                0x00004334       0x88 ../../lib/jpeg-6b\libjpeg-6b_lpc2106-cmucam3.a(jmemmgr.o)
 .text.free_pool
                0x000043bc      0x1a4 ../../lib/jpeg-6b\libjpeg-6b_lpc2106-cmucam3.a(jmemmgr.o)
 .text.self_destruct
                0x00004560       0x44 ../../lib/jpeg-6b\libjpeg-6b_lpc2106-cmucam3.a(jmemmgr.o)
 .text.access_virt_barray
                0x000045a4      0x270 ../../lib/jpeg-6b\libjpeg-6b_lpc2106-cmucam3.a(jmemmgr.o)
 .text.access_virt_sarray
                0x00004814      0x26c ../../lib/jpeg-6b\libjpeg-6b_lpc2106-cmucam3.a(jmemmgr.o)
 .text.alloc_large
                0x00004a80       0xf8 ../../lib/jpeg-6b\libjpeg-6b_lpc2106-cmucam3.a(jmemmgr.o)
 .text.alloc_barray
                0x00004b78      0x128 ../../lib/jpeg-6b\libjpeg-6b_lpc2106-cmucam3.a(jmemmgr.o)
 .text.alloc_sarray
                0x00004ca0      0x128 ../../lib/jpeg-6b\libjpeg-6b_lpc2106-cmucam3.a(jmemmgr.o)
 .text.realize_virt_arrays
                0x00004dc8      0x258 ../../lib/jpeg-6b\libjpeg-6b_lpc2106-cmucam3.a(jmemmgr.o)
 .text.jinit_memory_mgr
                0x00005020      0x11c ../../lib/jpeg-6b\libjpeg-6b_lpc2106-cmucam3.a(jmemmgr.o)
                0x00005020                jinit_memory_mgr
 .text.jpeg_get_small
                0x0000513c       0x14 ../../lib/jpeg-6b\libjpeg-6b_lpc2106-cmucam3.a(jmemnobs.o)
                0x0000513c                jpeg_get_small
 .text.jpeg_free_small
                0x00005150       0x14 ../../lib/jpeg-6b\libjpeg-6b_lpc2106-cmucam3.a(jmemnobs.o)
                0x00005150                jpeg_free_small
 .text.jpeg_get_large
                0x00005164       0x14 ../../lib/jpeg-6b\libjpeg-6b_lpc2106-cmucam3.a(jmemnobs.o)
                0x00005164                jpeg_get_large
 .text.jpeg_free_large
                0x00005178       0x14 ../../lib/jpeg-6b\libjpeg-6b_lpc2106-cmucam3.a(jmemnobs.o)
                0x00005178                jpeg_free_large
 .text.jpeg_mem_available
                0x0000518c        0x8 ../../lib/jpeg-6b\libjpeg-6b_lpc2106-cmucam3.a(jmemnobs.o)
                0x0000518c                jpeg_mem_available
 .text.jpeg_open_backing_store
                0x00005194       0x24 ../../lib/jpeg-6b\libjpeg-6b_lpc2106-cmucam3.a(jmemnobs.o)
                0x00005194                jpeg_open_backing_store
 .text.jpeg_mem_init
                0x000051b8        0x8 ../../lib/jpeg-6b\libjpeg-6b_lpc2106-cmucam3.a(jmemnobs.o)
                0x000051b8                jpeg_mem_init
 .text.jpeg_mem_term
                0x000051c0        0x4 ../../lib/jpeg-6b\libjpeg-6b_lpc2106-cmucam3.a(jmemnobs.o)
                0x000051c0                jpeg_mem_term
 .text.start_pass_coef
                0x000051c4       0xa4 ../../lib/jpeg-6b\libjpeg-6b_lpc2106-cmucam3.a(jccoefct.o)
 .text.compress_data
                0x00005268      0x380 ../../lib/jpeg-6b\libjpeg-6b_lpc2106-cmucam3.a(jccoefct.o)
 .text.jinit_c_coef_controller
                0x000055e8       0xd4 ../../lib/jpeg-6b\libjpeg-6b_lpc2106-cmucam3.a(jccoefct.o)
                0x000055e8                jinit_c_coef_controller
 .text.rgb_ycc_start
                0x000056bc      0x21c ../../lib/jpeg-6b\libjpeg-6b_lpc2106-cmucam3.a(jccolor.o)
 .text.rgb_ycc_convert
                0x000058d8      0x2d0 ../../lib/jpeg-6b\libjpeg-6b_lpc2106-cmucam3.a(jccolor.o)
 .text.rgb_gray_convert
                0x00005ba8      0x150 ../../lib/jpeg-6b\libjpeg-6b_lpc2106-cmucam3.a(jccolor.o)
 .text.cmyk_ycck_convert
                0x00005cf8      0x148 ../../lib/jpeg-6b\libjpeg-6b_lpc2106-cmucam3.a(jccolor.o)
 .text.grayscale_convert
                0x00005e40       0xac ../../lib/jpeg-6b\libjpeg-6b_lpc2106-cmucam3.a(jccolor.o)
 .text.null_convert
                0x00005eec       0xe4 ../../lib/jpeg-6b\libjpeg-6b_lpc2106-cmucam3.a(jccolor.o)
 .text.null_method
                0x00005fd0        0x4 ../../lib/jpeg-6b\libjpeg-6b_lpc2106-cmucam3.a(jccolor.o)
 .text.jinit_color_converter
                0x00005fd4      0x308 ../../lib/jpeg-6b\libjpeg-6b_lpc2106-cmucam3.a(jccolor.o)
                0x00005fd4                jinit_color_converter
 .text.start_pass_fdctmgr
                0x000062dc      0x144 ../../lib/jpeg-6b\libjpeg-6b_lpc2106-cmucam3.a(jcdctmgr.o)
 .text.forward_DCT
                0x00006420      0x4c0 ../../lib/jpeg-6b\libjpeg-6b_lpc2106-cmucam3.a(jcdctmgr.o)
 .text.jinit_forward_dct
                0x000068e0       0x94 ../../lib/jpeg-6b\libjpeg-6b_lpc2106-cmucam3.a(jcdctmgr.o)
                0x000068e0                jinit_forward_dct
 .text.finish_pass_huff
                0x00006974      0x28c ../../lib/jpeg-6b\libjpeg-6b_lpc2106-cmucam3.a(jchuff.o)
 .text.encode_mcu_huff
                0x00006c00     0x1288 ../../lib/jpeg-6b\libjpeg-6b_lpc2106-cmucam3.a(jchuff.o)
 .text.jpeg_make_c_derived_tbl
                0x00007e88      0x430 ../../lib/jpeg-6b\libjpeg-6b_lpc2106-cmucam3.a(jchuff.o)
                0x00007e88                jpeg_make_c_derived_tbl
 .text.start_pass_huff
                0x000082b8       0xdc ../../lib/jpeg-6b\libjpeg-6b_lpc2106-cmucam3.a(jchuff.o)
 .text.jinit_huff_encoder
                0x00008394       0x5c ../../lib/jpeg-6b\libjpeg-6b_lpc2106-cmucam3.a(jchuff.o)
                0x00008394                jinit_huff_encoder
 .text.jpeg_fdct_islow
                0x000083f0      0x6cc ../../lib/jpeg-6b\libjpeg-6b_lpc2106-cmucam3.a(jfdctint.o)
                0x000083f0                jpeg_fdct_islow
 .text.panic_blink
                0x00008abc       0x6c ../../hal/lpc2106-cmucam3\libhal-lpc2106-cmucam3.a(interrupt.o)
 .text.enable_ext_interrupt
                0x00008b28       0x20 ../../hal/lpc2106-cmucam3\libhal-lpc2106-cmucam3.a(interrupt.o)
                0x00008b28                enable_ext_interrupt
 .text.enable_button_interrupt
                0x00008b48       0x28 ../../hal/lpc2106-cmucam3\libhal-lpc2106-cmucam3.a(interrupt.o)
                0x00008b48                enable_button_interrupt
 .text.disable_button_interrupt
                0x00008b70       0x30 ../../hal/lpc2106-cmucam3\libhal-lpc2106-cmucam3.a(interrupt.o)
                0x00008b70                disable_button_interrupt
 .text.interrupt
                0x00008ba0       0xc0 ../../hal/lpc2106-cmucam3\libhal-lpc2106-cmucam3.a(interrupt.o)
                0x00008ba0                interrupt
 .text.swi      0x00008c60       0x18 ../../hal/lpc2106-cmucam3\libhal-lpc2106-cmucam3.a(interrupt.o)
                0x00008c60                swi
 .text.undefined
                0x00008c78        0x8 ../../hal/lpc2106-cmucam3\libhal-lpc2106-cmucam3.a(interrupt.o)
                0x00008c78                undefined
 .text.prefetch_abort
                0x00008c80       0x28 ../../hal/lpc2106-cmucam3\libhal-lpc2106-cmucam3.a(interrupt.o)
                0x00008c80                prefetch_abort
 .text.data_abort
                0x00008ca8       0x28 ../../hal/lpc2106-cmucam3\libhal-lpc2106-cmucam3.a(interrupt.o)
                0x00008ca8                data_abort
 .text._cc3_set_cam_ddr_sccb_write
                0x00008cd0       0x24 ../../hal/lpc2106-cmucam3\libhal-lpc2106-cmucam3.a(cc3.o)
 .text._cc3_set_cam_ddr_sccb_idle
                0x00008cf4       0x24 ../../hal/lpc2106-cmucam3\libhal-lpc2106-cmucam3.a(cc3.o)
 .text.cc3_pixbuf_rewind
                0x00008d18       0xec ../../hal/lpc2106-cmucam3\libhal-lpc2106-cmucam3.a(cc3.o)
                0x00008d18                cc3_pixbuf_rewind
 .text.cc3_pixbuf_load
                0x00008e04       0x9c ../../hal/lpc2106-cmucam3\libhal-lpc2106-cmucam3.a(cc3.o)
                0x00008e04                cc3_pixbuf_load
 .text.cc3_led_set_state
                0x00008ea0       0x8c ../../hal/lpc2106-cmucam3\libhal-lpc2106-cmucam3.a(cc3.o)
                0x00008ea0                cc3_led_set_state
 .text.cc3_malloc_rows
                0x00008f2c       0x28 ../../hal/lpc2106-cmucam3\libhal-lpc2106-cmucam3.a(cc3.o)
                0x00008f2c                cc3_malloc_rows
 .text.cc3_pixbuf_read_rows
                0x00008f54      0x970 ../../hal/lpc2106-cmucam3\libhal-lpc2106-cmucam3.a(cc3.o)
                0x00008f54                cc3_pixbuf_read_rows
 .text.cc3_timer_wait_ms
                0x000098c4       0x20 ../../hal/lpc2106-cmucam3\libhal-lpc2106-cmucam3.a(cc3.o)
                0x000098c4                cc3_timer_wait_ms
 .text.cc3_pixbuf_frame_reset
                0x000098e4       0x5c ../../hal/lpc2106-cmucam3\libhal-lpc2106-cmucam3.a(cc3.o)
                0x000098e4                cc3_pixbuf_frame_reset
 .text.cc3_camera_set_raw_register
                0x00009940      0x164 ../../hal/lpc2106-cmucam3\libhal-lpc2106-cmucam3.a(cc3.o)
                0x00009940                cc3_camera_set_raw_register
 .text._cc3_set_register_state
                0x00009aa4      0x140 ../../hal/lpc2106-cmucam3\libhal-lpc2106-cmucam3.a(cc3.o)
 .text.cc3_camera_init
                0x00009be4       0x88 ../../hal/lpc2106-cmucam3\libhal-lpc2106-cmucam3.a(cc3.o)
                0x00009be4                cc3_camera_init
 .text.cc3_camera_set_resolution
                0x00009c6c       0x10 ../../hal/lpc2106-cmucam3\libhal-lpc2106-cmucam3.a(cc3.o)
                0x00009c6c                cc3_camera_set_resolution
 .text.cc3_camera_set_colorspace
                0x00009c7c       0x10 ../../hal/lpc2106-cmucam3\libhal-lpc2106-cmucam3.a(cc3.o)
                0x00009c7c                cc3_camera_set_colorspace
 .text.cc3_camera_set_auto_exposure
                0x00009c8c       0x10 ../../hal/lpc2106-cmucam3\libhal-lpc2106-cmucam3.a(cc3.o)
                0x00009c8c                cc3_camera_set_auto_exposure
 .text.cc3_camera_set_auto_white_balance
                0x00009c9c       0x10 ../../hal/lpc2106-cmucam3\libhal-lpc2106-cmucam3.a(cc3.o)
                0x00009c9c                cc3_camera_set_auto_white_balance
 .text._cc3_system_setup
                0x00009cac       0xa8 ../../hal/lpc2106-cmucam3\libhal-lpc2106-cmucam3.a(cc3_hal.o)
                0x00009cac                _cc3_system_setup
 .text._cc3_delay_us_4
                0x00009d54       0x60 ../../hal/lpc2106-cmucam3\libhal-lpc2106-cmucam3.a(cc3_hal.o)
                0x00009d54                _cc3_delay_us_4
 .text._cc3_fifo_reset
                0x00009db4       0x60 ../../hal/lpc2106-cmucam3\libhal-lpc2106-cmucam3.a(cc3_hal.o)
                0x00009db4                _cc3_fifo_reset
 .text._cc3_camera_reset
                0x00009e14       0x38 ../../hal/lpc2106-cmucam3\libhal-lpc2106-cmucam3.a(cc3_hal.o)
                0x00009e14                _cc3_camera_reset
 .text._cc3_delay_sccb
                0x00009e4c       0x38 ../../hal/lpc2106-cmucam3\libhal-lpc2106-cmucam3.a(cc3_hal.o)
                0x00009e4c                _cc3_delay_sccb
 .text._cc3_pixbuf_write_rewind
                0x00009e84       0x30 ../../hal/lpc2106-cmucam3\libhal-lpc2106-cmucam3.a(cc3_hal.o)
                0x00009e84                _cc3_pixbuf_write_rewind
 .text.normalize_filename
                0x00009eb4       0x60 ../../hal/lpc2106-cmucam3\libhal-lpc2106-cmucam3.a(syscalls.o)
 .text._write   0x00009f14       0x58 ../../hal/lpc2106-cmucam3\libhal-lpc2106-cmucam3.a(syscalls.o)
                0x00009f14                _write
 .text._read    0x00009f6c       0x58 ../../hal/lpc2106-cmucam3\libhal-lpc2106-cmucam3.a(syscalls.o)
                0x00009f6c                _read
 .text._exit    0x00009fc4        0x4 ../../hal/lpc2106-cmucam3\libhal-lpc2106-cmucam3.a(syscalls.o)
                0x00009fc4                _exit
 .text._close   0x00009fc8       0x48 ../../hal/lpc2106-cmucam3\libhal-lpc2106-cmucam3.a(syscalls.o)
                0x00009fc8                _close
 .text._lseek   0x0000a010       0x58 ../../hal/lpc2106-cmucam3\libhal-lpc2106-cmucam3.a(syscalls.o)
                0x0000a010                _lseek
 .text._fstat   0x0000a068       0x50 ../../hal/lpc2106-cmucam3\libhal-lpc2106-cmucam3.a(syscalls.o)
                0x0000a068                _fstat
 .text._isatty  0x0000a0b8       0x2c ../../hal/lpc2106-cmucam3\libhal-lpc2106-cmucam3.a(syscalls.o)
                0x0000a0b8                _isatty
 .text._open    0x0000a0e4       0x8c ../../hal/lpc2106-cmucam3\libhal-lpc2106-cmucam3.a(syscalls.o)
                0x0000a0e4                _open
 .text._gettimeofday
                0x0000a170        0x8 ../../hal/lpc2106-cmucam3\libhal-lpc2106-cmucam3.a(syscalls.o)
                0x0000a170                _gettimeofday
 .text._sbrk    0x0000a178       0x4c ../../hal/lpc2106-cmucam3\libhal-lpc2106-cmucam3.a(syscalls.o)
                0x0000a178                _sbrk
 .text._cc3_uart0_setup
                0x0000a1c4       0x60 ../../hal/lpc2106-cmucam3\libhal-lpc2106-cmucam3.a(serial.o)
                0x0000a1c4                _cc3_uart0_setup
 .text._cc3_uart1_setup
                0x0000a224       0x60 ../../hal/lpc2106-cmucam3\libhal-lpc2106-cmucam3.a(serial.o)
                0x0000a224                _cc3_uart1_setup
 .text.cc3_uart_get_count
                0x0000a284        0x8 ../../hal/lpc2106-cmucam3\libhal-lpc2106-cmucam3.a(serial.o)
                0x0000a284                cc3_uart_get_count
 .text.cc3_uart_init
                0x0000a28c       0xe8 ../../hal/lpc2106-cmucam3\libhal-lpc2106-cmucam3.a(serial.o)
                0x0000a28c                cc3_uart_init
 .text.uart0_putc
                0x0000a374       0x20 ../../hal/lpc2106-cmucam3\libhal-lpc2106-cmucam3.a(serial.o)
                0x0000a374                uart0_putc
 .text.uart1_putc
                0x0000a394       0x20 ../../hal/lpc2106-cmucam3\libhal-lpc2106-cmucam3.a(serial.o)
                0x0000a394                uart1_putc
 .text.uart0_getc
                0x0000a3b4       0x20 ../../hal/lpc2106-cmucam3\libhal-lpc2106-cmucam3.a(serial.o)
                0x0000a3b4                uart0_getc
 .text.uart1_getc
                0x0000a3d4       0x20 ../../hal/lpc2106-cmucam3\libhal-lpc2106-cmucam3.a(serial.o)
                0x0000a3d4                uart1_getc
 .text.uart0_write
                0x0000a3f4       0x34 ../../hal/lpc2106-cmucam3\libhal-lpc2106-cmucam3.a(serial.o)
                0x0000a3f4                uart0_write
 .text.uart0_write_hex
                0x0000a428      0x158 ../../hal/lpc2106-cmucam3\libhal-lpc2106-cmucam3.a(serial.o)
                0x0000a428                uart0_write_hex
 .text._cc3_servo_int
                0x0000a580      0x1c8 ../../hal/lpc2106-cmucam3\libhal-lpc2106-cmucam3.a(servo.o)
                0x0000a580                _cc3_servo_int
 .text.name_extension_to_spec
                0x0000a748       0xd4 ../../hal/lpc2106-cmucam3\libhal-lpc2106-cmucam3.a(rdcf2.o)
 .text.rdcf_get_date_and_time
                0x0000a81c       0xa8 ../../hal/lpc2106-cmucam3\libhal-lpc2106-cmucam3.a(rdcf2.o)
 .text.check_cluster
                0x0000a8c4       0x30 ../../hal/lpc2106-cmucam3\libhal-lpc2106-cmucam3.a(rdcf2.o)
 .text.first_sector_in_cluster
                0x0000a8f4       0x28 ../../hal/lpc2106-cmucam3\libhal-lpc2106-cmucam3.a(rdcf2.o)
 .text.check_file_character
                0x0000a91c       0x34 ../../hal/lpc2106-cmucam3\libhal-lpc2106-cmucam3.a(rdcf2.o)
 .text.spec_to_name_extension
                0x0000a950      0x1b4 ../../hal/lpc2106-cmucam3\libhal-lpc2106-cmucam3.a(rdcf2.o)
 .text.write_sector
                0x0000ab04       0x40 ../../hal/lpc2106-cmucam3\libhal-lpc2106-cmucam3.a(rdcf2.o)
 .text.flush_buffer
                0x0000ab44       0x6c ../../hal/lpc2106-cmucam3\libhal-lpc2106-cmucam3.a(rdcf2.o)
 .text.read_buffer
                0x0000abb0       0x70 ../../hal/lpc2106-cmucam3\libhal-lpc2106-cmucam3.a(rdcf2.o)
 .text.find_directory
                0x0000ac20       0x50 ../../hal/lpc2106-cmucam3\libhal-lpc2106-cmucam3.a(rdcf2.o)
 .text.update_directory_entry
                0x0000ac70       0xdc ../../hal/lpc2106-cmucam3\libhal-lpc2106-cmucam3.a(rdcf2.o)
 .text.set_FAT_entry
                0x0000ad4c       0xe8 ../../hal/lpc2106-cmucam3\libhal-lpc2106-cmucam3.a(rdcf2.o)
 .text.FAT_entry
                0x0000ae34       0x98 ../../hal/lpc2106-cmucam3\libhal-lpc2106-cmucam3.a(rdcf2.o)
 .text.add_new_cluster
                0x0000aecc       0xac ../../hal/lpc2106-cmucam3\libhal-lpc2106-cmucam3.a(rdcf2.o)
 .text.release_FAT_entries
                0x0000af78       0x98 ../../hal/lpc2106-cmucam3\libhal-lpc2106-cmucam3.a(rdcf2.o)
 .text.check_write_access
                0x0000b010       0x24 ../../hal/lpc2106-cmucam3\libhal-lpc2106-cmucam3.a(rdcf2.o)
 .text.find_file_in_directory_or_find_volume
                0x0000b034      0x240 ../../hal/lpc2106-cmucam3\libhal-lpc2106-cmucam3.a(rdcf2.o)
 .text.find_file
                0x0000b274       0x88 ../../hal/lpc2106-cmucam3\libhal-lpc2106-cmucam3.a(rdcf2.o)
 .text.rdcf_close
                0x0000b2fc       0x9c ../../hal/lpc2106-cmucam3\libhal-lpc2106-cmucam3.a(rdcf2.o)
                0x0000b2fc                rdcf_close
 .text.rdcf_delete
                0x0000b398      0x354 ../../hal/lpc2106-cmucam3\libhal-lpc2106-cmucam3.a(rdcf2.o)
                0x0000b398                rdcf_delete
 .text.rdcf_rename
                0x0000b6ec      0x17c ../../hal/lpc2106-cmucam3\libhal-lpc2106-cmucam3.a(rdcf2.o)
                0x0000b6ec                rdcf_rename
 .text.rdcf_read
                0x0000b868      0x234 ../../hal/lpc2106-cmucam3\libhal-lpc2106-cmucam3.a(rdcf2.o)
                0x0000b868                rdcf_read
 .text.rdcf_seek
                0x0000ba9c      0x140 ../../hal/lpc2106-cmucam3\libhal-lpc2106-cmucam3.a(rdcf2.o)
                0x0000ba9c                rdcf_seek
 .text.real_rdcf_write
                0x0000bbdc      0x2cc ../../hal/lpc2106-cmucam3\libhal-lpc2106-cmucam3.a(rdcf2.o)
 .text.rdcf_open
                0x0000bea8      0x364 ../../hal/lpc2106-cmucam3\libhal-lpc2106-cmucam3.a(rdcf2.o)
                0x0000bea8                rdcf_open
 .text.rdcf_write
                0x0000c20c       0x2c ../../hal/lpc2106-cmucam3\libhal-lpc2106-cmucam3.a(rdcf2.o)
                0x0000c20c                rdcf_write
 .text.mmcStatus
                0x0000c238       0x60 ../../hal/lpc2106-cmucam3\libhal-lpc2106-cmucam3.a(mmc_hardware.o)
 .text.selectMMC
                0x0000c298       0x2c ../../hal/lpc2106-cmucam3\libhal-lpc2106-cmucam3.a(mmc_hardware.o)
 .text.unselectMMC
                0x0000c2c4       0x3c ../../hal/lpc2106-cmucam3\libhal-lpc2106-cmucam3.a(mmc_hardware.o)
 .text._cc3_mmc_block_read
                0x0000c300      0x178 ../../hal/lpc2106-cmucam3\libhal-lpc2106-cmucam3.a(mmc_hardware.o)
                0x0000c300                _cc3_mmc_block_read
 .text._cc3_mmc_block_write
                0x0000c478      0x1f8 ../../hal/lpc2106-cmucam3\libhal-lpc2106-cmucam3.a(mmc_hardware.o)
                0x0000c478                _cc3_mmc_block_write
 .text._cc3_mmc_init
                0x0000c670      0x35c ../../hal/lpc2106-cmucam3\libhal-lpc2106-cmucam3.a(mmc_hardware.o)
                0x0000c670                _cc3_mmc_init
 .text._cc3_mmc_idle
                0x0000c9cc       0x18 ../../hal/lpc2106-cmucam3\libhal-lpc2106-cmucam3.a(mmc_hardware.o)
                0x0000c9cc                _cc3_mmc_idle
 .text.mmc_recognize
                0x0000c9e4       0x38 ../../hal/lpc2106-cmucam3\libhal-lpc2106-cmucam3.a(mmc_driver.o)
 .text.mmc_fstat
                0x0000ca1c       0x18 ../../hal/lpc2106-cmucam3\libhal-lpc2106-cmucam3.a(mmc_driver.o)
 .text.allocate_1_fcb
                0x0000ca34       0x34 ../../hal/lpc2106-cmucam3\libhal-lpc2106-cmucam3.a(mmc_driver.o)
 .text.mmc_rename
                0x0000ca68       0xa0 ../../hal/lpc2106-cmucam3\libhal-lpc2106-cmucam3.a(mmc_driver.o)
 .text.mmc_unlink
                0x0000cb08       0x98 ../../hal/lpc2106-cmucam3\libhal-lpc2106-cmucam3.a(mmc_driver.o)
 .text.mmc_lseek
                0x0000cba0       0xd0 ../../hal/lpc2106-cmucam3\libhal-lpc2106-cmucam3.a(mmc_driver.o)
 .text.mmc_write
                0x0000cc70       0x8c ../../hal/lpc2106-cmucam3\libhal-lpc2106-cmucam3.a(mmc_driver.o)
 .text.mmc_read
                0x0000ccfc       0x8c ../../hal/lpc2106-cmucam3\libhal-lpc2106-cmucam3.a(mmc_driver.o)
 .text.mmc_close
                0x0000cd88       0xcc ../../hal/lpc2106-cmucam3\libhal-lpc2106-cmucam3.a(mmc_driver.o)
 .text.mmc_open
                0x0000ce54      0x120 ../../hal/lpc2106-cmucam3\libhal-lpc2106-cmucam3.a(mmc_driver.o)
 .text.cc3_filesystem_init
                0x0000cf74       0x18 ../../hal/lpc2106-cmucam3\libhal-lpc2106-cmucam3.a(devices.o)
                0x0000cf74                cc3_filesystem_init
 .text._cc3_get_driver_for_name
                0x0000cf8c       0x60 ../../hal/lpc2106-cmucam3\libhal-lpc2106-cmucam3.a(devices.o)
                0x0000cf8c                _cc3_get_driver_for_name
 .text._cc3_get_internal_file_number
                0x0000cfec        0x8 ../../hal/lpc2106-cmucam3\libhal-lpc2106-cmucam3.a(devices.o)
                0x0000cfec                _cc3_get_internal_file_number
 .text._cc3_get_driver_for_file_number
                0x0000cff4       0x20 ../../hal/lpc2106-cmucam3\libhal-lpc2106-cmucam3.a(devices.o)
                0x0000cff4                _cc3_get_driver_for_file_number
 .text._cc3_make_file_number
                0x0000d014       0x14 ../../hal/lpc2106-cmucam3\libhal-lpc2106-cmucam3.a(devices.o)
                0x0000d014                _cc3_make_file_number
 .text.uart_close
                0x0000d028        0x8 ../../hal/lpc2106-cmucam3\libhal-lpc2106-cmucam3.a(uart_driver.o)
 .text.uart_read
                0x0000d030      0x1ac ../../hal/lpc2106-cmucam3\libhal-lpc2106-cmucam3.a(uart_driver.o)
 .text.uart_write
                0x0000d1dc      0x1b4 ../../hal/lpc2106-cmucam3\libhal-lpc2106-cmucam3.a(uart_driver.o)
 .text.uart_lseek
                0x0000d390       0x18 ../../hal/lpc2106-cmucam3\libhal-lpc2106-cmucam3.a(uart_driver.o)
 .text.uart_fstat
                0x0000d3a8       0x10 ../../hal/lpc2106-cmucam3\libhal-lpc2106-cmucam3.a(uart_driver.o)
 .text.uart_unlink
                0x0000d3b8       0x18 ../../hal/lpc2106-cmucam3\libhal-lpc2106-cmucam3.a(uart_driver.o)
 .text.uart_rename
                0x0000d3d0       0x18 ../../hal/lpc2106-cmucam3\libhal-lpc2106-cmucam3.a(uart_driver.o)
 .text.process_uart_filename
                0x0000d3e8       0x6c ../../hal/lpc2106-cmucam3\libhal-lpc2106-cmucam3.a(uart_driver.o)
 .text.uart_open
                0x0000d454       0x40 ../../hal/lpc2106-cmucam3\libhal-lpc2106-cmucam3.a(uart_driver.o)
 .text.uart_recognize
                0x0000d494       0x18 ../../hal/lpc2106-cmucam3\libhal-lpc2106-cmucam3.a(uart_driver.o)
 .text          0x0000d4ac      0x114 c:/program files/codesourcery/sourcery g++ lite/bin/../lib/gcc/arm-none-eabi/4.5.1\libgcc.a(_udivsi3.o)
                0x0000d4ac                __aeabi_uidiv
                0x0000d4ac                __udivsi3
                0x0000d5a0                __aeabi_uidivmod
 .text          0x0000d5c0      0x148 c:/program files/codesourcery/sourcery g++ lite/bin/../lib/gcc/arm-none-eabi/4.5.1\libgcc.a(_divsi3.o)
                0x0000d5c0                __divsi3
                0x0000d5c0                __aeabi_idiv
                0x0000d6e8                __aeabi_idivmod
 .text          0x0000d708        0x4 c:/program files/codesourcery/sourcery g++ lite/bin/../lib/gcc/arm-none-eabi/4.5.1\libgcc.a(_dvmd_tls.o)
                0x0000d708                __aeabi_idiv0
                0x0000d708                __aeabi_ldiv0
 .text          0x0000d70c       0x28 c:/program files/codesourcery/sourcery g++ lite/bin/../lib/gcc/arm-none-eabi/4.5.1/../../../../arm-none-eabi/lib\libc.a(lib_a-calloc.o)
                0x0000d70c                calloc
 .text          0x0000d734       0x9c c:/program files/codesourcery/sourcery g++ lite/bin/../lib/gcc/arm-none-eabi/4.5.1/../../../../arm-none-eabi/lib\libc.a(lib_a-callocr.o)
                0x0000d734                _calloc_r
 .text          0x0000d7d0       0x34 c:/program files/codesourcery/sourcery g++ lite/bin/../lib/gcc/arm-none-eabi/4.5.1/../../../../arm-none-eabi/lib\libc.a(lib_a-exit.o)
                0x0000d7d0                exit
 .text          0x0000d804      0x10c c:/program files/codesourcery/sourcery g++ lite/bin/../lib/gcc/arm-none-eabi/4.5.1/../../../../arm-none-eabi/lib\libc.a(lib_a-fclose.o)
                0x0000d804                _fclose_r
                0x0000d8fc                fclose
 .text          0x0000d910      0x298 c:/program files/codesourcery/sourcery g++ lite/bin/../lib/gcc/arm-none-eabi/4.5.1/../../../../arm-none-eabi/lib\libc.a(lib_a-fflush.o)
                0x0000d910                _fflush_r
                0x0000db68                fflush
 .text          0x0000dba8      0x334 c:/program files/codesourcery/sourcery g++ lite/bin/../lib/gcc/arm-none-eabi/4.5.1/../../../../arm-none-eabi/lib\libc.a(lib_a-findfp.o)
                0x0000dbb8                _cleanup_r
                0x0000dbd0                __sfmoreglue
                0x0000dc18                _cleanup
                0x0000dc28                __sinit
                0x0000dd90                __sfp
                0x0000de84                __sfp_lock_acquire
                0x0000de88                __sfp_lock_release
                0x0000de8c                __sinit_lock_acquire
                0x0000de90                __sinit_lock_release
                0x0000de94                __fp_lock_all
                0x0000deb8                __fp_unlock_all
 .text          0x0000dedc       0x70 c:/program files/codesourcery/sourcery g++ lite/bin/../lib/gcc/arm-none-eabi/4.5.1/../../../../arm-none-eabi/lib\libc.a(lib_a-fiprintf.o)
                0x0000dedc                _fiprintf_r
                0x0000df0c                fiprintf
 .text          0x0000df4c      0x100 c:/program files/codesourcery/sourcery g++ lite/bin/../lib/gcc/arm-none-eabi/4.5.1/../../../../arm-none-eabi/lib\libc.a(lib_a-fopen.o)
                0x0000df4c                _fopen_r
                0x0000e030                fopen
 .text          0x0000e04c      0x360 c:/program files/codesourcery/sourcery g++ lite/bin/../lib/gcc/arm-none-eabi/4.5.1/../../../../arm-none-eabi/lib\libc.a(lib_a-freer.o)
                0x0000e04c                _malloc_trim_r
                0x0000e148                _free_r
 .text          0x0000e3ac      0x4d8 c:/program files/codesourcery/sourcery g++ lite/bin/../lib/gcc/arm-none-eabi/4.5.1/../../../../arm-none-eabi/lib\libc.a(lib_a-fseek.o)
                0x0000e3ac                _fseek_r
                0x0000e858                fseek
 .text          0x0000e884       0x40 c:/program files/codesourcery/sourcery g++ lite/bin/../lib/gcc/arm-none-eabi/4.5.1/../../../../arm-none-eabi/lib\libc.a(lib_a-fstatr.o)
                0x0000e884                _fstat_r
 .text          0x0000e8c4      0x10c c:/program files/codesourcery/sourcery g++ lite/bin/../lib/gcc/arm-none-eabi/4.5.1/../../../../arm-none-eabi/lib\libc.a(lib_a-fwalk.o)
                0x0000e8c4                _fwalk
                0x0000e948                _fwalk_reent
 .text          0x0000e9d0       0xec c:/program files/codesourcery/sourcery g++ lite/bin/../lib/gcc/arm-none-eabi/4.5.1/../../../../arm-none-eabi/lib\libc.a(lib_a-fwrite.o)
                0x0000e9d0                _fwrite_r
                0x0000ea78                fwrite
 .text          0x0000eabc       0xac c:/program files/codesourcery/sourcery g++ lite/bin/../lib/gcc/arm-none-eabi/4.5.1/../../../../arm-none-eabi/lib\libc.a(lib_a-gets.o)
                0x0000eabc                _gets_r
                0x0000eb54                gets
 .text          0x0000eb68       0x74 c:/program files/codesourcery/sourcery g++ lite/bin/../lib/gcc/arm-none-eabi/4.5.1/../../../../arm-none-eabi/lib\libc.a(lib_a-iprintf.o)
                0x0000eb68                iprintf
                0x0000eba8                _iprintf_r
 .text          0x0000ebdc       0x14 c:/program files/codesourcery/sourcery g++ lite/bin/../lib/gcc/arm-none-eabi/4.5.1/../../../../arm-none-eabi/lib\libc.a(lib_a-lcltime_r.o)
                0x0000ebdc                localtime_r
 .text          0x0000ebf0      0x164 c:/program files/codesourcery/sourcery g++ lite/bin/../lib/gcc/arm-none-eabi/4.5.1/../../../../arm-none-eabi/lib\libc.a(lib_a-makebuf.o)
                0x0000ebf0                __smakebuf_r
 .text          0x0000ed54       0x40 c:/program files/codesourcery/sourcery g++ lite/bin/../lib/gcc/arm-none-eabi/4.5.1/../../../../arm-none-eabi/lib\libc.a(lib_a-malloc.o)
                0x0000ed54                malloc
                0x0000ed74                free
 .text          0x0000ed94      0x70c c:/program files/codesourcery/sourcery g++ lite/bin/../lib/gcc/arm-none-eabi/4.5.1/../../../../arm-none-eabi/lib\libc.a(lib_a-mallocr.o)
                0x0000ed94                _malloc_r
 .text          0x0000f4a0       0xa8 c:/program files/codesourcery/sourcery g++ lite/bin/../lib/gcc/arm-none-eabi/4.5.1/../../../../arm-none-eabi/lib\libc.a(lib_a-memcmp.o)
                0x0000f4a0                memcmp
 .text          0x0000f548      0x1c0 c:/program files/codesourcery/sourcery g++ lite/bin/../lib/gcc/arm-none-eabi/4.5.1/../../../../arm-none-eabi/lib\libc.a(lib_a-memcpy.o)
                0x0000f548                memcpy
 .text          0x0000f708      0x100 c:/program files/codesourcery/sourcery g++ lite/bin/../lib/gcc/arm-none-eabi/4.5.1/../../../../arm-none-eabi/lib\libc.a(lib_a-memset.o)
                0x0000f708                memset
 .text          0x0000f808      0x758 c:/program files/codesourcery/sourcery g++ lite/bin/../lib/gcc/arm-none-eabi/4.5.1/../../../../arm-none-eabi/lib\libc.a(lib_a-mktm_r.o)
                0x0000f808                __tzcalc_limits
                0x0000fa54                _mktm_r
 .text          0x0000ff60        0x8 c:/program files/codesourcery/sourcery g++ lite/bin/../lib/gcc/arm-none-eabi/4.5.1/../../../../arm-none-eabi/lib\libc.a(lib_a-mlock.o)
                0x0000ff60                __malloc_lock
                0x0000ff64                __malloc_unlock
 .text          0x0000ff68       0x44 c:/program files/codesourcery/sourcery g++ lite/bin/../lib/gcc/arm-none-eabi/4.5.1/../../../../arm-none-eabi/lib\libc.a(lib_a-openr.o)
                0x0000ff68                _open_r
 .text          0x0000ffac      0x1c4 c:/program files/codesourcery/sourcery g++ lite/bin/../lib/gcc/arm-none-eabi/4.5.1/../../../../arm-none-eabi/lib\libc.a(lib_a-refill.o)
                0x0000ffd4                __srefill_r
 .text          0x00010170       0x6c c:/program files/codesourcery/sourcery g++ lite/bin/../lib/gcc/arm-none-eabi/4.5.1/../../../../arm-none-eabi/lib\libc.a(lib_a-rget.o)
                0x00010170                __srget_r
                0x000101c8                __srget
 .text          0x000101dc       0x40 c:/program files/codesourcery/sourcery g++ lite/bin/../lib/gcc/arm-none-eabi/4.5.1/../../../../arm-none-eabi/lib\libc.a(lib_a-sbrkr.o)
                0x000101dc                _sbrk_r
 .text          0x0001021c       0x20 c:/program files/codesourcery/sourcery g++ lite/bin/../lib/gcc/arm-none-eabi/4.5.1/../../../../arm-none-eabi/lib\libc.a(lib_a-setbuf.o)
                0x0001021c                setbuf
 .text          0x0001023c       0x2c c:/program files/codesourcery/sourcery g++ lite/bin/../lib/gcc/arm-none-eabi/4.5.1/../../../../arm-none-eabi/lib\libc.a(lib_a-setjmp.o)
                0x0001023c                setjmp
                0x00010250                longjmp
 .text          0x00010268      0x178 c:/program files/codesourcery/sourcery g++ lite/bin/../lib/gcc/arm-none-eabi/4.5.1/../../../../arm-none-eabi/lib\libc.a(lib_a-setvbuf.o)
                0x00010268                setvbuf
 .text          0x000103e0       0xdc c:/program files/codesourcery/sourcery g++ lite/bin/../lib/gcc/arm-none-eabi/4.5.1/../../../../arm-none-eabi/lib\libc.a(lib_a-siprintf.o)
                0x000103e0                _siprintf_r
                0x00010448                siprintf
 .text          0x000104bc       0xdc c:/program files/codesourcery/sourcery g++ lite/bin/../lib/gcc/arm-none-eabi/4.5.1/../../../../arm-none-eabi/lib\libc.a(lib_a-stdio.o)
                0x000104bc                __sread
                0x000104f0                __seofread
                0x000104f8                __swrite
                0x00010550                __sseek
                0x00010584                __sclose
 .text          0x00010598       0x20 c:/program files/codesourcery/sourcery g++ lite/bin/../lib/gcc/arm-none-eabi/4.5.1/../../../../arm-none-eabi/lib\libc.a(lib_a-strdup.o)
                0x00010598                strdup
 .text          0x000105b8       0x40 c:/program files/codesourcery/sourcery g++ lite/bin/../lib/gcc/arm-none-eabi/4.5.1/../../../../arm-none-eabi/lib\libc.a(lib_a-strdup_r.o)
                0x000105b8                _strdup_r
 .text          0x000105f8       0x60 c:/program files/codesourcery/sourcery g++ lite/bin/../lib/gcc/arm-none-eabi/4.5.1/../../../../arm-none-eabi/lib\libc.a(lib_a-strlen.o)
                0x000105f8                strlen
 .text          0x00010658      0x1f4 c:/program files/codesourcery/sourcery g++ lite/bin/../lib/gcc/arm-none-eabi/4.5.1/../../../../arm-none-eabi/lib\libc.a(lib_a-strtol.o)
                0x00010658                _strtol_r
                0x00010820                strtol
 .text          0x0001084c     0x1230 c:/program files/codesourcery/sourcery g++ lite/bin/../lib/gcc/arm-none-eabi/4.5.1/../../../../arm-none-eabi/lib\libc.a(lib_a-svfiprintf.o)
                0x0001084c                __ssprint_r
                0x000109e0                _svfiprintf_r
 .text          0x00011a7c       0x28 c:/program files/codesourcery/sourcery g++ lite/bin/../lib/gcc/arm-none-eabi/4.5.1/../../../../arm-none-eabi/lib\libc.a(lib_a-sysgettod.o)
                0x00011a7c                gettimeofday
 .text          0x00011aa4        0x8 c:/program files/codesourcery/sourcery g++ lite/bin/../lib/gcc/arm-none-eabi/4.5.1/../../../../arm-none-eabi/lib\libc.a(lib_a-tzlock.o)
                0x00011aa4                __tz_lock
                0x00011aa8                __tz_unlock
 .text          0x00011aac     0x1360 c:/program files/codesourcery/sourcery g++ lite/bin/../lib/gcc/arm-none-eabi/4.5.1/../../../../arm-none-eabi/lib\libc.a(lib_a-vfiprintf.o)
                0x00011aac                __sprint_r
                0x00011b6c                _vfiprintf_r
                0x00012de0                vfiprintf
 .text          0x00012e0c       0x44 c:/program files/codesourcery/sourcery g++ lite/bin/../lib/gcc/arm-none-eabi/4.5.1/../../../../arm-none-eabi/lib\libc.a(lib_a-writer.o)
                0x00012e0c                _write_r
 .text          0x00012e50      0x134 c:/program files/codesourcery/sourcery g++ lite/bin/../lib/gcc/arm-none-eabi/4.5.1/../../../../arm-none-eabi/lib\libc.a(lib_a-wsetup.o)
                0x00012e50                __swsetup_r
 .text          0x00012f84      0x188 c:/program files/codesourcery/sourcery g++ lite/bin/../lib/gcc/arm-none-eabi/4.5.1/../../../../arm-none-eabi/lib\libc.a(lib_a-__call_atexit.o)
                0x00012fa8                __call_exitprocs
 .text          0x0001310c       0x20 c:/program files/codesourcery/sourcery g++ lite/bin/../lib/gcc/arm-none-eabi/4.5.1/../../../../arm-none-eabi/lib\libc.a(lib_a-atexit.o)
                0x0001310c                atexit
 .text          0x0001312c       0x3c c:/program files/codesourcery/sourcery g++ lite/bin/../lib/gcc/arm-none-eabi/4.5.1/../../../../arm-none-eabi/lib\libc.a(lib_a-closer.o)
                0x0001312c                _close_r
 .text          0x00013168       0x44 c:/program files/codesourcery/sourcery g++ lite/bin/../lib/gcc/arm-none-eabi/4.5.1/../../../../arm-none-eabi/lib\libc.a(lib_a-fini.o)
                0x00013168                __libc_fini_array
 .text          0x000131ac       0xc8 c:/program files/codesourcery/sourcery g++ lite/bin/../lib/gcc/arm-none-eabi/4.5.1/../../../../arm-none-eabi/lib\libc.a(lib_a-flags.o)
                0x000131ac                __sflags
 .text          0x00013274      0x1a8 c:/program files/codesourcery/sourcery g++ lite/bin/../lib/gcc/arm-none-eabi/4.5.1/../../../../arm-none-eabi/lib\libc.a(lib_a-fputwc.o)
                0x00013274                _fputwc_r
                0x000133d0                fputwc
 .text          0x0001341c      0x4b0 c:/program files/codesourcery/sourcery g++ lite/bin/../lib/gcc/arm-none-eabi/4.5.1/../../../../arm-none-eabi/lib\libc.a(lib_a-fvwrite.o)
                0x0001341c                __sfvwrite_r
 .text          0x000138cc       0x40 c:/program files/codesourcery/sourcery g++ lite/bin/../lib/gcc/arm-none-eabi/4.5.1/../../../../arm-none-eabi/lib\libc.a(lib_a-gettimeofdayr.o)
                0x000138cc                _gettimeofday_r
 .text          0x0001390c        0xc c:/program files/codesourcery/sourcery g++ lite/bin/../lib/gcc/arm-none-eabi/4.5.1/../../../../arm-none-eabi/lib\libc.a(lib_a-gettzinfo.o)
                0x0001390c                __gettzinfo
 .text          0x00013918       0x3c c:/program files/codesourcery/sourcery g++ lite/bin/../lib/gcc/arm-none-eabi/4.5.1/../../../../arm-none-eabi/lib\libc.a(lib_a-isattyr.o)
                0x00013918                _isatty_r
 .text          0x00013954       0xd0 c:/program files/codesourcery/sourcery g++ lite/bin/../lib/gcc/arm-none-eabi/4.5.1/../../../../arm-none-eabi/lib\libc.a(lib_a-locale.o)
                0x00013954                _setlocale_r
                0x000139c0                __locale_charset
                0x000139cc                __locale_mb_cur_max
                0x000139dc                __locale_msgcharset
                0x000139e8                __locale_cjk_lang
                0x000139f0                _localeconv_r
                0x000139fc                setlocale
                0x00013a18                localeconv
 .text          0x00013a24       0x44 c:/program files/codesourcery/sourcery g++ lite/bin/../lib/gcc/arm-none-eabi/4.5.1/../../../../arm-none-eabi/lib\libc.a(lib_a-lseekr.o)
                0x00013a24                _lseek_r
 .text          0x00013a68      0x100 c:/program files/codesourcery/sourcery g++ lite/bin/../lib/gcc/arm-none-eabi/4.5.1/../../../../arm-none-eabi/lib\libc.a(lib_a-memchr.o)
                0x00013a68                memchr
 .text          0x00013b68      0x118 c:/program files/codesourcery/sourcery g++ lite/bin/../lib/gcc/arm-none-eabi/4.5.1/../../../../arm-none-eabi/lib\libc.a(lib_a-memmove.o)
                0x00013b68                memmove
 .text          0x00013c80       0x44 c:/program files/codesourcery/sourcery g++ lite/bin/../lib/gcc/arm-none-eabi/4.5.1/../../../../arm-none-eabi/lib\libc.a(lib_a-readr.o)
                0x00013c80                _read_r
 .text          0x00013cc4      0x5c0 c:/program files/codesourcery/sourcery g++ lite/bin/../lib/gcc/arm-none-eabi/4.5.1/../../../../arm-none-eabi/lib\libc.a(lib_a-reallocr.o)
                0x00013cc4                _realloc_r
 .text          0x00014284      0x230 c:/program files/codesourcery/sourcery g++ lite/bin/../lib/gcc/arm-none-eabi/4.5.1/../../../../arm-none-eabi/lib\libc.a(lib_a-strcmp.o)
                0x00014284                strcmp
 .text          0x000144b4      0x15c c:/program files/codesourcery/sourcery g++ lite/bin/../lib/gcc/arm-none-eabi/4.5.1/../../../../arm-none-eabi/lib\libc.a(lib_a-wbuf.o)
                0x000144b4                __swbuf_r
                0x000145f4                __swbuf
 .text          0x00014610      0x13c c:/program files/codesourcery/sourcery g++ lite/bin/../lib/gcc/arm-none-eabi/4.5.1/../../../../arm-none-eabi/lib\libc.a(lib_a-wcrtomb.o)
                0x00014610                _wcrtomb_r
                0x000146a4                wcrtomb
 .text          0x0001474c       0x7c c:/program files/codesourcery/sourcery g++ lite/bin/../lib/gcc/arm-none-eabi/4.5.1/../../../../arm-none-eabi/lib\libc.a(lib_a-wctomb_r.o)
                0x0001474c                __ascii_wctomb
                0x00014778                _wctomb_r
 .text          0x000147c8       0xf4 c:/program files/codesourcery/sourcery g++ lite/bin/../lib/gcc/arm-none-eabi/4.5.1/../../../../arm-none-eabi/lib\libc.a(lib_a-__atexit.o)
                0x000147c8                __register_exitproc
 .text          0x000148bc       0x3c c:/program files/codesourcery/sourcery g++ lite/bin/../lib/gcc/arm-none-eabi/4.5.1\libgcc.a(_aeabi_uldivmod.o)
                0x000148bc                __aeabi_uldivmod
 .text          0x000148f8       0x80 c:/program files/codesourcery/sourcery g++ lite/bin/../lib/gcc/arm-none-eabi/4.5.1\libgcc.a(bpabi.o)
                0x000148f8                __gnu_ldivmod_helper
                0x00014938                __gnu_uldivmod_helper
 .text          0x00014978      0x4a8 c:/program files/codesourcery/sourcery g++ lite/bin/../lib/gcc/arm-none-eabi/4.5.1\libgcc.a(_divdi3.o)
                0x00014978                __divdi3
 .text          0x00014e20      0x438 c:/program files/codesourcery/sourcery g++ lite/bin/../lib/gcc/arm-none-eabi/4.5.1\libgcc.a(_udivdi3.o)
                0x00014e20                __udivdi3
 .text          0x00015258       0x48 c:/program files/codesourcery/sourcery g++ lite/bin/../lib/gcc/arm-none-eabi/4.5.1\libgcc.a(_clzsi2.o)
                0x00015258                __clzsi2
 *(.plt)
 *(.gnu.warning)
 *(.glue_7t)
 .glue_7t       0x00000000        0x0 linker stubs
 *(.glue_7)
 .glue_7        0x00000000        0x0 linker stubs
 *(.vfp11_veneer)
 .vfp11_veneer  0x00000000        0x0 linker stubs
 *(.rodata .rodata.* .gnu.linkonce.r.*)
 .rodata.str1.4
                0x000152a0      0x183 lpc2106-cmucam3_buildfiles/main.o
                                0x184 (size before relaxing)
 *fill*         0x00015423        0x1 00
 .rodata.std_luminance_quant_tbl.3211
                0x00015424      0x100 ../../lib/jpeg-6b\libjpeg-6b_lpc2106-cmucam3.a(jcparam.o)
 .rodata.bits_dc_chrominance.3237
                0x00015524       0x14 ../../lib/jpeg-6b\libjpeg-6b_lpc2106-cmucam3.a(jcparam.o)
 .rodata.val_ac_luminance.3240
                0x00015538       0xa4 ../../lib/jpeg-6b\libjpeg-6b_lpc2106-cmucam3.a(jcparam.o)
 .rodata.bits_ac_chrominance.3241
                0x000155dc       0x14 ../../lib/jpeg-6b\libjpeg-6b_lpc2106-cmucam3.a(jcparam.o)
 .rodata.val_dc_chrominance.3238
                0x000155f0        0xc ../../lib/jpeg-6b\libjpeg-6b_lpc2106-cmucam3.a(jcparam.o)
 .rodata.val_dc_luminance.3236
                0x000155fc        0xc ../../lib/jpeg-6b\libjpeg-6b_lpc2106-cmucam3.a(jcparam.o)
 .rodata.bits_ac_luminance.3239
                0x00015608       0x14 ../../lib/jpeg-6b\libjpeg-6b_lpc2106-cmucam3.a(jcparam.o)
 .rodata.val_ac_chrominance.3242
                0x0001561c       0xa4 ../../lib/jpeg-6b\libjpeg-6b_lpc2106-cmucam3.a(jcparam.o)
 .rodata.std_chrominance_quant_tbl.3212
                0x000156c0      0x100 ../../lib/jpeg-6b\libjpeg-6b_lpc2106-cmucam3.a(jcparam.o)
 .rodata.bits_dc_luminance.3235
                0x000157c0       0x14 ../../lib/jpeg-6b\libjpeg-6b_lpc2106-cmucam3.a(jcparam.o)
 .rodata.jpeg_std_message_table
                0x000157d4      0x1f4 ../../lib/jpeg-6b\libjpeg-6b_lpc2106-cmucam3.a(jerror.o)
                0x000157d4                jpeg_std_message_table
 .rodata.str1.4
                0x000159c8     0x128b ../../lib/jpeg-6b\libjpeg-6b_lpc2106-cmucam3.a(jerror.o)
                               0x1290 (size before relaxing)
 *fill*         0x00016c53        0x1 00
 .rodata.jpeg_natural_order
                0x00016c54      0x140 ../../lib/jpeg-6b\libjpeg-6b_lpc2106-cmucam3.a(jutils.o)
                0x00016c54                jpeg_natural_order
 .rodata.extra_pool_slop
                0x00016d94        0x8 ../../lib/jpeg-6b\libjpeg-6b_lpc2106-cmucam3.a(jmemmgr.o)
 .rodata.first_pool_slop
                0x00016d9c        0x8 ../../lib/jpeg-6b\libjpeg-6b_lpc2106-cmucam3.a(jmemmgr.o)
 .rodata.str1.4
                0x00016da4       0x2a ../../hal/lpc2106-cmucam3\libhal-lpc2106-cmucam3.a(interrupt.o)
                                 0x2c (size before relaxing)
 *fill*         0x00016dce        0x2 00
 .rodata.str1.4
                0x00016dd0        0xb ../../hal/lpc2106-cmucam3\libhal-lpc2106-cmucam3.a(serial.o)
                                 0x10 (size before relaxing)
 *fill*         0x00016ddb        0x1 00
 .rodata.CSWTCH.4
                0x00016ddc        0xc ../../hal/lpc2106-cmucam3\libhal-lpc2106-cmucam3.a(serial.o)
 .rodata.table.2253
                0x00016de8       0x20 ../../hal/lpc2106-cmucam3\libhal-lpc2106-cmucam3.a(rdcf2.o)
 .rodata.cmdReset
                0x00016e08        0x8 ../../hal/lpc2106-cmucam3\libhal-lpc2106-cmucam3.a(mmc_hardware.o)
 .rodata.cmdSetBlock
                0x00016e10        0x8 ../../hal/lpc2106-cmucam3\libhal-lpc2106-cmucam3.a(mmc_hardware.o)
 .rodata.cmdInitCard
                0x00016e18        0x8 ../../hal/lpc2106-cmucam3\libhal-lpc2106-cmucam3.a(mmc_hardware.o)
 .rodata._cc3_mmc_driver
                0x00016e20       0x2c ../../hal/lpc2106-cmucam3\libhal-lpc2106-cmucam3.a(mmc_driver.o)
                0x00016e20                _cc3_mmc_driver
 .rodata._cc3_uart_driver
                0x00016e4c       0x2c ../../hal/lpc2106-cmucam3\libhal-lpc2106-cmucam3.a(uart_driver.o)
                0x00016e4c                _cc3_uart_driver
 .rodata        0x00016e78      0x104 c:/program files/codesourcery/sourcery g++ lite/bin/../lib/gcc/arm-none-eabi/4.5.1/../../../../arm-none-eabi/lib\libc.a(lib_a-ctype_.o)
                0x00016e78                _ctype_
 .rodata        0x00016f7c        0x4 c:/program files/codesourcery/sourcery g++ lite/bin/../lib/gcc/arm-none-eabi/4.5.1/../../../../arm-none-eabi/lib\libc.a(lib_a-impure.o)
                0x00016f7c                _global_impure_ptr
 .rodata.str1.4
                0x00016f80        0x2 c:/program files/codesourcery/sourcery g++ lite/bin/../lib/gcc/arm-none-eabi/4.5.1/../../../../arm-none-eabi/lib\libc.a(lib_a-impure.o)
                                  0x4 (size before relaxing)
 *fill*         0x00016f82        0x2 00
 .rodata        0x00016f84       0x68 c:/program files/codesourcery/sourcery g++ lite/bin/../lib/gcc/arm-none-eabi/4.5.1/../../../../arm-none-eabi/lib\libc.a(lib_a-mktm_r.o)
 .rodata        0x00016fec       0x20 c:/program files/codesourcery/sourcery g++ lite/bin/../lib/gcc/arm-none-eabi/4.5.1/../../../../arm-none-eabi/lib\libc.a(lib_a-svfiprintf.o)
 .rodata.str1.4
                0x0001700c       0x2f c:/program files/codesourcery/sourcery g++ lite/bin/../lib/gcc/arm-none-eabi/4.5.1/../../../../arm-none-eabi/lib\libc.a(lib_a-svfiprintf.o)
                                 0x30 (size before relaxing)
 *fill*         0x0001703b        0x1 00
 .rodata        0x0001703c       0x20 c:/program files/codesourcery/sourcery g++ lite/bin/../lib/gcc/arm-none-eabi/4.5.1/../../../../arm-none-eabi/lib\libc.a(lib_a-vfiprintf.o)
 .rodata.str1.4
                0x00000000       0x30 c:/program files/codesourcery/sourcery g++ lite/bin/../lib/gcc/arm-none-eabi/4.5.1/../../../../arm-none-eabi/lib\libc.a(lib_a-vfiprintf.o)
 .rodata.str1.4
                0x0001705c        0xc c:/program files/codesourcery/sourcery g++ lite/bin/../lib/gcc/arm-none-eabi/4.5.1/../../../../arm-none-eabi/lib\libc.a(lib_a-locale.o)
                                 0x14 (size before relaxing)
 *(.ARM.extab* .gnu.linkonce.armextab.*)
 *(.gcc_except_table)
 *(.eh_frame_hdr)
 *(.eh_frame)
                0x00017068                . = ALIGN (0x4)
 *(.init)
 .init          0x00017068        0xc c:/program files/codesourcery/sourcery g++ lite/bin/../lib/gcc/arm-none-eabi/4.5.1/crti.o
                0x00017068                _init
 .init          0x00017074        0xc c:/program files/codesourcery/sourcery g++ lite/bin/../lib/gcc/arm-none-eabi/4.5.1/crtn.o
                0x00017080                . = ALIGN (0x4)
                0x00017080                __preinit_array_start = .
 *(.preinit_array)
                0x00017080                __preinit_array_end = .
                0x00017080                . = ALIGN (0x4)
                0x00017080                __init_array_start = .
 *(SORT(.init_array.*))
 .init_array.00000
                0x00017080        0x4 c:/program files/codesourcery/sourcery g++ lite/bin/../lib/gcc/arm-none-eabi/4.5.1/../../../../arm-none-eabi/lib\libc.a(lib_a-__call_atexit.o)
 *(.init_array)
 .init_array    0x00017084        0x4 c:/program files/codesourcery/sourcery g++ lite/bin/../lib/gcc/arm-none-eabi/4.5.1/crtbegin.o
                0x00017088                __init_array_end = .
                0x00017088                . = ALIGN (0x4)
 *crtbegin.o(.ctors)
 *(EXCLUDE_FILE(*crtend.o) .ctors)
 *(SORT(.ctors.*))
 *crtend.o(.ctors)
                0x00017088                . = ALIGN (0x4)
 *(.fini)
 .fini          0x00017088        0xc c:/program files/codesourcery/sourcery g++ lite/bin/../lib/gcc/arm-none-eabi/4.5.1/crti.o
                0x00017088                _fini
 .fini          0x00017094        0xc c:/program files/codesourcery/sourcery g++ lite/bin/../lib/gcc/arm-none-eabi/4.5.1/crtn.o
                0x000170a0                . = ALIGN (0x4)
                0x000170a0                __fini_array_start = .
 *(.fini_array)
 .fini_array    0x000170a0        0x4 c:/program files/codesourcery/sourcery g++ lite/bin/../lib/gcc/arm-none-eabi/4.5.1/crtbegin.o
 *(SORT(.fini_array.*))
                0x000170a4                __fini_array_end = .
 *crtbegin.o(.dtors)
 *(EXCLUDE_FILE(*crtend.o) .dtors)
 *(SORT(.dtors.*))
 *crtend.o(.dtors)
                0x000170a4                __exidx_start = .

.v4_bx          0x000170a4        0x0
 .v4_bx         0x00000000        0x0 linker stubs

.ARM.exidx      0x000170a4        0x8
 *(.ARM.exidx* .gnu.linkonce.armexidx.*)
 .ARM.exidx     0x000170a4        0x8 c:/program files/codesourcery/sourcery g++ lite/bin/../lib/gcc/arm-none-eabi/4.5.1\libgcc.a(_divdi3.o)
 .ARM.exidx     0x000170ac        0x0 c:/program files/codesourcery/sourcery g++ lite/bin/../lib/gcc/arm-none-eabi/4.5.1\libgcc.a(_udivdi3.o)
                                  0x8 (size before relaxing)
                0x000170ac                __exidx_end = .

.text.align     0x000170ac        0x4
                0x000170b0                . = ALIGN (0x8)
 *fill*         0x000170ac        0x4 00
                0x000170b0                _etext = .

.stack          0x40000000     0x2400
                0x40002400                . = (. + STACK_SIZE)
 *fill*         0x40000000     0x2400 00
                0x40002400                _stack = .

.data           0x40002400      0x918 load address 0x000170b0
                0x40002400                _data = .
 *(.jcr)
 .jcr           0x40002400        0x0 c:/program files/codesourcery/sourcery g++ lite/bin/../lib/gcc/arm-none-eabi/4.5.1/crtbegin.o
 .jcr           0x40002400        0x4 c:/program files/codesourcery/sourcery g++ lite/bin/../lib/gcc/arm-none-eabi/4.5.1/crtend.o
 *(.got.plt)
 *(.got)
 *(.shdata)
 *(.data .data.* .gnu.linkonce.d.*)
 .data.servo_val
                0x40002404        0x4 ../../hal/lpc2106-cmucam3\libhal-lpc2106-cmucam3.a(servo.o)
 .data.device_driver_table
                0x40002408        0x8 ../../hal/lpc2106-cmucam3\libhal-lpc2106-cmucam3.a(devices.o)
 .data          0x40002410        0x4 c:/program files/codesourcery/sourcery g++ lite/bin/../lib/gcc/arm-none-eabi/4.5.1/../../../../arm-none-eabi/lib\libc.a(lib_a-ctype_.o)
                0x40002410                __ctype_ptr__
 *fill*         0x40002414        0x4 00
 .data          0x40002418      0x430 c:/program files/codesourcery/sourcery g++ lite/bin/../lib/gcc/arm-none-eabi/4.5.1/../../../../arm-none-eabi/lib\libc.a(lib_a-impure.o)
                0x40002418                _impure_ptr
 .data          0x40002848      0x410 c:/program files/codesourcery/sourcery g++ lite/bin/../lib/gcc/arm-none-eabi/4.5.1/../../../../arm-none-eabi/lib\libc.a(lib_a-mallocr.o)
                0x40002848                __malloc_av_
                0x40002c50                __malloc_sbrk_base
                0x40002c54                __malloc_trim_threshold
 .data          0x40002c58       0x40 c:/program files/codesourcery/sourcery g++ lite/bin/../lib/gcc/arm-none-eabi/4.5.1/../../../../arm-none-eabi/lib\libc.a(lib_a-gettzinfo.o)
 .data          0x40002c98       0x7c c:/program files/codesourcery/sourcery g++ lite/bin/../lib/gcc/arm-none-eabi/4.5.1/../../../../arm-none-eabi/lib\libc.a(lib_a-locale.o)
                0x40002cb8                __mb_cur_max
 .data          0x40002d14        0x4 c:/program files/codesourcery/sourcery g++ lite/bin/../lib/gcc/arm-none-eabi/4.5.1/../../../../arm-none-eabi/lib\libc.a(lib_a-wctomb_r.o)
                0x40002d14                __wctomb
 *(.ram)
                0x40002d18                . = ALIGN (0x8)
                0x40002d18                _edata = .

.bss            0x40002d18      0x2c0 load address 0x000179c8
                0x40002d18                _bss = .
 *(.shbss)
 *(.bss .bss.* .gnu.linkonce.b.*)
 .bss           0x40002d18        0x1 c:/program files/codesourcery/sourcery g++ lite/bin/../lib/gcc/arm-none-eabi/4.5.1/crtbegin.o
 *fill*         0x40002d19        0x7 00
 .bss.cinfo     0x40002d20      0x178 lpc2106-cmucam3_buildfiles/main.o
 .bss.row       0x40002e98        0x4 lpc2106-cmucam3_buildfiles/main.o
                0x40002e98                row
 .bss.jerr      0x40002e9c       0x84 lpc2106-cmucam3_buildfiles/main.o
 .bss._cc3_button_trigger
                0x40002f20        0x1 ../../hal/lpc2106-cmucam3\libhal-lpc2106-cmucam3.a(interrupt.o)
                0x40002f20                _cc3_button_trigger
 *fill*         0x40002f21        0x3 00
 .bss._cc3_g_current_camera_state
                0x40002f24        0xc ../../hal/lpc2106-cmucam3\libhal-lpc2106-cmucam3.a(cc3.o)
 .bss.cc3_g_pixbuf_frame
                0x40002f30       0x18 ../../hal/lpc2106-cmucam3\libhal-lpc2106-cmucam3.a(cc3.o)
                0x40002f30                cc3_g_pixbuf_frame
 .bss._cc3_second_green_valid
                0x40002f48        0x1 ../../hal/lpc2106-cmucam3\libhal-lpc2106-cmucam3.a(cc3.o)
 .bss._cc3_second_green
                0x40002f49        0x1 ../../hal/lpc2106-cmucam3\libhal-lpc2106-cmucam3.a(cc3.o)
 *fill*         0x40002f4a        0x2 00
 .bss.heap_ptr  0x40002f4c        0x4 ../../hal/lpc2106-cmucam3\libhal-lpc2106-cmucam3.a(syscalls.o)
 .bss._cc3_uart1_binmode
                0x40002f50        0x1 ../../hal/lpc2106-cmucam3\libhal-lpc2106-cmucam3.a(serial.o)
                0x40002f50                _cc3_uart1_binmode
 .bss.started.1965
                0x40002f51        0x1 ../../hal/lpc2106-cmucam3\libhal-lpc2106-cmucam3.a(serial.o)
 .bss._cc3_uart0_binmode
                0x40002f52        0x1 ../../hal/lpc2106-cmucam3\libhal-lpc2106-cmucam3.a(serial.o)
                0x40002f52                _cc3_uart0_binmode
 *fill*         0x40002f53        0x1 00
 .bss.servo_mask
                0x40002f54        0x4 ../../hal/lpc2106-cmucam3\libhal-lpc2106-cmucam3.a(servo.o)
 .bss.servo_tmp
                0x40002f58        0x4 ../../hal/lpc2106-cmucam3\libhal-lpc2106-cmucam3.a(servo.o)
 .bss.DriveDesc
                0x40002f5c       0x28 ../../hal/lpc2106-cmucam3\libhal-lpc2106-cmucam3.a(mmc_hardware.o)
                0x40002f5c                DriveDesc
 .bss.fcbs      0x40002f84       0x14 ../../hal/lpc2106-cmucam3\libhal-lpc2106-cmucam3.a(mmc_driver.o)
 .bss           0x40002f98       0x34 c:/program files/codesourcery/sourcery g++ lite/bin/../lib/gcc/arm-none-eabi/4.5.1/../../../../arm-none-eabi/lib\libc.a(lib_a-mallocr.o)
                0x40002f98                __malloc_top_pad
                0x40002f9c                __malloc_current_mallinfo
                0x40002fc4                __malloc_max_sbrked_mem
                0x40002fc8                __malloc_max_total_mem
 .bss           0x40002fcc        0x8 c:/program files/codesourcery/sourcery g++ lite/bin/../lib/gcc/arm-none-eabi/4.5.1/../../../../arm-none-eabi/lib\libc.a(lib_a-tzvars.o)
                0x40002fcc                _daylight
                0x40002fd0                _timezone
 *(COMMON)
 COMMON         0x40002fd4        0x4 c:/program files/codesourcery/sourcery g++ lite/bin/../lib/gcc/arm-none-eabi/4.5.1/../../../../arm-none-eabi/lib\libc.a(lib_a-reent.o)
                0x40002fd4                errno
 *(.ram.b)
                0x40002fd8                . = ALIGN (0x8)
                0x40002fd8                _end = .
                0x40002fd8                __end = .
                0x40010000                _heap_end = 0x40010000

.stab
 *(.stab)

.stabstr
 *(.stabstr)

.debug
 *(.debug)

.line
 *(.line)

.debug_srcinfo
 *(.debug_srcinfo)

.debug_sfnames
 *(.debug_sfnames)

.comment        0x00000000       0x2a
 .comment       0x00000000       0x2a lpc2106-cmucam3_buildfiles/main.o
                                 0x2b (size before relaxing)
 .comment       0x00000000       0x2b ../../lib/jpeg-6b\libjpeg-6b_lpc2106-cmucam3.a(jcapimin.o)
 .comment       0x00000000       0x2b ../../lib/jpeg-6b\libjpeg-6b_lpc2106-cmucam3.a(jcapistd.o)
 .comment       0x00000000       0x2b ../../lib/jpeg-6b\libjpeg-6b_lpc2106-cmucam3.a(jcinit.o)
 .comment       0x00000000       0x2b ../../lib/jpeg-6b\libjpeg-6b_lpc2106-cmucam3.a(jcmainct.o)
 .comment       0x00000000       0x2b ../../lib/jpeg-6b\libjpeg-6b_lpc2106-cmucam3.a(jcmarker.o)
 .comment       0x00000000       0x2b ../../lib/jpeg-6b\libjpeg-6b_lpc2106-cmucam3.a(jcmaster.o)
 .comment       0x00000000       0x2b ../../lib/jpeg-6b\libjpeg-6b_lpc2106-cmucam3.a(jcomapi.o)
 .comment       0x00000000       0x2b ../../lib/jpeg-6b\libjpeg-6b_lpc2106-cmucam3.a(jcparam.o)
 .comment       0x00000000       0x2b ../../lib/jpeg-6b\libjpeg-6b_lpc2106-cmucam3.a(jcprepct.o)
 .comment       0x00000000       0x2b ../../lib/jpeg-6b\libjpeg-6b_lpc2106-cmucam3.a(jcsample.o)
 .comment       0x00000000       0x2b ../../lib/jpeg-6b\libjpeg-6b_lpc2106-cmucam3.a(jdatadst.o)
 .comment       0x00000000       0x2b ../../lib/jpeg-6b\libjpeg-6b_lpc2106-cmucam3.a(jerror.o)
 .comment       0x00000000       0x2b ../../lib/jpeg-6b\libjpeg-6b_lpc2106-cmucam3.a(jutils.o)
 .comment       0x00000000       0x2b ../../lib/jpeg-6b\libjpeg-6b_lpc2106-cmucam3.a(jmemmgr.o)
 .comment       0x00000000       0x2b ../../lib/jpeg-6b\libjpeg-6b_lpc2106-cmucam3.a(jmemnobs.o)
 .comment       0x00000000       0x2b ../../lib/jpeg-6b\libjpeg-6b_lpc2106-cmucam3.a(jccoefct.o)
 .comment       0x00000000       0x2b ../../lib/jpeg-6b\libjpeg-6b_lpc2106-cmucam3.a(jccolor.o)
 .comment       0x00000000       0x2b ../../lib/jpeg-6b\libjpeg-6b_lpc2106-cmucam3.a(jcdctmgr.o)
 .comment       0x00000000       0x2b ../../lib/jpeg-6b\libjpeg-6b_lpc2106-cmucam3.a(jchuff.o)
 .comment       0x00000000       0x2b ../../lib/jpeg-6b\libjpeg-6b_lpc2106-cmucam3.a(jfdctint.o)
 .comment       0x00000000       0x2b ../../hal/lpc2106-cmucam3\libhal-lpc2106-cmucam3.a(interrupt.o)
 .comment       0x00000000       0x2b ../../hal/lpc2106-cmucam3\libhal-lpc2106-cmucam3.a(cc3.o)
 .comment       0x00000000       0x2b ../../hal/lpc2106-cmucam3\libhal-lpc2106-cmucam3.a(cc3_hal.o)
 .comment       0x00000000       0x2b ../../hal/lpc2106-cmucam3\libhal-lpc2106-cmucam3.a(syscalls.o)
 .comment       0x00000000       0x2b ../../hal/lpc2106-cmucam3\libhal-lpc2106-cmucam3.a(serial.o)
 .comment       0x00000000       0x2b ../../hal/lpc2106-cmucam3\libhal-lpc2106-cmucam3.a(servo.o)
 .comment       0x00000000       0x2b ../../hal/lpc2106-cmucam3\libhal-lpc2106-cmucam3.a(rdcf2.o)
 .comment       0x00000000       0x2b ../../hal/lpc2106-cmucam3\libhal-lpc2106-cmucam3.a(mmc_hardware.o)
 .comment       0x00000000       0x2b ../../hal/lpc2106-cmucam3\libhal-lpc2106-cmucam3.a(mmc_driver.o)
 .comment       0x00000000       0x2b ../../hal/lpc2106-cmucam3\libhal-lpc2106-cmucam3.a(gpio.o)
 .comment       0x00000000       0x2b ../../hal/lpc2106-cmucam3\libhal-lpc2106-cmucam3.a(devices.o)
 .comment       0x00000000       0x2b ../../hal/lpc2106-cmucam3\libhal-lpc2106-cmucam3.a(uart_driver.o)

.debug_aranges  0x00000000      0xb78
 *(.debug_aranges)
 .debug_aranges
                0x00000000       0x28 lpc2106-cmucam3_buildfiles/main.o
 .debug_aranges
                0x00000028       0x60 ../../lib/jpeg-6b\libjpeg-6b_lpc2106-cmucam3.a(jcapimin.o)
 .debug_aranges
                0x00000088       0x30 ../../lib/jpeg-6b\libjpeg-6b_lpc2106-cmucam3.a(jcapistd.o)
 .debug_aranges
                0x000000b8       0x20 ../../lib/jpeg-6b\libjpeg-6b_lpc2106-cmucam3.a(jcinit.o)
 .debug_aranges
                0x000000d8       0x30 ../../lib/jpeg-6b\libjpeg-6b_lpc2106-cmucam3.a(jcmainct.o)
 .debug_aranges
                0x00000108       0x88 ../../lib/jpeg-6b\libjpeg-6b_lpc2106-cmucam3.a(jcmarker.o)
 .debug_aranges
                0x00000190       0x40 ../../lib/jpeg-6b\libjpeg-6b_lpc2106-cmucam3.a(jcmaster.o)
 .debug_aranges
                0x000001d0       0x38 ../../lib/jpeg-6b\libjpeg-6b_lpc2106-cmucam3.a(jcomapi.o)
 .debug_aranges
                0x00000208       0x58 ../../lib/jpeg-6b\libjpeg-6b_lpc2106-cmucam3.a(jcparam.o)
 .debug_aranges
                0x00000260       0x38 ../../lib/jpeg-6b\libjpeg-6b_lpc2106-cmucam3.a(jcprepct.o)
 .debug_aranges
                0x00000298       0x58 ../../lib/jpeg-6b\libjpeg-6b_lpc2106-cmucam3.a(jcsample.o)
 .debug_aranges
                0x000002f0       0x38 ../../lib/jpeg-6b\libjpeg-6b_lpc2106-cmucam3.a(jdatadst.o)
 .debug_aranges
                0x00000328       0x48 ../../lib/jpeg-6b\libjpeg-6b_lpc2106-cmucam3.a(jerror.o)
 .debug_aranges
                0x00000370       0x40 ../../lib/jpeg-6b\libjpeg-6b_lpc2106-cmucam3.a(jutils.o)
 .debug_aranges
                0x000003b0       0x88 ../../lib/jpeg-6b\libjpeg-6b_lpc2106-cmucam3.a(jmemmgr.o)
 .debug_aranges
                0x00000438       0x58 ../../lib/jpeg-6b\libjpeg-6b_lpc2106-cmucam3.a(jmemnobs.o)
 .debug_aranges
                0x00000490       0x30 ../../lib/jpeg-6b\libjpeg-6b_lpc2106-cmucam3.a(jccoefct.o)
 .debug_aranges
                0x000004c0       0x58 ../../lib/jpeg-6b\libjpeg-6b_lpc2106-cmucam3.a(jccolor.o)
 .debug_aranges
                0x00000518       0x30 ../../lib/jpeg-6b\libjpeg-6b_lpc2106-cmucam3.a(jcdctmgr.o)
 .debug_aranges
                0x00000548       0x40 ../../lib/jpeg-6b\libjpeg-6b_lpc2106-cmucam3.a(jchuff.o)
 .debug_aranges
                0x00000588       0x20 ../../lib/jpeg-6b\libjpeg-6b_lpc2106-cmucam3.a(jfdctint.o)
 .debug_aranges
                0x000005a8       0x78 ../../hal/lpc2106-cmucam3\libhal-lpc2106-cmucam3.a(interrupt.o)
 .debug_aranges
                0x00000620       0xe8 ../../hal/lpc2106-cmucam3\libhal-lpc2106-cmucam3.a(cc3.o)
 .debug_aranges
                0x00000708       0x48 ../../hal/lpc2106-cmucam3\libhal-lpc2106-cmucam3.a(cc3_hal.o)
 .debug_aranges
                0x00000750       0xc0 ../../hal/lpc2106-cmucam3\libhal-lpc2106-cmucam3.a(syscalls.o)
 .debug_aranges
                0x00000810       0x88 ../../hal/lpc2106-cmucam3\libhal-lpc2106-cmucam3.a(serial.o)
 .debug_aranges
                0x00000898       0x38 ../../hal/lpc2106-cmucam3\libhal-lpc2106-cmucam3.a(servo.o)
 .debug_aranges
                0x000008d0       0xf0 ../../hal/lpc2106-cmucam3\libhal-lpc2106-cmucam3.a(rdcf2.o)
 .debug_aranges
                0x000009c0       0x50 ../../hal/lpc2106-cmucam3\libhal-lpc2106-cmucam3.a(mmc_hardware.o)
 .debug_aranges
                0x00000a10       0x68 ../../hal/lpc2106-cmucam3\libhal-lpc2106-cmucam3.a(mmc_driver.o)
 .debug_aranges
                0x00000a78       0x38 ../../hal/lpc2106-cmucam3\libhal-lpc2106-cmucam3.a(gpio.o)
 .debug_aranges
                0x00000ab0       0x40 ../../hal/lpc2106-cmucam3\libhal-lpc2106-cmucam3.a(devices.o)
 .debug_aranges
                0x00000af0       0x68 ../../hal/lpc2106-cmucam3\libhal-lpc2106-cmucam3.a(uart_driver.o)
 .debug_aranges
                0x00000b58       0x20 ../../hal/lpc2106-cmucam3\libhal-lpc2106-cmucam3.a(startup.o)

.debug_pubnames
                0x00000000      0xfe3
 *(.debug_pubnames)
 .debug_pubnames
                0x00000000       0x23 lpc2106-cmucam3_buildfiles/main.o
 .debug_pubnames
                0x00000023       0xe8 ../../lib/jpeg-6b\libjpeg-6b_lpc2106-cmucam3.a(jcapimin.o)
 .debug_pubnames
                0x0000010b       0x5b ../../lib/jpeg-6b\libjpeg-6b_lpc2106-cmucam3.a(jcapistd.o)
 .debug_pubnames
                0x00000166       0x2c ../../lib/jpeg-6b\libjpeg-6b_lpc2106-cmucam3.a(jcinit.o)
 .debug_pubnames
                0x00000192       0x2e ../../lib/jpeg-6b\libjpeg-6b_lpc2106-cmucam3.a(jcmainct.o)
 .debug_pubnames
                0x000001c0       0x2a ../../lib/jpeg-6b\libjpeg-6b_lpc2106-cmucam3.a(jcmarker.o)
 .debug_pubnames
                0x000001ea       0x2d ../../lib/jpeg-6b\libjpeg-6b_lpc2106-cmucam3.a(jcmaster.o)
 .debug_pubnames
                0x00000217       0x67 ../../lib/jpeg-6b\libjpeg-6b_lpc2106-cmucam3.a(jcomapi.o)
 .debug_pubnames
                0x0000027e       0xbf ../../lib/jpeg-6b\libjpeg-6b_lpc2106-cmucam3.a(jcparam.o)
 .debug_pubnames
                0x0000033d       0x2e ../../lib/jpeg-6b\libjpeg-6b_lpc2106-cmucam3.a(jcprepct.o)
 .debug_pubnames
                0x0000036b       0x28 ../../lib/jpeg-6b\libjpeg-6b_lpc2106-cmucam3.a(jcsample.o)
 .debug_pubnames
                0x00000393       0x26 ../../lib/jpeg-6b\libjpeg-6b_lpc2106-cmucam3.a(jdatadst.o)
 .debug_pubnames
                0x000003b9       0x40 ../../lib/jpeg-6b\libjpeg-6b_lpc2106-cmucam3.a(jerror.o)
 .debug_pubnames
                0x000003f9       0x81 ../../lib/jpeg-6b\libjpeg-6b_lpc2106-cmucam3.a(jutils.o)
 .debug_pubnames
                0x0000047a       0x27 ../../lib/jpeg-6b\libjpeg-6b_lpc2106-cmucam3.a(jmemmgr.o)
 .debug_pubnames
                0x000004a1       0xb7 ../../lib/jpeg-6b\libjpeg-6b_lpc2106-cmucam3.a(jmemnobs.o)
 .debug_pubnames
                0x00000558       0x2e ../../lib/jpeg-6b\libjpeg-6b_lpc2106-cmucam3.a(jccoefct.o)
 .debug_pubnames
                0x00000586       0x2c ../../lib/jpeg-6b\libjpeg-6b_lpc2106-cmucam3.a(jccolor.o)
 .debug_pubnames
                0x000005b2       0x28 ../../lib/jpeg-6b\libjpeg-6b_lpc2106-cmucam3.a(jcdctmgr.o)
 .debug_pubnames
                0x000005da       0x45 ../../lib/jpeg-6b\libjpeg-6b_lpc2106-cmucam3.a(jchuff.o)
 .debug_pubnames
                0x0000061f       0x26 ../../lib/jpeg-6b\libjpeg-6b_lpc2106-cmucam3.a(jfdctint.o)
 .debug_pubnames
                0x00000645      0x113 ../../hal/lpc2106-cmucam3\libhal-lpc2106-cmucam3.a(interrupt.o)
 .debug_pubnames
                0x00000758      0x2cc ../../hal/lpc2106-cmucam3\libhal-lpc2106-cmucam3.a(cc3.o)
 .debug_pubnames
                0x00000a24       0x97 ../../hal/lpc2106-cmucam3\libhal-lpc2106-cmucam3.a(cc3_hal.o)
 .debug_pubnames
                0x00000abb       0xf1 ../../hal/lpc2106-cmucam3\libhal-lpc2106-cmucam3.a(syscalls.o)
 .debug_pubnames
                0x00000bac      0x140 ../../hal/lpc2106-cmucam3\libhal-lpc2106-cmucam3.a(serial.o)
 .debug_pubnames
                0x00000cec       0x8e ../../hal/lpc2106-cmucam3\libhal-lpc2106-cmucam3.a(servo.o)
 .debug_pubnames
                0x00000d7a       0x93 ../../hal/lpc2106-cmucam3\libhal-lpc2106-cmucam3.a(rdcf2.o)
 .debug_pubnames
                0x00000e0d       0x75 ../../hal/lpc2106-cmucam3\libhal-lpc2106-cmucam3.a(mmc_hardware.o)
 .debug_pubnames
                0x00000e82       0x26 ../../hal/lpc2106-cmucam3\libhal-lpc2106-cmucam3.a(mmc_driver.o)
 .debug_pubnames
                0x00000ea8       0x6d ../../hal/lpc2106-cmucam3\libhal-lpc2106-cmucam3.a(gpio.o)
 .debug_pubnames
                0x00000f15       0xa7 ../../hal/lpc2106-cmucam3\libhal-lpc2106-cmucam3.a(devices.o)
 .debug_pubnames
                0x00000fbc       0x27 ../../hal/lpc2106-cmucam3\libhal-lpc2106-cmucam3.a(uart_driver.o)

.debug_info     0x00000000    0x248ee
 *(.debug_info .gnu.linkonce.wi.*)
 .debug_info    0x00000000     0x1ae5 lpc2106-cmucam3_buildfiles/main.o
 .debug_info    0x00001ae5     0x16f9 ../../lib/jpeg-6b\libjpeg-6b_lpc2106-cmucam3.a(jcapimin.o)
 .debug_info    0x000031de     0x1578 ../../lib/jpeg-6b\libjpeg-6b_lpc2106-cmucam3.a(jcapistd.o)
 .debug_info    0x00004756     0x14a6 ../../lib/jpeg-6b\libjpeg-6b_lpc2106-cmucam3.a(jcinit.o)
 .debug_info    0x00005bfc     0x1614 ../../lib/jpeg-6b\libjpeg-6b_lpc2106-cmucam3.a(jcmainct.o)
 .debug_info    0x00007210     0x1bcf ../../lib/jpeg-6b\libjpeg-6b_lpc2106-cmucam3.a(jcmarker.o)
 .debug_info    0x00008ddf     0x177c ../../lib/jpeg-6b\libjpeg-6b_lpc2106-cmucam3.a(jcmaster.o)
 .debug_info    0x0000a55b     0x14ce ../../lib/jpeg-6b\libjpeg-6b_lpc2106-cmucam3.a(jcomapi.o)
 .debug_info    0x0000ba29     0x1a5c ../../lib/jpeg-6b\libjpeg-6b_lpc2106-cmucam3.a(jcparam.o)
 .debug_info    0x0000d485     0x16c7 ../../lib/jpeg-6b\libjpeg-6b_lpc2106-cmucam3.a(jcprepct.o)
 .debug_info    0x0000eb4c     0x19bb ../../lib/jpeg-6b\libjpeg-6b_lpc2106-cmucam3.a(jcsample.o)
 .debug_info    0x00010507     0x1b10 ../../lib/jpeg-6b\libjpeg-6b_lpc2106-cmucam3.a(jdatadst.o)
 .debug_info    0x00012017     0x134d ../../lib/jpeg-6b\libjpeg-6b_lpc2106-cmucam3.a(jerror.o)
 .debug_info    0x00013364      0x2bd ../../lib/jpeg-6b\libjpeg-6b_lpc2106-cmucam3.a(jutils.o)
 .debug_info    0x00013621     0x1efe ../../lib/jpeg-6b\libjpeg-6b_lpc2106-cmucam3.a(jmemmgr.o)
 .debug_info    0x0001551f     0x1414 ../../lib/jpeg-6b\libjpeg-6b_lpc2106-cmucam3.a(jmemnobs.o)
 .debug_info    0x00016933     0x1747 ../../lib/jpeg-6b\libjpeg-6b_lpc2106-cmucam3.a(jccoefct.o)
 .debug_info    0x0001807a     0x19f9 ../../lib/jpeg-6b\libjpeg-6b_lpc2106-cmucam3.a(jccolor.o)
 .debug_info    0x00019a73     0x174e ../../lib/jpeg-6b\libjpeg-6b_lpc2106-cmucam3.a(jcdctmgr.o)
 .debug_info    0x0001b1c1     0x2104 ../../lib/jpeg-6b\libjpeg-6b_lpc2106-cmucam3.a(jchuff.o)
 .debug_info    0x0001d2c5      0x1d8 ../../lib/jpeg-6b\libjpeg-6b_lpc2106-cmucam3.a(jfdctint.o)
 .debug_info    0x0001d49d      0x235 ../../hal/lpc2106-cmucam3\libhal-lpc2106-cmucam3.a(interrupt.o)
 .debug_info    0x0001d6d2     0x1643 ../../hal/lpc2106-cmucam3\libhal-lpc2106-cmucam3.a(cc3.o)
 .debug_info    0x0001ed15      0x13f ../../hal/lpc2106-cmucam3\libhal-lpc2106-cmucam3.a(cc3_hal.o)
 .debug_info    0x0001ee54      0xb03 ../../hal/lpc2106-cmucam3\libhal-lpc2106-cmucam3.a(syscalls.o)
 .debug_info    0x0001f957      0xe3b ../../hal/lpc2106-cmucam3\libhal-lpc2106-cmucam3.a(serial.o)
 .debug_info    0x00020792      0x2b8 ../../hal/lpc2106-cmucam3\libhal-lpc2106-cmucam3.a(servo.o)
 .debug_info    0x00020a4a     0x15fa ../../hal/lpc2106-cmucam3\libhal-lpc2106-cmucam3.a(rdcf2.o)
 .debug_info    0x00022044      0xceb ../../hal/lpc2106-cmucam3\libhal-lpc2106-cmucam3.a(mmc_hardware.o)
 .debug_info    0x00022d2f      0xc49 ../../hal/lpc2106-cmucam3\libhal-lpc2106-cmucam3.a(mmc_driver.o)
 .debug_info    0x00023978      0x1a9 ../../hal/lpc2106-cmucam3\libhal-lpc2106-cmucam3.a(gpio.o)
 .debug_info    0x00023b21      0x59a ../../hal/lpc2106-cmucam3\libhal-lpc2106-cmucam3.a(devices.o)
 .debug_info    0x000240bb      0x7bc ../../hal/lpc2106-cmucam3\libhal-lpc2106-cmucam3.a(uart_driver.o)
 .debug_info    0x00024877       0x77 ../../hal/lpc2106-cmucam3\libhal-lpc2106-cmucam3.a(startup.o)

.debug_abbrev   0x00000000     0x45b6
 *(.debug_abbrev)
 .debug_abbrev  0x00000000      0x2ad lpc2106-cmucam3_buildfiles/main.o
 .debug_abbrev  0x000002ad      0x1dd ../../lib/jpeg-6b\libjpeg-6b_lpc2106-cmucam3.a(jcapimin.o)
 .debug_abbrev  0x0000048a      0x1ab ../../lib/jpeg-6b\libjpeg-6b_lpc2106-cmucam3.a(jcapistd.o)
 .debug_abbrev  0x00000635      0x16a ../../lib/jpeg-6b\libjpeg-6b_lpc2106-cmucam3.a(jcinit.o)
 .debug_abbrev  0x0000079f      0x19d ../../lib/jpeg-6b\libjpeg-6b_lpc2106-cmucam3.a(jcmainct.o)
 .debug_abbrev  0x0000093c      0x30e ../../lib/jpeg-6b\libjpeg-6b_lpc2106-cmucam3.a(jcmarker.o)
 .debug_abbrev  0x00000c4a      0x24b ../../lib/jpeg-6b\libjpeg-6b_lpc2106-cmucam3.a(jcmaster.o)
 .debug_abbrev  0x00000e95      0x1ba ../../lib/jpeg-6b\libjpeg-6b_lpc2106-cmucam3.a(jcomapi.o)
 .debug_abbrev  0x0000104f      0x2af ../../lib/jpeg-6b\libjpeg-6b_lpc2106-cmucam3.a(jcparam.o)
 .debug_abbrev  0x000012fe      0x1d9 ../../lib/jpeg-6b\libjpeg-6b_lpc2106-cmucam3.a(jcprepct.o)
 .debug_abbrev  0x000014d7      0x219 ../../lib/jpeg-6b\libjpeg-6b_lpc2106-cmucam3.a(jcsample.o)
 .debug_abbrev  0x000016f0      0x1fe ../../lib/jpeg-6b\libjpeg-6b_lpc2106-cmucam3.a(jdatadst.o)
 .debug_abbrev  0x000018ee      0x244 ../../lib/jpeg-6b\libjpeg-6b_lpc2106-cmucam3.a(jerror.o)
 .debug_abbrev  0x00001b32       0xfd ../../lib/jpeg-6b\libjpeg-6b_lpc2106-cmucam3.a(jutils.o)
 .debug_abbrev  0x00001c2f      0x2d6 ../../lib/jpeg-6b\libjpeg-6b_lpc2106-cmucam3.a(jmemmgr.o)
 .debug_abbrev  0x00001f05      0x1f0 ../../lib/jpeg-6b\libjpeg-6b_lpc2106-cmucam3.a(jmemnobs.o)
 .debug_abbrev  0x000020f5      0x24f ../../lib/jpeg-6b\libjpeg-6b_lpc2106-cmucam3.a(jccoefct.o)
 .debug_abbrev  0x00002344      0x230 ../../lib/jpeg-6b\libjpeg-6b_lpc2106-cmucam3.a(jccolor.o)
 .debug_abbrev  0x00002574      0x209 ../../lib/jpeg-6b\libjpeg-6b_lpc2106-cmucam3.a(jcdctmgr.o)
 .debug_abbrev  0x0000277d      0x306 ../../lib/jpeg-6b\libjpeg-6b_lpc2106-cmucam3.a(jchuff.o)
 .debug_abbrev  0x00002a83       0xa0 ../../lib/jpeg-6b\libjpeg-6b_lpc2106-cmucam3.a(jfdctint.o)
 .debug_abbrev  0x00002b23      0x11b ../../hal/lpc2106-cmucam3\libhal-lpc2106-cmucam3.a(interrupt.o)
 .debug_abbrev  0x00002c3e      0x436 ../../hal/lpc2106-cmucam3\libhal-lpc2106-cmucam3.a(cc3.o)
 .debug_abbrev  0x00003074       0x7d ../../hal/lpc2106-cmucam3\libhal-lpc2106-cmucam3.a(cc3_hal.o)
 .debug_abbrev  0x000030f1      0x295 ../../hal/lpc2106-cmucam3\libhal-lpc2106-cmucam3.a(syscalls.o)
 .debug_abbrev  0x00003386      0x35f ../../hal/lpc2106-cmucam3\libhal-lpc2106-cmucam3.a(serial.o)
 .debug_abbrev  0x000036e5      0x187 ../../hal/lpc2106-cmucam3\libhal-lpc2106-cmucam3.a(servo.o)
 .debug_abbrev  0x0000386c      0x391 ../../hal/lpc2106-cmucam3\libhal-lpc2106-cmucam3.a(rdcf2.o)
 .debug_abbrev  0x00003bfd      0x318 ../../hal/lpc2106-cmucam3\libhal-lpc2106-cmucam3.a(mmc_hardware.o)
 .debug_abbrev  0x00003f15      0x279 ../../hal/lpc2106-cmucam3\libhal-lpc2106-cmucam3.a(mmc_driver.o)
 .debug_abbrev  0x0000418e      0x10f ../../hal/lpc2106-cmucam3\libhal-lpc2106-cmucam3.a(gpio.o)
 .debug_abbrev  0x0000429d      0x173 ../../hal/lpc2106-cmucam3\libhal-lpc2106-cmucam3.a(devices.o)
 .debug_abbrev  0x00004410      0x192 ../../hal/lpc2106-cmucam3\libhal-lpc2106-cmucam3.a(uart_driver.o)
 .debug_abbrev  0x000045a2       0x14 ../../hal/lpc2106-cmucam3\libhal-lpc2106-cmucam3.a(startup.o)

.debug_line     0x00000000     0x6bb7
 *(.debug_line)
 .debug_line    0x00000000      0x382 lpc2106-cmucam3_buildfiles/main.o
 .debug_line    0x00000382      0x22a ../../lib/jpeg-6b\libjpeg-6b_lpc2106-cmucam3.a(jcapimin.o)
 .debug_line    0x000005ac      0x139 ../../lib/jpeg-6b\libjpeg-6b_lpc2106-cmucam3.a(jcapistd.o)
 .debug_line    0x000006e5      0x10c ../../lib/jpeg-6b\libjpeg-6b_lpc2106-cmucam3.a(jcinit.o)
 .debug_line    0x000007f1      0x15e ../../lib/jpeg-6b\libjpeg-6b_lpc2106-cmucam3.a(jcmainct.o)
 .debug_line    0x0000094f      0x392 ../../lib/jpeg-6b\libjpeg-6b_lpc2106-cmucam3.a(jcmarker.o)
 .debug_line    0x00000ce1      0x2bf ../../lib/jpeg-6b\libjpeg-6b_lpc2106-cmucam3.a(jcmaster.o)
 .debug_line    0x00000fa0      0x129 ../../lib/jpeg-6b\libjpeg-6b_lpc2106-cmucam3.a(jcomapi.o)
 .debug_line    0x000010c9      0x2dc ../../lib/jpeg-6b\libjpeg-6b_lpc2106-cmucam3.a(jcparam.o)
 .debug_line    0x000013a5      0x1cc ../../lib/jpeg-6b\libjpeg-6b_lpc2106-cmucam3.a(jcprepct.o)
 .debug_line    0x00001571      0x3b8 ../../lib/jpeg-6b\libjpeg-6b_lpc2106-cmucam3.a(jcsample.o)
 .debug_line    0x00001929      0x244 ../../lib/jpeg-6b\libjpeg-6b_lpc2106-cmucam3.a(jdatadst.o)
 .debug_line    0x00001b6d      0x221 ../../lib/jpeg-6b\libjpeg-6b_lpc2106-cmucam3.a(jerror.o)
 .debug_line    0x00001d8e      0x159 ../../lib/jpeg-6b\libjpeg-6b_lpc2106-cmucam3.a(jutils.o)
 .debug_line    0x00001ee7      0x643 ../../lib/jpeg-6b\libjpeg-6b_lpc2106-cmucam3.a(jmemmgr.o)
 .debug_line    0x0000252a      0x269 ../../lib/jpeg-6b\libjpeg-6b_lpc2106-cmucam3.a(jmemnobs.o)
 .debug_line    0x00002793      0x24e ../../lib/jpeg-6b\libjpeg-6b_lpc2106-cmucam3.a(jccoefct.o)
 .debug_line    0x000029e1      0x63a ../../lib/jpeg-6b\libjpeg-6b_lpc2106-cmucam3.a(jccolor.o)
 .debug_line    0x0000301b      0x25b ../../lib/jpeg-6b\libjpeg-6b_lpc2106-cmucam3.a(jcdctmgr.o)
 .debug_line    0x00003276      0x657 ../../lib/jpeg-6b\libjpeg-6b_lpc2106-cmucam3.a(jchuff.o)
 .debug_line    0x000038cd      0x882 ../../lib/jpeg-6b\libjpeg-6b_lpc2106-cmucam3.a(jfdctint.o)
 .debug_line    0x0000414f      0x1d2 ../../hal/lpc2106-cmucam3\libhal-lpc2106-cmucam3.a(interrupt.o)
 .debug_line    0x00004321      0x855 ../../hal/lpc2106-cmucam3\libhal-lpc2106-cmucam3.a(cc3.o)
 .debug_line    0x00004b76       0xf3 ../../hal/lpc2106-cmucam3\libhal-lpc2106-cmucam3.a(cc3_hal.o)
 .debug_line    0x00004c69      0x3e5 ../../hal/lpc2106-cmucam3\libhal-lpc2106-cmucam3.a(syscalls.o)
 .debug_line    0x0000504e      0x3d5 ../../hal/lpc2106-cmucam3\libhal-lpc2106-cmucam3.a(serial.o)
 .debug_line    0x00005423      0x1a3 ../../hal/lpc2106-cmucam3\libhal-lpc2106-cmucam3.a(servo.o)
 .debug_line    0x000055c6      0x93a ../../hal/lpc2106-cmucam3\libhal-lpc2106-cmucam3.a(rdcf2.o)
 .debug_line    0x00005f00      0x379 ../../hal/lpc2106-cmucam3\libhal-lpc2106-cmucam3.a(mmc_hardware.o)
 .debug_line    0x00006279      0x355 ../../hal/lpc2106-cmucam3\libhal-lpc2106-cmucam3.a(mmc_driver.o)
 .debug_line    0x000065ce      0x115 ../../hal/lpc2106-cmucam3\libhal-lpc2106-cmucam3.a(gpio.o)
 .debug_line    0x000066e3      0x1a5 ../../hal/lpc2106-cmucam3\libhal-lpc2106-cmucam3.a(devices.o)
 .debug_line    0x00006888      0x2af ../../hal/lpc2106-cmucam3\libhal-lpc2106-cmucam3.a(uart_driver.o)
 .debug_line    0x00006b37       0x80 ../../hal/lpc2106-cmucam3\libhal-lpc2106-cmucam3.a(startup.o)

.debug_frame    0x00000000     0x2f70
 *(.debug_frame)
 .debug_frame   0x00000000       0x4c lpc2106-cmucam3_buildfiles/main.o
 .debug_frame   0x0000004c       0xf8 ../../lib/jpeg-6b\libjpeg-6b_lpc2106-cmucam3.a(jcapimin.o)
 .debug_frame   0x00000144       0x6c ../../lib/jpeg-6b\libjpeg-6b_lpc2106-cmucam3.a(jcapistd.o)
 .debug_frame   0x000001b0       0x2c ../../lib/jpeg-6b\libjpeg-6b_lpc2106-cmucam3.a(jcinit.o)
 .debug_frame   0x000001dc       0x70 ../../lib/jpeg-6b\libjpeg-6b_lpc2106-cmucam3.a(jcmainct.o)
 .debug_frame   0x0000024c      0x18c ../../lib/jpeg-6b\libjpeg-6b_lpc2106-cmucam3.a(jcmarker.o)
 .debug_frame   0x000003d8       0xac ../../lib/jpeg-6b\libjpeg-6b_lpc2106-cmucam3.a(jcmaster.o)
 .debug_frame   0x00000484       0x70 ../../lib/jpeg-6b\libjpeg-6b_lpc2106-cmucam3.a(jcomapi.o)
 .debug_frame   0x000004f4       0xf8 ../../lib/jpeg-6b\libjpeg-6b_lpc2106-cmucam3.a(jcparam.o)
 .debug_frame   0x000005ec       0xa0 ../../lib/jpeg-6b\libjpeg-6b_lpc2106-cmucam3.a(jcprepct.o)
 .debug_frame   0x0000068c      0x130 ../../lib/jpeg-6b\libjpeg-6b_lpc2106-cmucam3.a(jcsample.o)
 .debug_frame   0x000007bc       0x7c ../../lib/jpeg-6b\libjpeg-6b_lpc2106-cmucam3.a(jdatadst.o)
 .debug_frame   0x00000838       0x98 ../../lib/jpeg-6b\libjpeg-6b_lpc2106-cmucam3.a(jerror.o)
 .debug_frame   0x000008d0       0x94 ../../lib/jpeg-6b\libjpeg-6b_lpc2106-cmucam3.a(jutils.o)
 .debug_frame   0x00000964      0x204 ../../lib/jpeg-6b\libjpeg-6b_lpc2106-cmucam3.a(jmemmgr.o)
 .debug_frame   0x00000b68       0xb8 ../../lib/jpeg-6b\libjpeg-6b_lpc2106-cmucam3.a(jmemnobs.o)
 .debug_frame   0x00000c20       0x78 ../../lib/jpeg-6b\libjpeg-6b_lpc2106-cmucam3.a(jccoefct.o)
 .debug_frame   0x00000c98      0x128 ../../lib/jpeg-6b\libjpeg-6b_lpc2106-cmucam3.a(jccolor.o)
 .debug_frame   0x00000dc0       0x84 ../../lib/jpeg-6b\libjpeg-6b_lpc2106-cmucam3.a(jcdctmgr.o)
 .debug_frame   0x00000e44       0xd8 ../../lib/jpeg-6b\libjpeg-6b_lpc2106-cmucam3.a(jchuff.o)
 .debug_frame   0x00000f1c       0x38 ../../lib/jpeg-6b\libjpeg-6b_lpc2106-cmucam3.a(jfdctint.o)
 .debug_frame   0x00000f54      0x104 ../../hal/lpc2106-cmucam3\libhal-lpc2106-cmucam3.a(interrupt.o)
 .debug_frame   0x00001058      0x250 ../../hal/lpc2106-cmucam3\libhal-lpc2106-cmucam3.a(cc3.o)
 .debug_frame   0x000012a8       0xac ../../hal/lpc2106-cmucam3\libhal-lpc2106-cmucam3.a(cc3_hal.o)
 .debug_frame   0x00001354      0x1d0 ../../hal/lpc2106-cmucam3\libhal-lpc2106-cmucam3.a(syscalls.o)
 .debug_frame   0x00001524      0x134 ../../hal/lpc2106-cmucam3\libhal-lpc2106-cmucam3.a(serial.o)
 .debug_frame   0x00001658       0x64 ../../hal/lpc2106-cmucam3\libhal-lpc2106-cmucam3.a(servo.o)
 .debug_frame   0x000016bc      0x358 ../../hal/lpc2106-cmucam3\libhal-lpc2106-cmucam3.a(rdcf2.o)
 .debug_frame   0x00001a14       0xcc ../../hal/lpc2106-cmucam3\libhal-lpc2106-cmucam3.a(mmc_hardware.o)
 .debug_frame   0x00001ae0      0x114 ../../hal/lpc2106-cmucam3\libhal-lpc2106-cmucam3.a(mmc_driver.o)
 .debug_frame   0x00001bf4       0x58 ../../hal/lpc2106-cmucam3\libhal-lpc2106-cmucam3.a(gpio.o)
 .debug_frame   0x00001c4c       0x6c ../../hal/lpc2106-cmucam3\libhal-lpc2106-cmucam3.a(devices.o)
 .debug_frame   0x00001cb8       0xf4 ../../hal/lpc2106-cmucam3\libhal-lpc2106-cmucam3.a(uart_driver.o)
 .debug_frame   0x00001dac       0x20 c:/program files/codesourcery/sourcery g++ lite/bin/../lib/gcc/arm-none-eabi/4.5.1\libgcc.a(_udivsi3.o)