Archive member included because of file (symbol)

../../lib/cc3-ilp\libcc3-ilp_lpc2106-cmucam3.a(cc3_img_writer.o)
                              lpc2106-cmucam3_buildfiles/main.o (cc3_ppm_img_write)
../../lib/cc3-ilp\libcc3-ilp_lpc2106-cmucam3.a(cc3_hsv.o)
                              lpc2106-cmucam3_buildfiles/main.o (cc3_rgb2hsv_row)
../../lib/cc3-ilp\libcc3-ilp_lpc2106-cmucam3.a(cc3_ilp.o)
                              ../../lib/cc3-ilp\libcc3-ilp_lpc2106-cmucam3.a(cc3_img_writer.o) (cc3_get_pixel)
../../hal/lpc2106-cmucam3\libhal-lpc2106-cmucam3.a(interrupt.o)
                              (--whole-archive)
../../hal/lpc2106-cmucam3\libhal-lpc2106-cmucam3.a(cc3.o)
                              (--whole-archive)
../../hal/lpc2106-cmucam3\libhal-lpc2106-cmucam3.a(cc3_hal.o)
                              (--whole-archive)
../../hal/lpc2106-cmucam3\libhal-lpc2106-cmucam3.a(syscalls.o)
                              (--whole-archive)
../../hal/lpc2106-cmucam3\libhal-lpc2106-cmucam3.a(serial.o)
                              (--whole-archive)
../../hal/lpc2106-cmucam3\libhal-lpc2106-cmucam3.a(servo.o)
                              (--whole-archive)
../../hal/lpc2106-cmucam3\libhal-lpc2106-cmucam3.a(rdcf2.o)
                              (--whole-archive)
../../hal/lpc2106-cmucam3\libhal-lpc2106-cmucam3.a(mmc_hardware.o)
                              (--whole-archive)
../../hal/lpc2106-cmucam3\libhal-lpc2106-cmucam3.a(mmc_driver.o)
                              (--whole-archive)
../../hal/lpc2106-cmucam3\libhal-lpc2106-cmucam3.a(gpio.o)
                              (--whole-archive)
../../hal/lpc2106-cmucam3\libhal-lpc2106-cmucam3.a(devices.o)
                              (--whole-archive)
../../hal/lpc2106-cmucam3\libhal-lpc2106-cmucam3.a(uart_driver.o)
                              (--whole-archive)
../../hal/lpc2106-cmucam3\libhal-lpc2106-cmucam3.a(startup.o)
                              (--whole-archive)
c:/program files (x86)/codesourcery/sourcery g++ lite/bin/../lib/gcc/arm-none-eabi/4.2.3\libgcc.a(_udivsi3.o)
                              ../../hal/lpc2106-cmucam3\libhal-lpc2106-cmucam3.a(serial.o) (__aeabi_uidiv)
c:/program files (x86)/codesourcery/sourcery g++ lite/bin/../lib/gcc/arm-none-eabi/4.2.3\libgcc.a(_divsi3.o)
                              ../../lib/cc3-ilp\libcc3-ilp_lpc2106-cmucam3.a(cc3_hsv.o) (__aeabi_idiv)
c:/program files (x86)/codesourcery/sourcery g++ lite/bin/../lib/gcc/arm-none-eabi/4.2.3\libgcc.a(_dvmd_tls.o)
                              c:/program files (x86)/codesourcery/sourcery g++ lite/bin/../lib/gcc/arm-none-eabi/4.2.3\libgcc.a(_udivsi3.o) (__aeabi_idiv0)
c:/program files (x86)/codesourcery/sourcery g++ lite/bin/../lib/gcc/arm-none-eabi/4.2.3/../../../../arm-none-eabi/lib\libc.a(lib_a-calloc.o)
                              ../../hal/lpc2106-cmucam3\libhal-lpc2106-cmucam3.a(mmc_hardware.o) (calloc)
c:/program files (x86)/codesourcery/sourcery g++ lite/bin/../lib/gcc/arm-none-eabi/4.2.3/../../../../arm-none-eabi/lib\libc.a(lib_a-callocr.o)
                              c:/program files (x86)/codesourcery/sourcery g++ lite/bin/../lib/gcc/arm-none-eabi/4.2.3/../../../../arm-none-eabi/lib\libc.a(lib_a-calloc.o) (_calloc_r)
c:/program files (x86)/codesourcery/sourcery g++ lite/bin/../lib/gcc/arm-none-eabi/4.2.3/../../../../arm-none-eabi/lib\libc.a(lib_a-ctype_.o)
                              ../../hal/lpc2106-cmucam3\libhal-lpc2106-cmucam3.a(syscalls.o) (__ctype_ptr)
c:/program files (x86)/codesourcery/sourcery g++ lite/bin/../lib/gcc/arm-none-eabi/4.2.3/../../../../arm-none-eabi/lib\libc.a(lib_a-exit.o)
                              lpc2106-cmucam3_buildfiles/main.o (exit)
c:/program files (x86)/codesourcery/sourcery g++ lite/bin/../lib/gcc/arm-none-eabi/4.2.3/../../../../arm-none-eabi/lib\libc.a(lib_a-fclose.o)
                              ../../lib/cc3-ilp\libcc3-ilp_lpc2106-cmucam3.a(cc3_img_writer.o) (fclose)
c:/program files (x86)/codesourcery/sourcery g++ lite/bin/../lib/gcc/arm-none-eabi/4.2.3/../../../../arm-none-eabi/lib\libc.a(lib_a-fflush.o)
                              c:/program files (x86)/codesourcery/sourcery g++ lite/bin/../lib/gcc/arm-none-eabi/4.2.3/../../../../arm-none-eabi/lib\libc.a(lib_a-fclose.o) (_fflush_r)
c:/program files (x86)/codesourcery/sourcery g++ lite/bin/../lib/gcc/arm-none-eabi/4.2.3/../../../../arm-none-eabi/lib\libc.a(lib_a-findfp.o)
                              c:/program files (x86)/codesourcery/sourcery g++ lite/bin/../lib/gcc/arm-none-eabi/4.2.3/../../../../arm-none-eabi/lib\libc.a(lib_a-fclose.o) (__sfp_lock_acquire)
c:/program files (x86)/codesourcery/sourcery g++ lite/bin/../lib/gcc/arm-none-eabi/4.2.3/../../../../arm-none-eabi/lib\libc.a(lib_a-fiprintf.o)
                              ../../lib/cc3-ilp\libcc3-ilp_lpc2106-cmucam3.a(cc3_img_writer.o) (fiprintf)
[...]
Memory Configuration

Name             Origin             Length             Attributes
ROM              0x00000000         0x0001e000         xr
RAM              0x40000000         0x00010000         rw
*default*        0x00000000         0xffffffff

Linker script and memory map

LOAD c:/program files (x86)/codesourcery/sourcery g++ lite/bin/../lib/gcc/arm-none-eabi/4.2.3/crti.o
LOAD c:/program files (x86)/codesourcery/sourcery g++ lite/bin/../lib/gcc/arm-none-eabi/4.2.3/crtbegin.o
LOAD lpc2106-cmucam3_buildfiles/main.o
LOAD ../../lib/cc3-ilp\libcc3-ilp_lpc2106-cmucam3.a
LOAD ../../lib/jpeg-6b\libjpeg-6b_lpc2106-cmucam3.a
LOAD ../../hal/lpc2106-cmucam3\libhal-lpc2106-cmucam3.a
LOAD c:/program files (x86)/codesourcery/sourcery g++ lite/bin/../lib/gcc/arm-none-eabi/4.2.3/../../../../arm-none-eabi/lib\libm.a
START GROUP
LOAD c:/program files (x86)/codesourcery/sourcery g++ lite/bin/../lib/gcc/arm-none-eabi/4.2.3\libgcc.a
LOAD c:/program files (x86)/codesourcery/sourcery g++ lite/bin/../lib/gcc/arm-none-eabi/4.2.3/../../../../arm-none-eabi/lib\libc.a
END GROUP
LOAD c:/program files (x86)/codesourcery/sourcery g++ lite/bin/../lib/gcc/arm-none-eabi/4.2.3/crtend.o
LOAD c:/program files (x86)/codesourcery/sourcery g++ lite/bin/../lib/gcc/arm-none-eabi/4.2.3/crtn.o
                0x00002400                STACK_SIZE = 0x2400

.text           0x00000000     0xae58
 *(.boot)
 .boot          0x00000000      0x140 ../../hal/lpc2106-cmucam3\libhal-lpc2106-cmucam3.a(startup.o)
                0x00000000                _boot
                0x0000006c                _mainCRTStartup
                0x0000006c                _start
                0x0000006c                start
 *(.text .text.* .gnu.linkonce.t.*)
 .text          0x00000140       0x94 c:/program files (x86)/codesourcery/sourcery g++ lite/bin/../lib/gcc/arm-none-eabi/4.2.3/crtbegin.o
 .text.GetImage
                0x000001d4       0x3c lpc2106-cmucam3_buildfiles/main.o
                0x000001d4                GetImage
 .text.main     0x00000210      0x210 lpc2106-cmucam3_buildfiles/main.o
                0x00000210                main
 .text.cc3_ppm_img_write
                0x00000420      0x130 ../../lib/cc3-ilp\libcc3-ilp_lpc2106-cmucam3.a(cc3_img_writer.o)
                0x00000420                cc3_ppm_img_write
 .text.cc3_get_pixel
                0x00000550       0xa0 ../../lib/cc3-ilp\libcc3-ilp_lpc2106-cmucam3.a(cc3_ilp.o)
                0x00000550                cc3_get_pixel
 .text.disable_ext_interrupt
                0x000005f0       0x2c ../../hal/lpc2106-cmucam3\libhal-lpc2106-cmucam3.a(interrupt.o)
                0x000005f0                disable_ext_interrupt
 .text.enable_ext_interrupt
                0x0000061c       0x20 ../../hal/lpc2106-cmucam3\libhal-lpc2106-cmucam3.a(interrupt.o)
                0x0000061c                enable_ext_interrupt
 .text.enable_button_interrupt
                0x0000063c       0x28 ../../hal/lpc2106-cmucam3\libhal-lpc2106-cmucam3.a(interrupt.o)
                0x0000063c                enable_button_interrupt
 .text.disable_button_interrupt
                0x00000664       0x30 ../../hal/lpc2106-cmucam3\libhal-lpc2106-cmucam3.a(interrupt.o)
                0x00000664                disable_button_interrupt
 .text.panic_blink
                0x00000694       0x94 ../../hal/lpc2106-cmucam3\libhal-lpc2106-cmucam3.a(interrupt.o)
 .text.data_abort
                0x00000728       0x28 ../../hal/lpc2106-cmucam3\libhal-lpc2106-cmucam3.a(interrupt.o)
                0x00000728                data_abort
 .text.prefetch_abort
                0x00000750       0x28 ../../hal/lpc2106-cmucam3\libhal-lpc2106-cmucam3.a(interrupt.o)
                0x00000750                prefetch_abort
 .text.undefined
                0x00000778        0x8 ../../hal/lpc2106-cmucam3\libhal-lpc2106-cmucam3.a(interrupt.o)
                0x00000778                undefined
 .text.swi      0x00000780       0x18 ../../hal/lpc2106-cmucam3\libhal-lpc2106-cmucam3.a(interrupt.o)
                0x00000780                swi
 .text.interrupt
                0x00000798       0x94 ../../hal/lpc2106-cmucam3\libhal-lpc2106-cmucam3.a(interrupt.o)
                0x00000798                interrupt
 .text.cc3_pixbuf_rewind
                0x0000082c       0x8c ../../hal/lpc2106-cmucam3\libhal-lpc2106-cmucam3.a(cc3.o)
                0x0000082c                cc3_pixbuf_rewind
 .text.cc3_led_set_state
                0x000008b8       0x90 ../../hal/lpc2106-cmucam3\libhal-lpc2106-cmucam3.a(cc3.o)
                0x000008b8                cc3_led_set_state
 .text.cc3_timer_get_current_ms
                0x00000948       0x10 ../../hal/lpc2106-cmucam3\libhal-lpc2106-cmucam3.a(cc3.o)
                0x00000948                cc3_timer_get_current_ms
 .text.cc3_timer_wait_ms
                0x00000958       0x24 ../../hal/lpc2106-cmucam3\libhal-lpc2106-cmucam3.a(cc3.o)
                0x00000958                cc3_timer_wait_ms
 .text.cc3_pixbuf_frame_set_coi
                0x0000097c       0x30 ../../hal/lpc2106-cmucam3\libhal-lpc2106-cmucam3.a(cc3.o)
                0x0000097c                cc3_pixbuf_frame_set_coi
 .text._cc3_update_frame_bounds
                0x000009ac       0x40 ../../hal/lpc2106-cmucam3\libhal-lpc2106-cmucam3.a(cc3.o)
 .text.cc3_pixbuf_frame_reset
                0x000009ec       0x50 ../../hal/lpc2106-cmucam3\libhal-lpc2106-cmucam3.a(cc3.o)
                0x000009ec                cc3_pixbuf_frame_reset
 .text.cc3_pixbuf_frame_set_subsample
                0x00000a3c       0x70 ../../hal/lpc2106-cmucam3\libhal-lpc2106-cmucam3.a(cc3.o)
                0x00000a3c                cc3_pixbuf_frame_set_subsample
 .text._cc3_set_cam_ddr
                0x00000aac       0x2c ../../hal/lpc2106-cmucam3\libhal-lpc2106-cmucam3.a(cc3.o)
 .text._cc3_set_cam_ddr_sccb_write
                0x00000ad8       0x24 ../../hal/lpc2106-cmucam3\libhal-lpc2106-cmucam3.a(cc3.o)
 .text._cc3_set_cam_ddr_sccb_idle
                0x00000afc       0x28 ../../hal/lpc2106-cmucam3\libhal-lpc2106-cmucam3.a(cc3.o)
 .text.cc3_camera_set_raw_register
                0x00000b24      0x174 ../../hal/lpc2106-cmucam3\libhal-lpc2106-cmucam3.a(cc3.o)
                0x00000b24                cc3_camera_set_raw_register
 .text._cc3_set_register_state
                0x00000c98      0x16c ../../hal/lpc2106-cmucam3\libhal-lpc2106-cmucam3.a(cc3.o)
 .text.cc3_camera_set_auto_white_balance
                0x00000e04       0x10 ../../hal/lpc2106-cmucam3\libhal-lpc2106-cmucam3.a(cc3.o)
                0x00000e04                cc3_camera_set_auto_white_balance
 .text.cc3_camera_set_auto_exposure
                0x00000e14       0x10 ../../hal/lpc2106-cmucam3\libhal-lpc2106-cmucam3.a(cc3.o)
                0x00000e14                cc3_camera_set_auto_exposure
 .text.cc3_camera_set_colorspace
                0x00000e24       0x10 ../../hal/lpc2106-cmucam3\libhal-lpc2106-cmucam3.a(cc3.o)
                0x00000e24                cc3_camera_set_colorspace
 .text.cc3_camera_set_resolution
                0x00000e34       0x10 ../../hal/lpc2106-cmucam3\libhal-lpc2106-cmucam3.a(cc3.o)
                0x00000e34                cc3_camera_set_resolution
 .text.cc3_camera_init
                0x00000e44       0x8c ../../hal/lpc2106-cmucam3\libhal-lpc2106-cmucam3.a(cc3.o)
                0x00000e44                cc3_camera_init
 .text.cc3_malloc_rows
                0x00000ed0       0x28 ../../hal/lpc2106-cmucam3\libhal-lpc2106-cmucam3.a(cc3.o)
                0x00000ed0                cc3_malloc_rows
 .text.cc3_pixbuf_load
                0x00000ef8       0xb8 ../../hal/lpc2106-cmucam3\libhal-lpc2106-cmucam3.a(cc3.o)
                0x00000ef8                cc3_pixbuf_load
 .text.cc3_pixbuf_read_rows
                0x00000fb0      0x698 ../../hal/lpc2106-cmucam3\libhal-lpc2106-cmucam3.a(cc3.o)
                0x00000fb0                cc3_pixbuf_read_rows
 .text._cc3_delay_us_4
                0x00001648       0x64 ../../hal/lpc2106-cmucam3\libhal-lpc2106-cmucam3.a(cc3_hal.o)
                0x00001648                _cc3_delay_us_4
 .text._cc3_fifo_reset
                0x000016ac       0x60 ../../hal/lpc2106-cmucam3\libhal-lpc2106-cmucam3.a(cc3_hal.o)
                0x000016ac                _cc3_fifo_reset
 .text._cc3_camera_reset
                0x0000170c       0x38 ../../hal/lpc2106-cmucam3\libhal-lpc2106-cmucam3.a(cc3_hal.o)
                0x0000170c                _cc3_camera_reset
 .text._cc3_delay_sccb
                0x00001744       0x38 ../../hal/lpc2106-cmucam3\libhal-lpc2106-cmucam3.a(cc3_hal.o)
                0x00001744                _cc3_delay_sccb
 .text._cc3_pixbuf_write_rewind
                0x0000177c       0x30 ../../hal/lpc2106-cmucam3\libhal-lpc2106-cmucam3.a(cc3_hal.o)
                0x0000177c                _cc3_pixbuf_write_rewind
 .text._cc3_system_setup
                0x000017ac       0xac ../../hal/lpc2106-cmucam3\libhal-lpc2106-cmucam3.a(cc3_hal.o)
                0x000017ac                _cc3_system_setup
 .text._exit    0x00001858        0x4 ../../hal/lpc2106-cmucam3\libhal-lpc2106-cmucam3.a(syscalls.o)
                0x00001858                _exit
 .text.normalize_filename
                0x0000185c       0x5c ../../hal/lpc2106-cmucam3\libhal-lpc2106-cmucam3.a(syscalls.o)
 .text._gettimeofday
                0x000018b8        0x8 ../../hal/lpc2106-cmucam3\libhal-lpc2106-cmucam3.a(syscalls.o)
                0x000018b8                _gettimeofday
 .text._sbrk    0x000018c0       0x50 ../../hal/lpc2106-cmucam3\libhal-lpc2106-cmucam3.a(syscalls.o)
                0x000018c0                _sbrk
 .text._open    0x00001910       0x8c ../../hal/lpc2106-cmucam3\libhal-lpc2106-cmucam3.a(syscalls.o)
                0x00001910                _open
 .text._isatty  0x0000199c       0x2c ../../hal/lpc2106-cmucam3\libhal-lpc2106-cmucam3.a(syscalls.o)
                0x0000199c                _isatty
 .text._fstat   0x000019c8       0x4c ../../hal/lpc2106-cmucam3\libhal-lpc2106-cmucam3.a(syscalls.o)
                0x000019c8                _fstat
 .text._lseek   0x00001a14       0x54 ../../hal/lpc2106-cmucam3\libhal-lpc2106-cmucam3.a(syscalls.o)
                0x00001a14                _lseek
 .text._close   0x00001a68       0x44 ../../hal/lpc2106-cmucam3\libhal-lpc2106-cmucam3.a(syscalls.o)
                0x00001a68                _close
 .text._read    0x00001aac       0x54 ../../hal/lpc2106-cmucam3\libhal-lpc2106-cmucam3.a(syscalls.o)
                0x00001aac                _read
 .text._write   0x00001b00       0x54 ../../hal/lpc2106-cmucam3\libhal-lpc2106-cmucam3.a(syscalls.o)
                0x00001b00                _write
 .text._cc3_uart0_setup
                0x00001b54       0x5c ../../hal/lpc2106-cmucam3\libhal-lpc2106-cmucam3.a(serial.o)
                0x00001b54                _cc3_uart0_setup
 .text._cc3_uart1_setup
                0x00001bb0       0x5c ../../hal/lpc2106-cmucam3\libhal-lpc2106-cmucam3.a(serial.o)
                0x00001bb0                _cc3_uart1_setup
 .text.cc3_uart_get_count
                0x00001c0c        0x8 ../../hal/lpc2106-cmucam3\libhal-lpc2106-cmucam3.a(serial.o)
                0x00001c0c                cc3_uart_get_count
 .text.uart0_putc
                0x00001c14       0x1c ../../hal/lpc2106-cmucam3\libhal-lpc2106-cmucam3.a(serial.o)
                0x00001c14                uart0_putc
 .text.uart1_putc
                0x00001c30       0x1c ../../hal/lpc2106-cmucam3\libhal-lpc2106-cmucam3.a(serial.o)
                0x00001c30                uart1_putc
 .text.uart0_getc
                0x00001c4c       0x1c ../../hal/lpc2106-cmucam3\libhal-lpc2106-cmucam3.a(serial.o)
                0x00001c4c                uart0_getc
 .text.uart1_getc
                0x00001c68       0x1c ../../hal/lpc2106-cmucam3\libhal-lpc2106-cmucam3.a(serial.o)
                0x00001c68                uart1_getc
 .text.uart0_write
                0x00001c84       0x30 ../../hal/lpc2106-cmucam3\libhal-lpc2106-cmucam3.a(serial.o)
                0x00001c84                uart0_write
 .text.uart0_write_hex
                0x00001cb4       0x78 ../../hal/lpc2106-cmucam3\libhal-lpc2106-cmucam3.a(serial.o)
                0x00001cb4                uart0_write_hex
 .text.cc3_uart_init
                0x00001d2c      0x16c ../../hal/lpc2106-cmucam3\libhal-lpc2106-cmucam3.a(serial.o)
                0x00001d2c                cc3_uart_init
 .text.servo_lo
                0x00001e98       0x1c ../../hal/lpc2106-cmucam3\libhal-lpc2106-cmucam3.a(servo.o)
 .text._cc3_servo_int
                0x00001eb4      0x134 ../../hal/lpc2106-cmucam3\libhal-lpc2106-cmucam3.a(servo.o)
                0x00001eb4                _cc3_servo_int
 .text.name_extension_to_spec
                0x00001fe8       0x68 ../../hal/lpc2106-cmucam3\libhal-lpc2106-cmucam3.a(rdcf2.o)
 .text.initialize_fcb
                0x00002050       0x98 ../../hal/lpc2106-cmucam3\libhal-lpc2106-cmucam3.a(rdcf2.o)
 .text.rdcf_get_date_and_time
                0x000020e8       0xa8 ../../hal/lpc2106-cmucam3\libhal-lpc2106-cmucam3.a(rdcf2.o)
 .text.error_exit
                0x00002190        0xc ../../hal/lpc2106-cmucam3\libhal-lpc2106-cmucam3.a(rdcf2.o)
 .text.check_write_access
                0x0000219c       0x14 ../../hal/lpc2106-cmucam3\libhal-lpc2106-cmucam3.a(rdcf2.o)
 .text.check_file_character
                0x000021b0       0x24 ../../hal/lpc2106-cmucam3\libhal-lpc2106-cmucam3.a(rdcf2.o)
 .text.spec_to_name_extension
                0x000021d4      0x134 ../../hal/lpc2106-cmucam3\libhal-lpc2106-cmucam3.a(rdcf2.o)
 .text.check_cluster
                0x00002308       0x20 ../../hal/lpc2106-cmucam3\libhal-lpc2106-cmucam3.a(rdcf2.o)
 .text.first_sector_in_cluster
                0x00002328       0x28 ../../hal/lpc2106-cmucam3\libhal-lpc2106-cmucam3.a(rdcf2.o)
 .text.write_sector
                0x00002350       0x44 ../../hal/lpc2106-cmucam3\libhal-lpc2106-cmucam3.a(rdcf2.o)
 .text.flush_buffer
                0x00002394       0x6c ../../hal/lpc2106-cmucam3\libhal-lpc2106-cmucam3.a(rdcf2.o)
 .text.read_sector
                0x00002400       0x44 ../../hal/lpc2106-cmucam3\libhal-lpc2106-cmucam3.a(rdcf2.o)
 .text.read_buffer
                0x00002444       0x4c ../../hal/lpc2106-cmucam3\libhal-lpc2106-cmucam3.a(rdcf2.o)
 .text.find_directory
                0x00002490       0x54 ../../hal/lpc2106-cmucam3\libhal-lpc2106-cmucam3.a(rdcf2.o)
 .text.update_directory_entry
                0x000024e4       0xd8 ../../hal/lpc2106-cmucam3\libhal-lpc2106-cmucam3.a(rdcf2.o)
 .text.rdcf_close
                0x000025bc       0xa4 ../../hal/lpc2106-cmucam3\libhal-lpc2106-cmucam3.a(rdcf2.o)
                0x000025bc                rdcf_close
 .text.set_FAT_entry
                0x00002660       0xf4 ../../hal/lpc2106-cmucam3\libhal-lpc2106-cmucam3.a(rdcf2.o)
 .text.FAT_entry
                0x00002754       0xa0 ../../hal/lpc2106-cmucam3\libhal-lpc2106-cmucam3.a(rdcf2.o)
 .text.rdcf_seek
                0x000027f4       0xe4 ../../hal/lpc2106-cmucam3\libhal-lpc2106-cmucam3.a(rdcf2.o)
                0x000027f4                rdcf_seek
 .text.rdcf_read
                0x000028d8      0x21c ../../hal/lpc2106-cmucam3\libhal-lpc2106-cmucam3.a(rdcf2.o)
                0x000028d8                rdcf_read
 .text.add_new_cluster
                0x00002af4       0xac ../../hal/lpc2106-cmucam3\libhal-lpc2106-cmucam3.a(rdcf2.o)
 .text.real_rdcf_write
                0x00002ba0      0x2d8 ../../hal/lpc2106-cmucam3\libhal-lpc2106-cmucam3.a(rdcf2.o)
 .text.rdcf_write
                0x00002e78       0x2c ../../hal/lpc2106-cmucam3\libhal-lpc2106-cmucam3.a(rdcf2.o)
                0x00002e78                rdcf_write
 .text.release_FAT_entries
                0x00002ea4       0xa0 ../../hal/lpc2106-cmucam3\libhal-lpc2106-cmucam3.a(rdcf2.o)
 .text.find_file_in_directory_or_find_volume
                0x00002f44      0x250 ../../hal/lpc2106-cmucam3\libhal-lpc2106-cmucam3.a(rdcf2.o)
 .text.find_file
                0x00003194       0x90 ../../hal/lpc2106-cmucam3\libhal-lpc2106-cmucam3.a(rdcf2.o)
 .text.rdcf_open
                0x00003224      0x2b8 ../../hal/lpc2106-cmucam3\libhal-lpc2106-cmucam3.a(rdcf2.o)
                0x00003224                rdcf_open
 .text.rdcf_rename
                0x000034dc      0x128 ../../hal/lpc2106-cmucam3\libhal-lpc2106-cmucam3.a(rdcf2.o)
                0x000034dc                rdcf_rename
 .text.rdcf_delete
                0x00003604      0x1a4 ../../hal/lpc2106-cmucam3\libhal-lpc2106-cmucam3.a(rdcf2.o)
                0x00003604                rdcf_delete
 .text.spiPutByte
                0x000037a8       0x28 ../../hal/lpc2106-cmucam3\libhal-lpc2106-cmucam3.a(mmc_hardware.o)
 .text.spiGetByte
                0x000037d0       0x30 ../../hal/lpc2106-cmucam3\libhal-lpc2106-cmucam3.a(mmc_hardware.o)
 .text.SPI_Send
                0x00003800       0x28 ../../hal/lpc2106-cmucam3\libhal-lpc2106-cmucam3.a(mmc_hardware.o)
 .text.mmcStatus
                0x00003828       0x4c ../../hal/lpc2106-cmucam3\libhal-lpc2106-cmucam3.a(mmc_hardware.o)
 .text._cc3_mmc_idle
                0x00003874       0x18 ../../hal/lpc2106-cmucam3\libhal-lpc2106-cmucam3.a(mmc_hardware.o)
                0x00003874                _cc3_mmc_idle
 .text.selectMMC
                0x0000388c       0x2c ../../hal/lpc2106-cmucam3\libhal-lpc2106-cmucam3.a(mmc_hardware.o)
 .text.unselectMMC
                0x000038b8       0x3c ../../hal/lpc2106-cmucam3\libhal-lpc2106-cmucam3.a(mmc_hardware.o)
 .text._cc3_mmc_block_write
                0x000038f4       0xe4 ../../hal/lpc2106-cmucam3\libhal-lpc2106-cmucam3.a(mmc_hardware.o)
                0x000038f4                _cc3_mmc_block_write
 .text._cc3_mmc_block_read
                0x000039d8       0xbc ../../hal/lpc2106-cmucam3\libhal-lpc2106-cmucam3.a(mmc_hardware.o)
                0x000039d8                _cc3_mmc_block_read
 .text._cc3_mmc_init
                0x00003a94      0x298 ../../hal/lpc2106-cmucam3\libhal-lpc2106-cmucam3.a(mmc_hardware.o)
                0x00003a94                _cc3_mmc_init
 .text.mmc_recognize
                0x00003d2c       0x34 ../../hal/lpc2106-cmucam3\libhal-lpc2106-cmucam3.a(mmc_driver.o)
 .text.remove_prefix
                0x00003d60        0x8 ../../hal/lpc2106-cmucam3\libhal-lpc2106-cmucam3.a(mmc_driver.o)
 .text.mmc_fstat
                0x00003d68       0x18 ../../hal/lpc2106-cmucam3\libhal-lpc2106-cmucam3.a(mmc_driver.o)
 .text.allocate_1_fcb
                0x00003d80       0x34 ../../hal/lpc2106-cmucam3\libhal-lpc2106-cmucam3.a(mmc_driver.o)
 .text.mmc_rename
                0x00003db4       0xb8 ../../hal/lpc2106-cmucam3\libhal-lpc2106-cmucam3.a(mmc_driver.o)
 .text.mmc_unlink
                0x00003e6c       0xa4 ../../hal/lpc2106-cmucam3\libhal-lpc2106-cmucam3.a(mmc_driver.o)
 .text.mmc_lseek
                0x00003f10       0xd0 ../../hal/lpc2106-cmucam3\libhal-lpc2106-cmucam3.a(mmc_driver.o)
 .text.mmc_write
                0x00003fe0       0x8c ../../hal/lpc2106-cmucam3\libhal-lpc2106-cmucam3.a(mmc_driver.o)
 .text.mmc_read
                0x0000406c       0x8c ../../hal/lpc2106-cmucam3\libhal-lpc2106-cmucam3.a(mmc_driver.o)
 .text.mmc_close
                0x000040f8       0xcc ../../hal/lpc2106-cmucam3\libhal-lpc2106-cmucam3.a(mmc_driver.o)
 .text.mmc_open
                0x000041c4       0xf8 ../../hal/lpc2106-cmucam3\libhal-lpc2106-cmucam3.a(mmc_driver.o)
 .text.cc3_filesystem_init
                0x000042bc       0x18 ../../hal/lpc2106-cmucam3\libhal-lpc2106-cmucam3.a(devices.o)
                0x000042bc                cc3_filesystem_init
 .text._cc3_get_driver_for_name
                0x000042d4       0x54 ../../hal/lpc2106-cmucam3\libhal-lpc2106-cmucam3.a(devices.o)
                0x000042d4                _cc3_get_driver_for_name
 .text._cc3_get_internal_file_number
                0x00004328        0x8 ../../hal/lpc2106-cmucam3\libhal-lpc2106-cmucam3.a(devices.o)
                0x00004328                _cc3_get_internal_file_number
 .text._cc3_get_driver_for_file_number
                0x00004330       0x20 ../../hal/lpc2106-cmucam3\libhal-lpc2106-cmucam3.a(devices.o)
                0x00004330                _cc3_get_driver_for_file_number
 .text._cc3_make_file_number
                0x00004350       0x14 ../../hal/lpc2106-cmucam3\libhal-lpc2106-cmucam3.a(devices.o)
                0x00004350                _cc3_make_file_number
 .text.uart_close
                0x00004364        0x8 ../../hal/lpc2106-cmucam3\libhal-lpc2106-cmucam3.a(uart_driver.o)
 .text.uart_read
                0x0000436c       0xe4 ../../hal/lpc2106-cmucam3\libhal-lpc2106-cmucam3.a(uart_driver.o)
 .text.uart_write
                0x00004450       0xf8 ../../hal/lpc2106-cmucam3\libhal-lpc2106-cmucam3.a(uart_driver.o)
 .text.uart_lseek
                0x00004548       0x18 ../../hal/lpc2106-cmucam3\libhal-lpc2106-cmucam3.a(uart_driver.o)
 .text.uart_fstat
                0x00004560       0x10 ../../hal/lpc2106-cmucam3\libhal-lpc2106-cmucam3.a(uart_driver.o)
 .text.uart_unlink
                0x00004570       0x18 ../../hal/lpc2106-cmucam3\libhal-lpc2106-cmucam3.a(uart_driver.o)
 .text.uart_rename
                0x00004588       0x18 ../../hal/lpc2106-cmucam3\libhal-lpc2106-cmucam3.a(uart_driver.o)
 .text.process_uart_filename
                0x000045a0       0x6c ../../hal/lpc2106-cmucam3\libhal-lpc2106-cmucam3.a(uart_driver.o)
 .text.uart_recognize
                0x0000460c       0x18 ../../hal/lpc2106-cmucam3\libhal-lpc2106-cmucam3.a(uart_driver.o)
 .text.uart_open
                0x00004624       0x40 ../../hal/lpc2106-cmucam3\libhal-lpc2106-cmucam3.a(uart_driver.o)
 .text          0x00004664      0x114 c:/program files (x86)/codesourcery/sourcery g++ lite/bin/../lib/gcc/arm-none-eabi/4.2.3\libgcc.a(_udivsi3.o)
                0x00004664                __udivsi3
                0x00004664                __aeabi_uidiv
                0x00004758                __aeabi_uidivmod
 .text          0x00004778      0x148 c:/program files (x86)/codesourcery/sourcery g++ lite/bin/../lib/gcc/arm-none-eabi/4.2.3\libgcc.a(_divsi3.o)
                0x00004778                __aeabi_idiv
                0x00004778                __divsi3
                0x000048a0                __aeabi_idivmod
 .text          0x000048c0        0x4 c:/program files (x86)/codesourcery/sourcery g++ lite/bin/../lib/gcc/arm-none-eabi/4.2.3\libgcc.a(_dvmd_tls.o)
                0x000048c0                __aeabi_ldiv0
                0x000048c0                __aeabi_idiv0
 .text          0x000048c4       0x28 c:/program files (x86)/codesourcery/sourcery g++ lite/bin/../lib/gcc/arm-none-eabi/4.2.3/../../../../arm-none-eabi/lib\libc.a(lib_a-calloc.o)
                0x000048c4                calloc
 .text          0x000048ec       0xa0 c:/program files (x86)/codesourcery/sourcery g++ lite/bin/../lib/gcc/arm-none-eabi/4.2.3/../../../../arm-none-eabi/lib\libc.a(lib_a-callocr.o)
                0x000048ec                _calloc_r
 .text          0x0000498c       0x30 c:/program files (x86)/codesourcery/sourcery g++ lite/bin/../lib/gcc/arm-none-eabi/4.2.3/../../../../arm-none-eabi/lib\libc.a(lib_a-exit.o)
                0x0000498c                exit
 .text          0x000049bc      0x10c c:/program files (x86)/codesourcery/sourcery g++ lite/bin/../lib/gcc/arm-none-eabi/4.2.3/../../../../arm-none-eabi/lib\libc.a(lib_a-fclose.o)
                0x000049bc                _fclose_r
                0x00004ab4                fclose
 .text          0x00004ac8      0x200 c:/program files (x86)/codesourcery/sourcery g++ lite/bin/../lib/gcc/arm-none-eabi/4.2.3/../../../../arm-none-eabi/lib\libc.a(lib_a-fflush.o)
                0x00004c84                fflush
                0x00004ac8                _fflush_r
 .text          0x00004cc8      0x2a0 c:/program files (x86)/codesourcery/sourcery g++ lite/bin/../lib/gcc/arm-none-eabi/4.2.3/../../../../arm-none-eabi/lib\libc.a(lib_a-findfp.o)
                0x00004d34                __sinit
                0x00004e38                __sfmoreglue
                0x00004e28                _cleanup
                0x00004e10                _cleanup_r
                0x00004dec                __fp_lock_all
                0x00004d24                __sfp_lock_acquire
                0x00004e8c                __sfp
                0x00004d30                __sinit_lock_release
                0x00004dc8                __fp_unlock_all
                0x00004d28                __sfp_lock_release
                0x00004d2c                __sinit_lock_acquire
 .text          0x00004f68       0x70 c:/program files (x86)/codesourcery/sourcery g++ lite/bin/../lib/gcc/arm-none-eabi/4.2.3/../../../../arm-none-eabi/lib\libc.a(lib_a-fiprintf.o)
                0x00004fa8                _fiprintf_r
                0x00004f68                fiprintf
 .text          0x00004fd8       0xfc c:/program files (x86)/codesourcery/sourcery g++ lite/bin/../lib/gcc/arm-none-eabi/4.2.3/../../../../arm-none-eabi/lib\libc.a(lib_a-fopen.o)
                0x000050b8                fopen
                0x00004fd8                _fopen_r
 .text          0x000050d4      0x3bc c:/program files (x86)/codesourcery/sourcery g++ lite/bin/../lib/gcc/arm-none-eabi/4.2.3/../../../../arm-none-eabi/lib\libc.a(lib_a-freer.o)
                0x000051d0                _free_r
                0x000050d4                _malloc_trim_r
 .text          0x00005490      0x48c c:/program files (x86)/codesourcery/sourcery g++ lite/bin/../lib/gcc/arm-none-eabi/4.2.3/../../../../arm-none-eabi/lib\libc.a(lib_a-fseek.o)
                0x000058f0                fseek
                0x00005490                _fseek_r
 .text          0x0000591c       0x40 c:/program files (x86)/codesourcery/sourcery g++ lite/bin/../lib/gcc/arm-none-eabi/4.2.3/../../../../arm-none-eabi/lib\libc.a(lib_a-fstatr.o)
                0x0000591c                _fstat_r
 .text          0x0000595c      0x114 c:/program files (x86)/codesourcery/sourcery g++ lite/bin/../lib/gcc/arm-none-eabi/4.2.3/../../../../arm-none-eabi/lib\libc.a(lib_a-fwalk.o)
                0x000059e8                _fwalk
                0x0000595c                _fwalk_reent
 .text          0x00005a70       0x70 c:/program files (x86)/codesourcery/sourcery g++ lite/bin/../lib/gcc/arm-none-eabi/4.2.3/../../../../arm-none-eabi/lib\libc.a(lib_a-gets.o)
                0x00005acc                gets
                0x00005a70                _gets_r
 .text          0x00005ae0       0x74 c:/program files (x86)/codesourcery/sourcery g++ lite/bin/../lib/gcc/arm-none-eabi/4.2.3/../../../../arm-none-eabi/lib\libc.a(lib_a-iprintf.o)
                0x00005ae0                _iprintf_r
                0x00005b14                iprintf
 .text          0x00005b54       0x14 c:/program files (x86)/codesourcery/sourcery g++ lite/bin/../lib/gcc/arm-none-eabi/4.2.3/../../../../arm-none-eabi/lib\libc.a(lib_a-lcltime_r.o)
                0x00005b54                localtime_r
 .text          0x00005b68      0x168 c:/program files (x86)/codesourcery/sourcery g++ lite/bin/../lib/gcc/arm-none-eabi/4.2.3/../../../../arm-none-eabi/lib\libc.a(lib_a-makebuf.o)
                0x00005b68                __smakebuf_r
 .text          0x00005cd0       0x40 c:/program files (x86)/codesourcery/sourcery g++ lite/bin/../lib/gcc/arm-none-eabi/4.2.3/../../../../arm-none-eabi/lib\libc.a(lib_a-malloc.o)
                0x00005cf0                malloc
                0x00005cd0                free
 .text          0x00005d10      0x784 c:/program files (x86)/codesourcery/sourcery g++ lite/bin/../lib/gcc/arm-none-eabi/4.2.3/../../../../arm-none-eabi/lib\libc.a(lib_a-mallocr.o)
                0x00005d10                _malloc_r
 .text          0x00006494       0x98 c:/program files (x86)/codesourcery/sourcery g++ lite/bin/../lib/gcc/arm-none-eabi/4.2.3/../../../../arm-none-eabi/lib\libc.a(lib_a-memcmp.o)
                0x00006494                memcmp
 .text          0x0000652c       0xa4 c:/program files (x86)/codesourcery/sourcery g++ lite/bin/../lib/gcc/arm-none-eabi/4.2.3/../../../../arm-none-eabi/lib\libc.a(lib_a-memcpy.o)
                0x0000652c                memcpy
 .text          0x000065d0       0x8c c:/program files (x86)/codesourcery/sourcery g++ lite/bin/../lib/gcc/arm-none-eabi/4.2.3/../../../../arm-none-eabi/lib\libc.a(lib_a-memset.o)
                0x000065d0                memset
 .text          0x0000665c      0x830 c:/program files (x86)/codesourcery/sourcery g++ lite/bin/../lib/gcc/arm-none-eabi/4.2.3/../../../../arm-none-eabi/lib\libc.a(lib_a-mktm_r.o)
                0x0000665c                __tzcalc_limits
                0x000068b8                _mktm_r
 .text          0x00006e8c        0x8 c:/program files (x86)/codesourcery/sourcery g++ lite/bin/../lib/gcc/arm-none-eabi/4.2.3/../../../../arm-none-eabi/lib\libc.a(lib_a-mlock.o)
                0x00006e90                __malloc_unlock
                0x00006e8c                __malloc_lock
 .text          0x00006e94       0x44 c:/program files (x86)/codesourcery/sourcery g++ lite/bin/../lib/gcc/arm-none-eabi/4.2.3/../../../../arm-none-eabi/lib\libc.a(lib_a-openr.o)
                0x00006e94                _open_r
 .text          0x00006ed8      0x1c0 c:/program files (x86)/codesourcery/sourcery g++ lite/bin/../lib/gcc/arm-none-eabi/4.2.3/../../../../arm-none-eabi/lib\libc.a(lib_a-refill.o)
                0x00006ed8                __srefill_r
 .text          0x00007098       0x48 c:/program files (x86)/codesourcery/sourcery g++ lite/bin/../lib/gcc/arm-none-eabi/4.2.3/../../../../arm-none-eabi/lib\libc.a(lib_a-rget.o)
                0x000070cc                __srget
                0x00007098                __srget_r
 .text          0x000070e0       0x40 c:/program files (x86)/codesourcery/sourcery g++ lite/bin/../lib/gcc/arm-none-eabi/4.2.3/../../../../arm-none-eabi/lib\libc.a(lib_a-sbrkr.o)
                0x000070e0                _sbrk_r
 .text          0x00007120       0x20 c:/program files (x86)/codesourcery/sourcery g++ lite/bin/../lib/gcc/arm-none-eabi/4.2.3/../../../../arm-none-eabi/lib\libc.a(lib_a-setbuf.o)
                0x00007120                setbuf
 .text          0x00007140       0x34 c:/program files (x86)/codesourcery/sourcery g++ lite/bin/../lib/gcc/arm-none-eabi/4.2.3/../../../../arm-none-eabi/lib\libc.a(lib_a-setjmp.o)
                0x00007158                longjmp
                0x00007140                setjmp
 .text          0x00007174      0x1a4 c:/program files (x86)/codesourcery/sourcery g++ lite/bin/../lib/gcc/arm-none-eabi/4.2.3/../../../../arm-none-eabi/lib\libc.a(lib_a-setvbuf.o)
                0x00007174                setvbuf
 .text          0x00007318       0xdc c:/program files (x86)/codesourcery/sourcery g++ lite/bin/../lib/gcc/arm-none-eabi/4.2.3/../../../../arm-none-eabi/lib\libc.a(lib_a-siprintf.o)
                0x0000738c                _siprintf_r
                0x00007318                siprintf
 .text          0x000073f4       0xd8 c:/program files (x86)/codesourcery/sourcery g++ lite/bin/../lib/gcc/arm-none-eabi/4.2.3/../../../../arm-none-eabi/lib\libc.a(lib_a-stdio.o)
                0x00007408                __sseek
                0x00007498                __sread
                0x000073f4                __sclose
                0x00007440                __swrite
 .text          0x000074cc       0x20 c:/program files (x86)/codesourcery/sourcery g++ lite/bin/../lib/gcc/arm-none-eabi/4.2.3/../../../../arm-none-eabi/lib\libc.a(lib_a-strdup.o)
                0x000074cc                strdup
 .text          0x000074ec       0x40 c:/program files (x86)/codesourcery/sourcery g++ lite/bin/../lib/gcc/arm-none-eabi/4.2.3/../../../../arm-none-eabi/lib\libc.a(lib_a-strdup_r.o)
                0x000074ec                _strdup_r
 .text          0x0000752c       0x68 c:/program files (x86)/codesourcery/sourcery g++ lite/bin/../lib/gcc/arm-none-eabi/4.2.3/../../../../arm-none-eabi/lib\libc.a(lib_a-strlen.o)
                0x0000752c                strlen
 .text          0x00007594      0x1f4 c:/program files (x86)/codesourcery/sourcery g++ lite/bin/../lib/gcc/arm-none-eabi/4.2.3/../../../../arm-none-eabi/lib\libc.a(lib_a-strtol.o)
                0x0000775c                strtol
                0x00007594                _strtol_r
 .text          0x00007788       0x28 c:/program files (x86)/codesourcery/sourcery g++ lite/bin/../lib/gcc/arm-none-eabi/4.2.3/../../../../arm-none-eabi/lib\libc.a(lib_a-sysgettod.o)
                0x00007788                gettimeofday
 .text          0x000077b0        0x8 c:/program files (x86)/codesourcery/sourcery g++ lite/bin/../lib/gcc/arm-none-eabi/4.2.3/../../../../arm-none-eabi/lib\libc.a(lib_a-tzlock.o)
                0x000077b4                __tz_unlock
                0x000077b0                __tz_lock
 .text          0x000077b8     0x11d0 c:/program files (x86)/codesourcery/sourcery g++ lite/bin/../lib/gcc/arm-none-eabi/4.2.3/../../../../arm-none-eabi/lib\libc.a(lib_a-vfiprintf.o)
                0x0000895c                vfiprintf
                0x000077f0                _vfiprintf_r
 .text          0x00008988       0x44 c:/program files (x86)/codesourcery/sourcery g++ lite/bin/../lib/gcc/arm-none-eabi/4.2.3/../../../../arm-none-eabi/lib\libc.a(lib_a-writer.o)
                0x00008988                _write_r
 .text          0x000089cc      0x138 c:/program files (x86)/codesourcery/sourcery g++ lite/bin/../lib/gcc/arm-none-eabi/4.2.3/../../../../arm-none-eabi/lib\libc.a(lib_a-wsetup.o)
                0x000089cc                __swsetup_r
 .text          0x00008b04      0x184 c:/program files (x86)/codesourcery/sourcery g++ lite/bin/../lib/gcc/arm-none-eabi/4.2.3/../../../../arm-none-eabi/lib\libc.a(lib_a-__call_atexit.o)
                0x00008b04                __call_exitprocs
 .text          0x00008c88       0x20 c:/program files (x86)/codesourcery/sourcery g++ lite/bin/../lib/gcc/arm-none-eabi/4.2.3/../../../../arm-none-eabi/lib\libc.a(lib_a-atexit.o)
                0x00008c88                atexit
 .text          0x00008ca8       0x3c c:/program files (x86)/codesourcery/sourcery g++ lite/bin/../lib/gcc/arm-none-eabi/4.2.3/../../../../arm-none-eabi/lib\libc.a(lib_a-closer.o)
                0x00008ca8                _close_r
 .text          0x00008ce4       0x50 c:/program files (x86)/codesourcery/sourcery g++ lite/bin/../lib/gcc/arm-none-eabi/4.2.3/../../../../arm-none-eabi/lib\libc.a(lib_a-fini.o)
                0x00008ce4                __libc_fini_array
 .text          0x00008d34       0xc4 c:/program files (x86)/codesourcery/sourcery g++ lite/bin/../lib/gcc/arm-none-eabi/4.2.3/../../../../arm-none-eabi/lib\libc.a(lib_a-flags.o)
                0x00008d34                __sflags
 .text          0x00008df8      0x498 c:/program files (x86)/codesourcery/sourcery g++ lite/bin/../lib/gcc/arm-none-eabi/4.2.3/../../../../arm-none-eabi/lib\libc.a(lib_a-fvwrite.o)
                0x00008df8                __sfvwrite_r
 .text          0x00009290       0x34 c:/program files (x86)/codesourcery/sourcery g++ lite/bin/../lib/gcc/arm-none-eabi/4.2.3/../../../../arm-none-eabi/lib\libc.a(lib_a-getchar.o)
                0x00009290                getchar
                0x000092b0                _getchar_r
 .text          0x000092c4       0x40 c:/program files (x86)/codesourcery/sourcery g++ lite/bin/../lib/gcc/arm-none-eabi/4.2.3/../../../../arm-none-eabi/lib\libc.a(lib_a-gettimeofdayr.o)
                0x000092c4                _gettimeofday_r
 .text          0x00009304        0xc c:/program files (x86)/codesourcery/sourcery g++ lite/bin/../lib/gcc/arm-none-eabi/4.2.3/../../../../arm-none-eabi/lib\libc.a(lib_a-gettzinfo.o)
                0x00009304                __gettzinfo
 .text          0x00009310       0x3c c:/program files (x86)/codesourcery/sourcery g++ lite/bin/../lib/gcc/arm-none-eabi/4.2.3/../../../../arm-none-eabi/lib\libc.a(lib_a-isattyr.o)
                0x00009310                _isatty_r
 .text          0x0000934c       0x44 c:/program files (x86)/codesourcery/sourcery g++ lite/bin/../lib/gcc/arm-none-eabi/4.2.3/../../../../arm-none-eabi/lib\libc.a(lib_a-lseekr.o)
                0x0000934c                _lseek_r
 .text          0x00009390      0x114 c:/program files (x86)/codesourcery/sourcery g++ lite/bin/../lib/gcc/arm-none-eabi/4.2.3/../../../../arm-none-eabi/lib\libc.a(lib_a-memchr.o)
                0x00009390                memchr
 .text          0x000094a4       0xf4 c:/program files (x86)/codesourcery/sourcery g++ lite/bin/../lib/gcc/arm-none-eabi/4.2.3/../../../../arm-none-eabi/lib\libc.a(lib_a-memmove.o)
                0x000094a4                memmove
 .text          0x00009598       0x44 c:/program files (x86)/codesourcery/sourcery g++ lite/bin/../lib/gcc/arm-none-eabi/4.2.3/../../../../arm-none-eabi/lib\libc.a(lib_a-readr.o)
                0x00009598                _read_r
 .text          0x000095dc      0x5bc c:/program files (x86)/codesourcery/sourcery g++ lite/bin/../lib/gcc/arm-none-eabi/4.2.3/../../../../arm-none-eabi/lib\libc.a(lib_a-reallocr.o)
                0x000095dc                _realloc_r
 .text          0x00009b98       0xec c:/program files (x86)/codesourcery/sourcery g++ lite/bin/../lib/gcc/arm-none-eabi/4.2.3/../../../../arm-none-eabi/lib\libc.a(lib_a-__atexit.o)
                0x00009b98                __register_exitproc
 .text          0x00009c84       0xe8 c:/program files (x86)/codesourcery/sourcery g++ lite/bin/../lib/gcc/arm-none-eabi/4.2.3/../../../../arm-none-eabi/lib\libc.a(lib_a-getc.o)
                0x00009d00                _getc_r
                0x00009c84                getc
 .text          0x00009d6c       0x3c c:/program files (x86)/codesourcery/sourcery g++ lite/bin/../lib/gcc/arm-none-eabi/4.2.3\libgcc.a(_aeabi_uldivmod.o)
                0x00009d6c                __aeabi_uldivmod
 .text          0x00009da8       0x90 c:/program files (x86)/codesourcery/sourcery g++ lite/bin/../lib/gcc/arm-none-eabi/4.2.3\libgcc.a(bpabi.o)
                0x00009da8                __gnu_uldivmod_helper
                0x00009df0                __gnu_ldivmod_helper
 .text          0x00009e38      0x584 c:/program files (x86)/codesourcery/sourcery g++ lite/bin/../lib/gcc/arm-none-eabi/4.2.3\libgcc.a(_divdi3.o)
                0x00009e38                __divdi3
 .text          0x0000a3bc      0x518 c:/program files (x86)/codesourcery/sourcery g++ lite/bin/../lib/gcc/arm-none-eabi/4.2.3\libgcc.a(_udivdi3.o)
                0x0000a3bc                __udivdi3
 *(.plt)
 *(.gnu.warning)
 *(.glue_7t)
 .glue_7t       0x0000a8d4        0x0 c:/program files (x86)/codesourcery/sourcery g++ lite/bin/../lib/gcc/arm-none-eabi/4.2.3/crti.o
 .glue_7t       0x0000a8d4        0x0 c:/program files (x86)/codesourcery/sourcery g++ lite/bin/../lib/gcc/arm-none-eabi/4.2.3/crtbegin.o
 .glue_7t       0x0000a8d4        0x0 lpc2106-cmucam3_buildfiles/main.o
 .glue_7t       0x0000a8d4        0x0 ../../lib/cc3-ilp\libcc3-ilp_lpc2106-cmucam3.a(cc3_img_writer.o)
 .glue_7t       0x0000a8d4        0x0 ../../lib/cc3-ilp\libcc3-ilp_lpc2106-cmucam3.a(cc3_hsv.o)
 .glue_7t       0x0000a8d4        0x0 ../../lib/cc3-ilp\libcc3-ilp_lpc2106-cmucam3.a(cc3_ilp.o)
 .glue_7t       0x0000a8d4        0x0 ../../hal/lpc2106-cmucam3\libhal-lpc2106-cmucam3.a(interrupt.o)
 .glue_7t       0x0000a8d4        0x0 ../../hal/lpc2106-cmucam3\libhal-lpc2106-cmucam3.a(cc3.o)
 .glue_7t       0x0000a8d4        0x0 ../../hal/lpc2106-cmucam3\libhal-lpc2106-cmucam3.a(cc3_hal.o)
 .glue_7t       0x0000a8d4        0x0 ../../hal/lpc2106-cmucam3\libhal-lpc2106-cmucam3.a(syscalls.o)
 .glue_7t       0x0000a8d4        0x0 ../../hal/lpc2106-cmucam3\libhal-lpc2106-cmucam3.a(serial.o)
 .glue_7t       0x0000a8d4        0x0 ../../hal/lpc2106-cmucam3\libhal-lpc2106-cmucam3.a(servo.o)
 .glue_7t       0x0000a8d4        0x0 ../../hal/lpc2106-cmucam3\libhal-lpc2106-cmucam3.a(rdcf2.o)
 .glue_7t       0x0000a8d4        0x0 ../../hal/lpc2106-cmucam3\libhal-lpc2106-cmucam3.a(mmc_hardware.o)
 .glue_7t       0x0000a8d4        0x0 ../../hal/lpc2106-cmucam3\libhal-lpc2106-cmucam3.a(mmc_driver.o)
 .glue_7t       0x0000a8d4        0x0 ../../hal/lpc2106-cmucam3\libhal-lpc2106-cmucam3.a(gpio.o)
 .glue_7t       0x0000a8d4        0x0 ../../hal/lpc2106-cmucam3\libhal-lpc2106-cmucam3.a(devices.o)
 .glue_7t       0x0000a8d4        0x0 ../../hal/lpc2106-cmucam3\libhal-lpc2106-cmucam3.a(uart_driver.o)
 .glue_7t       0x0000a8d4        0x0 ../../hal/lpc2106-cmucam3\libhal-lpc2106-cmucam3.a(startup.o)
 .glue_7t       0x0000a8d4        0x0 c:/program files (x86)/codesourcery/sourcery g++ lite/bin/../lib/gcc/arm-none-eabi/4.2.3\libgcc.a(_udivsi3.o)
 .glue_7t       0x0000a8d4        0x0 c:/program files (x86)/codesourcery/sourcery g++ lite/bin/../lib/gcc/arm-none-eabi/4.2.3\libgcc.a(_divsi3.o)
 .glue_7t       0x0000a8d4        0x0 c:/program files (x86)/codesourcery/sourcery g++ lite/bin/../lib/gcc/arm-none-eabi/4.2.3\libgcc.a(_dvmd_tls.o)
 .glue_7t       0x0000a8d4        0x0 c:/program files (x86)/codesourcery/sourcery g++ lite/bin/../lib/gcc/arm-none-eabi/4.2.3/../../../../arm-none-eabi/lib\libc.a(lib_a-calloc.o)
 .glue_7t       0x0000a8d4        0x0 c:/program files (x86)/codesourcery/sourcery g++ lite/bin/../lib/gcc/arm-none-eabi/4.2.3/../../../../arm-none-eabi/lib\libc.a(lib_a-callocr.o)
 .glue_7t       0x0000a8d4        0x0 c:/program files (x86)/codesourcery/sourcery g++ lite/bin/../lib/gcc/arm-none-eabi/4.2.3/../../../../arm-none-eabi/lib\libc.a(lib_a-ctype_.o)
 .glue_7t       0x0000a8d4        0x0 c:/program files (x86)/codesourcery/sourcery g++ lite/bin/../lib/gcc/arm-none-eabi/4.2.3/../../../../arm-none-eabi/lib\libc.a(lib_a-exit.o)
 .glue_7t       0x0000a8d4        0x0 c:/program files (x86)/codesourcery/sourcery g++ lite/bin/../lib/gcc/arm-none-eabi/4.2.3/../../../../arm-none-eabi/lib\libc.a(lib_a-fclose.o)
 .glue_7t       0x0000a8d4        0x0 c:/program files (x86)/codesourcery/sourcery g++ lite/bin/../lib/gcc/arm-none-eabi/4.2.3/../../../../arm-none-eabi/lib\libc.a(lib_a-fflush.o)
 .glue_7t       0x0000a8d4        0x0 c:/program files (x86)/codesourcery/sourcery g++ lite/bin/../lib/gcc/arm-none-eabi/4.2.3/../../../../arm-none-eabi/lib\libc.a(lib_a-findfp.o)
 .glue_7t       0x0000a8d4        0x0 c:/program files (x86)/codesourcery/sourcery g++ lite/bin/../lib/gcc/arm-none-eabi/4.2.3/../../../../arm-none-eabi/lib\libc.a(lib_a-fiprintf.o)
 .glue_7t       0x0000a8d4        0x0 c:/program files (x86)/codesourcery/sourcery g++ lite/bin/../lib/gcc/arm-none-eabi/4.2.3/../../../../arm-none-eabi/lib\libc.a(lib_a-fopen.o)
 .glue_7t       0x0000a8d4        0x0 c:/program files (x86)/codesourcery/sourcery g++ lite/bin/../lib/gcc/arm-none-eabi/4.2.3/../../../../arm-none-eabi/lib\libc.a(lib_a-freer.o)
 .glue_7t       0x0000a8d4        0x0 c:/program files (x86)/codesourcery/sourcery g++ lite/bin/../lib/gcc/arm-none-eabi/4.2.3/../../../../arm-none-eabi/lib\libc.a(lib_a-fseek.o)
 .glue_7t       0x0000a8d4        0x0 c:/program files (x86)/codesourcery/sourcery g++ lite/bin/../lib/gcc/arm-none-eabi/4.2.3/../../../../arm-none-eabi/lib\libc.a(lib_a-fstatr.o)
 .glue_7t       0x0000a8d4        0x0 c:/program files (x86)/codesourcery/sourcery g++ lite/bin/../lib/gcc/arm-none-eabi/4.2.3/../../../../arm-none-eabi/lib\libc.a(lib_a-fwalk.o)
 .glue_7t       0x0000a8d4        0x0 c:/program files (x86)/codesourcery/sourcery g++ lite/bin/../lib/gcc/arm-none-eabi/4.2.3/../../../../arm-none-eabi/lib\libc.a(lib_a-gets.o)
 .glue_7t       0x0000a8d4        0x0 c:/program files (x86)/codesourcery/sourcery g++ lite/bin/../lib/gcc/arm-none-eabi/4.2.3/../../../../arm-none-eabi/lib\libc.a(lib_a-impure.o)
 .glue_7t       0x0000a8d4        0x0 c:/program files (x86)/codesourcery/sourcery g++ lite/bin/../lib/gcc/arm-none-eabi/4.2.3/../../../../arm-none-eabi/lib\libc.a(lib_a-iprintf.o)
 .glue_7t       0x0000a8d4        0x0 c:/program files (x86)/codesourcery/sourcery g++ lite/bin/../lib/gcc/arm-none-eabi/4.2.3/../../../../arm-none-eabi/lib\libc.a(lib_a-lcltime_r.o)
 .glue_7t       0x0000a8d4        0x0 c:/program files (x86)/codesourcery/sourcery g++ lite/bin/../lib/gcc/arm-none-eabi/4.2.3/../../../../arm-none-eabi/lib\libc.a(lib_a-makebuf.o)
 .glue_7t       0x0000a8d4        0x0 c:/program files (x86)/codesourcery/sourcery g++ lite/bin/../lib/gcc/arm-none-eabi/4.2.3/../../../../arm-none-eabi/lib\libc.a(lib_a-malloc.o)
 .glue_7t       0x0000a8d4        0x0 c:/program files (x86)/codesourcery/sourcery g++ lite/bin/../lib/gcc/arm-none-eabi/4.2.3/../../../../arm-none-eabi/lib\libc.a(lib_a-mallocr.o)
 .glue_7t       0x0000a8d4        0x0 c:/program files (x86)/codesourcery/sourcery g++ lite/bin/../lib/gcc/arm-none-eabi/4.2.3/../../../../arm-none-eabi/lib\libc.a(lib_a-memcmp.o)
 .glue_7t       0x0000a8d4        0x0 c:/program files (x86)/codesourcery/sourcery g++ lite/bin/../lib/gcc/arm-none-eabi/4.2.3/../../../../arm-none-eabi/lib\libc.a(lib_a-memcpy.o)
 .glue_7t       0x0000a8d4        0x0 c:/program files (x86)/codesourcery/sourcery g++ lite/bin/../lib/gcc/arm-none-eabi/4.2.3/../../../../arm-none-eabi/lib\libc.a(lib_a-memset.o)
 .glue_7t       0x0000a8d4        0x0 c:/program files (x86)/codesourcery/sourcery g++ lite/bin/../lib/gcc/arm-none-eabi/4.2.3/../../../../arm-none-eabi/lib\libc.a(lib_a-mktm_r.o)
 .glue_7t       0x0000a8d4        0x0 c:/program files (x86)/codesourcery/sourcery g++ lite/bin/../lib/gcc/arm-none-eabi/4.2.3/../../../../arm-none-eabi/lib\libc.a(lib_a-mlock.o)
 .glue_7t       0x0000a8d4        0x0 c:/program files (x86)/codesourcery/sourcery g++ lite/bin/../lib/gcc/arm-none-eabi/4.2.3/../../../../arm-none-eabi/lib\libc.a(lib_a-openr.o)
 .glue_7t       0x0000a8d4        0x0 c:/program files (x86)/codesourcery/sourcery g++ lite/bin/../lib/gcc/arm-none-eabi/4.2.3/../../../../arm-none-eabi/lib\libc.a(lib_a-reent.o)
 .glue_7t       0x0000a8d4        0x0 c:/program files (x86)/codesourcery/sourcery g++ lite/bin/../lib/gcc/arm-none-eabi/4.2.3/../../../../arm-none-eabi/lib\libc.a(lib_a-refill.o)
 .glue_7t       0x0000a8d4        0x0 c:/program files (x86)/codesourcery/sourcery g++ lite/bin/../lib/gcc/arm-none-eabi/4.2.3/../../../../arm-none-eabi/lib\libc.a(lib_a-rget.o)
 .glue_7t       0x0000a8d4        0x0 c:/program files (x86)/codesourcery/sourcery g++ lite/bin/../lib/gcc/arm-none-eabi/4.2.3/../../../../arm-none-eabi/lib\libc.a(lib_a-sbrkr.o)
 .glue_7t       0x0000a8d4        0x0 c:/program files (x86)/codesourcery/sourcery g++ lite/bin/../lib/gcc/arm-none-eabi/4.2.3/../../../../arm-none-eabi/lib\libc.a(lib_a-setbuf.o)
 .glue_7t       0x0000a8d4        0x0 c:/program files (x86)/codesourcery/sourcery g++ lite/bin/../lib/gcc/arm-none-eabi/4.2.3/../../../../arm-none-eabi/lib\libc.a(lib_a-setjmp.o)
 .glue_7t       0x0000a8d4        0x0 c:/program files (x86)/codesourcery/sourcery g++ lite/bin/../lib/gcc/arm-none-eabi/4.2.3/../../../../arm-none-eabi/lib\libc.a(lib_a-setvbuf.o)
 .glue_7t       0x0000a8d4        0x0 c:/program files (x86)/codesourcery/sourcery g++ lite/bin/../lib/gcc/arm-none-eabi/4.2.3/../../../../arm-none-eabi/lib\libc.a(lib_a-siprintf.o)
 .glue_7t       0x0000a8d4        0x0 c:/program files (x86)/codesourcery/sourcery g++ lite/bin/../lib/gcc/arm-none-eabi/4.2.3/../../../../arm-none-eabi/lib\libc.a(lib_a-sniprintf.o)
 .glue_7t       0x0000a8d4        0x0 c:/program files (x86)/codesourcery/sourcery g++ lite/bin/../lib/gcc/arm-none-eabi/4.2.3/../../../../arm-none-eabi/lib\libc.a(lib_a-stdio.o)
 .glue_7t       0x0000a8d4        0x0 c:/program files (x86)/codesourcery/sourcery g++ lite/bin/../lib/gcc/arm-none-eabi/4.2.3/../../../../arm-none-eabi/lib\libc.a(lib_a-strdup.o)
 .glue_7t       0x0000a8d4        0x0 c:/program files (x86)/codesourcery/sourcery g++ lite/bin/../lib/gcc/arm-none-eabi/4.2.3/../../../../arm-none-eabi/lib\libc.a(lib_a-strdup_r.o)
 .glue_7t       0x0000a8d4        0x0 c:/program files (x86)/codesourcery/sourcery g++ lite/bin/../lib/gcc/arm-none-eabi/4.2.3/../../../../arm-none-eabi/lib\libc.a(lib_a-strlen.o)
 .glue_7t       0x0000a8d4        0x0 c:/program files (x86)/codesourcery/sourcery g++ lite/bin/../lib/gcc/arm-none-eabi/4.2.3/../../../../arm-none-eabi/lib\libc.a(lib_a-strtol.o)
 .glue_7t       0x0000a8d4        0x0 c:/program files (x86)/codesourcery/sourcery g++ lite/bin/../lib/gcc/arm-none-eabi/4.2.3/../../../../arm-none-eabi/lib\libc.a(lib_a-sysgettod.o)
 .glue_7t       0x0000a8d4        0x0 c:/program files (x86)/codesourcery/sourcery g++ lite/bin/../lib/gcc/arm-none-eabi/4.2.3/../../../../arm-none-eabi/lib\libc.a(lib_a-tzlock.o)
 .glue_7t       0x0000a8d4        0x0 c:/program files (x86)/codesourcery/sourcery g++ lite/bin/../lib/gcc/arm-none-eabi/4.2.3/../../../../arm-none-eabi/lib\libc.a(lib_a-tzvars.o)
 .glue_7t       0x0000a8d4        0x0 c:/program files (x86)/codesourcery/sourcery g++ lite/bin/../lib/gcc/arm-none-eabi/4.2.3/../../../../arm-none-eabi/lib\libc.a(lib_a-vfiprintf.o)
 .glue_7t       0x0000a8d4        0x0 c:/program files (x86)/codesourcery/sourcery g++ lite/bin/../lib/gcc/arm-none-eabi/4.2.3/../../../../arm-none-eabi/lib\libc.a(lib_a-writer.o)
 .glue_7t       0x0000a8d4        0x0 c:/program files (x86)/codesourcery/sourcery g++ lite/bin/../lib/gcc/arm-none-eabi/4.2.3/../../../../arm-none-eabi/lib\libc.a(lib_a-wsetup.o)
 .glue_7t       0x0000a8d4        0x0 c:/program files (x86)/codesourcery/sourcery g++ lite/bin/../lib/gcc/arm-none-eabi/4.2.3/../../../../arm-none-eabi/lib\libc.a(lib_a-__call_atexit.o)
 .glue_7t       0x0000a8d4        0x0 c:/program files (x86)/codesourcery/sourcery g++ lite/bin/../lib/gcc/arm-none-eabi/4.2.3/../../../../arm-none-eabi/lib\libc.a(lib_a-atexit.o)
 .glue_7t       0x0000a8d4        0x0 c:/program files (x86)/codesourcery/sourcery g++ lite/bin/../lib/gcc/arm-none-eabi/4.2.3/../../../../arm-none-eabi/lib\libc.a(lib_a-closer.o)
 .glue_7t       0x0000a8d4        0x0 c:/program files (x86)/codesourcery/sourcery g++ lite/bin/../lib/gcc/arm-none-eabi/4.2.3/../../../../arm-none-eabi/lib\libc.a(lib_a-fini.o)
 .glue_7t       0x0000a8d4        0x0 c:/program files (x86)/codesourcery/sourcery g++ lite/bin/../lib/gcc/arm-none-eabi/4.2.3/../../../../arm-none-eabi/lib\libc.a(lib_a-flags.o)
 .glue_7t       0x0000a8d4        0x0 c:/program files (x86)/codesourcery/sourcery g++ lite/bin/../lib/gcc/arm-none-eabi/4.2.3/../../../../arm-none-eabi/lib\libc.a(lib_a-fvwrite.o)
 .glue_7t       0x0000a8d4        0x0 c:/program files (x86)/codesourcery/sourcery g++ lite/bin/../lib/gcc/arm-none-eabi/4.2.3/../../../../arm-none-eabi/lib\libc.a(lib_a-getchar.o)
 .glue_7t       0x0000a8d4        0x0 c:/program files (x86)/codesourcery/sourcery g++ lite/bin/../lib/gcc/arm-none-eabi/4.2.3/../../../../arm-none-eabi/lib\libc.a(lib_a-gettimeofdayr.o)
 .glue_7t       0x0000a8d4        0x0 c:/program files (x86)/codesourcery/sourcery g++ lite/bin/../lib/gcc/arm-none-eabi/4.2.3/../../../../arm-none-eabi/lib\libc.a(lib_a-gettzinfo.o)
 .glue_7t       0x0000a8d4        0x0 c:/program files (x86)/codesourcery/sourcery g++ lite/bin/../lib/gcc/arm-none-eabi/4.2.3/../../../../arm-none-eabi/lib\libc.a(lib_a-isattyr.o)
 .glue_7t       0x0000a8d4        0x0 c:/program files (x86)/codesourcery/sourcery g++ lite/bin/../lib/gcc/arm-none-eabi/4.2.3/../../../../arm-none-eabi/lib\libc.a(lib_a-lseekr.o)
 .glue_7t       0x0000a8d4        0x0 c:/program files (x86)/codesourcery/sourcery g++ lite/bin/../lib/gcc/arm-none-eabi/4.2.3/../../../../arm-none-eabi/lib\libc.a(lib_a-memchr.o)
 .glue_7t       0x0000a8d4        0x0 c:/program files (x86)/codesourcery/sourcery g++ lite/bin/../lib/gcc/arm-none-eabi/4.2.3/../../../../arm-none-eabi/lib\libc.a(lib_a-memmove.o)
 .glue_7t       0x0000a8d4        0x0 c:/program files (x86)/codesourcery/sourcery g++ lite/bin/../lib/gcc/arm-none-eabi/4.2.3/../../../../arm-none-eabi/lib\libc.a(lib_a-readr.o)
 .glue_7t       0x0000a8d4        0x0 c:/program files (x86)/codesourcery/sourcery g++ lite/bin/../lib/gcc/arm-none-eabi/4.2.3/../../../../arm-none-eabi/lib\libc.a(lib_a-reallocr.o)
 .glue_7t       0x0000a8d4        0x0 c:/program files (x86)/codesourcery/sourcery g++ lite/bin/../lib/gcc/arm-none-eabi/4.2.3/../../../../arm-none-eabi/lib\libc.a(lib_a-__atexit.o)
 .glue_7t       0x0000a8d4        0x0 c:/program files (x86)/codesourcery/sourcery g++ lite/bin/../lib/gcc/arm-none-eabi/4.2.3/../../../../arm-none-eabi/lib\libc.a(lib_a-getc.o)
 .glue_7t       0x0000a8d4        0x0 c:/program files (x86)/codesourcery/sourcery g++ lite/bin/../lib/gcc/arm-none-eabi/4.2.3\libgcc.a(_aeabi_uldivmod.o)
 .glue_7t       0x0000a8d4        0x0 c:/program files (x86)/codesourcery/sourcery g++ lite/bin/../lib/gcc/arm-none-eabi/4.2.3\libgcc.a(bpabi.o)
 .glue_7t       0x0000a8d4        0x0 c:/program files (x86)/codesourcery/sourcery g++ lite/bin/../lib/gcc/arm-none-eabi/4.2.3\libgcc.a(_divdi3.o)
 .glue_7t       0x0000a8d4        0x0 c:/program files (x86)/codesourcery/sourcery g++ lite/bin/../lib/gcc/arm-none-eabi/4.2.3\libgcc.a(_udivdi3.o)
 .glue_7t       0x0000a8d4        0x0 c:/program files (x86)/codesourcery/sourcery g++ lite/bin/../lib/gcc/arm-none-eabi/4.2.3\libgcc.a(_clz.o)
 .glue_7t       0x0000a8d4        0x0 c:/program files (x86)/codesourcery/sourcery g++ lite/bin/../lib/gcc/arm-none-eabi/4.2.3/crtend.o
 .glue_7t       0x0000a8d4        0x0 c:/program files (x86)/codesourcery/sourcery g++ lite/bin/../lib/gcc/arm-none-eabi/4.2.3/crtn.o
 *(.glue_7)
 .glue_7        0x0000a8d4        0x0 c:/program files (x86)/codesourcery/sourcery g++ lite/bin/../lib/gcc/arm-none-eabi/4.2.3/crti.o
 .glue_7        0x0000a8d4        0x0 c:/program files (x86)/codesourcery/sourcery g++ lite/bin/../lib/gcc/arm-none-eabi/4.2.3/crtbegin.o
 .glue_7        0x0000a8d4        0x0 lpc2106-cmucam3_buildfiles/main.o
 .glue_7        0x0000a8d4        0x0 ../../lib/cc3-ilp\libcc3-ilp_lpc2106-cmucam3.a(cc3_img_writer.o)
 .glue_7        0x0000a8d4        0x0 ../../lib/cc3-ilp\libcc3-ilp_lpc2106-cmucam3.a(cc3_hsv.o)
 .glue_7        0x0000a8d4        0x0 ../../lib/cc3-ilp\libcc3-ilp_lpc2106-cmucam3.a(cc3_ilp.o)
 .glue_7        0x0000a8d4        0x0 ../../hal/lpc2106-cmucam3\libhal-lpc2106-cmucam3.a(interrupt.o)
 .glue_7        0x0000a8d4        0x0 ../../hal/lpc2106-cmucam3\libhal-lpc2106-cmucam3.a(cc3.o)
 .glue_7        0x0000a8d4        0x0 ../../hal/lpc2106-cmucam3\libhal-lpc2106-cmucam3.a(cc3_hal.o)
 .glue_7        0x0000a8d4        0x0 ../../hal/lpc2106-cmucam3\libhal-lpc2106-cmucam3.a(syscalls.o)
 .glue_7        0x0000a8d4        0x0 ../../hal/lpc2106-cmucam3\libhal-lpc2106-cmucam3.a(serial.o)
 .glue_7        0x0000a8d4        0x0 ../../hal/lpc2106-cmucam3\libhal-lpc2106-cmucam3.a(servo.o)
 .glue_7        0x0000a8d4        0x0 ../../hal/lpc2106-cmucam3\libhal-lpc2106-cmucam3.a(rdcf2.o)
 .glue_7        0x0000a8d4        0x0 ../../hal/lpc2106-cmucam3\libhal-lpc2106-cmucam3.a(mmc_hardware.o)
 .glue_7        0x0000a8d4        0x0 ../../hal/lpc2106-cmucam3\libhal-lpc2106-cmucam3.a(mmc_driver.o)
 .glue_7        0x0000a8d4        0x0 ../../hal/lpc2106-cmucam3\libhal-lpc2106-cmucam3.a(gpio.o)
 .glue_7        0x0000a8d4        0x0 ../../hal/lpc2106-cmucam3\libhal-lpc2106-cmucam3.a(devices.o)
 .glue_7        0x0000a8d4        0x0 ../../hal/lpc2106-cmucam3\libhal-lpc2106-cmucam3.a(uart_driver.o)
 .glue_7        0x0000a8d4        0x0 ../../hal/lpc2106-cmucam3\libhal-lpc2106-cmucam3.a(startup.o)
 .glue_7        0x0000a8d4        0x0 c:/program files (x86)/codesourcery/sourcery g++ lite/bin/../lib/gcc/arm-none-eabi/4.2.3\libgcc.a(_udivsi3.o)
 .glue_7        0x0000a8d4        0x0 c:/program files (x86)/codesourcery/sourcery g++ lite/bin/../lib/gcc/arm-none-eabi/4.2.3\libgcc.a(_divsi3.o)
 .glue_7        0x0000a8d4        0x0 c:/program files (x86)/codesourcery/sourcery g++ lite/bin/../lib/gcc/arm-none-eabi/4.2.3\libgcc.a(_dvmd_tls.o)
 .glue_7        0x0000a8d4        0x0 c:/program files (x86)/codesourcery/sourcery g++ lite/bin/../lib/gcc/arm-none-eabi/4.2.3/../../../../arm-none-eabi/lib\libc.a(lib_a-calloc.o)
 .glue_7        0x0000a8d4        0x0 c:/program files (x86)/codesourcery/sourcery g++ lite/bin/../lib/gcc/arm-none-eabi/4.2.3/../../../../arm-none-eabi/lib\libc.a(lib_a-callocr.o)
 .glue_7        0x0000a8d4        0x0 c:/program files (x86)/codesourcery/sourcery g++ lite/bin/../lib/gcc/arm-none-eabi/4.2.3/../../../../arm-none-eabi/lib\libc.a(lib_a-ctype_.o)
 .glue_7        0x0000a8d4        0x0 c:/program files (x86)/codesourcery/sourcery g++ lite/bin/../lib/gcc/arm-none-eabi/4.2.3/../../../../arm-none-eabi/lib\libc.a(lib_a-exit.o)
 .glue_7        0x0000a8d4        0x0 c:/program files (x86)/codesourcery/sourcery g++ lite/bin/../lib/gcc/arm-none-eabi/4.2.3/../../../../arm-none-eabi/lib\libc.a(lib_a-fclose.o)
 .glue_7        0x0000a8d4        0x0 c:/program files (x86)/codesourcery/sourcery g++ lite/bin/../lib/gcc/arm-none-eabi/4.2.3/../../../../arm-none-eabi/lib\libc.a(lib_a-fflush.o)
 .glue_7        0x0000a8d4        0x0 c:/program files (x86)/codesourcery/sourcery g++ lite/bin/../lib/gcc/arm-none-eabi/4.2.3/../../../../arm-none-eabi/lib\libc.a(lib_a-findfp.o)
 .glue_7        0x0000a8d4        0x0 c:/program files (x86)/codesourcery/sourcery g++ lite/bin/../lib/gcc/arm-none-eabi/4.2.3/../../../../arm-none-eabi/lib\libc.a(lib_a-fiprintf.o)
 .glue_7        0x0000a8d4        0x0 c:/program files (x86)/codesourcery/sourcery g++ lite/bin/../lib/gcc/arm-none-eabi/4.2.3/../../../../arm-none-eabi/lib\libc.a(lib_a-fopen.o)
 .glue_7        0x0000a8d4        0x0 c:/program files (x86)/codesourcery/sourcery g++ lite/bin/../lib/gcc/arm-none-eabi/4.2.3/../../../../arm-none-eabi/lib\libc.a(lib_a-freer.o)
 .glue_7        0x0000a8d4        0x0 c:/program files (x86)/codesourcery/sourcery g++ lite/bin/../lib/gcc/arm-none-eabi/4.2.3/../../../../arm-none-eabi/lib\libc.a(lib_a-fseek.o)
 .glue_7        0x0000a8d4        0x0 c:/program files (x86)/codesourcery/sourcery g++ lite/bin/../lib/gcc/arm-none-eabi/4.2.3/../../../../arm-none-eabi/lib\libc.a(lib_a-fstatr.o)
 .glue_7        0x0000a8d4        0x0 c:/program files (x86)/codesourcery/sourcery g++ lite/bin/../lib/gcc/arm-none-eabi/4.2.3/../../../../arm-none-eabi/lib\libc.a(lib_a-fwalk.o)
 .glue_7        0x0000a8d4        0x0 c:/program files (x86)/codesourcery/sourcery g++ lite/bin/../lib/gcc/arm-none-eabi/4.2.3/../../../../arm-none-eabi/lib\libc.a(lib_a-gets.o)
 .glue_7        0x0000a8d4        0x0 c:/program files (x86)/codesourcery/sourcery g++ lite/bin/../lib/gcc/arm-none-eabi/4.2.3/../../../../arm-none-eabi/lib\libc.a(lib_a-impure.o)
 .glue_7        0x0000a8d4        0x0 c:/program files (x86)/codesourcery/sourcery g++ lite/bin/../lib/gcc/arm-none-eabi/4.2.3/../../../../arm-none-eabi/lib\libc.a(lib_a-iprintf.o)
 .glue_7        0x0000a8d4        0x0 c:/program files (x86)/codesourcery/sourcery g++ lite/bin/../lib/gcc/arm-none-eabi/4.2.3/../../../../arm-none-eabi/lib\libc.a(lib_a-lcltime_r.o)
 .glue_7        0x0000a8d4        0x0 c:/program files (x86)/codesourcery/sourcery g++ lite/bin/../lib/gcc/arm-none-eabi/4.2.3/../../../../arm-none-eabi/lib\libc.a(lib_a-makebuf.o)
 .glue_7        0x0000a8d4        0x0 c:/program files (x86)/codesourcery/sourcery g++ lite/bin/../lib/gcc/arm-none-eabi/4.2.3/../../../../arm-none-eabi/lib\libc.a(lib_a-malloc.o)
 .glue_7        0x0000a8d4        0x0 c:/program files (x86)/codesourcery/sourcery g++ lite/bin/../lib/gcc/arm-none-eabi/4.2.3/../../../../arm-none-eabi/lib\libc.a(lib_a-mallocr.o)
 .glue_7        0x0000a8d4        0x0 c:/program files (x86)/codesourcery/sourcery g++ lite/bin/../lib/gcc/arm-none-eabi/4.2.3/../../../../arm-none-eabi/lib\libc.a(lib_a-memcmp.o)
 .glue_7        0x0000a8d4        0x0 c:/program files (x86)/codesourcery/sourcery g++ lite/bin/../lib/gcc/arm-none-eabi/4.2.3/../../../../arm-none-eabi/lib\libc.a(lib_a-memcpy.o)
 .glue_7        0x0000a8d4        0x0 c:/program files (x86)/codesourcery/sourcery g++ lite/bin/../lib/gcc/arm-none-eabi/4.2.3/../../../../arm-none-eabi/lib\libc.a(lib_a-memset.o)
 .glue_7        0x0000a8d4        0x0 c:/program files (x86)/codesourcery/sourcery g++ lite/bin/../lib/gcc/arm-none-eabi/4.2.3/../../../../arm-none-eabi/lib\libc.a(lib_a-mktm_r.o)
 .glue_7        0x0000a8d4        0x0 c:/program files (x86)/codesourcery/sourcery g++ lite/bin/../lib/gcc/arm-none-eabi/4.2.3/../../../../arm-none-eabi/lib\libc.a(lib_a-mlock.o)
 .glue_7        0x0000a8d4        0x0 c:/program files (x86)/codesourcery/sourcery g++ lite/bin/../lib/gcc/arm-none-eabi/4.2.3/../../../../arm-none-eabi/lib\libc.a(lib_a-openr.o)
 .glue_7        0x0000a8d4        0x0 c:/program files (x86)/codesourcery/sourcery g++ lite/bin/../lib/gcc/arm-none-eabi/4.2.3/../../../../arm-none-eabi/lib\libc.a(lib_a-reent.o)
 .glue_7        0x0000a8d4        0x0 c:/program files (x86)/codesourcery/sourcery g++ lite/bin/../lib/gcc/arm-none-eabi/4.2.3/../../../../arm-none-eabi/lib\libc.a(lib_a-refill.o)
 .glue_7        0x0000a8d4        0x0 c:/program files (x86)/codesourcery/sourcery g++ lite/bin/../lib/gcc/arm-none-eabi/4.2.3/../../../../arm-none-eabi/lib\libc.a(lib_a-rget.o)
 .glue_7        0x0000a8d4        0x0 c:/program files (x86)/codesourcery/sourcery g++ lite/bin/../lib/gcc/arm-none-eabi/4.2.3/../../../../arm-none-eabi/lib\libc.a(lib_a-sbrkr.o)
 .glue_7        0x0000a8d4        0x0 c:/program files (x86)/codesourcery/sourcery g++ lite/bin/../lib/gcc/arm-none-eabi/4.2.3/../../../../arm-none-eabi/lib\libc.a(lib_a-setbuf.o)
 .glue_7        0x0000a8d4        0x0 c:/program files (x86)/codesourcery/sourcery g++ lite/bin/../lib/gcc/arm-none-eabi/4.2.3/../../../../arm-none-eabi/lib\libc.a(lib_a-setjmp.o)
 .glue_7        0x0000a8d4        0x0 c:/program files (x86)/codesourcery/sourcery g++ lite/bin/../lib/gcc/arm-none-eabi/4.2.3/../../../../arm-none-eabi/lib\libc.a(lib_a-setvbuf.o)
 .glue_7        0x0000a8d4        0x0 c:/program files (x86)/codesourcery/sourcery g++ lite/bin/../lib/gcc/arm-none-eabi/4.2.3/../../../../arm-none-eabi/lib\libc.a(lib_a-siprintf.o)
 .glue_7        0x0000a8d4        0x0 c:/program files (x86)/codesourcery/sourcery g++ lite/bin/../lib/gcc/arm-none-eabi/4.2.3/../../../../arm-none-eabi/lib\libc.a(lib_a-sniprintf.o)
 .glue_7        0x0000a8d4        0x0 c:/program files (x86)/codesourcery/sourcery g++ lite/bin/../lib/gcc/arm-none-eabi/4.2.3/../../../../arm-none-eabi/lib\libc.a(lib_a-stdio.o)
 .glue_7        0x0000a8d4        0x0 c:/program files (x86)/codesourcery/sourcery g++ lite/bin/../lib/gcc/arm-none-eabi/4.2.3/../../../../arm-none-eabi/lib\libc.a(lib_a-strdup.o)
 .glue_7        0x0000a8d4        0x0 c:/program files (x86)/codesourcery/sourcery g++ lite/bin/../lib/gcc/arm-none-eabi/4.2.3/../../../../arm-none-eabi/lib\libc.a(lib_a-strdup_r.o)
 .glue_7        0x0000a8d4        0x0 c:/program files (x86)/codesourcery/sourcery g++ lite/bin/../lib/gcc/arm-none-eabi/4.2.3/../../../../arm-none-eabi/lib\libc.a(lib_a-strlen.o)
 .glue_7        0x0000a8d4        0x0 c:/program files (x86)/codesourcery/sourcery g++ lite/bin/../lib/gcc/arm-none-eabi/4.2.3/../../../../arm-none-eabi/lib\libc.a(lib_a-strtol.o)
 .glue_7        0x0000a8d4        0x0 c:/program files (x86)/codesourcery/sourcery g++ lite/bin/../lib/gcc/arm-none-eabi/4.2.3/../../../../arm-none-eabi/lib\libc.a(lib_a-sysgettod.o)
 .glue_7        0x0000a8d4        0x0 c:/program files (x86)/codesourcery/sourcery g++ lite/bin/../lib/gcc/arm-none-eabi/4.2.3/../../../../arm-none-eabi/lib\libc.a(lib_a-tzlock.o)
 .glue_7        0x0000a8d4        0x0 c:/program files (x86)/codesourcery/sourcery g++ lite/bin/../lib/gcc/arm-none-eabi/4.2.3/../../../../arm-none-eabi/lib\libc.a(lib_a-tzvars.o)
 .glue_7        0x0000a8d4        0x0 c:/program files (x86)/codesourcery/sourcery g++ lite/bin/../lib/gcc/arm-none-eabi/4.2.3/../../../../arm-none-eabi/lib\libc.a(lib_a-vfiprintf.o)
 .glue_7        0x0000a8d4        0x0 c:/program files (x86)/codesourcery/sourcery g++ lite/bin/../lib/gcc/arm-none-eabi/4.2.3/../../../../arm-none-eabi/lib\libc.a(lib_a-writer.o)
 .glue_7        0x0000a8d4        0x0 c:/program files (x86)/codesourcery/sourcery g++ lite/bin/../lib/gcc/arm-none-eabi/4.2.3/../../../../arm-none-eabi/lib\libc.a(lib_a-wsetup.o)
 .glue_7        0x0000a8d4        0x0 c:/program files (x86)/codesourcery/sourcery g++ lite/bin/../lib/gcc/arm-none-eabi/4.2.3/../../../../arm-none-eabi/lib\libc.a(lib_a-__call_atexit.o)
 .glue_7        0x0000a8d4        0x0 c:/program files (x86)/codesourcery/sourcery g++ lite/bin/../lib/gcc/arm-none-eabi/4.2.3/../../../../arm-none-eabi/lib\libc.a(lib_a-atexit.o)
 .glue_7        0x0000a8d4        0x0 c:/program files (x86)/codesourcery/sourcery g++ lite/bin/../lib/gcc/arm-none-eabi/4.2.3/../../../../arm-none-eabi/lib\libc.a(lib_a-closer.o)
 .glue_7        0x0000a8d4        0x0 c:/program files (x86)/codesourcery/sourcery g++ lite/bin/../lib/gcc/arm-none-eabi/4.2.3/../../../../arm-none-eabi/lib\libc.a(lib_a-fini.o)
 .glue_7        0x0000a8d4        0x0 c:/program files (x86)/codesourcery/sourcery g++ lite/bin/../lib/gcc/arm-none-eabi/4.2.3/../../../../arm-none-eabi/lib\libc.a(lib_a-flags.o)
 .glue_7        0x0000a8d4        0x0 c:/program files (x86)/codesourcery/sourcery g++ lite/bin/../lib/gcc/arm-none-eabi/4.2.3/../../../../arm-none-eabi/lib\libc.a(lib_a-fvwrite.o)
 .glue_7        0x0000a8d4        0x0 c:/program files (x86)/codesourcery/sourcery g++ lite/bin/../lib/gcc/arm-none-eabi/4.2.3/../../../../arm-none-eabi/lib\libc.a(lib_a-getchar.o)
 .glue_7        0x0000a8d4        0x0 c:/program files (x86)/codesourcery/sourcery g++ lite/bin/../lib/gcc/arm-none-eabi/4.2.3/../../../../arm-none-eabi/lib\libc.a(lib_a-gettimeofdayr.o)
 .glue_7        0x0000a8d4        0x0 c:/program files (x86)/codesourcery/sourcery g++ lite/bin/../lib/gcc/arm-none-eabi/4.2.3/../../../../arm-none-eabi/lib\libc.a(lib_a-gettzinfo.o)
 .glue_7        0x0000a8d4        0x0 c:/program files (x86)/codesourcery/sourcery g++ lite/bin/../lib/gcc/arm-none-eabi/4.2.3/../../../../arm-none-eabi/lib\libc.a(lib_a-isattyr.o)
 .glue_7        0x0000a8d4        0x0 c:/program files (x86)/codesourcery/sourcery g++ lite/bin/../lib/gcc/arm-none-eabi/4.2.3/../../../../arm-none-eabi/lib\libc.a(lib_a-lseekr.o)
 .glue_7        0x0000a8d4        0x0 c:/program files (x86)/codesourcery/sourcery g++ lite/bin/../lib/gcc/arm-none-eabi/4.2.3/../../../../arm-none-eabi/lib\libc.a(lib_a-memchr.o)
 .glue_7        0x0000a8d4        0x0 c:/program files (x86)/codesourcery/sourcery g++ lite/bin/../lib/gcc/arm-none-eabi/4.2.3/../../../../arm-none-eabi/lib\libc.a(lib_a-memmove.o)
 .glue_7        0x0000a8d4        0x0 c:/program files (x86)/codesourcery/sourcery g++ lite/bin/../lib/gcc/arm-none-eabi/4.2.3/../../../../arm-none-eabi/lib\libc.a(lib_a-readr.o)
 .glue_7        0x0000a8d4        0x0 c:/program files (x86)/codesourcery/sourcery g++ lite/bin/../lib/gcc/arm-none-eabi/4.2.3/../../../../arm-none-eabi/lib\libc.a(lib_a-reallocr.o)
 .glue_7        0x0000a8d4        0x0 c:/program files (x86)/codesourcery/sourcery g++ lite/bin/../lib/gcc/arm-none-eabi/4.2.3/../../../../arm-none-eabi/lib\libc.a(lib_a-__atexit.o)
 .glue_7        0x0000a8d4        0x0 c:/program files (x86)/codesourcery/sourcery g++ lite/bin/../lib/gcc/arm-none-eabi/4.2.3/../../../../arm-none-eabi/lib\libc.a(lib_a-getc.o)
 .glue_7        0x0000a8d4        0x0 c:/program files (x86)/codesourcery/sourcery g++ lite/bin/../lib/gcc/arm-none-eabi/4.2.3\libgcc.a(_aeabi_uldivmod.o)
 .glue_7        0x0000a8d4        0x0 c:/program files (x86)/codesourcery/sourcery g++ lite/bin/../lib/gcc/arm-none-eabi/4.2.3\libgcc.a(bpabi.o)
 .glue_7        0x0000a8d4        0x0 c:/program files (x86)/codesourcery/sourcery g++ lite/bin/../lib/gcc/arm-none-eabi/4.2.3\libgcc.a(_divdi3.o)
 .glue_7        0x0000a8d4        0x0 c:/program files (x86)/codesourcery/sourcery g++ lite/bin/../lib/gcc/arm-none-eabi/4.2.3\libgcc.a(_udivdi3.o)
 .glue_7        0x0000a8d4        0x0 c:/program files (x86)/codesourcery/sourcery g++ lite/bin/../lib/gcc/arm-none-eabi/4.2.3\libgcc.a(_clz.o)
 .glue_7        0x0000a8d4        0x0 c:/program files (x86)/codesourcery/sourcery g++ lite/bin/../lib/gcc/arm-none-eabi/4.2.3/crtend.o
 .glue_7        0x0000a8d4        0x0 c:/program files (x86)/codesourcery/sourcery g++ lite/bin/../lib/gcc/arm-none-eabi/4.2.3/crtn.o
 *(.vfp11_veneer)
 .vfp11_veneer  0x0000a8d4        0x0 c:/program files (x86)/codesourcery/sourcery g++ lite/bin/../lib/gcc/arm-none-eabi/4.2.3/crti.o
 .vfp11_veneer  0x0000a8d4        0x0 c:/program files (x86)/codesourcery/sourcery g++ lite/bin/../lib/gcc/arm-none-eabi/4.2.3/crtbegin.o
 .vfp11_veneer  0x0000a8d4        0x0 lpc2106-cmucam3_buildfiles/main.o
 .vfp11_veneer  0x0000a8d4        0x0 ../../lib/cc3-ilp\libcc3-ilp_lpc2106-cmucam3.a(cc3_img_writer.o)
 .vfp11_veneer  0x0000a8d4        0x0 ../../lib/cc3-ilp\libcc3-ilp_lpc2106-cmucam3.a(cc3_hsv.o)
 .vfp11_veneer  0x0000a8d4        0x0 ../../lib/cc3-ilp\libcc3-ilp_lpc2106-cmucam3.a(cc3_ilp.o)
 .vfp11_veneer  0x0000a8d4        0x0 ../../hal/lpc2106-cmucam3\libhal-lpc2106-cmucam3.a(interrupt.o)
 .vfp11_veneer  0x0000a8d4        0x0 ../../hal/lpc2106-cmucam3\libhal-lpc2106-cmucam3.a(cc3.o)
 .vfp11_veneer  0x0000a8d4        0x0 ../../hal/lpc2106-cmucam3\libhal-lpc2106-cmucam3.a(cc3_hal.o)
 .vfp11_veneer  0x0000a8d4        0x0 ../../hal/lpc2106-cmucam3\libhal-lpc2106-cmucam3.a(syscalls.o)
 .vfp11_veneer  0x0000a8d4        0x0 ../../hal/lpc2106-cmucam3\libhal-lpc2106-cmucam3.a(serial.o)
 .vfp11_veneer  0x0000a8d4        0x0 ../../hal/lpc2106-cmucam3\libhal-lpc2106-cmucam3.a(servo.o)
 .vfp11_veneer  0x0000a8d4        0x0 ../../hal/lpc2106-cmucam3\libhal-lpc2106-cmucam3.a(rdcf2.o)
 .vfp11_veneer  0x0000a8d4        0x0 ../../hal/lpc2106-cmucam3\libhal-lpc2106-cmucam3.a(mmc_hardware.o)
 .vfp11_veneer  0x0000a8d4        0x0 ../../hal/lpc2106-cmucam3\libhal-lpc2106-cmucam3.a(mmc_driver.o)
 .vfp11_veneer  0x0000a8d4        0x0 ../../hal/lpc2106-cmucam3\libhal-lpc2106-cmucam3.a(gpio.o)
 .vfp11_veneer  0x0000a8d4        0x0 ../../hal/lpc2106-cmucam3\libhal-lpc2106-cmucam3.a(devices.o)
 .vfp11_veneer  0x0000a8d4        0x0 ../../hal/lpc2106-cmucam3\libhal-lpc2106-cmucam3.a(uart_driver.o)
 .vfp11_veneer  0x0000a8d4        0x0 ../../hal/lpc2106-cmucam3\libhal-lpc2106-cmucam3.a(startup.o)
 .vfp11_veneer  0x0000a8d4        0x0 c:/program files (x86)/codesourcery/sourcery g++ lite/bin/../lib/gcc/arm-none-eabi/4.2.3\libgcc.a(_udivsi3.o)
 .vfp11_veneer  0x0000a8d4        0x0 c:/program files (x86)/codesourcery/sourcery g++ lite/bin/../lib/gcc/arm-none-eabi/4.2.3\libgcc.a(_divsi3.o)
 .vfp11_veneer  0x0000a8d4        0x0 c:/program files (x86)/codesourcery/sourcery g++ lite/bin/../lib/gcc/arm-none-eabi/4.2.3\libgcc.a(_dvmd_tls.o)
 .vfp11_veneer  0x0000a8d4        0x0 c:/program files (x86)/codesourcery/sourcery g++ lite/bin/../lib/gcc/arm-none-eabi/4.2.3/../../../../arm-none-eabi/lib\libc.a(lib_a-calloc.o)
 .vfp11_veneer  0x0000a8d4        0x0 c:/program files (x86)/codesourcery/sourcery g++ lite/bin/../lib/gcc/arm-none-eabi/4.2.3/../../../../arm-none-eabi/lib\libc.a(lib_a-callocr.o)
 .vfp11_veneer  0x0000a8d4        0x0 c:/program files (x86)/codesourcery/sourcery g++ lite/bin/../lib/gcc/arm-none-eabi/4.2.3/../../../../arm-none-eabi/lib\libc.a(lib_a-ctype_.o)
 .vfp11_veneer  0x0000a8d4        0x0 c:/program files (x86)/codesourcery/sourcery g++ lite/bin/../lib/gcc/arm-none-eabi/4.2.3/../../../../arm-none-eabi/lib\libc.a(lib_a-exit.o)
 .vfp11_veneer  0x0000a8d4        0x0 c:/program files (x86)/codesourcery/sourcery g++ lite/bin/../lib/gcc/arm-none-eabi/4.2.3/../../../../arm-none-eabi/lib\libc.a(lib_a-fclose.o)
 .vfp11_veneer  0x0000a8d4        0x0 c:/program files (x86)/codesourcery/sourcery g++ lite/bin/../lib/gcc/arm-none-eabi/4.2.3/../../../../arm-none-eabi/lib\libc.a(lib_a-fflush.o)
 .vfp11_veneer  0x0000a8d4        0x0 c:/program files (x86)/codesourcery/sourcery g++ lite/bin/../lib/gcc/arm-none-eabi/4.2.3/../../../../arm-none-eabi/lib\libc.a(lib_a-findfp.o)
 .vfp11_veneer  0x0000a8d4        0x0 c:/program files (x86)/codesourcery/sourcery g++ lite/bin/../lib/gcc/arm-none-eabi/4.2.3/../../../../arm-none-eabi/lib\libc.a(lib_a-fiprintf.o)
 .vfp11_veneer  0x0000a8d4        0x0 c:/program files (x86)/codesourcery/sourcery g++ lite/bin/../lib/gcc/arm-none-eabi/4.2.3/../../../../arm-none-eabi/lib\libc.a(lib_a-fopen.o)
 .vfp11_veneer  0x0000a8d4        0x0 c:/program files (x86)/codesourcery/sourcery g++ lite/bin/../lib/gcc/arm-none-eabi/4.2.3/../../../../arm-none-eabi/lib\libc.a(lib_a-freer.o)
 .vfp11_veneer  0x0000a8d4        0x0 c:/program files (x86)/codesourcery/sourcery g++ lite/bin/../lib/gcc/arm-none-eabi/4.2.3/../../../../arm-none-eabi/lib\libc.a(lib_a-fseek.o)
 .vfp11_veneer  0x0000a8d4        0x0 c:/program files (x86)/codesourcery/sourcery g++ lite/bin/../lib/gcc/arm-none-eabi/4.2.3/../../../../arm-none-eabi/lib\libc.a(lib_a-fstatr.o)
 .vfp11_veneer  0x0000a8d4        0x0 c:/program files (x86)/codesourcery/sourcery g++ lite/bin/../lib/gcc/arm-none-eabi/4.2.3/../../../../arm-none-eabi/lib\libc.a(lib_a-fwalk.o)
 .vfp11_veneer  0x0000a8d4        0x0 c:/program files (x86)/codesourcery/sourcery g++ lite/bin/../lib/gcc/arm-none-eabi/4.2.3/../../../../arm-none-eabi/lib\libc.a(lib_a-gets.o)
 .vfp11_veneer  0x0000a8d4        0x0 c:/program files (x86)/codesourcery/sourcery g++ lite/bin/../lib/gcc/arm-none-eabi/4.2.3/../../../../arm-none-eabi/lib\libc.a(lib_a-impure.o)
 .vfp11_veneer  0x0000a8d4        0x0 c:/program files (x86)/codesourcery/sourcery g++ lite/bin/../lib/gcc/arm-none-eabi/4.2.3/../../../../arm-none-eabi/lib\libc.a(lib_a-iprintf.o)
 .vfp11_veneer  0x0000a8d4        0x0 c:/program files (x86)/codesourcery/sourcery g++ lite/bin/../lib/gcc/arm-none-eabi/4.2.3/../../../../arm-none-eabi/lib\libc.a(lib_a-lcltime_r.o)
 .vfp11_veneer  0x0000a8d4        0x0 c:/program files (x86)/codesourcery/sourcery g++ lite/bin/../lib/gcc/arm-none-eabi/4.2.3/../../../../arm-none-eabi/lib\libc.a(lib_a-makebuf.o)
 .vfp11_veneer  0x0000a8d4        0x0 c:/program files (x86)/codesourcery/sourcery g++ lite/bin/../lib/gcc/arm-none-eabi/4.2.3/../../../../arm-none-eabi/lib\libc.a(lib_a-malloc.o)
 .vfp11_veneer  0x0000a8d4        0x0 c:/program files (x86)/codesourcery/sourcery g++ lite/bin/../lib/gcc/arm-none-eabi/4.2.3/../../../../arm-none-eabi/lib\libc.a(lib_a-mallocr.o)
 .vfp11_veneer  0x0000a8d4        0x0 c:/program files (x86)/codesourcery/sourcery g++ lite/bin/../lib/gcc/arm-none-eabi/4.2.3/../../../../arm-none-eabi/lib\libc.a(lib_a-memcmp.o)
 .vfp11_veneer  0x0000a8d4        0x0 c:/program files (x86)/codesourcery/sourcery g++ lite/bin/../lib/gcc/arm-none-eabi/4.2.3/../../../../arm-none-eabi/lib\libc.a(lib_a-memcpy.o)
 .vfp11_veneer  0x0000a8d4        0x0 c:/program files (x86)/codesourcery/sourcery g++ lite/bin/../lib/gcc/arm-none-eabi/4.2.3/../../../../arm-none-eabi/lib\libc.a(lib_a-memset.o)
 .vfp11_veneer  0x0000a8d4        0x0 c:/program files (x86)/codesourcery/sourcery g++ lite/bin/../lib/gcc/arm-none-eabi/4.2.3/../../../../arm-none-eabi/lib\libc.a(lib_a-mktm_r.o)
 .vfp11_veneer  0x0000a8d4        0x0 c:/program files (x86)/codesourcery/sourcery g++ lite/bin/../lib/gcc/arm-none-eabi/4.2.3/../../../../arm-none-eabi/lib\libc.a(lib_a-mlock.o)
 .vfp11_veneer  0x0000a8d4        0x0 c:/program files (x86)/codesourcery/sourcery g++ lite/bin/../lib/gcc/arm-none-eabi/4.2.3/../../../../arm-none-eabi/lib\libc.a(lib_a-openr.o)
 .vfp11_veneer  0x0000a8d4        0x0 c:/program files (x86)/codesourcery/sourcery g++ lite/bin/../lib/gcc/arm-none-eabi/4.2.3/../../../../arm-none-eabi/lib\libc.a(lib_a-reent.o)
 .vfp11_veneer  0x0000a8d4        0x0 c:/program files (x86)/codesourcery/sourcery g++ lite/bin/../lib/gcc/arm-none-eabi/4.2.3/../../../../arm-none-eabi/lib\libc.a(lib_a-refill.o)
 .vfp11_veneer  0x0000a8d4        0x0 c:/program files (x86)/codesourcery/sourcery g++ lite/bin/../lib/gcc/arm-none-eabi/4.2.3/../../../../arm-none-eabi/lib\libc.a(lib_a-rget.o)
 .vfp11_veneer  0x0000a8d4        0x0 c:/program files (x86)/codesourcery/sourcery g++ lite/bin/../lib/gcc/arm-none-eabi/4.2.3/../../../../arm-none-eabi/lib\libc.a(lib_a-sbrkr.o)
 .vfp11_veneer  0x0000a8d4        0x0 c:/program files (x86)/codesourcery/sourcery g++ lite/bin/../lib/gcc/arm-none-eabi/4.2.3/../../../../arm-none-eabi/lib\libc.a(lib_a-setbuf.o)
 .vfp11_veneer  0x0000a8d4        0x0 c:/program files (x86)/codesourcery/sourcery g++ lite/bin/../lib/gcc/arm-none-eabi/4.2.3/../../../../arm-none-eabi/lib\libc.a(lib_a-setjmp.o)
 .vfp11_veneer  0x0000a8d4        0x0 c:/program files (x86)/codesourcery/sourcery g++ lite/bin/../lib/gcc/arm-none-eabi/4.2.3/../../../../arm-none-eabi/lib\libc.a(lib_a-setvbuf.o)
 .vfp11_veneer  0x0000a8d4        0x0 c:/program files (x86)/codesourcery/sourcery g++ lite/bin/../lib/gcc/arm-none-eabi/4.2.3/../../../../arm-none-eabi/lib\libc.a(lib_a-siprintf.o)
 .vfp11_veneer  0x0000a8d4        0x0 c:/program files (x86)/codesourcery/sourcery g++ lite/bin/../lib/gcc/arm-none-eabi/4.2.3/../../../../arm-none-eabi/lib\libc.a(lib_a-sniprintf.o)
 .vfp11_veneer  0x0000a8d4        0x0 c:/program files (x86)/codesourcery/sourcery g++ lite/bin/../lib/gcc/arm-none-eabi/4.2.3/../../../../arm-none-eabi/lib\libc.a(lib_a-stdio.o)
 .vfp11_veneer  0x0000a8d4        0x0 c:/program files (x86)/codesourcery/sourcery g++ lite/bin/../lib/gcc/arm-none-eabi/4.2.3/../../../../arm-none-eabi/lib\libc.a(lib_a-strdup.o)
 .vfp11_veneer  0x0000a8d4        0x0 c:/program files (x86)/codesourcery/sourcery g++ lite/bin/../lib/gcc/arm-none-eabi/4.2.3/../../../../arm-none-eabi/lib\libc.a(lib_a-strdup_r.o)
 .vfp11_veneer  0x0000a8d4        0x0 c:/program files (x86)/codesourcery/sourcery g++ lite/bin/../lib/gcc/arm-none-eabi/4.2.3/../../../../arm-none-eabi/lib\libc.a(lib_a-strlen.o)
 .vfp11_veneer  0x0000a8d4        0x0 c:/program files (x86)/codesourcery/sourcery g++ lite/bin/../lib/gcc/arm-none-eabi/4.2.3/../../../../arm-none-eabi/lib\libc.a(lib_a-strtol.o)
 .vfp11_veneer  0x0000a8d4        0x0 c:/program files (x86)/codesourcery/sourcery g++ lite/bin/../lib/gcc/arm-none-eabi/4.2.3/../../../../arm-none-eabi/lib\libc.a(lib_a-sysgettod.o)
 .vfp11_veneer  0x0000a8d4        0x0 c:/program files (x86)/codesourcery/sourcery g++ lite/bin/../lib/gcc/arm-none-eabi/4.2.3/../../../../arm-none-eabi/lib\libc.a(lib_a-tzlock.o)
 .vfp11_veneer  0x0000a8d4        0x0 c:/program files (x86)/codesourcery/sourcery g++ lite/bin/../lib/gcc/arm-none-eabi/4.2.3/../../../../arm-none-eabi/lib\libc.a(lib_a-tzvars.o)
 .vfp11_veneer  0x0000a8d4        0x0 c:/program files (x86)/codesourcery/sourcery g++ lite/bin/../lib/gcc/arm-none-eabi/4.2.3/../../../../arm-none-eabi/lib\libc.a(lib_a-vfiprintf.o)
 .vfp11_veneer  0x0000a8d4        0x0 c:/program files (x86)/codesourcery/sourcery g++ lite/bin/../lib/gcc/arm-none-eabi/4.2.3/../../../../arm-none-eabi/lib\libc.a(lib_a-writer.o)
 .vfp11_veneer  0x0000a8d4        0x0 c:/program files (x86)/codesourcery/sourcery g++ lite/bin/../lib/gcc/arm-none-eabi/4.2.3/../../../../arm-none-eabi/lib\libc.a(lib_a-wsetup.o)
 .vfp11_veneer  0x0000a8d4        0x0 c:/program files (x86)/codesourcery/sourcery g++ lite/bin/../lib/gcc/arm-none-eabi/4.2.3/../../../../arm-none-eabi/lib\libc.a(lib_a-__call_atexit.o)
 .vfp11_veneer  0x0000a8d4        0x0 c:/program files (x86)/codesourcery/sourcery g++ lite/bin/../lib/gcc/arm-none-eabi/4.2.3/../../../../arm-none-eabi/lib\libc.a(lib_a-atexit.o)
 .vfp11_veneer  0x0000a8d4        0x0 c:/program files (x86)/codesourcery/sourcery g++ lite/bin/../lib/gcc/arm-none-eabi/4.2.3/../../../../arm-none-eabi/lib\libc.a(lib_a-closer.o)
 .vfp11_veneer  0x0000a8d4        0x0 c:/program files (x86)/codesourcery/sourcery g++ lite/bin/../lib/gcc/arm-none-eabi/4.2.3/../../../../arm-none-eabi/lib\libc.a(lib_a-fini.o)
 .vfp11_veneer  0x0000a8d4        0x0 c:/program files (x86)/codesourcery/sourcery g++ lite/bin/../lib/gcc/arm-none-eabi/4.2.3/../../../../arm-none-eabi/lib\libc.a(lib_a-flags.o)
 .vfp11_veneer  0x0000a8d4        0x0 c:/program files (x86)/codesourcery/sourcery g++ lite/bin/../lib/gcc/arm-none-eabi/4.2.3/../../../../arm-none-eabi/lib\libc.a(lib_a-fvwrite.o)
 .vfp11_veneer  0x0000a8d4        0x0 c:/program files (x86)/codesourcery/sourcery g++ lite/bin/../lib/gcc/arm-none-eabi/4.2.3/../../../../arm-none-eabi/lib\libc.a(lib_a-getchar.o)
 .vfp11_veneer  0x0000a8d4        0x0 c:/program files (x86)/codesourcery/sourcery g++ lite/bin/../lib/gcc/arm-none-eabi/4.2.3/../../../../arm-none-eabi/lib\libc.a(lib_a-gettimeofdayr.o)
 .vfp11_veneer  0x0000a8d4        0x0 c:/program files (x86)/codesourcery/sourcery g++ lite/bin/../lib/gcc/arm-none-eabi/4.2.3/../../../../arm-none-eabi/lib\libc.a(lib_a-gettzinfo.o)
 .vfp11_veneer  0x0000a8d4        0x0 c:/program files (x86)/codesourcery/sourcery g++ lite/bin/../lib/gcc/arm-none-eabi/4.2.3/../../../../arm-none-eabi/lib\libc.a(lib_a-isattyr.o)
 .vfp11_veneer  0x0000a8d4        0x0 c:/program files (x86)/codesourcery/sourcery g++ lite/bin/../lib/gcc/arm-none-eabi/4.2.3/../../../../arm-none-eabi/lib\libc.a(lib_a-lseekr.o)
 .vfp11_veneer  0x0000a8d4        0x0 c:/program files (x86)/codesourcery/sourcery g++ lite/bin/../lib/gcc/arm-none-eabi/4.2.3/../../../../arm-none-eabi/lib\libc.a(lib_a-memchr.o)
 .vfp11_veneer  0x0000a8d4        0x0 c:/program files (x86)/codesourcery/sourcery g++ lite/bin/../lib/gcc/arm-none-eabi/4.2.3/../../../../arm-none-eabi/lib\libc.a(lib_a-memmove.o)
 .vfp11_veneer  0x0000a8d4        0x0 c:/program files (x86)/codesourcery/sourcery g++ lite/bin/../lib/gcc/arm-none-eabi/4.2.3/../../../../arm-none-eabi/lib\libc.a(lib_a-readr.o)
 .vfp11_veneer  0x0000a8d4        0x0 c:/program files (x86)/codesourcery/sourcery g++ lite/bin/../lib/gcc/arm-none-eabi/4.2.3/../../../../arm-none-eabi/lib\libc.a(lib_a-reallocr.o)
 .vfp11_veneer  0x0000a8d4        0x0 c:/program files (x86)/codesourcery/sourcery g++ lite/bin/../lib/gcc/arm-none-eabi/4.2.3/../../../../arm-none-eabi/lib\libc.a(lib_a-__atexit.o)
 .vfp11_veneer  0x0000a8d4        0x0 c:/program files (x86)/codesourcery/sourcery g++ lite/bin/../lib/gcc/arm-none-eabi/4.2.3/../../../../arm-none-eabi/lib\libc.a(lib_a-getc.o)
 .vfp11_veneer  0x0000a8d4        0x0 c:/program files (x86)/codesourcery/sourcery g++ lite/bin/../lib/gcc/arm-none-eabi/4.2.3\libgcc.a(_aeabi_uldivmod.o)
 .vfp11_veneer  0x0000a8d4        0x0 c:/program files (x86)/codesourcery/sourcery g++ lite/bin/../lib/gcc/arm-none-eabi/4.2.3\libgcc.a(bpabi.o)
 .vfp11_veneer  0x0000a8d4        0x0 c:/program files (x86)/codesourcery/sourcery g++ lite/bin/../lib/gcc/arm-none-eabi/4.2.3\libgcc.a(_divdi3.o)
 .vfp11_veneer  0x0000a8d4        0x0 c:/program files (x86)/codesourcery/sourcery g++ lite/bin/../lib/gcc/arm-none-eabi/4.2.3\libgcc.a(_udivdi3.o)
 .vfp11_veneer  0x0000a8d4        0x0 c:/program files (x86)/codesourcery/sourcery g++ lite/bin/../lib/gcc/arm-none-eabi/4.2.3\libgcc.a(_clz.o)
 .vfp11_veneer  0x0000a8d4        0x0 c:/program files (x86)/codesourcery/sourcery g++ lite/bin/../lib/gcc/arm-none-eabi/4.2.3/crtend.o
 .vfp11_veneer  0x0000a8d4        0x0 c:/program files (x86)/codesourcery/sourcery g++ lite/bin/../lib/gcc/arm-none-eabi/4.2.3/crtn.o
 *(.rodata .rodata.* .gnu.linkonce.r.*)
 .rodata.str1.4
                0x0000a8d4       0xdf lpc2106-cmucam3_buildfiles/main.o
                                 0xe4 (size before relaxing)
 *fill*         0x0000a9b3        0x1 00
 .rodata.str1.4
                0x0000a9b4       0xb2 ../../lib/cc3-ilp\libcc3-ilp_lpc2106-cmucam3.a(cc3_img_writer.o)
                                 0xb8 (size before relaxing)
 *fill*         0x0000aa66        0x2 00
 .rodata.str1.4
                0x0000aa68       0x2b ../../hal/lpc2106-cmucam3\libhal-lpc2106-cmucam3.a(interrupt.o)
                                 0x2c (size before relaxing)
 *fill*         0x0000aa93        0x1 00
 .rodata.str1.4
                0x0000aa94        0xb ../../hal/lpc2106-cmucam3\libhal-lpc2106-cmucam3.a(serial.o)
                                 0x10 (size before relaxing)
 *fill*         0x0000aa9f        0x1 00
 .rodata._cc3_servo_map
                0x0000aaa0       0x10 ../../hal/lpc2106-cmucam3\libhal-lpc2106-cmucam3.a(servo.o)
                0x0000aaa0                _cc3_servo_map
 .rodata.table.2692
                0x0000aab0       0x20 ../../hal/lpc2106-cmucam3\libhal-lpc2106-cmucam3.a(rdcf2.o)
 .rodata.cmdReset
                0x0000aad0        0x6 ../../hal/lpc2106-cmucam3\libhal-lpc2106-cmucam3.a(mmc_hardware.o)
 .rodata.cmdSetBlock
                0x0000aad6        0x6 ../../hal/lpc2106-cmucam3\libhal-lpc2106-cmucam3.a(mmc_hardware.o)
 .rodata.cmdInitCard
                0x0000aadc        0x6 ../../hal/lpc2106-cmucam3\libhal-lpc2106-cmucam3.a(mmc_hardware.o)
 *fill*         0x0000aae2        0x2 00
 .rodata._cc3_mmc_driver
                0x0000aae4       0x2c ../../hal/lpc2106-cmucam3\libhal-lpc2106-cmucam3.a(mmc_driver.o)
                0x0000aae4                _cc3_mmc_driver
 .rodata._cc3_uart_driver
                0x0000ab10       0x2c ../../hal/lpc2106-cmucam3\libhal-lpc2106-cmucam3.a(uart_driver.o)
                0x0000ab10                _cc3_uart_driver
 .rodata        0x0000ab3c      0x101 c:/program files (x86)/codesourcery/sourcery g++ lite/bin/../lib/gcc/arm-none-eabi/4.2.3/../../../../arm-none-eabi/lib\libc.a(lib_a-ctype_.o)
                0x0000ab3c                _ctype_
 *fill*         0x0000ac3d        0x3 00
 .rodata        0x0000ac40        0x4 c:/program files (x86)/codesourcery/sourcery g++ lite/bin/../lib/gcc/arm-none-eabi/4.2.3/../../../../arm-none-eabi/lib\libc.a(lib_a-impure.o)
                0x0000ac40                _global_impure_ptr
 .rodata.str1.4
                0x0000ac44        0x2 c:/program files (x86)/codesourcery/sourcery g++ lite/bin/../lib/gcc/arm-none-eabi/4.2.3/../../../../arm-none-eabi/lib\libc.a(lib_a-impure.o)
                                  0x4 (size before relaxing)
 *fill*         0x0000ac46        0x2 00
 .rodata        0x0000ac48       0x68 c:/program files (x86)/codesourcery/sourcery g++ lite/bin/../lib/gcc/arm-none-eabi/4.2.3/../../../../arm-none-eabi/lib\libc.a(lib_a-mktm_r.o)
 .rodata        0x0000acb0       0x20 c:/program files (x86)/codesourcery/sourcery g++ lite/bin/../lib/gcc/arm-none-eabi/4.2.3/../../../../arm-none-eabi/lib\libc.a(lib_a-vfiprintf.o)
 .rodata.str1.4
                0x0000acd0       0x4c c:/program files (x86)/codesourcery/sourcery g++ lite/bin/../lib/gcc/arm-none-eabi/4.2.3/../../../../arm-none-eabi/lib\libc.a(lib_a-vfiprintf.o)
 .rodata        0x0000ad1c      0x100 c:/program files (x86)/codesourcery/sourcery g++ lite/bin/../lib/gcc/arm-none-eabi/4.2.3\libgcc.a(_clz.o)
                0x0000ad1c                __clz_tab
 *(.ARM.extab* .gnu.linkonce.armextab.*)
 *(.gcc_except_table)
 *(.eh_frame_hdr)
 *(.eh_frame)
 .eh_frame      0x0000ae1c        0x0 c:/program files (x86)/codesourcery/sourcery g++ lite/bin/../lib/gcc/arm-none-eabi/4.2.3/crtbegin.o
                0x0000ae1c                . = ALIGN (0x4)
 *(.init)
 .init          0x0000ae1c        0xc c:/program files (x86)/codesourcery/sourcery g++ lite/bin/../lib/gcc/arm-none-eabi/4.2.3/crti.o
                0x0000ae1c                _init
 .init          0x0000ae28        0xc c:/program files (x86)/codesourcery/sourcery g++ lite/bin/../lib/gcc/arm-none-eabi/4.2.3/crtn.o
                0x0000ae34                . = ALIGN (0x4)
                0x0000ae34                __preinit_array_start = .
 *(.preinit_array)
                0x0000ae34                __preinit_array_end = .
                0x0000ae34                . = ALIGN (0x4)
                0x0000ae34                __init_array_start = .
 *(SORT(.init_array.*))
 .init_array.00000
                0x0000ae34        0x4 c:/program files (x86)/codesourcery/sourcery g++ lite/bin/../lib/gcc/arm-none-eabi/4.2.3/../../../../arm-none-eabi/lib\libc.a(lib_a-__call_atexit.o)
 *(.init_array)
 .init_array    0x0000ae38        0x4 c:/program files (x86)/codesourcery/sourcery g++ lite/bin/../lib/gcc/arm-none-eabi/4.2.3/crtbegin.o
                0x0000ae3c                __init_array_end = .
                0x0000ae3c                . = ALIGN (0x4)
 *crtbegin.o(.ctors)
 *(EXCLUDE_FILE(*crtend.o) .ctors)
 *(SORT(.ctors.*))
 *crtend.o(.ctors)
                0x0000ae3c                . = ALIGN (0x4)
 *(.fini)
 .fini          0x0000ae3c        0xc c:/program files (x86)/codesourcery/sourcery g++ lite/bin/../lib/gcc/arm-none-eabi/4.2.3/crti.o
                0x0000ae3c                _fini
 .fini          0x0000ae48        0xc c:/program files (x86)/codesourcery/sourcery g++ lite/bin/../lib/gcc/arm-none-eabi/4.2.3/crtn.o
                0x0000ae54                . = ALIGN (0x4)
                0x0000ae54                __fini_array_start = .
 *(.fini_array)
 .fini_array    0x0000ae54        0x4 c:/program files (x86)/codesourcery/sourcery g++ lite/bin/../lib/gcc/arm-none-eabi/4.2.3/crtbegin.o
 *(SORT(.fini_array.*))
                0x0000ae58                __fini_array_end = .
 *crtbegin.o(.dtors)
 *(EXCLUDE_FILE(*crtend.o) .dtors)
 *(SORT(.dtors.*))
 *crtend.o(.dtors)
                0x0000ae58                __exidx_start = .

.v4_bx          0x0000ae58        0x0
 .v4_bx         0x0000ae58        0x0 c:/program files (x86)/codesourcery/sourcery g++ lite/bin/../lib/gcc/arm-none-eabi/4.2.3/crti.o
 .v4_bx         0x0000ae58        0x0 c:/program files (x86)/codesourcery/sourcery g++ lite/bin/../lib/gcc/arm-none-eabi/4.2.3/crtbegin.o
 .v4_bx         0x0000ae58        0x0 lpc2106-cmucam3_buildfiles/main.o
 .v4_bx         0x0000ae58        0x0 ../../lib/cc3-ilp\libcc3-ilp_lpc2106-cmucam3.a(cc3_img_writer.o)
 .v4_bx         0x0000ae58        0x0 ../../lib/cc3-ilp\libcc3-ilp_lpc2106-cmucam3.a(cc3_hsv.o)
 .v4_bx         0x0000ae58        0x0 ../../lib/cc3-ilp\libcc3-ilp_lpc2106-cmucam3.a(cc3_ilp.o)
 .v4_bx         0x0000ae58        0x0 ../../hal/lpc2106-cmucam3\libhal-lpc2106-cmucam3.a(interrupt.o)
 .v4_bx         0x0000ae58        0x0 ../../hal/lpc2106-cmucam3\libhal-lpc2106-cmucam3.a(cc3.o)
 .v4_bx         0x0000ae58        0x0 ../../hal/lpc2106-cmucam3\libhal-lpc2106-cmucam3.a(cc3_hal.o)
 .v4_bx         0x0000ae58        0x0 ../../hal/lpc2106-cmucam3\libhal-lpc2106-cmucam3.a(syscalls.o)
 .v4_bx         0x0000ae58        0x0 ../../hal/lpc2106-cmucam3\libhal-lpc2106-cmucam3.a(serial.o)
 .v4_bx         0x0000ae58        0x0 ../../hal/lpc2106-cmucam3\libhal-lpc2106-cmucam3.a(servo.o)
 .v4_bx         0x0000ae58        0x0 ../../hal/lpc2106-cmucam3\libhal-lpc2106-cmucam3.a(rdcf2.o)
 .v4_bx         0x0000ae58        0x0 ../../hal/lpc2106-cmucam3\libhal-lpc2106-cmucam3.a(mmc_hardware.o)
 .v4_bx         0x0000ae58        0x0 ../../hal/lpc2106-cmucam3\libhal-lpc2106-cmucam3.a(mmc_driver.o)
 .v4_bx         0x0000ae58        0x0 ../../hal/lpc2106-cmucam3\libhal-lpc2106-cmucam3.a(gpio.o)
 .v4_bx         0x0000ae58        0x0 ../../hal/lpc2106-cmucam3\libhal-lpc2106-cmucam3.a(devices.o)
 .v4_bx         0x0000ae58        0x0 ../../hal/lpc2106-cmucam3\libhal-lpc2106-cmucam3.a(uart_driver.o)
 .v4_bx         0x0000ae58        0x0 ../../hal/lpc2106-cmucam3\libhal-lpc2106-cmucam3.a(startup.o)
 .v4_bx         0x0000ae58        0x0 c:/program files (x86)/codesourcery/sourcery g++ lite/bin/../lib/gcc/arm-none-eabi/4.2.3\libgcc.a(_udivsi3.o)
 .v4_bx         0x0000ae58        0x0 c:/program files (x86)/codesourcery/sourcery g++ lite/bin/../lib/gcc/arm-none-eabi/4.2.3\libgcc.a(_divsi3.o)
 .v4_bx         0x0000ae58        0x0 c:/program files (x86)/codesourcery/sourcery g++ lite/bin/../lib/gcc/arm-none-eabi/4.2.3\libgcc.a(_dvmd_tls.o)
 .v4_bx         0x0000ae58        0x0 c:/program files (x86)/codesourcery/sourcery g++ lite/bin/../lib/gcc/arm-none-eabi/4.2.3/../../../../arm-none-eabi/lib\libc.a(lib_a-calloc.o)
 .v4_bx         0x0000ae58        0x0 c:/program files (x86)/codesourcery/sourcery g++ lite/bin/../lib/gcc/arm-none-eabi/4.2.3/../../../../arm-none-eabi/lib\libc.a(lib_a-callocr.o)
 .v4_bx         0x0000ae58        0x0 c:/program files (x86)/codesourcery/sourcery g++ lite/bin/../lib/gcc/arm-none-eabi/4.2.3/../../../../arm-none-eabi/lib\libc.a(lib_a-ctype_.o)
 .v4_bx         0x0000ae58        0x0 c:/program files (x86)/codesourcery/sourcery g++ lite/bin/../lib/gcc/arm-none-eabi/4.2.3/../../../../arm-none-eabi/lib\libc.a(lib_a-exit.o)
 .v4_bx         0x0000ae58        0x0 c:/program files (x86)/codesourcery/sourcery g++ lite/bin/../lib/gcc/arm-none-eabi/4.2.3/../../../../arm-none-eabi/lib\libc.a(lib_a-fclose.o)
 .v4_bx         0x0000ae58        0x0 c:/program files (x86)/codesourcery/sourcery g++ lite/bin/../lib/gcc/arm-none-eabi/4.2.3/../../../../arm-none-eabi/lib\libc.a(lib_a-fflush.o)
 .v4_bx         0x0000ae58        0x0 c:/program files (x86)/codesourcery/sourcery g++ lite/bin/../lib/gcc/arm-none-eabi/4.2.3/../../../../arm-none-eabi/lib\libc.a(lib_a-findfp.o)
 .v4_bx         0x0000ae58        0x0 c:/program files (x86)/codesourcery/sourcery g++ lite/bin/../lib/gcc/arm-none-eabi/4.2.3/../../../../arm-none-eabi/lib\libc.a(lib_a-fiprintf.o)
 .v4_bx         0x0000ae58        0x0 c:/program files (x86)/codesourcery/sourcery g++ lite/bin/../lib/gcc/arm-none-eabi/4.2.3/../../../../arm-none-eabi/lib\libc.a(lib_a-fopen.o)
 .v4_bx         0x0000ae58        0x0 c:/program files (x86)/codesourcery/sourcery g++ lite/bin/../lib/gcc/arm-none-eabi/4.2.3/../../../../arm-none-eabi/lib\libc.a(lib_a-freer.o)
 .v4_bx         0x0000ae58        0x0 c:/program files (x86)/codesourcery/sourcery g++ lite/bin/../lib/gcc/arm-none-eabi/4.2.3/../../../../arm-none-eabi/lib\libc.a(lib_a-fseek.o)
 .v4_bx         0x0000ae58        0x0 c:/program files (x86)/codesourcery/sourcery g++ lite/bin/../lib/gcc/arm-none-eabi/4.2.3/../../../../arm-none-eabi/lib\libc.a(lib_a-fstatr.o)
 .v4_bx         0x0000ae58        0x0 c:/program files (x86)/codesourcery/sourcery g++ lite/bin/../lib/gcc/arm-none-eabi/4.2.3/../../../../arm-none-eabi/lib\libc.a(lib_a-fwalk.o)
 .v4_bx         0x0000ae58        0x0 c:/program files (x86)/codesourcery/sourcery g++ lite/bin/../lib/gcc/arm-none-eabi/4.2.3/../../../../arm-none-eabi/lib\libc.a(lib_a-gets.o)