Archive member included because of file (symbol)

C:/Program Files (x86)/Microchip/MPLAB C32/bin/../lib/gcc/pic32mx/3.4.4/../../../../pic32mx/lib\libc.a(memcpy.o)
                              Internal Flash.o (memcpy)
C:/Program Files (x86)/Microchip/MPLAB C32/bin/../lib/gcc/pic32mx/3.4.4/../../../../pic32mx/lib\libc.a(memset.o)
                              FSIO.o (memset)
C:/Program Files (x86)/Microchip/MPLAB C32/bin/../lib/gcc/pic32mx/3.4.4/../../../../pic32mx/lib\libc.a(strcmp.o)
                              main.o (strcmp)
C:/Program Files (x86)/Microchip/MPLAB C32/bin/../lib/gcc/pic32mx/3.4.4/../../../../pic32mx/lib\libc.a(strcpy.o)
                              FSIO.o (strcpy)
C:/Program Files (x86)/Microchip/MPLAB C32/bin/../lib/gcc/pic32mx/3.4.4/../../../../pic32mx/lib\libc.a(strlen.o)
                              FSIO.o (strlen)
C:/Program Files (x86)/Microchip/MPLAB C32/bin/../lib/gcc/pic32mx/3.4.4/../../../../pic32mx/lib\libc.a(general-exception.o)
                              C:/Program Files (x86)/Microchip/MPLAB C32/bin/../lib/gcc/pic32mx/3.4.4/../../../../pic32mx/lib/crt0.o (_general_exception_context)
C:/Program Files (x86)/Microchip/MPLAB C32/bin/../lib/gcc/pic32mx/3.4.4/../../../../pic32mx/lib\libc.a(strcat.o)
                              main.o (strcat)
C:/Program Files (x86)/Microchip/MPLAB C32/bin/../lib/gcc/pic32mx/3.4.4/../../../../pic32mx/lib\libc.a(strncmp.o)
                              main.o (strncmp)
C:/Program Files (x86)/Microchip/MPLAB C32/bin/../lib/gcc/pic32mx/3.4.4/../../../../pic32mx/lib\libc.a(strncpy.o)
                              FSIO.o (strncpy)
C:/Program Files (x86)/Microchip/MPLAB C32/bin/../lib/gcc/pic32mx/3.4.4/../../../../pic32mx/lib\libc.a(strchr.o)
                              FSIO.o (strchr)
C:/Program Files (x86)/Microchip/MPLAB C32/bin/../lib/gcc/pic32mx/3.4.4/../../../../pic32mx/lib\libc.a(exit.o)
                              C:/Program Files (x86)/Microchip/MPLAB C32/bin/../lib/gcc/pic32mx/3.4.4/../../../../pic32mx/lib/crt0.o (exit)
C:/Program Files (x86)/Microchip/MPLAB C32/bin/../lib/gcc/pic32mx/3.4.4/../../../../pic32mx/lib\libc.a(ctypef.o)
                              FSIO.o (tolower)
C:/Program Files (x86)/Microchip/MPLAB C32/bin/../lib/gcc/pic32mx/3.4.4/../../../../pic32mx/lib\libc.a(malloc.o)
                              usb_host.o (free)
C:/Program Files (x86)/Microchip/MPLAB C32/bin/../lib/gcc/pic32mx/3.4.4/../../../../pic32mx/lib\libc.a(errno.o)
                              C:/Program Files (x86)/Microchip/MPLAB C32/bin/../lib/gcc/pic32mx/3.4.4/../../../../pic32mx/lib\libc.a(malloc.o) (errno)
C:/Program Files (x86)/Microchip/MPLAB C32/bin/../lib/gcc/pic32mx/3.4.4/../../../../pic32mx/lib\libc.a(_iobdata.o)
                              C:/Program Files (x86)/Microchip/MPLAB C32/bin/../lib/gcc/pic32mx/3.4.4/../../../../pic32mx/lib\libc.a(exit.o) (_libc_data)
C:/Program Files (x86)/Microchip/MPLAB C32/bin/../lib/gcc/pic32mx/3.4.4/../../../../pic32mx/lib\libc.a(_iobfuncs.o)
                              C:/Program Files (x86)/Microchip/MPLAB C32/bin/../lib/gcc/pic32mx/3.4.4/../../../../pic32mx/lib\libc.a(_iobdata.o) (_filbuf_simple)
C:/Program Files (x86)/Microchip/MPLAB C32/bin/../lib/gcc/pic32mx/3.4.4/../../../../pic32mx/lib\libc.a(printf.o)
                              C:/Program Files (x86)/Microchip/MPLAB C32/bin/../lib/gcc/pic32mx/3.4.4/../../../../pic32mx/lib\libc.a(malloc.o) (fprintf)
C:/Program Files (x86)/Microchip/MPLAB C32/bin/../lib/gcc/pic32mx/3.4.4/../../../../pic32mx/lib\libc.a(sprintf.o)
                              main.o (sprintf)
C:/Program Files (x86)/Microchip/MPLAB C32/bin/../lib/gcc/pic32mx/3.4.4/../../../../pic32mx/lib\libc.a(stubs.o)
                              C:/Program Files (x86)/Microchip/MPLAB C32/bin/../lib/gcc/pic32mx/3.4.4/../../../../pic32mx/lib\libc.a(exit.o) (pthread_mutex_lock)
C:/Program Files (x86)/Microchip/MPLAB C32/bin/../lib/gcc/pic32mx/3.4.4/../../../../pic32mx/lib\libc.a(sbrk.o)
                              C:/Program Files (x86)/Microchip/MPLAB C32/bin/../lib/gcc/pic32mx/3.4.4/../../../../pic32mx/lib\libc.a(malloc.o) (getpagesize)
C:/Program Files (x86)/Microchip/MPLAB C32/bin/../lib/gcc/pic32mx/3.4.4/../../../../pic32mx/lib\libc.a(default-general-exception-handler.o)
                              C:/Program Files (x86)/Microchip/MPLAB C32/bin/../lib/gcc/pic32mx/3.4.4/../../../../pic32mx/lib\libc.a(general-exception.o) (_general_exception_handler)
C:/Program Files (x86)/Microchip/MPLAB C32/bin/../lib/gcc/pic32mx/3.4.4/../../../../pic32mx/lib\libc.a(default-bootstrap-exception-handler.o)
                              C:/Program Files (x86)/Microchip/MPLAB C32/bin/../lib/gcc/pic32mx/3.4.4/../../../../pic32mx/lib/crt0.o (_bootstrap_exception_handler)
C:/Program Files (x86)/Microchip/MPLAB C32/bin/../lib/gcc/pic32mx/3.4.4/../../../../pic32mx/lib\libc.a(default-on-reset.o)
[...]
Memory Configuration

Name             Origin             Length             Attributes
kseg0_program_mem 0x9d000000         0x00080000         xr
kseg0_boot_mem   0x9fc00490         0x00000970
exception_mem    0x9fc01000         0x00001000
kseg1_boot_mem   0xbfc00000         0x00000490
debug_exec_mem   0xbfc02000         0x00000ff0
config3          0xbfc02ff0         0x00000004
config2          0xbfc02ff4         0x00000004
config1          0xbfc02ff8         0x00000004
config0          0xbfc02ffc         0x00000004
kseg1_data_mem   0xa0000000         0x00008000         w !x
sfrs             0xbf800000         0x00100000
*default*        0x00000000         0xffffffff

Linker script and memory map

LOAD C:/Program Files (x86)/Microchip/MPLAB C32/bin/../lib/gcc/pic32mx/3.4.4/../../../../pic32mx/lib/crt0.o
LOAD usb_host_msd_scsi.o
LOAD 1602D.o
LOAD Button.o
LOAD Files.o
LOAD FSIO.o
LOAD Internal Flash.o
LOAD LED.o
LOAD main.o
LOAD SD-SPI.o
LOAD uart2.o
LOAD usb_config.o
LOAD usb_descriptors.o
LOAD usb_device.o
LOAD usb_function_msd.o
LOAD usb_host.o
LOAD usb_host_msd.o
                0x00000001                __MPLAB_BUILD = 0x1
                0x00002000                _min_heap_size = 0x2000
LOAD C:/Program Files (x86)/Microchip/MPLAB C32/bin/../lib/gcc/pic32mx/3.4.4\libgcc.a
START GROUP
LOAD C:/Program Files (x86)/Microchip/MPLAB C32/bin/../lib/gcc/pic32mx/3.4.4/../../../../pic32mx/lib\libc.a
LOAD C:/Program Files (x86)/Microchip/MPLAB C32/bin/../lib/gcc/pic32mx/3.4.4/../../../../pic32mx/lib\libm.a
LOAD C:/Program Files (x86)/Microchip/MPLAB C32/bin/../lib/gcc/pic32mx/3.4.4/../../../../pic32mx/lib\libe.a
LOAD C:/Program Files (x86)/Microchip/MPLAB C32/bin/../lib/gcc/pic32mx/3.4.4/../../../../pic32mx/lib\libdsp.a
LOAD C:/Program Files (x86)/Microchip/MPLAB C32/bin/../lib/gcc/pic32mx/3.4.4/../../../../pic32mx/lib\libmchp_peripheral.a
LOAD C:/Program Files (x86)/Microchip/MPLAB C32/bin/../lib/gcc/pic32mx/3.4.4/../../../../pic32mx/lib\libmchp_peripheral_32MX440F512H.a
END GROUP
LOAD C:/Program Files (x86)/Microchip/MPLAB C32/bin/../lib/gcc/pic32mx/3.4.4\libgcc.a
                0x00000400                PROVIDE (_min_stack_size, 0x400)
                0x00000000                PROVIDE (_min_heap_size, 0x0)
LOAD C:/Program Files (x86)/Microchip/MPLAB C32/bin/../lib/gcc/pic32mx/3.4.4/../../../../pic32mx/lib/./proc/32MX440F512H\processor.o
                0x00000001                PROVIDE (_vector_spacing, 0x1)
                0x9fc01000                _ebase_address = 0x9fc01000
                0xbfc00000                _RESET_ADDR = 0xbfc00000
                0xbfc00380                _BEV_EXCPT_ADDR = 0xbfc00380
                0xbfc00480                _DBG_EXCPT_ADDR = 0xbfc00480
                0xbfc02000                _DBG_CODE_ADDR = 0xbfc02000
                0x9fc01180                _GEN_EXCPT_ADDR = (_ebase_address + 0x180)

.config_BFC02FF0
 *(.config_BFC02FF0)

.config_BFC02FF4
                0xbfc02ff4        0x4
 *(.config_BFC02FF4)
 .config_BFC02FF4
                0xbfc02ff4        0x4 main.o

.config_BFC02FF8
                0xbfc02ff8        0x4
 *(.config_BFC02FF8)
 .config_BFC02FF8
                0xbfc02ff8        0x4 main.o

.config_BFC02FFC
                0xbfc02ffc        0x4
 *(.config_BFC02FFC)
 .config_BFC02FFC
                0xbfc02ffc        0x4 main.o

.reset          0xbfc00000       0x10
 *(.reset)
 .reset         0xbfc00000       0x10 C:/Program Files (x86)/Microchip/MPLAB C32/bin/../lib/gcc/pic32mx/3.4.4/../../../../pic32mx/lib/crt0.o
                0xbfc00000                _reset

.bev_excpt      0xbfc00380       0x10
 *(.bev_handler)
 .bev_handler   0xbfc00380       0x10 C:/Program Files (x86)/Microchip/MPLAB C32/bin/../lib/gcc/pic32mx/3.4.4/../../../../pic32mx/lib/crt0.o

.dbg_excpt      0xbfc00480        0x0
                0xbfc00480                . = (. + DEFINED (_DEBUGGER)?0x8:0x0)

.dbg_code       0xbfc02000        0x0
                0xbfc02000                . = (. + DEFINED (_DEBUGGER)?0xff0:0x0)

.app_excpt      0x9fc01180       0x10
 *(.gen_handler)
 .gen_handler   0x9fc01180       0x10 C:/Program Files (x86)/Microchip/MPLAB C32/bin/../lib/gcc/pic32mx/3.4.4/../../../../pic32mx/lib/crt0.o

.vector_0       0x9fc01200        0x0
 *(.vector_0)
                0x00000001                ASSERT (((_vector_spacing == 0x0) || (SIZEOF (.vector_0) <= (_vector_spacing << 0x5))), function at exception vector 0 too large)

.vector_1       0x9fc01220        0x0
 *(.vector_1)
                0x00000001                ASSERT (((_vector_spacing == 0x0) || (SIZEOF (.vector_1) <= (_vector_spacing << 0x5))), function at exception vector 1 too large)

.vector_2       0x9fc01240        0x0
 *(.vector_2)
                0x00000001                ASSERT (((_vector_spacing == 0x0) || (SIZEOF (.vector_2) <= (_vector_spacing << 0x5))), function at exception vector 2 too large)

.vector_3       0x9fc01260        0x0
 *(.vector_3)
                0x00000001                ASSERT (((_vector_spacing == 0x0) || (SIZEOF (.vector_3) <= (_vector_spacing << 0x5))), function at exception vector 3 too large)

.vector_4       0x9fc01280        0x0
 *(.vector_4)
                0x00000001                ASSERT (((_vector_spacing == 0x0) || (SIZEOF (.vector_4) <= (_vector_spacing << 0x5))), function at exception vector 4 too large)

.vector_5       0x9fc012a0        0x0
 *(.vector_5)
                0x00000001                ASSERT (((_vector_spacing == 0x0) || (SIZEOF (.vector_5) <= (_vector_spacing << 0x5))), function at exception vector 5 too large)

.vector_6       0x9fc012c0        0x0
 *(.vector_6)
                0x00000001                ASSERT (((_vector_spacing == 0x0) || (SIZEOF (.vector_6) <= (_vector_spacing << 0x5))), function at exception vector 6 too large)

.vector_7       0x9fc012e0        0x0
 *(.vector_7)
                0x00000001                ASSERT (((_vector_spacing == 0x0) || (SIZEOF (.vector_7) <= (_vector_spacing << 0x5))), function at exception vector 7 too large)

.vector_8       0x9fc01300        0x0
 *(.vector_8)
                0x00000001                ASSERT (((_vector_spacing == 0x0) || (SIZEOF (.vector_8) <= (_vector_spacing << 0x5))), function at exception vector 8 too large)

.vector_9       0x9fc01320        0x0
 *(.vector_9)
                0x00000001                ASSERT (((_vector_spacing == 0x0) || (SIZEOF (.vector_9) <= (_vector_spacing << 0x5))), function at exception vector 9 too large)

.vector_10      0x9fc01340        0x0
 *(.vector_10)
                0x00000001                ASSERT (((_vector_spacing == 0x0) || (SIZEOF (.vector_10) <= (_vector_spacing << 0x5))), function at exception vector 10 too large)

.vector_11      0x9fc01360        0x0
 *(.vector_11)
                0x00000001                ASSERT (((_vector_spacing == 0x0) || (SIZEOF (.vector_11) <= (_vector_spacing << 0x5))), function at exception vector 11 too large)

.vector_12      0x9fc01380        0x0
 *(.vector_12)
                0x00000001                ASSERT (((_vector_spacing == 0x0) || (SIZEOF (.vector_12) <= (_vector_spacing << 0x5))), function at exception vector 12 too large)

.vector_13      0x9fc013a0        0x0
 *(.vector_13)
                0x00000001                ASSERT (((_vector_spacing == 0x0) || (SIZEOF (.vector_13) <= (_vector_spacing << 0x5))), function at exception vector 13 too large)

.vector_14      0x9fc013c0        0x0
 *(.vector_14)
                0x00000001                ASSERT (((_vector_spacing == 0x0) || (SIZEOF (.vector_14) <= (_vector_spacing << 0x5))), function at exception vector 14 too large)

.vector_15      0x9fc013e0        0x0
 *(.vector_15)
                0x00000001                ASSERT (((_vector_spacing == 0x0) || (SIZEOF (.vector_15) <= (_vector_spacing << 0x5))), function at exception vector 15 too large)

.vector_16      0x9fc01400        0x8
 *(.vector_16)
 .vector_16     0x9fc01400        0x8 main.o
                0x00000001                ASSERT (((_vector_spacing == 0x0) || (SIZEOF (.vector_16) <= (_vector_spacing << 0x5))), function at exception vector 16 too large)

.vector_17      0x9fc01420        0x0
 *(.vector_17)
                0x00000001                ASSERT (((_vector_spacing == 0x0) || (SIZEOF (.vector_17) <= (_vector_spacing << 0x5))), function at exception vector 17 too large)

.vector_18      0x9fc01440        0x0
 *(.vector_18)
                0x00000001                ASSERT (((_vector_spacing == 0x0) || (SIZEOF (.vector_18) <= (_vector_spacing << 0x5))), function at exception vector 18 too large)

.vector_19      0x9fc01460        0x0
 *(.vector_19)
                0x00000001                ASSERT (((_vector_spacing == 0x0) || (SIZEOF (.vector_19) <= (_vector_spacing << 0x5))), function at exception vector 19 too large)

.vector_20      0x9fc01480        0x0
 *(.vector_20)
                0x00000001                ASSERT (((_vector_spacing == 0x0) || (SIZEOF (.vector_20) <= (_vector_spacing << 0x5))), function at exception vector 20 too large)

.vector_21      0x9fc014a0        0x0
 *(.vector_21)
                0x00000001                ASSERT (((_vector_spacing == 0x0) || (SIZEOF (.vector_21) <= (_vector_spacing << 0x5))), function at exception vector 21 too large)

.vector_22      0x9fc014c0        0x0
 *(.vector_22)
                0x00000001                ASSERT (((_vector_spacing == 0x0) || (SIZEOF (.vector_22) <= (_vector_spacing << 0x5))), function at exception vector 22 too large)

.vector_23      0x9fc014e0        0x0
 *(.vector_23)
                0x00000001                ASSERT (((_vector_spacing == 0x0) || (SIZEOF (.vector_23) <= (_vector_spacing << 0x5))), function at exception vector 23 too large)

.vector_24      0x9fc01500        0x0
 *(.vector_24)
                0x00000001                ASSERT (((_vector_spacing == 0x0) || (SIZEOF (.vector_24) <= (_vector_spacing << 0x5))), function at exception vector 24 too large)

.vector_25      0x9fc01520        0x0
 *(.vector_25)
                0x00000001                ASSERT (((_vector_spacing == 0x0) || (SIZEOF (.vector_25) <= (_vector_spacing << 0x5))), function at exception vector 25 too large)

.vector_26      0x9fc01540        0x0
 *(.vector_26)
                0x00000001                ASSERT (((_vector_spacing == 0x0) || (SIZEOF (.vector_26) <= (_vector_spacing << 0x5))), function at exception vector 26 too large)

.vector_27      0x9fc01560        0x0
 *(.vector_27)
                0x00000001                ASSERT (((_vector_spacing == 0x0) || (SIZEOF (.vector_27) <= (_vector_spacing << 0x5))), function at exception vector 27 too large)

.vector_28      0x9fc01580        0x0
 *(.vector_28)
                0x00000001                ASSERT (((_vector_spacing == 0x0) || (SIZEOF (.vector_28) <= (_vector_spacing << 0x5))), function at exception vector 28 too large)

.vector_29      0x9fc015a0        0x0
 *(.vector_29)
                0x00000001                ASSERT (((_vector_spacing == 0x0) || (SIZEOF (.vector_29) <= (_vector_spacing << 0x5))), function at exception vector 29 too large)

.vector_30      0x9fc015c0        0x0
 *(.vector_30)
                0x00000001                ASSERT (((_vector_spacing == 0x0) || (SIZEOF (.vector_30) <= (_vector_spacing << 0x5))), function at exception vector 30 too large)

.vector_31      0x9fc015e0        0x0
 *(.vector_31)
                0x00000001                ASSERT (((_vector_spacing == 0x0) || (SIZEOF (.vector_31) <= (_vector_spacing << 0x5))), function at exception vector 31 too large)

.vector_32      0x9fc01600        0x0
 *(.vector_32)
                0x00000001                ASSERT (((_vector_spacing == 0x0) || (SIZEOF (.vector_32) <= (_vector_spacing << 0x5))), function at exception vector 32 too large)

.vector_33      0x9fc01620        0x0
 *(.vector_33)
                0x00000001                ASSERT (((_vector_spacing == 0x0) || (SIZEOF (.vector_33) <= (_vector_spacing << 0x5))), function at exception vector 33 too large)

.vector_34      0x9fc01640        0x0
 *(.vector_34)
                0x00000001                ASSERT (((_vector_spacing == 0x0) || (SIZEOF (.vector_34) <= (_vector_spacing << 0x5))), function at exception vector 34 too large)

.vector_35      0x9fc01660        0x0
 *(.vector_35)
                0x00000001                ASSERT (((_vector_spacing == 0x0) || (SIZEOF (.vector_35) <= (_vector_spacing << 0x5))), function at exception vector 35 too large)

.vector_36      0x9fc01680        0x0
 *(.vector_36)
                0x00000001                ASSERT (((_vector_spacing == 0x0) || (SIZEOF (.vector_36) <= (_vector_spacing << 0x5))), function at exception vector 36 too large)

.vector_37      0x9fc016a0        0x0
 *(.vector_37)
                0x00000001                ASSERT (((_vector_spacing == 0x0) || (SIZEOF (.vector_37) <= (_vector_spacing << 0x5))), function at exception vector 37 too large)

.vector_38      0x9fc016c0        0x0
 *(.vector_38)
                0x00000001                ASSERT (((_vector_spacing == 0x0) || (SIZEOF (.vector_38) <= (_vector_spacing << 0x5))), function at exception vector 38 too large)

.vector_39      0x9fc016e0        0x0
 *(.vector_39)
                0x00000001                ASSERT (((_vector_spacing == 0x0) || (SIZEOF (.vector_39) <= (_vector_spacing << 0x5))), function at exception vector 39 too large)

.vector_40      0x9fc01700        0x0
 *(.vector_40)
                0x00000001                ASSERT (((_vector_spacing == 0x0) || (SIZEOF (.vector_40) <= (_vector_spacing << 0x5))), function at exception vector 40 too large)

.vector_41      0x9fc01720        0x0
 *(.vector_41)
                0x00000001                ASSERT (((_vector_spacing == 0x0) || (SIZEOF (.vector_41) <= (_vector_spacing << 0x5))), function at exception vector 41 too large)

.vector_42      0x9fc01740        0x0
 *(.vector_42)
                0x00000001                ASSERT (((_vector_spacing == 0x0) || (SIZEOF (.vector_42) <= (_vector_spacing << 0x5))), function at exception vector 42 too large)

.vector_43      0x9fc01760        0x0
 *(.vector_43)
                0x00000001                ASSERT (((_vector_spacing == 0x0) || (SIZEOF (.vector_43) <= (_vector_spacing << 0x5))), function at exception vector 43 too large)

.vector_44      0x9fc01780        0x0
 *(.vector_44)
                0x00000001                ASSERT (((_vector_spacing == 0x0) || (SIZEOF (.vector_44) <= (_vector_spacing << 0x5))), function at exception vector 44 too large)

.vector_45      0x9fc017a0        0x8
 *(.vector_45)
 .vector_45     0x9fc017a0        0x8 main.o
                0x00000001                ASSERT (((_vector_spacing == 0x0) || (SIZEOF (.vector_45) <= (_vector_spacing << 0x5))), function at exception vector 45 too large)

.vector_46      0x9fc017c0        0x0
 *(.vector_46)
                0x00000001                ASSERT (((_vector_spacing == 0x0) || (SIZEOF (.vector_46) <= (_vector_spacing << 0x5))), function at exception vector 46 too large)

.vector_47      0x9fc017e0        0x0
 *(.vector_47)
                0x00000001                ASSERT (((_vector_spacing == 0x0) || (SIZEOF (.vector_47) <= (_vector_spacing << 0x5))), function at exception vector 47 too large)

.vector_48      0x9fc01800        0x0
 *(.vector_48)
                0x00000001                ASSERT (((_vector_spacing == 0x0) || (SIZEOF (.vector_48) <= (_vector_spacing << 0x5))), function at exception vector 48 too large)

.vector_49      0x9fc01820        0x0
 *(.vector_49)
                0x00000001                ASSERT (((_vector_spacing == 0x0) || (SIZEOF (.vector_49) <= (_vector_spacing << 0x5))), function at exception vector 49 too large)

.vector_50      0x9fc01840        0x0
 *(.vector_50)
                0x00000001                ASSERT (((_vector_spacing == 0x0) || (SIZEOF (.vector_50) <= (_vector_spacing << 0x5))), function at exception vector 50 too large)

.vector_51      0x9fc01860        0x0
 *(.vector_51)
                0x00000001                ASSERT (((_vector_spacing == 0x0) || (SIZEOF (.vector_51) <= (_vector_spacing << 0x5))), function at exception vector 51 too large)

.vector_52      0x9fc01880        0x0
 *(.vector_52)
                0x00000001                ASSERT (((_vector_spacing == 0x0) || (SIZEOF (.vector_52) <= (_vector_spacing << 0x5))), function at exception vector 52 too large)

.vector_53      0x9fc018a0        0x0
 *(.vector_53)
                0x00000001                ASSERT (((_vector_spacing == 0x0) || (SIZEOF (.vector_53) <= (_vector_spacing << 0x5))), function at exception vector 53 too large)

.vector_54      0x9fc018c0        0x0
 *(.vector_54)
                0x00000001                ASSERT (((_vector_spacing == 0x0) || (SIZEOF (.vector_54) <= (_vector_spacing << 0x5))), function at exception vector 54 too large)

.vector_55      0x9fc018e0        0x0
 *(.vector_55)
                0x00000001                ASSERT (((_vector_spacing == 0x0) || (SIZEOF (.vector_55) <= (_vector_spacing << 0x5))), function at exception vector 55 too large)

.vector_56      0x9fc01900        0x0
 *(.vector_56)
                0x00000001                ASSERT (((_vector_spacing == 0x0) || (SIZEOF (.vector_56) <= (_vector_spacing << 0x5))), function at exception vector 56 too large)

.vector_57      0x9fc01920        0x0
 *(.vector_57)
                0x00000001                ASSERT (((_vector_spacing == 0x0) || (SIZEOF (.vector_57) <= (_vector_spacing << 0x5))), function at exception vector 57 too large)

.vector_58      0x9fc01940        0x0
 *(.vector_58)
                0x00000001                ASSERT (((_vector_spacing == 0x0) || (SIZEOF (.vector_58) <= (_vector_spacing << 0x5))), function at exception vector 58 too large)

.vector_59      0x9fc01960        0x0
 *(.vector_59)
                0x00000001                ASSERT (((_vector_spacing == 0x0) || (SIZEOF (.vector_59) <= (_vector_spacing << 0x5))), function at exception vector 59 too large)

.vector_60      0x9fc01980        0x0
 *(.vector_60)
                0x00000001                ASSERT (((_vector_spacing == 0x0) || (SIZEOF (.vector_60) <= (_vector_spacing << 0x5))), function at exception vector 60 too large)

.vector_61      0x9fc019a0        0x0
 *(.vector_61)
                0x00000001                ASSERT (((_vector_spacing == 0x0) || (SIZEOF (.vector_61) <= (_vector_spacing << 0x5))), function at exception vector 61 too large)

.vector_62      0x9fc019c0        0x0
 *(.vector_62)
                0x00000001                ASSERT (((_vector_spacing == 0x0) || (SIZEOF (.vector_62) <= (_vector_spacing << 0x5))), function at exception vector 62 too large)

.vector_63      0x9fc019e0        0x0
 *(.vector_63)
                0x00000001                ASSERT (((_vector_spacing == 0x0) || (SIZEOF (.vector_63) <= (_vector_spacing << 0x5))), function at exception vector 63 too large)

.startup        0x9fc00490      0x1e0
 *(.startup)
 .startup       0x9fc00490      0x1e0 C:/Program Files (x86)/Microchip/MPLAB C32/bin/../lib/gcc/pic32mx/3.4.4/../../../../pic32mx/lib/crt0.o

.text           0x9d000000    0x24950
                0x9d000000                _text_begin = .
 *(.text .stub .text.* .gnu.linkonce.t.*)
 .text          0x9d000000       0x18 C:/Program Files (x86)/Microchip/MPLAB C32/bin/../lib/gcc/pic32mx/3.4.4/../../../../pic32mx/lib/crt0.o
 .text          0x9d000018      0x790 usb_host_msd_scsi.o
                0x9d000408                USBHostMSDSCSIMediaReset
                0x9d000784                USBHostMSDSCSIWriteProtectState
                0x9d000018                USBHostMSDSCSIInitialize
                0x9d0004dc                USBHostMSDSCSISectorRead
                0x9d000618                USBHostMSDSCSISectorWrite
                0x9d000180                USBHostMSDSCSIMediaDetect
                0x9d000070                USBHostMSDSCSIEventHandler
                0x9d0001e0                USBHostMSDSCSIMediaInitialize
 .text          0x9d0007a8      0x884 1602D.o
                0x9d000a64                InitByInstru
                0x9d0007a8                DelayMs
                0x9d000810                Delay300Ns
                0x9d000d68                ReadData
                0x9d000bfc                WriteData
                0x9d0009a0                WriteAdress
                0x9d000b44                WriteCommand
                0x9d000e90                ReadStr
                0x9d000870                LightLCD
                0x9d000e14                WriteStr
                0x9d000908                InitLCDPins
                0x9d000f0c                LCD_check_busy
                0x9d000f58                Set_Line_Information
                0x9d000cb8                ReadCommand
 .text          0x9d00102c      0x238 Button.o
                0x9d00102c                ButtonInit
                0x9d00115c                ButtonsMsg
                0x9d001088                ReadButton
 .text          0x9d001264     0x9800 FSIO.o
                0x9d0066a8                ValidateChars
                0x9d004f80                FSftell
                0x9d005174                FSrewind
                0x9d004fb0                FSremove
                0x9d0051e0                FSerror
                0x9d002f84                FindEmptyEntries
                0x9d002eac                CreateFirstCluster
                0x9d0095e4                FSrmdir
                0x9d0036cc                FILEallocate_new_cluster
                0x9d005550                ReadByte
                0x9d007804                chdirhelper
                0x9d008738                GetPreviousEntry
                0x9d0031f0                PopulateEntries
                0x9d0033dc                CacheTime
                0x9d005e64                FSfeof
                0x9d002630                GetFullClusterNumber
                0x9d005290                FILECreateHeadCluster
                0x9d005ea4                FSfread
                0x9d0057b0                FSattrib
                0x9d0077c4                FSchdir
                0x9d00540c                EraseCluster
                0x9d00a0f8                eraseDir
                0x9d00a6ac                FindNext
                0x9d0069e4                FSfseek
                0x9d006d9c                ReadFAT
                0x9d0093ac                writeDotEntries
                0x9d003f3c                Fill_File_Object
                0x9d003d3c                FSfclose
                0x9d005608                ReadDWord
                0x9d0048b0                FSfopen
                0x9d00569c                Cluster2Sector
                0x9d007228                WriteFAT
                0x9d005204                FileObjectCopy
                0x9d004224                LoadDirAttrib
                0x9d004358                FILEerase
                0x9d001a74                FILEget_next_cluster
                0x9d0029f0                Cache_File_Entry
                0x9d00382c                FATfindEmptyCluster
                0x9d009138                CreateDIR
                0x9d007fb0                FSgetcwd
                0x9d001be8                DISKmount
                0x9d002da8                CreateFileEntry
                0x9d002688                Write_File_Entry
                0x9d004508                FSrename
                0x9d00211c                LoadBootSector
                0x9d0017e0                FILEopen
                0x9d0013b0                FILEfind
                0x9d0061f0                FormatFileName
                0x9d00a270                FindFirst
                0x9d003a00                FSGetDiskProperties
                0x9d009634                rmdirhelper
                0x9d005db4                flushData
                0x9d00558c                ReadWord
                0x9d005908                FSfwrite
                0x9d006468                FormatDirName
                0x9d008a40                FSmkdir
                0x9d001d04                LoadMBR
                0x9d0027d4                FAT_erase_cluster_chain
                0x9d008a80                mkdirhelper
                0x9d001264                FSInit
 .text          0x9d00aa64      0x384 Internal Flash.o
                0x9d00adc4                MDD_IntFlash_WriteProtectState
                0x9d00aad0                MDD_IntFlash_InitIO
                0x9d00aa64                MDD_IntFlash_MediaDetect
                0x9d00ab78                MDD_IntFlash_SectorWrite
                0x9d00aa88                MDD_IntFlash_ReadSectorSize
                0x9d00ab1c                MDD_IntFlash_SectorRead
                0x9d00aaf4                MDD_IntFlash_MediaInitialize
                0x9d00aaac                MDD_IntFlash_ReadCapacity
                0x9d00ad74                EraseBlock
 .text          0x9d00ade8       0xb0 LED.o
                0x9d00ade8                LEDInit
 .text          0x9d00ae98     0x5a7c main.o
                0x9d00ff30                USBCB_SOF_Handler
                0x9d00fef0                USBCBSuspend
                0x9d00fdbc                _T4Interrupt
                0x9d00d6d8                GetCommand
                0x9d00bea4                TickInit
                0x9d00d5ec                InitializeSPISDCard
                0x9d010208                SDCardReaderShutdown
                0x9d010410                _USB1Interrupt
                0x9d00fc74                InitializeUSBMiniA
                0x9d00bf40                USBSDTOUARTFunction
                0x9d00ec1c                showStorageInformation
                0x9d00fd4c                InitializeUSBMiniB
                0x9d00d5a0                USBTOUARTShutdown
                0x9d010000                USBCBSendResume
                0x9d00fbb8                USB_ApplicationEventHandler
                0x9d00dc74                GetOneWord
                0x9d00d60c                SDTOUARTShutdown
                0x9d00ff10                USBCBWakeFromSuspend
                0x9d00ff70                USBCBCheckOtherReq
                0x9d00f274                MonitorUser
                0x9d00e8a4                MonitorMedia
                0x9d00e7cc                InitializeCommand
                0x9d0101d8                InitializeSDCardReader
                0x9d00dd88                GetUserDate
                0x9d00e2e4                GetUserTime
                0x9d00ae98                main
                0x9d00b384                DisplayLCD
                0x9d00fd0c                CloseUSBMiniA
                0x9d00d644                EraseCommandLine
                0x9d00ff50                USBCBErrorHandler
                0x9d01029c                SDCardReaderInternalFlashFunction
                0x9d00f798                PrintFileInformation
                0x9d00f9e0                ReplaceCommandLine
                0x9d00f8f4                RedoCommandPrompt
                0x9d00fe94                ProcessIO
                0x9d0106f8                RTCCProcessEvents
                0x9d00fadc                WriteOneBuffer
                0x9d01006c                USER_USB_CALLBACK_EVENT_HANDLER
                0x9d00ffc0                USBCBInitEP
                0x9d00ffa0                USBCBStdSetDscHandler
                0x9d010564                InitializeClock
 .text          0x9d010914     0x1140 SD-SPI.o
                0x9d0109a0                MDD_SDSPI_InitIO
                0x9d01097c                MDD_SDSPI_ReadCapacity
                0x9d011438                WriteSPIM
                0x9d01159c                MDD_SDSPI_MediaInitialize
                0x9d011198                MDD_SDSPI_SectorWrite
                0x9d01135c                MDD_SDSPI_WriteProtectState
                0x9d0114a0                MDD_SDSPI_ReadMedia
                0x9d010914                MDD_SDSPI_MediaDetect
                0x9d011404                CloseSPIM
                0x9d01138c                Delayms
                0x9d010958                MDD_SDSPI_ReadSectorSize
                0x9d0114fc                OpenSPIM
                0x9d010e14                MDD_SDSPI_SectorRead
                0x9d010a04                MDD_SDSPI_ShutdownMedia
                0x9d010a48                SendMMCCmd
 .text          0x9d011a54      0xd8c uart2.o
                0x9d01239c                UART2PutHexWord
                0x9d012728                UART2Hex2Char
                0x9d011ab4                UART2Init
                0x9d0121b4                UART2PutDec
                0x9d012484                UART2PutHexDWord
                0x9d012044                UART2Close
                0x9d0120ac                UART2IsPressed
                0x9d011a54                UART2GetChar
                0x9d01230c                UART2PutHex
                0x9d012798                UART2ClrError
                0x9d01262c                UART2Char2Hex
                0x9d012164                UART2PutChar
                0x9d0120fc                UART2PrintString
 .text          0x9d0127e0     0x2474 usb_device.o
                0x9d014b60                USBDeviceDetach
                0x9d013fb8                USBCtrlTrfTxService
                0x9d014b80                USBDeviceAttach
                0x9d014b20                USBClearInterruptFlag
                0x9d012990                USB_Device_Interrupt
                0x9d012dec                USBSuspend
                0x9d012eb0                USBCtrlEPService
                0x9d013010                USBCtrlTrfSetupHandler
                0x9d012d14                USBStallHandler
                0x9d0141d8                USBCtrlTrfRxService
                0x9d0148fc                USBTransferOnePacket
                0x9d014720                USBStallEndpoint
                0x9d0137cc                USBStdGetDscHandler
                0x9d01467c                USBEnableEndpoint
                0x9d013184                USBCtrlTrfInHandler
                0x9d012e4c                USBWakeFromSuspend
                0x9d013b40                USBCtrlEPServiceComplete
                0x9d0130b0                USBCtrlTrfOutHandler
                0x9d0144f8                USBStdSetCfgHandler
                0x9d0127e0                USBDeviceInit
                0x9d0145a0                USBConfigureEndpoint
                0x9d0139a4                USBStdGetStatusHandler
                0x9d0133e0                USBCheckStdRequest
                0x9d01357c                USBStdFeatureReqHandler
                0x9d013304                USBPrepareForNextSetupTrf
 .text          0x9d014c54     0x1658 usb_function_msd.o
                0x9d014c54                USBMSDInit
                0x9d015a28                MSDProcessCommand
                0x9d01616c                ResetSenseData
                0x9d015208                MSDProcessCommandMediaPresent
                0x9d014d70                USBCheckMSDRequest
                0x9d015e58                MSDWriteHandler
                0x9d015b9c                MSDReadHandler
                0x9d014e2c                MSDTasks
                0x9d015798                MSDProcessCommandMediaAbsent
 .text          0x9d0162ac     0x548c usb_host.o
                0x9d016944                USBHostResumeDevice
                0x9d01ac88                USB_Master_Interrupt
                0x9d01a00c                _USB_ParseConfigurationDescriptor
                0x9d016570                USBHostDeviceStatus
                0x9d019924                _USB_FreeConfigMemory
                0x9d016380                USBHostDeviceRequest
                0x9d0169cc                USBHostSetDeviceConfiguration
                0x9d018fec                _USB_FindNextToken
                0x9d019ef4                _USB_NotifyClients
                0x9d018678                USBHostTerminateTransfer
                0x9d0168c4                USBHostResetDevice
                0x9d0199e0                _USB_FreeMemory
                0x9d0162ac                USBHostClearEndpointErrors
                0x9d016648                USBHostInit
                0x9d01a79c                _USB_ResetDATA0
                0x9d016bcc                USBHostTasks
                0x9d01a92c                _USB_SetBDT
                0x9d016a94                USBHostShutdown
                0x9d01a828                _USB_SendToken
                0x9d018f68                _USB_FindInterface
                0x9d0188b8                USBHostVbusEvent
                0x9d018978                USBHostWrite
                0x9d01ac0c                _USB_TransferInProgress
                0x9d018730                USBHostTransferIsComplete
                0x9d019b98                _USB_InitControlWrite
                0x9d019a8c                _USB_InitControlRead
                0x9d016b34                USBHostSuspendDevice
                0x9d019cc4                _USB_InitRead
                0x9d018b38                _USB_CheckCommandAndEnumerationAttempts
                0x9d018d20                _USB_FindDeviceLevelClientDriver
                0x9d016704                USBHostRead
                0x9d018bf0                _USB_FindClassDriver
                0x9d019ddc                _USB_InitWrite
 .text          0x9d01b738     0x27d4 usb_host_msd.o
                0x9d01d1d8                USBHostMSDTerminateTransfer
                0x9d01dd54                _USBHostMSD_GetNextTag
                0x9d01d72c                USBHostMSDTransferIsComplete
                0x9d01d8e8                USBHostMSDInitialize
                0x9d01b738                USBHostMSDDeviceStatus
                0x9d01dd8c                _USBHostMSD_ResetStateJump
                0x9d01dbf4                USBHostMSDEventHandler
                0x9d01d32c                USBHostMSDTransfer
                0x9d01b938                USBHostMSDResetDevice
                0x9d01bac4                USBHostMSDTasks
 .text          0x9d01df0c      0x168 C:/Program Files (x86)/Microchip/MPLAB C32/bin/../lib/gcc/pic32mx/3.4.4/../../../../pic32mx/lib\libc.a(memcpy.o)
                0x9d01df0c                memcpy
 .text          0x9d01e074       0xa8 C:/Program Files (x86)/Microchip/MPLAB C32/bin/../lib/gcc/pic32mx/3.4.4/../../../../pic32mx/lib\libc.a(memset.o)
                0x9d01e074                memset
 .text          0x9d01e11c      0x120 C:/Program Files (x86)/Microchip/MPLAB C32/bin/../lib/gcc/pic32mx/3.4.4/../../../../pic32mx/lib\libc.a(strcmp.o)
                0x9d01e11c                strcmp
 .text          0x9d01e23c      0x1a0 C:/Program Files (x86)/Microchip/MPLAB C32/bin/../lib/gcc/pic32mx/3.4.4/../../../../pic32mx/lib\libc.a(strcpy.o)
                0x9d01e23c                strcpy
 .text          0x9d01e3dc      0x168 C:/Program Files (x86)/Microchip/MPLAB C32/bin/../lib/gcc/pic32mx/3.4.4/../../../../pic32mx/lib\libc.a(strlen.o)
                0x9d01e3dc                strlen
 .text.general_exception
                0x9d01e544       0xd0 C:/Program Files (x86)/Microchip/MPLAB C32/bin/../lib/gcc/pic32mx/3.4.4/../../../../pic32mx/lib\libc.a(general-exception.o)
                0x9d01e544                _general_exception_context
 .text.strcat   0x9d01e614       0x9c C:/Program Files (x86)/Microchip/MPLAB C32/bin/../lib/gcc/pic32mx/3.4.4/../../../../pic32mx/lib\libc.a(strcat.o)
                0x9d01e614                strcat
 .text.strncmp  0x9d01e6b0       0xd8 C:/Program Files (x86)/Microchip/MPLAB C32/bin/../lib/gcc/pic32mx/3.4.4/../../../../pic32mx/lib\libc.a(strncmp.o)
                0x9d01e6b0                strncmp
 .text.strncpy  0x9d01e788       0xd0 C:/Program Files (x86)/Microchip/MPLAB C32/bin/../lib/gcc/pic32mx/3.4.4/../../../../pic32mx/lib\libc.a(strncpy.o)
                0x9d01e788                strncpy
 .text.strchr   0x9d01e858       0x90 C:/Program Files (x86)/Microchip/MPLAB C32/bin/../lib/gcc/pic32mx/3.4.4/../../../../pic32mx/lib\libc.a(strchr.o)
                0x9d01e858                strchr
 .text.exit     0x9d01e8e8       0x9c C:/Program Files (x86)/Microchip/MPLAB C32/bin/../lib/gcc/pic32mx/3.4.4/../../../../pic32mx/lib\libc.a(exit.o)
                0x9d01e8e8                exit
 .text.tolower  0x9d01e984       0x20 C:/Program Files (x86)/Microchip/MPLAB C32/bin/../lib/gcc/pic32mx/3.4.4/../../../../pic32mx/lib\libc.a(ctypef.o)
                0x9d01e984                tolower
 .text.toupper  0x9d01e9a4       0x20 C:/Program Files (x86)/Microchip/MPLAB C32/bin/../lib/gcc/pic32mx/3.4.4/../../../../pic32mx/lib\libc.a(ctypef.o)
                0x9d01e9a4                toupper
 .text.isalnum  0x9d01e9c4       0x18 C:/Program Files (x86)/Microchip/MPLAB C32/bin/../lib/gcc/pic32mx/3.4.4/../../../../pic32mx/lib\libc.a(ctypef.o)
                0x9d01e9c4                isalnum
 .text.isalpha  0x9d01e9dc       0x18 C:/Program Files (x86)/Microchip/MPLAB C32/bin/../lib/gcc/pic32mx/3.4.4/../../../../pic32mx/lib\libc.a(ctypef.o)
                0x9d01e9dc                isalpha
 .text.isascii  0x9d01e9f4        0x8 C:/Program Files (x86)/Microchip/MPLAB C32/bin/../lib/gcc/pic32mx/3.4.4/../../../../pic32mx/lib\libc.a(ctypef.o)
                0x9d01e9f4                isascii
 .text.iscntrl  0x9d01e9fc       0x18 C:/Program Files (x86)/Microchip/MPLAB C32/bin/../lib/gcc/pic32mx/3.4.4/../../../../pic32mx/lib\libc.a(ctypef.o)
                0x9d01e9fc                iscntrl
 .text.isdigit  0x9d01ea14       0x18 C:/Program Files (x86)/Microchip/MPLAB C32/bin/../lib/gcc/pic32mx/3.4.4/../../../../pic32mx/lib\libc.a(ctypef.o)
                0x9d01ea14                isdigit
 .text.isgraph  0x9d01ea2c       0x18 C:/Program Files (x86)/Microchip/MPLAB C32/bin/../lib/gcc/pic32mx/3.4.4/../../../../pic32mx/lib\libc.a(ctypef.o)
                0x9d01ea2c                isgraph
 .text.islower  0x9d01ea44       0x18 C:/Program Files (x86)/Microchip/MPLAB C32/bin/../lib/gcc/pic32mx/3.4.4/../../../../pic32mx/lib\libc.a(ctypef.o)
                0x9d01ea44                islower
 .text.isprint  0x9d01ea5c       0x18 C:/Program Files (x86)/Microchip/MPLAB C32/bin/../lib/gcc/pic32mx/3.4.4/../../../../pic32mx/lib\libc.a(ctypef.o)
                0x9d01ea5c                isprint
 .text.ispunct  0x9d01ea74       0x18 C:/Program Files (x86)/Microchip/MPLAB C32/bin/../lib/gcc/pic32mx/3.4.4/../../../../pic32mx/lib\libc.a(ctypef.o)
                0x9d01ea74                ispunct
 .text.isspace  0x9d01ea8c       0x18 C:/Program Files (x86)/Microchip/MPLAB C32/bin/../lib/gcc/pic32mx/3.4.4/../../../../pic32mx/lib\libc.a(ctypef.o)
                0x9d01ea8c                isspace
 .text.isupper  0x9d01eaa4       0x18 C:/Program Files (x86)/Microchip/MPLAB C32/bin/../lib/gcc/pic32mx/3.4.4/../../../../pic32mx/lib\libc.a(ctypef.o)
                0x9d01eaa4                isupper
 .text.isxdigit
                0x9d01eabc       0x18 C:/Program Files (x86)/Microchip/MPLAB C32/bin/../lib/gcc/pic32mx/3.4.4/../../../../pic32mx/lib\libc.a(ctypef.o)
                0x9d01eabc                isxdigit
 .text.toascii  0x9d01ead4        0x8 C:/Program Files (x86)/Microchip/MPLAB C32/bin/../lib/gcc/pic32mx/3.4.4/../../../../pic32mx/lib\libc.a(ctypef.o)
                0x9d01ead4                toascii
 .text._tolower
                0x9d01eadc        0x8 C:/Program Files (x86)/Microchip/MPLAB C32/bin/../lib/gcc/pic32mx/3.4.4/../../../../pic32mx/lib\libc.a(ctypef.o)
                0x9d01eadc                _tolower
 .text._toupper
                0x9d01eae4        0x8 C:/Program Files (x86)/Microchip/MPLAB C32/bin/../lib/gcc/pic32mx/3.4.4/../../../../pic32mx/lib\libc.a(ctypef.o)
                0x9d01eae4                _toupper
 .text.malloc_trim
                0x9d01eaec      0x110 C:/Program Files (x86)/Microchip/MPLAB C32/bin/../lib/gcc/pic32mx/3.4.4/../../../../pic32mx/lib\libc.a(malloc.o)
                0x9d01eaec                malloc_trim
 .text.free     0x9d01ebfc      0x254 C:/Program Files (x86)/Microchip/MPLAB C32/bin/../lib/gcc/pic32mx/3.4.4/../../../../pic32mx/lib\libc.a(malloc.o)
                0x9d01ebfc                free
 .text.malloc   0x9d01ee50      0x754 C:/Program Files (x86)/Microchip/MPLAB C32/bin/../lib/gcc/pic32mx/3.4.4/../../../../pic32mx/lib\libc.a(malloc.o)
                0x9d01ee50                malloc
 .text.realloc  0x9d01f5a4      0x500 C:/Program Files (x86)/Microchip/MPLAB C32/bin/../lib/gcc/pic32mx/3.4.4/../../../../pic32mx/lib\libc.a(malloc.o)
                0x9d01f5a4                realloc
 .text.memalign
                0x9d01faa4      0x178 C:/Program Files (x86)/Microchip/MPLAB C32/bin/../lib/gcc/pic32mx/3.4.4/../../../../pic32mx/lib\libc.a(malloc.o)
                0x9d01faa4                memalign
 .text.valloc   0x9d01fc1c       0x30 C:/Program Files (x86)/Microchip/MPLAB C32/bin/../lib/gcc/pic32mx/3.4.4/../../../../pic32mx/lib\libc.a(malloc.o)
                0x9d01fc1c                valloc
 .text.pvalloc  0x9d01fc4c       0x3c C:/Program Files (x86)/Microchip/MPLAB C32/bin/../lib/gcc/pic32mx/3.4.4/../../../../pic32mx/lib\libc.a(malloc.o)
                0x9d01fc4c                pvalloc
 .text.calloc   0x9d01fc88       0xf4 C:/Program Files (x86)/Microchip/MPLAB C32/bin/../lib/gcc/pic32mx/3.4.4/../../../../pic32mx/lib\libc.a(malloc.o)
                0x9d01fc88                calloc
 .text.cfree    0x9d01fd7c       0x1c C:/Program Files (x86)/Microchip/MPLAB C32/bin/../lib/gcc/pic32mx/3.4.4/../../../../pic32mx/lib\libc.a(malloc.o)
                0x9d01fd7c                cfree
 .text.malloc_usable_size
                0x9d01fd98       0x58 C:/Program Files (x86)/Microchip/MPLAB C32/bin/../lib/gcc/pic32mx/3.4.4/../../../../pic32mx/lib\libc.a(malloc.o)
                0x9d01fd98                malloc_usable_size
 .text.malloc_update_mallinfo
                0x9d01fdf0       0x90 C:/Program Files (x86)/Microchip/MPLAB C32/bin/../lib/gcc/pic32mx/3.4.4/../../../../pic32mx/lib\libc.a(malloc.o)
 .text.malloc_stats
                0x9d01fe80       0x98 C:/Program Files (x86)/Microchip/MPLAB C32/bin/../lib/gcc/pic32mx/3.4.4/../../../../pic32mx/lib\libc.a(malloc.o)
                0x9d01fe80                malloc_stats
 .text.mallinfo
                0x9d01ff18       0x58 C:/Program Files (x86)/Microchip/MPLAB C32/bin/../lib/gcc/pic32mx/3.4.4/../../../../pic32mx/lib\libc.a(malloc.o)
                0x9d01ff18                mallinfo
 .text.mallopt  0x9d01ff70       0x60 C:/Program Files (x86)/Microchip/MPLAB C32/bin/../lib/gcc/pic32mx/3.4.4/../../../../pic32mx/lib\libc.a(malloc.o)
                0x9d01ff70                mallopt
 .text._filbuf_simple
                0x9d01ffd0       0x48 C:/Program Files (x86)/Microchip/MPLAB C32/bin/../lib/gcc/pic32mx/3.4.4/../../../../pic32mx/lib\libc.a(_iobfuncs.o)
                0x9d01ffd0                _filbuf_simple
 .text._fflush_simple
                0x9d020018       0x6c C:/Program Files (x86)/Microchip/MPLAB C32/bin/../lib/gcc/pic32mx/3.4.4/../../../../pic32mx/lib\libc.a(_iobfuncs.o)
                0x9d020018                _fflush_simple
 .text._flsbuf_simple
                0x9d020084       0xdc C:/Program Files (x86)/Microchip/MPLAB C32/bin/../lib/gcc/pic32mx/3.4.4/../../../../pic32mx/lib\libc.a(_iobfuncs.o)
                0x9d020084                _flsbuf_simple
 .text._fwrite_simple
                0x9d020160       0x84 C:/Program Files (x86)/Microchip/MPLAB C32/bin/../lib/gcc/pic32mx/3.4.4/../../../../pic32mx/lib\libc.a(_iobfuncs.o)
                0x9d020160                _fwrite_simple
 .text._fsync_simple
                0x9d0201e4       0x34 C:/Program Files (x86)/Microchip/MPLAB C32/bin/../lib/gcc/pic32mx/3.4.4/../../../../pic32mx/lib\libc.a(_iobfuncs.o)
                0x9d0201e4                _fsync_simple
 .text.fprintf  0x9d020218       0x24 C:/Program Files (x86)/Microchip/MPLAB C32/bin/../lib/gcc/pic32mx/3.4.4/../../../../pic32mx/lib\libc.a(printf.o)
                0x9d020218                fprintf
 .text.printf   0x9d02023c       0x3c C:/Program Files (x86)/Microchip/MPLAB C32/bin/../lib/gcc/pic32mx/3.4.4/../../../../pic32mx/lib\libc.a(printf.o)
                0x9d02023c                printf
 .text.__vsnprintf
                0x9d020278       0x60 C:/Program Files (x86)/Microchip/MPLAB C32/bin/../lib/gcc/pic32mx/3.4.4/../../../../pic32mx/lib\libc.a(sprintf.o)
                0x9d020278                __vsnprintf
 .text.vsprintf
                0x9d0202d8       0x2c C:/Program Files (x86)/Microchip/MPLAB C32/bin/../lib/gcc/pic32mx/3.4.4/../../../../pic32mx/lib\libc.a(sprintf.o)
                0x9d0202d8                vsprintf
 .text.sprintf  0x9d020304       0x34 C:/Program Files (x86)/Microchip/MPLAB C32/bin/../lib/gcc/pic32mx/3.4.4/../../../../pic32mx/lib\libc.a(sprintf.o)
                0x9d020304                sprintf
 .text._weak_pthread_mutex_init
                0x9d020338        0x8 C:/Program Files (x86)/Microchip/MPLAB C32/bin/../lib/gcc/pic32mx/3.4.4/../../../../pic32mx/lib\libc.a(stubs.o)
                0x9d020338                _weak_pthread_mutex_init
                0x9d020338                pthread_mutex_init
 .text._weak_pthread_mutex_destroy
                0x9d020340        0x8 C:/Program Files (x86)/Microchip/MPLAB C32/bin/../lib/gcc/pic32mx/3.4.4/../../../../pic32mx/lib\libc.a(stubs.o)
                0x9d020340                _weak_pthread_mutex_destroy
                0x9d020340                pthread_mutex_destroy
 .text._weak_pthread_mutex_lock
                0x9d020348        0x8 C:/Program Files (x86)/Microchip/MPLAB C32/bin/../lib/gcc/pic32mx/3.4.4/../../../../pic32mx/lib\libc.a(stubs.o)
                0x9d020348                _weak_pthread_mutex_lock
                0x9d020348                pthread_mutex_lock
 .text._weak_pthread_mutex_trylock
                0x9d020350        0x8 C:/Program Files (x86)/Microchip/MPLAB C32/bin/../lib/gcc/pic32mx/3.4.4/../../../../pic32mx/lib\libc.a(stubs.o)
                0x9d020350                _weak_pthread_mutex_trylock
                0x9d020350                pthread_mutex_trylock
 .text._weak_pthread_mutex_unlock
                0x9d020358        0x8 C:/Program Files (x86)/Microchip/MPLAB C32/bin/../lib/gcc/pic32mx/3.4.4/../../../../pic32mx/lib\libc.a(stubs.o)
                0x9d020358                _weak_pthread_mutex_unlock
                0x9d020358                pthread_mutex_unlock
 .text._weak_pthread_mutex_setname_np
                0x9d020360        0x8 C:/Program Files (x86)/Microchip/MPLAB C32/bin/../lib/gcc/pic32mx/3.4.4/../../../../pic32mx/lib\libc.a(stubs.o)
                0x9d020360                pthread_mutex_setname_np
                0x9d020360                _weak_pthread_mutex_setname_np
 .text._weak_pthread_mutexattr_init
                0x9d020368        0x8 C:/Program Files (x86)/Microchip/MPLAB C32/bin/../lib/gcc/pic32mx/3.4.4/../../../../pic32mx/lib\libc.a(stubs.o)
                0x9d020368                _weak_pthread_mutexattr_init
                0x9d020368                pthread_mutexattr_init
 .text._weak_pthread_mutexattr_destroy
                0x9d020370        0x8 C:/Program Files (x86)/Microchip/MPLAB C32/bin/../lib/gcc/pic32mx/3.4.4/../../../../pic32mx/lib\libc.a(stubs.o)
                0x9d020370                pthread_mutexattr_destroy
                0x9d020370                _weak_pthread_mutexattr_destroy
 .text._weak_pthread_mutexattr_setname_np
                0x9d020378        0x8 C:/Program Files (x86)/Microchip/MPLAB C32/bin/../lib/gcc/pic32mx/3.4.4/../../../../pic32mx/lib\libc.a(stubs.o)
                0x9d020378                _weak_pthread_mutexattr_setname_np
                0x9d020378                pthread_mutexattr_setname_np
 .text._weak_pthread_mutexattr_settype_np
                0x9d020380        0x8 C:/Program Files (x86)/Microchip/MPLAB C32/bin/../lib/gcc/pic32mx/3.4.4/../../../../pic32mx/lib\libc.a(stubs.o)
                0x9d020380                _weak_pthread_mutexattr_settype_np
                0x9d020380                pthread_mutexattr_settype_np
 .text._weak_pthread_sysconf_np
                0x9d020388        0x8 C:/Program Files (x86)/Microchip/MPLAB C32/bin/../lib/gcc/pic32mx/3.4.4/../../../../pic32mx/lib\libc.a(stubs.o)
                0x9d020388                _weak_pthread_sysconf_np
                0x9d020388                pthread_sysconf_np
 .text._weak_pthread_sigdisable_np
                0x9d020390        0x8 C:/Program Files (x86)/Microchip/MPLAB C32/bin/../lib/gcc/pic32mx/3.4.4/../../../../pic32mx/lib\libc.a(stubs.o)
                0x9d020390                _weak_pthread_sigdisable_np
                0x9d020390                pthread_sigdisable_np
 .text._weak_pthread_sigrestore_np
                0x9d020398        0x8 C:/Program Files (x86)/Microchip/MPLAB C32/bin/../lib/gcc/pic32mx/3.4.4/../../../../pic32mx/lib\libc.a(stubs.o)
                0x9d020398                pthread_sigrestore_np
                0x9d020398                _weak_pthread_sigrestore_np
 .text._weak__pthread_cleanup_push
                0x9d0203a0        0x8 C:/Program Files (x86)/Microchip/MPLAB C32/bin/../lib/gcc/pic32mx/3.4.4/../../../../pic32mx/lib\libc.a(stubs.o)
                0x9d0203a0                _weak__pthread_cleanup_push
                0x9d0203a0                _pthread_cleanup_push
 .text._weak__pthread_cleanup_pop
                0x9d0203a8        0x8 C:/Program Files (x86)/Microchip/MPLAB C32/bin/../lib/gcc/pic32mx/3.4.4/../../../../pic32mx/lib\libc.a(stubs.o)
                0x9d0203a8                _pthread_cleanup_pop
                0x9d0203a8                _weak__pthread_cleanup_pop
 .text._weak__pthread_cleanup_push_defer
                0x9d0203b0        0x8 C:/Program Files (x86)/Microchip/MPLAB C32/bin/../lib/gcc/pic32mx/3.4.4/../../../../pic32mx/lib\libc.a(stubs.o)
                0x9d0203b0                _weak__pthread_cleanup_push_defer
                0x9d0203b0                _pthread_cleanup_push_defer
 .text._weak__pthread_cleanup_pop_restore
                0x9d0203b8        0x8 C:/Program Files (x86)/Microchip/MPLAB C32/bin/../lib/gcc/pic32mx/3.4.4/../../../../pic32mx/lib\libc.a(stubs.o)
                0x9d0203b8                _pthread_cleanup_pop_restore
                0x9d0203b8                _weak__pthread_cleanup_pop_restore
 .text._weak_pthread_once
                0x9d0203c0       0x2c C:/Program Files (x86)/Microchip/MPLAB C32/bin/../lib/gcc/pic32mx/3.4.4/../../../../pic32mx/lib\libc.a(stubs.o)
                0x9d0203c0                _weak_pthread_once
                0x9d0203c0                pthread_once
                0x9d0203c0                _pthread_once
 .text._weak_pthread_key_create
                0x9d0203ec        0x8 C:/Program Files (x86)/Microchip/MPLAB C32/bin/../lib/gcc/pic32mx/3.4.4/../../../../pic32mx/lib\libc.a(stubs.o)
                0x9d0203ec                pthread_key_create
                0x9d0203ec                _weak_pthread_key_create
 .text._weak_pthread_setspecific
                0x9d0203f4        0x8 C:/Program Files (x86)/Microchip/MPLAB C32/bin/../lib/gcc/pic32mx/3.4.4/../../../../pic32mx/lib\libc.a(stubs.o)
                0x9d0203f4                _weak_pthread_setspecific
                0x9d0203f4                pthread_setspecific
 .text._weak_pthread_getspecific
                0x9d0203fc        0x8 C:/Program Files (x86)/Microchip/MPLAB C32/bin/../lib/gcc/pic32mx/3.4.4/../../../../pic32mx/lib\libc.a(stubs.o)
                0x9d0203fc                pthread_getspecific
                0x9d0203fc                _weak_pthread_getspecific
 .text._weak__libc_private_storage
                0x9d020404        0x8 C:/Program Files (x86)/Microchip/MPLAB C32/bin/../lib/gcc/pic32mx/3.4.4/../../../../pic32mx/lib\libc.a(stubs.o)
                0x9d020404                _libc_private_storage
                0x9d020404                _weak__libc_private_storage
 .text.getpagesize
                0x9d02040c        0x8 C:/Program Files (x86)/Microchip/MPLAB C32/bin/../lib/gcc/pic32mx/3.4.4/../../../../pic32mx/lib\libc.a(sbrk.o)
                0x9d02040c                getpagesize
 .text._stub_sbd_memlayout
                0x9d020414       0x2c C:/Program Files (x86)/Microchip/MPLAB C32/bin/../lib/gcc/pic32mx/3.4.4/../../../../pic32mx/lib\libc.a(sbrk.o)
                0x9d020414                _stub_sbd_memlayout
                0x9d020414                _sbd_memlayout
 .text._sbrk_init
                0x9d020440      0x170 C:/Program Files (x86)/Microchip/MPLAB C32/bin/../lib/gcc/pic32mx/3.4.4/../../../../pic32mx/lib\libc.a(sbrk.o)
                0x9d020440                _sbrk_init
 .text._sbrk    0x9d0205b0       0xe0 C:/Program Files (x86)/Microchip/MPLAB C32/bin/../lib/gcc/pic32mx/3.4.4/../../../../pic32mx/lib\libc.a(sbrk.o)
                0x9d0205b0                _sbrk
 .text.sbrk     0x9d020690       0x5c C:/Program Files (x86)/Microchip/MPLAB C32/bin/../lib/gcc/pic32mx/3.4.4/../../../../pic32mx/lib\libc.a(sbrk.o)
                0x9d020690                sbrk
 .text._general_exception_handler
                0x9d0206ec        0x8 C:/Program Files (x86)/Microchip/MPLAB C32/bin/../lib/gcc/pic32mx/3.4.4/../../../../pic32mx/lib\libc.a(default-general-exception-handler.o)
                0x9d0206ec                _general_exception_handler
 .text._bootstrap_exception_handler
                0x9d0206f4        0x8 C:/Program Files (x86)/Microchip/MPLAB C32/bin/../lib/gcc/pic32mx/3.4.4/../../../../pic32mx/lib\libc.a(default-bootstrap-exception-handler.o)
                0x9d0206f4                _bootstrap_exception_handler
 .text._on_reset
                0x9d0206fc        0x8 C:/Program Files (x86)/Microchip/MPLAB C32/bin/../lib/gcc/pic32mx/3.4.4/../../../../pic32mx/lib\libc.a(default-on-reset.o)
                0x9d0206fc                _on_reset
 .text._on_bootstrap
                0x9d020704        0x8 C:/Program Files (x86)/Microchip/MPLAB C32/bin/../lib/gcc/pic32mx/3.4.4/../../../../pic32mx/lib\libc.a(default-on-bootstrap.o)
                0x9d020704                _on_bootstrap
 .text          0x9d02070c       0x18 C:/Program Files (x86)/Microchip/MPLAB C32/bin/../lib/gcc/pic32mx/3.4.4/../../../../pic32mx/lib\libc.a(default-nmi-handler.o)
                0x9d02070c                _nmi_handler
 .text._mon_getc
                0x9d020724        0x8 C:/Program Files (x86)/Microchip/MPLAB C32/bin/../lib/gcc/pic32mx/3.4.4/../../../../pic32mx/lib\libc.a(_mon_getc.o)
                0x9d020724                _mon_getc
 .text._mon_write
                0x9d02072c       0x4c C:/Program Files (x86)/Microchip/MPLAB C32/bin/../lib/gcc/pic32mx/3.4.4/../../../../pic32mx/lib\libc.a(_mon_write.o)
                0x9d02072c                _mon_write
 .text._exit    0x9d020778        0x8 C:/Program Files (x86)/Microchip/MPLAB C32/bin/../lib/gcc/pic32mx/3.4.4/../../../../pic32mx/lib\libc.a(_exit.o)
                0x9d020778                _exit
 .text.memmove  0x9d020780       0x70 C:/Program Files (x86)/Microchip/MPLAB C32/bin/../lib/gcc/pic32mx/3.4.4/../../../../pic32mx/lib\libc.a(memmove.o)
                0x9d020780                memmove
 .text.__sputn  0x9d0207f0       0x6c C:/Program Files (x86)/Microchip/MPLAB C32/bin/../lib/gcc/pic32mx/3.4.4/../../../../pic32mx/lib\libc.a(_doprnt.o)
 .text.repl     0x9d02085c       0x74 C:/Program Files (x86)/Microchip/MPLAB C32/bin/../lib/gcc/pic32mx/3.4.4/../../../../pic32mx/lib\libc.a(_doprnt.o)
 .text._outcnvrt
                0x9d0208d0       0xe4 C:/Program Files (x86)/Microchip/MPLAB C32/bin/../lib/gcc/pic32mx/3.4.4/../../../../pic32mx/lib\libc.a(_doprnt.o)
 .text.rounded  0x9d0209b4      0x134 C:/Program Files (x86)/Microchip/MPLAB C32/bin/../lib/gcc/pic32mx/3.4.4/../../../../pic32mx/lib\libc.a(_doprnt.o)
 .text.vfprintf
                0x9d020ae8     0x1554 C:/Program Files (x86)/Microchip/MPLAB C32/bin/../lib/gcc/pic32mx/3.4.4/../../../../pic32mx/lib\libc.a(_doprnt.o)
                0x9d020ae8                vfprintf
 .text.vprintf  0x9d02203c       0x30 C:/Program Files (x86)/Microchip/MPLAB C32/bin/../lib/gcc/pic32mx/3.4.4/../../../../pic32mx/lib\libc.a(_doprnt.o)
                0x9d02203c                vprintf
 .text._filbuf_string
                0x9d02206c        0x8 C:/Program Files (x86)/Microchip/MPLAB C32/bin/../lib/gcc/pic32mx/3.4.4/../../../../pic32mx/lib\libc.a(_iobstring.o)
 .text._flsbuf_string
                0x9d022074        0x8 C:/Program Files (x86)/Microchip/MPLAB C32/bin/../lib/gcc/pic32mx/3.4.4/../../../../pic32mx/lib\libc.a(_iobstring.o)
 .text._fflush_string
                0x9d02207c        0x8 C:/Program Files (x86)/Microchip/MPLAB C32/bin/../lib/gcc/pic32mx/3.4.4/../../../../pic32mx/lib\libc.a(_iobstring.o)
 .text._fwrite_string
                0x9d022084        0x8 C:/Program Files (x86)/Microchip/MPLAB C32/bin/../lib/gcc/pic32mx/3.4.4/../../../../pic32mx/lib\libc.a(_iobstring.o)
 .text._fsync_string
                0x9d02208c        0x8 C:/Program Files (x86)/Microchip/MPLAB C32/bin/../lib/gcc/pic32mx/3.4.4/../../../../pic32mx/lib\libc.a(_iobstring.o)
 .text.fputc    0x9d022094       0xac C:/Program Files (x86)/Microchip/MPLAB C32/bin/../lib/gcc/pic32mx/3.4.4/../../../../pic32mx/lib\libc.a(fputc.o)
                0x9d022094                fputc
 .text.putc     0x9d022140       0x1c C:/Program Files (x86)/Microchip/MPLAB C32/bin/../lib/gcc/pic32mx/3.4.4/../../../../pic32mx/lib\libc.a(fputc.o)
                0x9d022140                putc
 .text.putchar  0x9d02215c       0x24 C:/Program Files (x86)/Microchip/MPLAB C32/bin/../lib/gcc/pic32mx/3.4.4/../../../../pic32mx/lib\libc.a(fputc.o)
                0x9d02215c                putchar
 .text._mon_putc
                0x9d022180       0x28 C:/Program Files (x86)/Microchip/MPLAB C32/bin/../lib/gcc/pic32mx/3.4.4/../../../../pic32mx/lib\libc.a(_mon_putc.o)
                0x9d022180                _mon_putc
 .text          0x9d0221a8      0x5c8 C:/Program Files (x86)/Microchip/MPLAB C32/bin/../lib/gcc/pic32mx/3.4.4/../../../../pic32mx/lib\libm.a(mod32.o)
                0x9d0224ec                __mchp_ldexp
                0x9d0221a8                dpfmod
                0x9d022654                modf
                0x9d0221a8                fmod
                0x9d0224ec                dpldexp
                0x9d022654                dpmodf
                0x9d022448                dpfrexp
                0x9d022448                frexp
 .text          0x9d022770     0x1128 C:/Program Files (x86)/Microchip/MPLAB C32/bin/../lib/gcc/pic32mx/3.4.4/../../../../pic32mx/lib\libm.a(dp32.o)
                0x9d023820                fabs
                0x9d0236e4                __eqdf2
                0x9d0236e4                __gtdf2
                0x9d022770                dpsub
                0x9d023378                __floatsidf
                0x9d0236e4                __ltdf2
                0x9d0233ec                ultodp
                0x9d022b9c                dpmul
                0x9d0234e0                dptofp
                0x9d023660                __fixunsdfsi
                0x9d0236e4                dpcmp
                0x9d02343c                __extendsfdf2
                0x9d022778                __adddf3
                0x9d023660                dptoul
                0x9d022ec4                dpdiv
                0x9d023378                litodp
                0x9d0235d8                __fixdfsi
                0x9d0236e4                __ledf2
                0x9d02343c                fptodp
                0x9d023808                __negdf2
                0x9d022778                dpadd
                0x9d022ec4                __divdf3
                0x9d022b9c                __muldf3
                0x9d0234e0                __truncdfsf2
                0x9d0236e4                __nedf2
                0x9d0235d8                dptoli
                0x9d02383c                nan
                0x9d023820                dpfabs
                0x9d0236e4                __gedf2
                0x9d02383c                dpnan
                0x9d022770                __subdf3
 .text.getcSPI2
                0x9d023898       0x24 C:/Program Files (x86)/Microchip/MPLAB C32/bin/../lib/gcc/pic32mx/3.4.4/../../../../pic32mx/lib\libmchp_peripheral.a(spi_getc_spi2_lib.o)
                0x9d023898                getcSPI2
 .text.OpenSPI2
                0x9d0238bc       0x64 C:/Program Files (x86)/Microchip/MPLAB C32/bin/../lib/gcc/pic32mx/3.4.4/../../../../pic32mx/lib\libmchp_peripheral.a(spi_open_spi2_lib.o)
                0x9d0238bc                OpenSPI2
 .text.RtccEnable
                0x9d023920       0x6c C:/Program Files (x86)/Microchip/MPLAB C32/bin/../lib/gcc/pic32mx/3.4.4/../../../../pic32mx/lib\libmchp_peripheral.a(rtcc_enable_lib.o)
                0x9d023920                RtccEnable
 .text.RtccInit
                0x9d02398c      0x16c C:/Program Files (x86)/Microchip/MPLAB C32/bin/../lib/gcc/pic32mx/3.4.4/../../../../pic32mx/lib\libmchp_peripheral.a(rtcc_init_lib.o)
                0x9d02398c                RtccInit
 .text.RtccSetDate
                0x9d023af8       0x24 C:/Program Files (x86)/Microchip/MPLAB C32/bin/../lib/gcc/pic32mx/3.4.4/../../../../pic32mx/lib\libmchp_peripheral.a(rtcc_set_date_lib.o)
                0x9d023af8                RtccSetDate
 .text.RtccSetTime
                0x9d023b1c       0x24 C:/Program Files (x86)/Microchip/MPLAB C32/bin/../lib/gcc/pic32mx/3.4.4/../../../../pic32mx/lib\libmchp_peripheral.a(rtcc_set_time_lib.o)
                0x9d023b1c                RtccSetTime
 .text.NVMErasePage
                0x9d023b40       0x34 C:/Program Files (x86)/Microchip/MPLAB C32/bin/../lib/gcc/pic32mx/3.4.4/../../../../pic32mx/lib\libmchp_peripheral.a(nvm_erase_page_lib.o)
                0x9d023b40                NVMErasePage
 .text._NVMOperation
                0x9d023b74       0xf4 C:/Program Files (x86)/Microchip/MPLAB C32/bin/../lib/gcc/pic32mx/3.4.4/../../../../pic32mx/lib\libmchp_peripheral.a(nvm_operation_lib.o)
                0x9d023b74                _NVMOperation
 .text.NVMWriteWord
                0x9d023c68       0x3c C:/Program Files (x86)/Microchip/MPLAB C32/bin/../lib/gcc/pic32mx/3.4.4/../../../../pic32mx/lib\libmchp_peripheral.a(nvm_write_word_lib.o)
                0x9d023c68                NVMWriteWord
 .text.INTDisableInterrupts
                0x9d023ca4        0x8 C:/Program Files (x86)/Microchip/MPLAB C32/bin/../lib/gcc/pic32mx/3.4.4/../../../../pic32mx/lib\libmchp_peripheral.a(int_disable_interrupts_lib.o)
                0x9d023ca4                INTDisableInterrupts
 .text.INTEnableInterrupts
                0x9d023cac        0x8 C:/Program Files (x86)/Microchip/MPLAB C32/bin/../lib/gcc/pic32mx/3.4.4/../../../../pic32mx/lib\libmchp_peripheral.a(int_enable_interrupts_lib.o)
                0x9d023cac                INTEnableInterrupts
 .text.INTEnableSystemMultiVectoredInt
                0x9d023cb4       0x34 C:/Program Files (x86)/Microchip/MPLAB C32/bin/../lib/gcc/pic32mx/3.4.4/../../../../pic32mx/lib\libmchp_peripheral.a(int_enable_mv_int_lib.o)
                0x9d023cb4                INTEnableSystemMultiVectoredInt
 .text.INTRestoreInterrupts
                0x9d023ce8       0x1c C:/Program Files (x86)/Microchip/MPLAB C32/bin/../lib/gcc/pic32mx/3.4.4/../../../../pic32mx/lib\libmchp_peripheral.a(int_restore_interrupts_lib.o)
                0x9d023ce8                INTRestoreInterrupts
 .text.CheKseg0CacheOff
                0x9d023d04       0x18 C:/Program Files (x86)/Microchip/MPLAB C32/bin/../lib/gcc/pic32mx/3.4.4/../../../../pic32mx/lib\libmchp_peripheral.a(pcache.o)
                0x9d023d04                CheKseg0CacheOff
 .text.CheKseg0CacheOn
                0x9d023d1c       0x18 C:/Program Files (x86)/Microchip/MPLAB C32/bin/../lib/gcc/pic32mx/3.4.4/../../../../pic32mx/lib\libmchp_peripheral.a(pcache.o)
                0x9d023d1c                CheKseg0CacheOn
 .text._RtccSetTimeAndDate
                0x9d023d34      0x210 C:/Program Files (x86)/Microchip/MPLAB C32/bin/../lib/gcc/pic32mx/3.4.4/../../../../pic32mx/lib\libmchp_peripheral.a(_rtcc_set_time_and_date_lib.o)
                0x9d023d34                _RtccSetTimeAndDate
 .text._RtccWaitClockOff
                0x9d023f44       0xe8 C:/Program Files (x86)/Microchip/MPLAB C32/bin/../lib/gcc/pic32mx/3.4.4/../../../../pic32mx/lib\libmchp_peripheral.a(_rtcc_wait_clock_off_lib.o)
                0x9d023f44                _RtccWaitClockOff
 .text._RtccSetClockWait
                0x9d02402c       0x14 C:/Program Files (x86)/Microchip/MPLAB C32/bin/../lib/gcc/pic32mx/3.4.4/../../../../pic32mx/lib\libmchp_peripheral.a(_rtcc_wait_clock_off_lib.o)
                0x9d02402c                _RtccSetClockWait
 .text.ReadCoreTimer
                0x9d024040        0x8 C:/Program Files (x86)/Microchip/MPLAB C32/bin/../lib/gcc/pic32mx/3.4.4/../../../../pic32mx/lib\libmchp_peripheral.a(read_core_timer_lib.o)
                0x9d024040                ReadCoreTimer
 .text          0x9d024048      0x47c C:/Program Files (x86)/Microchip/MPLAB C32/bin/../lib/gcc/pic32mx/3.4.4\libgcc.a(_udivdi3.o)
                0x9d024048                __udivdi3
 .text          0x9d0244c4      0x48c C:/Program Files (x86)/Microchip/MPLAB C32/bin/../lib/gcc/pic32mx/3.4.4\libgcc.a(_umoddi3.o)
                0x9d0244c4                __umoddi3
 *(.text.*personality*)
 *(.gnu.warning)
 *(.mips16.fn.*)
 *(.mips16.call.*)
                0x9d024950                _text_end = .

.rodata         0x9d024950     0x10f8
 *(.rodata .rodata.* .gnu.linkonce.r.*)
 .rodata        0x9d024950       0xf0 FSIO.o
 .rodata        0x9d024a40      0x924 main.o
                0x9d024a40                inq_resp
 .rodata        0x9d025364       0xd8 SD-SPI.o
                0x9d025364                sdmmc_cmdtable
 .rodata        0x9d02543c       0x10 uart2.o
                0x9d02543c                CharacterArray
 .rodata        0x9d02544c       0xb8 usb_descriptors.o
                0x9d025460                configDescriptor1
                0x9d0254f8                USB_SD_Ptr
                0x9d025484                sd001
                0x9d0254b8                sd002
                0x9d025480                sd000
                0x9d0254f4                USB_CD_Ptr
                0x9d02544c                device_dsc
 .rodata        0x9d025504       0x30 usb_device.o
 .rodata        0x9d025534       0x28 usb_function_msd.o
 .rodata        0x9d02555c      0x14c usb_host.o
 .rodata        0x9d0256a8       0x48 usb_host_msd.o
 .rodata.str1.4
                0x9d0256f0       0x51 C:/Program Files (x86)/Microchip/MPLAB C32/bin/../lib/gcc/pic32mx/3.4.4/../../../../pic32mx/lib\libc.a(malloc.o)
                                 0x54 (size before relaxing)
 *fill*         0x9d025741        0x3 00
 .rodata        0x9d025744       0x14 C:/Program Files (x86)/Microchip/MPLAB C32/bin/../lib/gcc/pic32mx/3.4.4/../../../../pic32mx/lib\libc.a(_iobdata.o)
                0x9d025744                _io_funcs
 .rodata        0x9d025758      0x104 C:/Program Files (x86)/Microchip/MPLAB C32/bin/../lib/gcc/pic32mx/3.4.4/../../../../pic32mx/lib\libc.a(ctype.o)
                0x9d025758                _ctype
 .rodata        0x9d02585c      0x114 C:/Program Files (x86)/Microchip/MPLAB C32/bin/../lib/gcc/pic32mx/3.4.4/../../../../pic32mx/lib\libc.a(_doprnt.o)
 .rodata.cst8   0x9d025970       0x28 C:/Program Files (x86)/Microchip/MPLAB C32/bin/../lib/gcc/pic32mx/3.4.4/../../../../pic32mx/lib\libc.a(_doprnt.o)
                                 0x30 (size before relaxing)
 .rodata.str1.4
                0x9d025998       0x1b C:/Program Files (x86)/Microchip/MPLAB C32/bin/../lib/gcc/pic32mx/3.4.4/../../../../pic32mx/lib\libc.a(_doprnt.o)
                                 0x1c (size before relaxing)
 *fill*         0x9d0259b3        0x1 00
 .rodata        0x9d0259b4       0x14 C:/Program Files (x86)/Microchip/MPLAB C32/bin/../lib/gcc/pic32mx/3.4.4/../../../../pic32mx/lib\libc.a(_iobstring.o)
                0x9d0259b4                _io_strfuncs
 .rodata        0x9d0259c8       0x80 C:/Program Files (x86)/Microchip/MPLAB C32/bin/../lib/gcc/pic32mx/3.4.4/../../../../pic32mx/lib\libmchp_peripheral.a(spi_brg_tbl_lib.o)
                0x9d0259c8                SpiBrgConvTbl
 *(.rodata1)
                0x9d025a48                . = ALIGN (0x4)

.sdata2         0x9d025a48        0x0
 *(.sdata2 .sdata2.* .gnu.linkonce.s2.*)
                0x9d025a48                . = ALIGN (0x4)

.sbss2          0x9d025a48        0x0
 *(.sbss2 .sbss2.* .gnu.linkonce.sb2.*)
                0x9d025a48                . = ALIGN (0x4)

.eh_frame_hdr
 *(.eh_frame_hdr)

.eh_frame       0x9d025a48       0x50
 *(.eh_frame)
 .eh_frame      0x9d025a48       0x20 C:/Program Files (x86)/Microchip/MPLAB C32/bin/../lib/gcc/pic32mx/3.4.4\libgcc.a(_udivdi3.o)
 .eh_frame      0x9d025a68       0x30 C:/Program Files (x86)/Microchip/MPLAB C32/bin/../lib/gcc/pic32mx/3.4.4\libgcc.a(_umoddi3.o)

.dbg_data       0xa0000000        0x0
                0xa0000000                . = (. + DEFINED (_DEBUGGER)?0x200:0x0)

.data           0xa0000000      0x570 load address 0x9d025a98
                0xa0000000                _data_begin = .
 *(.data .data.* .gnu.linkonce.d.*)
 .data          0xa0000000       0x2c main.o
                0xa000001c                _rtcc_str
                0xa0000000                LUN
 .data          0xa000002c       0x18 usb_config.o
                0xa000002c                usbMediaInterfaceTable
                0xa0000038                usbClientDrvTable
 .data          0xa0000044       0x20 C:/Program Files (x86)/Microchip/MPLAB C32/bin/../lib/gcc/pic32mx/3.4.4/../../../../pic32mx/lib\libc.a(exit.o)
                0xa0000044                __exfun_mx
 .data          0xa0000064      0x410 C:/Program Files (x86)/Microchip/MPLAB C32/bin/../lib/gcc/pic32mx/3.4.4/../../../../pic32mx/lib\libc.a(malloc.o)
 .data          0xa0000474       0xd4 C:/Program Files (x86)/Microchip/MPLAB C32/bin/../lib/gcc/pic32mx/3.4.4/../../../../pic32mx/lib\libc.a(_iobdata.o)
 .data          0xa0000548       0x20 C:/Program Files (x86)/Microchip/MPLAB C32/bin/../lib/gcc/pic32mx/3.4.4/../../../../pic32mx/lib\libc.a(sbrk.o)
 .data          0xa0000568        0x8 C:/Program Files (x86)/Microchip/MPLAB C32/bin/../lib/gcc/pic32mx/3.4.4/../../../../pic32mx/lib\libmchp_peripheral.a(_rtcc_wait_clock_off_lib.o)
                0xa0000568                _RtccWaitClkSteps
                0xa000056c                _RtccWaitClkStepSz
 *(.gnu.linkonce.d.*personality*)
 *(.data1)
                0x9d025a98                _data_image_begin = LOADADDR (.data)

.eh_frame
 *(.eh_frame)
                0xa0008560                _gp = (ALIGN (0x10) + 0x7ff0)

.got
 *(.got.plt)
 *(.got)

.sdata          0xa0000570       0x20 load address 0x9d026008
                0xa0000570                _sdata_begin = .
 *(.sdata .sdata.* .gnu.linkonce.s.*)
 .sdata         0xa0000570        0xc FSIO.o
                0xa0000570                gLastFATSectorRead
                0xa0000578                cwdptr
                0xa0000574                gLastDataSectorRead
 .sdata         0xa000057c        0x8 usb_config.o
                0xa000057c                usbTPL
 .sdata         0xa0000584        0x1 usb_function_msd.o
 *fill*         0xa0000585        0x3 00
 .sdata         0xa0000588        0x4 usb_host_msd.o
                0xa0000588                dCBWTagNext
 .sdata         0xa000058c        0x4 C:/Program Files (x86)/Microchip/MPLAB C32/bin/../lib/gcc/pic32mx/3.4.4/../../../../pic32mx/lib\libc.a(_iobdata.o)
                0xa000058c                _libc_data
                0xa0000590                _sdata_end = .

.lit8
 *(.lit8)

.lit4
 *(.lit4)
                0xa0000590                . = ALIGN (0x4)
                0xa0000590                _data_end = .
                0xa0000590                _bss_begin = .

.sbss           0xa0000590      0x148
                0xa0000590                _sbss_begin = .
 *(.dynsbss)
 *(.sbss .sbss.* .gnu.linkonce.sb.*)
 .sbss          0xa0000590        0x2 usb_host_msd_scsi.o
                0xa0000591                maxLUN
                0xa0000590                deviceAddress
 *fill*         0xa0000592        0x2 00
 .sbss          0xa0000594        0xc FSIO.o
                0xa0000594                gNeedFATWrite
                0xa0000598                gBufferOwner
                0xa000059c                gNeedDataWrite
                0xa000059f                recache
                0xa000059d                nextClusterIsLast
                0xa000059e                gBufferZeroed
 .sbss          0xa00005a0        0xc Internal Flash.o
                0xa00005a0                FileAddress
 .sbss          0xa00005ac       0x20 main.o
                0xa00005b4                usb_sd_to_uart
                0xa00005ac                buttonPress
                0xa00005bc                usb_master
                0xa00005b0                screenStateCur
                0xa00005c4                MassStorageSize
                0xa00005c0                usb_flash
                0xa00005b8                usb_sd_card
 .sbss          0xa00005cc        0x8 SD-SPI.o
 .sbss          0xa00005d4        0xc usb_function_msd.o
 .sbss          0xa00005e0       0x18 usb_host.o
                0xa00005ec                pEndpointList
                0xa00005e8                pDeviceDescriptor
                0xa00005e4                pCurrentConfigurationDescriptor
                0xa00005f4                pInterfaceList
                0xa00005f0                pEP0Data
                0xa00005e0                pConfigurationDescriptorList
 .sbss          0xa00005f8        0x4 C:/Program Files (x86)/Microchip/MPLAB C32/bin/../lib/gcc/pic32mx/3.4.4/../../../../pic32mx/lib\libc.a(errno.o)
                0xa00005f8                errno
 *(.scommon)
 .scommon       0xa00005fc        0xc Button.o
                0xa00005fc                buttonIndex
                0xa0000600                buttons
                0xa0000604                buttonsPrevious
 .scommon       0xa0000608       0x1c FSIO.o
                0xa0000608                gFileSlotOpen
                0xa000060b                gTimeCrtMS
                0xa000060c                gTimeCrtTime
                0xa0000610                FatRootDirClusterValue
                0xa0000614                gTimeWrtDate
                0xa0000616                gTimeCrtDate
                0xa0000618                TempClusterCalc
                0xa000061c                dirCleared
                0xa000061e                gTimeAccDate
                0xa0000620                FSerrno
                0xa0000622                gTimeWrtTime
 .scommon       0xa0000624       0x1c main.o
                0xa0000624                previousMinute
                0xa0000628                loggerStatus
                0xa0000630                logBufferReading
                0xa0000631                logBufferWriting
                0xa0000634                currentDate
                0xa0000638                currentTick
                0xa000063c                currentTime
 .scommon       0xa0000640        0x5 SD-SPI.o
                0xa0000640                MDD_SDSPI_finalLBA
                0xa0000644                gSDMode
 *fill*         0xa0000645        0x3 00
 .scommon       0xa0000648       0x55 usb_device.o
                0xa0000648                pDst
                0xa000064c                CtrlTrfData
                0xa0000654                USBDeviceState
                0xa0000655                controlTransferState
                0xa0000658                USBInMaxPacketSize
                0xa000065c                inPipes
                0xa0000664                pBDTEntryIn
                0xa000066c                pBDTEntryOut
                0xa0000674                BothEP0OutUOWNsSet
                0xa0000678                pBDTEntryEP0OutNext
                0xa000067c                SetupPkt
                0xa0000684                shortPacketStatus
                0xa0000688                pBDTEntryEP0OutCurrent
                0xa000068c                USBActiveConfiguration
                0xa0000690                RemoteWakeup
                0xa0000694                USTATcopy
                0xa0000698                USBInData
                0xa000069c                USBAlternateInterface
 *fill*         0xa000069d        0x3 00
 .scommon       0xa00006a0       0x26 usb_function_msd.o
                0xa00006a0                gblNumBLKS
                0xa00006a4                MSBBufferIndex
                0xa00006a8                USBMSDOutHandle
                0xa00006ac                gblCBWLength
                0xa00006b0                ptrNextData
                0xa00006b4                gblBLKLen
                0xa00006b8                MSD_State
                0xa00006bc                SoftDetach
                0xa00006c0                USBMSDInHandle
                0xa00006c4                gblMediaPresent
 *fill*         0xa00006c6        0x2 00
 .scommon       0xa00006c8       0x10 usb_host.o
                0xa00006c8                usbRootHubInfo
                0xa00006c9                countConfigurations
                0xa00006cc                pCurrentEndpoint
                0xa00006d0                usbHostState
                0xa00006d2                usbOverrideHostState
                0xa00006d4                numTimerInterrupts
                0xa00006d6                numCommandTries
                0xa00006d7                numEnumerationTries
                0xa00006d8                _sbss_end = .

.bss            0xa0000800     0x1a60
 *(.dynbss)
 *(.bss .bss.* .gnu.linkonce.b.*)
 .bss           0xa0000800       0x10 main.o
                0xa0000800                MassStorageName
 .bss           0xa0000810       0x34 C:/Program Files (x86)/Microchip/MPLAB C32/bin/../lib/gcc/pic32mx/3.4.4/../../../../pic32mx/lib\libc.a(malloc.o)
 .bss           0xa0000844       0x88 C:/Program Files (x86)/Microchip/MPLAB C32/bin/../lib/gcc/pic32mx/3.4.4/../../../../pic32mx/lib\libc.a(_iobdata.o)
 .bss           0xa00008cc       0x80 C:/Program Files (x86)/Microchip/MPLAB C32/bin/../lib/gcc/pic32mx/3.4.4/../../../../pic32mx/lib\libc.a(_iobfuncs.o)
 .bss           0xa000094c        0x4 C:/Program Files (x86)/Microchip/MPLAB C32/bin/../lib/gcc/pic32mx/3.4.4/../../../../pic32mx/lib\libc.a(stubs.o)
                0xa000094c                __isthreaded
 .bss           0xa0000950       0x24 C:/Program Files (x86)/Microchip/MPLAB C32/bin/../lib/gcc/pic32mx/3.4.4/../../../../pic32mx/lib\libc.a(sbrk.o)
                0xa0000954                _minbrk
                0xa0000950                _maxbrk
 *(COMMON)
 COMMON         0xa0000974      0x5a6 FSIO.o
                0xa0000974                gDataBuffer
                0xa0000b74                cwd
                0xa0000bb0                defaultString
                0xa0000bc0                tempCWDobj
                0xa0000bfc                gFATBuffer
                0xa0000dfc                gFileArray
                0xa0000eb0                gDiskData
                0xa0000ed4                gFileTemp
                0xa0000f10                defaultArray
 *fill*         0xa0000f1a        0x2 00
 COMMON         0xa0000f1c      0x400 Internal Flash.o
                0xa0000f1c                file_buffer
 COMMON         0xa000131c      0x618 main.o
                0xa000131c                commandBuffer
                0xa00014b0                disk_properties
                0xa00014dc                volume
                0xa00014ec                commandInfo
                0xa0001524                logData
 *fill*         0xa0001934       0xcc 00
 COMMON         0xa0001a00      0x46b usb_device.o
                0xa0001a00                msd_csw
                0xa0001a10                msd_buffer
                0xa0001e00                BDT_DEVICE
                0xa0001e40                msd_cbw
                0xa0001e60                outPipes
 *fill*         0xa0001e6b        0x1 00
 COMMON         0xa0001e6c       0x32 usb_function_msd.o
                0xa0001e6c                gblCBW
                0xa0001e8c                gblSenseData
 *fill*         0xa0001e9e      0x162 00
 COMMON         0xa0002000      0x220 usb_host.o
                0xa0002000                usbDeviceInfo
                0xa0002010                usbBusInfo
                0xa0002200                BDT_HOST
 COMMON         0xa0002220       0x40 usb_host_msd.o
                0xa0002220                deviceInfoMSD
                0xa0002260                . = ALIGN (0x4)
                0xa0002260                . = ALIGN (0x4)
                0xa0002260                _end = .
                0xa0002260                _bss_end = .

.heap           0xa0002260     0x2000
                0xa0002260                _heap = .
                0xa0004260                . = (. + _min_heap_size)
 *fill*         0xa0002260     0x2000 00

.stack          0xa0004260      0x400
                0xa0004660                . = (. + _min_stack_size)
 *fill*         0xa0004260      0x400 00

.ramfunc        0xa0004800        0x0 load address 0x9d026028
                0xa0004800                _ramfunc_begin = .
 *(.ramfunc .ramfunc.*)
                0xa0004800                . = ALIGN (0x4)
                0xa0004800                _ramfunc_end = .
                0x9d026028                _ramfunc_image_begin = LOADADDR (.ramfunc)
                0x00000000                _ramfunc_length = SIZEOF (.ramfunc)
                0x00004800                _bmxdkpba_address = (_ramfunc_begin - 0xa0000000)
                0x00008000                _bmxdudba_address = 0x8000
                0x00008000                _bmxdupba_address = 0x8000
                0xa0008000                _stack = (_ramfunc_length > 0x0)?(_ramfunc_begin - 0x4):0xa0008000
                0x00000001                ASSERT (((_min_stack_size + _min_heap_size) <= (_stack - _heap)), Not enough space to allocate both stack and heap.  Reduce heap and/or stack size.)

.pdr            0x00000000     0x2ea0
 *(.pdr)
 .pdr           0x00000000       0xa0 C:/Program Files (x86)/Microchip/MPLAB C32/bin/../lib/gcc/pic32mx/3.4.4/../../../../pic32mx/lib/crt0.o
 .pdr           0x000000a0      0x100 usb_host_msd_scsi.o
 .pdr           0x000001a0      0x1c0 1602D.o
 .pdr           0x00000360       0x60 Button.o
 .pdr           0x000003c0      0x780 FSIO.o
 .pdr           0x00000b40      0x120 Internal Flash.o
 .pdr           0x00000c60       0x20 LED.o
 .pdr           0x00000c80      0x580 main.o
 .pdr           0x00001200      0x1e0 SD-SPI.o
 .pdr           0x000013e0      0x1a0 uart2.o
 .pdr           0x00001580      0x320 usb_device.o
 .pdr           0x000018a0      0x120 usb_function_msd.o
 .pdr           0x000019c0      0x420 usb_host.o
 .pdr           0x00001de0      0x140 usb_host_msd.o
 .pdr           0x00001f20       0x20 C:/Program Files (x86)/Microchip/MPLAB C32/bin/../lib/gcc/pic32mx/3.4.4/../../../../pic32mx/lib\libc.a(memcpy.o)
 .pdr           0x00001f40       0x20 C:/Program Files (x86)/Microchip/MPLAB C32/bin/../lib/gcc/pic32mx/3.4.4/../../../../pic32mx/lib\libc.a(memset.o)
 .pdr           0x00001f60       0x20 C:/Program Files (x86)/Microchip/MPLAB C32/bin/../lib/gcc/pic32mx/3.4.4/../../../../pic32mx/lib\libc.a(strcmp.o)
 .pdr           0x00001f80       0x20 C:/Program Files (x86)/Microchip/MPLAB C32/bin/../lib/gcc/pic32mx/3.4.4/../../../../pic32mx/lib\libc.a(strcpy.o)
 .pdr           0x00001fa0       0x20 C:/Program Files (x86)/Microchip/MPLAB C32/bin/../lib/gcc/pic32mx/3.4.4/../../../../pic32mx/lib\libc.a(strlen.o)
 .pdr           0x00001fc0       0x20 C:/Program Files (x86)/Microchip/MPLAB C32/bin/../lib/gcc/pic32mx/3.4.4/../../../../pic32mx/lib\libc.a(general-exception.o)
 .pdr           0x00001fe0       0x20 C:/Program Files (x86)/Microchip/MPLAB C32/bin/../lib/gcc/pic32mx/3.4.4/../../../../pic32mx/lib\libc.a(strcat.o)
 .pdr           0x00002000       0x20 C:/Program Files (x86)/Microchip/MPLAB C32/bin/../lib/gcc/pic32mx/3.4.4/../../../../pic32mx/lib\libc.a(strncmp.o)
 .pdr           0x00002020       0x20 C:/Program Files (x86)/Microchip/MPLAB C32/bin/../lib/gcc/pic32mx/3.4.4/../../../../pic32mx/lib\libc.a(strncpy.o)
 .pdr           0x00002040       0x20 C:/Program Files (x86)/Microchip/MPLAB C32/bin/../lib/gcc/pic32mx/3.4.4/../../../../pic32mx/lib\libc.a(strchr.o)
 .pdr           0x00002060       0x20 C:/Program Files (x86)/Microchip/MPLAB C32/bin/../lib/gcc/pic32mx/3.4.4/../../../../pic32mx/lib\libc.a(exit.o)
 .pdr           0x00002080      0x220 C:/Program Files (x86)/Microchip/MPLAB C32/bin/../lib/gcc/pic32mx/3.4.4/../../../../pic32mx/lib\libc.a(ctypef.o)
 .pdr           0x000022a0      0x1c0 C:/Program Files (x86)/Microchip/MPLAB C32/bin/../lib/gcc/pic32mx/3.4.4/../../../../pic32mx/lib\libc.a(malloc.o)
 .pdr           0x00002460       0xa0 C:/Program Files (x86)/Microchip/MPLAB C32/bin/../lib/gcc/pic32mx/3.4.4/../../../../pic32mx/lib\libc.a(_iobfuncs.o)
 .pdr           0x00002500       0x40 C:/Program Files (x86)/Microchip/MPLAB C32/bin/../lib/gcc/pic32mx/3.4.4/../../../../pic32mx/lib\libc.a(printf.o)
 .pdr           0x00002540       0x60 C:/Program Files (x86)/Microchip/MPLAB C32/bin/../lib/gcc/pic32mx/3.4.4/../../../../pic32mx/lib\libc.a(sprintf.o)
 .pdr           0x000025a0      0x2c0 C:/Program Files (x86)/Microchip/MPLAB C32/bin/../lib/gcc/pic32mx/3.4.4/../../../../pic32mx/lib\libc.a(stubs.o)
 .pdr           0x00002860       0xa0 C:/Program Files (x86)/Microchip/MPLAB C32/bin/../lib/gcc/pic32mx/3.4.4/../../../../pic32mx/lib\libc.a(sbrk.o)
 .pdr           0x00002900       0x20 C:/Program Files (x86)/Microchip/MPLAB C32/bin/../lib/gcc/pic32mx/3.4.4/../../../../pic32mx/lib\libc.a(default-general-exception-handler.o)
 .pdr           0x00002920       0x20 C:/Program Files (x86)/Microchip/MPLAB C32/bin/../lib/gcc/pic32mx/3.4.4/../../../../pic32mx/lib\libc.a(default-bootstrap-exception-handler.o)
 .pdr           0x00002940       0x20 C:/Program Files (x86)/Microchip/MPLAB C32/bin/../lib/gcc/pic32mx/3.4.4/../../../../pic32mx/lib\libc.a(default-on-reset.o)
 .pdr           0x00002960       0x20 C:/Program Files (x86)/Microchip/MPLAB C32/bin/../lib/gcc/pic32mx/3.4.4/../../../../pic32mx/lib\libc.a(default-on-bootstrap.o)
 .pdr           0x00002980       0x20 C:/Program Files (x86)/Microchip/MPLAB C32/bin/../lib/gcc/pic32mx/3.4.4/../../../../pic32mx/lib\libc.a(default-nmi-handler.o)
 .pdr           0x000029a0       0x20 C:/Program Files (x86)/Microchip/MPLAB C32/bin/../lib/gcc/pic32mx/3.4.4/../../../../pic32mx/lib\libc.a(_mon_getc.o)
 .pdr           0x000029c0       0x20 C:/Program Files (x86)/Microchip/MPLAB C32/bin/../lib/gcc/pic32mx/3.4.4/../../../../pic32mx/lib\libc.a(_mon_write.o)
 .pdr           0x000029e0       0x20 C:/Program Files (x86)/Microchip/MPLAB C32/bin/../lib/gcc/pic32mx/3.4.4/../../../../pic32mx/lib\libc.a(_exit.o)
 .pdr           0x00002a00       0x20 C:/Program Files (x86)/Microchip/MPLAB C32/bin/../lib/gcc/pic32mx/3.4.4/../../../../pic32mx/lib\libc.a(memmove.o)
 .pdr           0x00002a20       0xc0 C:/Program Files (x86)/Microchip/MPLAB C32/bin/../lib/gcc/pic32mx/3.4.4/../../../../pic32mx/lib\libc.a(_doprnt.o)
 .pdr           0x00002ae0       0xa0 C:/Program Files (x86)/Microchip/MPLAB C32/bin/../lib/gcc/pic32mx/3.4.4/../../../../pic32mx/lib\libc.a(_iobstring.o)
 .pdr           0x00002b80       0x60 C:/Program Files (x86)/Microchip/MPLAB C32/bin/../lib/gcc/pic32mx/3.4.4/../../../../pic32mx/lib\libc.a(fputc.o)
 .pdr           0x00002be0       0x20 C:/Program Files (x86)/Microchip/MPLAB C32/bin/../lib/gcc/pic32mx/3.4.4/../../../../pic32mx/lib\libc.a(_mon_putc.o)
 .pdr           0x00002c00       0x20 C:/Program Files (x86)/Microchip/MPLAB C32/bin/../lib/gcc/pic32mx/3.4.4/../../../../pic32mx/lib\libmchp_peripheral.a(spi_getc_spi2_lib.o)
 .pdr           0x00002c20       0x20 C:/Program Files (x86)/Microchip/MPLAB C32/bin/../lib/gcc/pic32mx/3.4.4/../../../../pic32mx/lib\libmchp_peripheral.a(spi_open_spi2_lib.o)
 .pdr           0x00002c40       0x20 C:/Program Files (x86)/Microchip/MPLAB C32/bin/../lib/gcc/pic32mx/3.4.4/../../../../pic32mx/lib\libmchp_peripheral.a(rtcc_enable_lib.o)
 .pdr           0x00002c60       0x20 C:/Program Files (x86)/Microchip/MPLAB C32/bin/../lib/gcc/pic32mx/3.4.4/../../../../pic32mx/lib\libmchp_peripheral.a(rtcc_init_lib.o)
 .pdr           0x00002c80       0x20 C:/Program Files (x86)/Microchip/MPLAB C32/bin/../lib/gcc/pic32mx/3.4.4/../../../../pic32mx/lib\libmchp_peripheral.a(rtcc_set_date_lib.o)
 .pdr           0x00002ca0       0x20 C:/Program Files (x86)/Microchip/MPLAB C32/bin/../lib/gcc/pic32mx/3.4.4/../../../../pic32mx/lib\libmchp_peripheral.a(rtcc_set_time_lib.o)
 .pdr           0x00002cc0       0x20 C:/Program Files (x86)/Microchip/MPLAB C32/bin/../lib/gcc/pic32mx/3.4.4/../../../../pic32mx/lib\libmchp_peripheral.a(nvm_erase_page_lib.o)
 .pdr           0x00002ce0       0x20 C:/Program Files (x86)/Microchip/MPLAB C32/bin/../lib/gcc/pic32mx/3.4.4/../../../../pic32mx/lib\libmchp_peripheral.a(nvm_operation_lib.o)
 .pdr           0x00002d00       0x20 C:/Program Files (x86)/Microchip/MPLAB C32/bin/../lib/gcc/pic32mx/3.4.4/../../../../pic32mx/lib\libmchp_peripheral.a(nvm_write_word_lib.o)
 .pdr           0x00002d20       0x20 C:/Program Files (x86)/Microchip/MPLAB C32/bin/../lib/gcc/pic32mx/3.4.4/../../../../pic32mx/lib\libmchp_peripheral.a(int_disable_interrupts_lib.o)
 .pdr           0x00002d40       0x20 C:/Program Files (x86)/Microchip/MPLAB C32/bin/../lib/gcc/pic32mx/3.4.4/../../../../pic32mx/lib\libmchp_peripheral.a(int_enable_interrupts_lib.o)
 .pdr           0x00002d60       0x20 C:/Program Files (x86)/Microchip/MPLAB C32/bin/../lib/gcc/pic32mx/3.4.4/../../../../pic32mx/lib\libmchp_peripheral.a(int_enable_mv_int_lib.o)
 .pdr           0x00002d80       0x20 C:/Program Files (x86)/Microchip/MPLAB C32/bin/../lib/gcc/pic32mx/3.4.4/../../../../pic32mx/lib\libmchp_peripheral.a(int_restore_interrupts_lib.o)
 .pdr           0x00002da0       0x40 C:/Program Files (x86)/Microchip/MPLAB C32/bin/../lib/gcc/pic32mx/3.4.4/../../../../pic32mx/lib\libmchp_peripheral.a(pcache.o)
 .pdr           0x00002de0       0x20 C:/Program Files (x86)/Microchip/MPLAB C32/bin/../lib/gcc/pic32mx/3.4.4/../../../../pic32mx/lib\libmchp_peripheral.a(_rtcc_set_time_and_date_lib.o)
 .pdr           0x00002e00       0x40 C:/Program Files (x86)/Microchip/MPLAB C32/bin/../lib/gcc/pic32mx/3.4.4/../../../../pic32mx/lib\libmchp_peripheral.a(_rtcc_wait_clock_off_lib.o)
 .pdr           0x00002e40       0x20 C:/Program Files (x86)/Microchip/MPLAB C32/bin/../lib/gcc/pic32mx/3.4.4/../../../../pic32mx/lib\libmchp_peripheral.a(read_core_timer_lib.o)
 .pdr           0x00002e60       0x20 C:/Program Files (x86)/Microchip/MPLAB C32/bin/../lib/gcc/pic32mx/3.4.4\libgcc.a(_udivdi3.o)
 .pdr           0x00002e80       0x20 C:/Program Files (x86)/Microchip/MPLAB C32/bin/../lib/gcc/pic32mx/3.4.4\libgcc.a(_umoddi3.o)

.reginfo        0x00000000       0x18
 *(.reginfo)
 .reginfo       0x00000000       0x18 C:/Program Files (x86)/Microchip/MPLAB C32/bin/../lib/gcc/pic32mx/3.4.4/../../../../pic32mx/lib/crt0.o

.stab
 *(.stab)

.stabstr
 *(.stabstr)

.stab.excl
 *(.stab.excl)

.stab.exclstr
 *(.stab.exclstr)

.stab.index
 *(.stab.index)

.stab.indexstr
 *(.stab.indexstr)

.comment        0x00000000     0x19eb
 *(.comment)
 .comment       0x00000000       0x4d usb_host_msd_scsi.o
 .comment       0x0000004d       0x4d 1602D.o
 .comment       0x0000009a       0x4d Button.o
 .comment       0x000000e7       0x4d Files.o
 .comment       0x00000134       0x4d FSIO.o
 .comment       0x00000181       0x4d Internal Flash.o
 .comment       0x000001ce       0x4d LED.o
 .comment       0x0000021b       0x4d main.o
 .comment       0x00000268       0x4d SD-SPI.o
 .comment       0x000002b5       0x4d uart2.o
 .comment       0x00000302       0x4d usb_config.o
 .comment       0x0000034f       0x4d usb_descriptors.o
 .comment       0x0000039c       0x4d usb_device.o
 .comment       0x000003e9       0x4d usb_function_msd.o
 .comment       0x00000436       0x4d usb_host.o
 .comment       0x00000483       0x4d usb_host_msd.o
 .comment       0x000004d0       0x56 C:/Program Files (x86)/Microchip/MPLAB C32/bin/../lib/gcc/pic32mx/3.4.4/../../../../pic32mx/lib\libc.a(memset.o)
 .comment       0x00000526       0x56 C:/Program Files (x86)/Microchip/MPLAB C32/bin/../lib/gcc/pic32mx/3.4.4/../../../../pic32mx/lib\libc.a(strcmp.o)
 .comment       0x0000057c       0x56 C:/Program Files (x86)/Microchip/MPLAB C32/bin/../lib/gcc/pic32mx/3.4.4/../../../../pic32mx/lib\libc.a(strcpy.o)
 .comment       0x000005d2       0x56 C:/Program Files (x86)/Microchip/MPLAB C32/bin/../lib/gcc/pic32mx/3.4.4/../../../../pic32mx/lib\libc.a(strlen.o)
 .comment       0x00000628       0x9c C:/Program Files (x86)/Microchip/MPLAB C32/bin/../lib/gcc/pic32mx/3.4.4/../../../../pic32mx/lib\libc.a(strcat.o)